
> ms8-learning-analytics-frontend@1.0.0 test
> vitest --run learner-analytics-components.test.jsx


[7m[1m[36m RUN [39m[22m[27m [36mv1.6.1[39m [90mC:/Users/lelya/Desktop/Lotus_desktop/MS8-Learning-Analytics/frontend[39m

