
> ms8-learning-analytics-frontend@1.0.0 test
> vitest --run learner-analytics-components.test.jsx


[7m[1m[36m RUN [39m[22m[27m [36mv1.6.1[39m [90mC:/Users/lelya/Desktop/Lotus_desktop/MS8-Learning-Analytics/frontend[39m

 [33mÔØ»[39m src/test/learner-analytics-components.test.jsx [2m ([22m[2m26 tests[22m [2m|[22m [31m2 failed[39m[2m)[22m[33m 3876[2mms[22m[39m
[31m   [33mÔØ»[31m src/test/learner-analytics-components.test.jsx[2m > [22mAS-001 #1: LearnerVelocity Component[2m > [22mshould display predictions with completion date[39m
[31m     ÔåÆ Found multiple elements with the text: /2025|15|Feb/

Here are the matching elements:

Ignored nodes: comments, script, style
[36m<p[31m
  [33mclass[31m=[32m"text-2xl font-bold text-purple-700"[31m
[36m>[31m
  [0m15[0m
[36m</p>[31m

Ignored nodes: comments, script, style
[36m<p[31m
  [33mclass[31m=[32m"text-lg font-semibold text-gray-800"[31m
[36m>[31m
  [0m15/02/2025[0m
[36m</p>[31m

Ignored nodes: comments, script, style
[36m<p[31m
  [33mclass[31m=[32m"text-lg font-semibold text-gray-800"[31m
[36m>[31m
  [0m01/03/2025[0m
[36m</p>[31m

(If this is intentional, then use the `*AllBy*` variant of the query (like `queryAllByText`, `getAllByText`, or `findAllByText`)).

Ignored nodes: comments, script, style
[36m<body>[31m
  [36m<div>[31m
    [36m<div[31m
      [33mclass[31m=[32m"learner-velocity-card bg-white rounded-lg shadow-md p-6 mb-6"[31m
    [36m>[31m
      [36m<div[31m
        [33mclass[31m=[32m"flex items-center justify-between mb-6"[31m
      [36m>[31m
        [36m<h3[31m
          [33mclass[31m=[32m"text-2xl font-bold text-gray-800"[31m
        [36m>[31m
          [0mLearning Velocity & Momentum[0m
        [36m</h3>[31m
        [36m<div[31m
          [33mclass[31m=[32m"px-4 py-2 rounded-full font-semibold trend-accelerating text-green-600 bg-green-50"[31m
        [36m>[31m
          [0mAccelerating[0m
          [0m ([0m
          [0m+[0m
          [0m38.9[0m
          [0m%)[0m
        [36m</div>[31m
      [36m</div>[31m
      [36m<div[31m
        [33mclass[31m=[32m"grid grid-cols-1 md:grid-cols-3 gap-4 mb-6"[31m
      [36m>[31m
        [36m<div[31m
          [33mclass[31m=[32m"stat-card bg-gradient-to-br from-blue-50 to-blue-100 p-4 rounded-lg"[31m
        [36m>[31m
          [36m<p[31m
            [33mclass[31m=[32m"text-sm text-gray-600 mb-1"[31m
          [36m>[31m
            [0mCurrent Pace[0m
          [36m</p>[31m
          [36m<p[31m
            [33mclass[31m=[32m"text-3xl font-bold text-blue-700"[31m
          [36m>[31m
            [0m2.5[0m
          [36m</p>[31m
          [36m<p[31m
            [33mclass[31m=[32m"text-xs text-gray-500 mt-1"[31m
          [36m>[31m
            [0mtopics/week[0m
          [36m</p>[31m
        [36m</div>[31m
        [36m<div[31m
          [33mclass[31m=[32m"stat-card bg-gradient-to-br from-gray-50 to-gray-100 p-4 rounded-lg"[31m
        [36m>[31m
          [36m<p[31m
            [33mclass[31m=[32m"text-sm text-gray-600 mb-1"[31m
          [36m>[31m
            [0mAverage Pace[0m
          [36m</p>[31m
          [36m<p[31m
            [33mclass[31m=[32m"text-3xl font-bold text-gray-700"[31m
          [36m>[31m
            [0m1.8[0m
          [36m</p>[31m
          [36m<p[31m
            [33mclass[31m=[32m"text-xs text-gray-500 mt-1"[31m
          [36m>[31m
            [0mtopics/week[0m
          [36m</p>[31m
        [36m</div>[31m
        [36m<div[31m
          [33mclass[31m=[32m"stat-card p-4 rounded-lg text-green-600 bg-green-50"[31m
        [36m>[31m
          [36m<p[31m
            [33mclass[31m=[32m"text-sm mb-1"[31m
          [36m>[31m
            [0mGoal Status[0m
          [36m</p>[31m
          [36m<p[31m
            [33mclass[31m=[32m"text-3xl font-bold"[31m
          [36m>[31m
            [0mAHEAD[0m
          [36m</p>[31m
          [36m<p[31m
            [33mclass[31m=[32m"text-xs mt-1"[31m
          [36m>[31m
            [0m+[0m
            [0m25[0m
            [0m% vs target[0m
          [36m</p>[31m
        [36m</div>[31m
      [36m</div>[31m
      [36m<div[31m
        [33mclass[31m=[32m"predictions-section bg-gradient-to-r from-purple-50 to-pink-50 p-5 rounded-lg mb-6"[31m
      [36m>[31m
        [36m<h4[31m
          [33mclass[31m=[32m"text-lg font-semibold text-gray-800 mb-3"[31m
        [36m>[31m
          [0m­ƒôà Completion Predictions[0m
        [36m</h4>[31m
        [36m<div[31m
          [33mclass[31m=[32m"grid grid-cols-1 md:grid-cols-2 gap-4"[31m
        [36m>[31m
          [36m<div>[31m
            [36m<p[31m
              [33mclass[31m=[32m"text-sm text-gray-600"[31m
            [36m>[31m
              [0mRemaining Topics[0m
            [36m</p>[31m
            [36m<p[31m
              [33mclass[31m=[32m"text-2xl font-bold text-purple-700"[31m
            [36m>[31m
              [0m15[0m
            [36m</p>[31m
          [36m</div>[31m
          [36m<div>[31m
            [36m<p[31m
              [33mclass[31m=[32m"text-sm text-gray-600"[31m
            [36m>[31m
              [0mEstimated Time[0m
            [36m</p>[31m
            [36m<p[31m
              [33mclass[31m=[32m"text-2xl font-bold text-purple-700"[31m
            [36m>[31m
              [0m6[0m
              [0m weeks[0m
            [36m</p>[31m
          [36m</div>[31m
          [36m<div>[31m
            [36m<p[31m
              [33mclass[31m=[32m"text-sm text-gray-600"[31m
            [36m>[31m
              [0mPredicted Completion[0m
            [36m</p>[31m
            [36m<p[31m
              [33mclass[31m=[32m"text-lg font-semibold text-gray-800"[31m
            [36m>[31m
              [0m15/02/2025[0m
            [36m</p>[31m
          [36m</div>[31m
          [36m<div>[31m
            [36m<p[31m
              [33mclass[31m=[32m"text-sm text-gray-600"[31m
            [36m>[31m
              [0mTarget Date[0m
            [36m</p>[31m
            [36m<p[31m
              [33mclass[31m=[32m"text-lg font-semibold text-gray-800"[31m
            [36m>[31m
              [0m01/03/2025[0m
            [36m</p>[31m
          [36m</div>[31m
        [36m</div>[31m
        [36m<div[31m
          [33mclass[31m=[32m"mt-3"[31m
        [36m>[31m
          [36m<div[31m
            [33mclass[31m=[32m"flex items-center text-green-700"[31m
          [36m>[31m
            [36m<svg[31m
              [33mclass[31m=[32m"w-5 h-5 mr-2"[31m
              [33mfill[31m=[32m"currentColor"[31m
              [33mviewBox[31m=[32m"0 0 20 20"[31m
            [36m>[31m
              [36m<path[31m
                [33mclip-rule[31m=[32m"evenodd"[31m
                [33md[31m=[32m"M10 18a8 8 0 100-16 8 8 0 000 16zm3.707-9.293a1 1 0 00-1.414-1.414L9 10.586 7.707 9.293a1 1 0 00-1.414 1.414l2 2a1 1 0 001.414 0l4-4z"[31m
                [33mfill-rule[31m=[32m"evenodd"[31m
              [36m/>[31m
            [36m</svg>[31m
            [36m<span[31m
              [33mclass[31m=[32m"font-semibold"[31m
            [36m>[31m
              [0mOn Track to meet target![0m
            [36m</span>[31m
          [36m</div>[31m
        [36m</div>[31m
      [36m</div>[31m
      [36m<div[31m
        [33mclass[31m=[32m"momentum-section bg-gradient-to-r from-yellow-50 to-orange-50 p-5 rounded-lg"[31m
      [36m>[31m
        [36m<h4[31m
          [33mclass[31m=[32m"text-lg font-semibold text-gray-800 mb-3"[31m
        [36m>[31m
          [0mÔÜí Momentum Score[0m
        [36m</h4>[31m
        [36m<div[31m
          [33mclass[31m=[32m"flex items-center mb-4"[31m
        [36m>[31m
          [36m<div[31m
            [33mclass[31m=[32m"relative w-32 h-32 mr-6"[31m
          [36m>[31m
            [36m<svg[31m
              [33mclass[31m=[32m"transform -rotate-90 w-32 h-32"[31m
            [36m>[31m
              [36m<circle[31m
                [33mclass[31m=[32m"text-gray-200"[31m
                [33mcx[31m=[32m"64"[31m
                [33mcy[31m=[32m"64"[31m
                [33mfill[31m=[32m"none"[31m
                [33mr[31m=[32m"56"[31m
                [33mstroke[31m=[32m"currentColor"[31m
                [33mstroke-width[31m=[32m"8"[31m
              [36m/>[31m
              [36m<circle[31m
                [33mclass[31m=[32m"text-green-600"[31m
                [33mcx[31m=[32m"64"[31m
                [33mcy[31m=[32m"64"[31m
                [33mfill[31m=[32m"none"[31m
                [33mr[31m=[32m"56"[31m
                [33mstroke[31m=[32m"currentColor"[31m
                [33mstroke-dasharray[31m=[32m"351.85837720205683"[31m
                [33mstroke-dashoffset[31m=[32m"52.77875658030853"[31m
                [33mstroke-linecap[31m=[32m"round"[31m
                [33mstroke-width[31m=[32m"8"[31m
              [36m/>[31m
            [36m</svg>[31m
            [36m<div[31m
              [33mclass[31m=[32m"absolute inset-0 flex items-center justify-center"[31m
            [36m>[31m
              [36m<span[31m
                [33mclass[31m=[32m"text-4xl font-bold text-green-600"[31m
              [36m>[31m
                [0m85[0m
              [36m</span>[31m
            [36m</div>[31m
          [36m</div>[31m
          [36m<div[31m
            [33mclass[31m=[32m"flex-1"[31m
          [36m>[31m
            [36m<p[31m
              [33mclass[31m=[32m"text-lg font-semibold text-gray-800 mb-2"[31m
            [36m>[31m
              [0mStrong momentum! You're learning faster than your average.[0m
            [36m</p>[31m
            [36m<p[31m
              [33mclass[31m=[32m"text-sm text-gray-600 bg-white p-3 rounded-lg border border-gray-200"[31m
            [36m>[31m
              [0m­ƒÆí [0m
              [36m<strong>[31m
                [0mRecommendation:[0m
              [36m</strong>[31m
              [0m [0m
              [0mMaintain current pace to finish 2 weeks early.[0m
            [36m</p>[31m
          [36m</div>[31m
        [36m</div>[31m
      [36m</div>[31m
    [36m</div>[31m
  [36m</div>[31m
[36m</body>[31m

Ignored nodes: comments, script, style
[36m<html>[31m
  [36m<head />[31m
  [36m<body>[31m
    [36m<div>[31m
      [36m<div[31m
        [33mclass[31m=[32m"learner-velocity-card bg-white rounded-lg shadow-md p-6 mb-6"[31m
      [36m>[31m
        [36m<div[31m
          [33mclass[31m=[32m"flex items-center justify-between mb-6"[31m
        [36m>[31m
          [36m<h3[31m
            [33mclass[31m=[32m"text-2xl font-bold text-gray-800"[31m
          [36m>[31m
            [0mLearning Velocity & Momentum[0m
          [36m</h3>[31m
          [36m<div[31m
            [33mclass[31m=[32m"px-4 py-2 rounded-full font-semibold trend-accelerating text-green-600 bg-green-50"[31m
          [36m>[31m
            [0mAccelerating[0m
            [0m ([0m
            [0m+[0m
            [0m38.9[0m
            [0m%)[0m
          [36m</div>[31m
        [36m</div>[31m
        [36m<div[31m
          [33mclass[31m=[32m"grid grid-cols-1 md:grid-cols-3 gap-4 mb-6"[31m
        [36m>[31m
          [36m<div[31m
            [33mclass[31m=[32m"stat-card bg-gradient-to-br from-blue-50 to-blue-100 p-4 rounded-lg"[31m
          [36m>[31m
            [36m<p[31m
              [33mclass[31m=[32m"text-sm text-gray-600 mb-1"[31m
            [36m>[31m
              [0mCurrent Pace[0m
            [36m</p>[31m
            [36m<p[31m
              [33mclass[31m=[32m"text-3xl font-bold text-blue-700"[31m
            [36m>[31m
              [0m2.5[0m
            [36m</p>[31m
            [36m<p[31m
              [33mclass[31m=[32m"text-xs text-gray-500 mt-1"[31m
            [36m>[31m
              [0mtopics/week[0m
            [36m</p>[31m
          [36m</div>[31m
          [36m<div[31m
            [33mclass[31m=[32m"stat-card bg-gradient-to-br from-gray-50 to-gray-100 p-4 rounded-lg"[31m
          [36m>[31m
            [36m<p[31m
              [33mclass[31m=[32m"text-sm text-gray-600 mb-1"[31m
            [36m>[31m
              [0mAverage Pace[0m
            [36m</p>[31m
            [36m<p[31m
              [33mclass[31m=[32m"text-3xl font-bold text-gray-700"[31m
            [36m>[31m
              [0m1.8[0m
            [36m</p>[31m
            [36m<p[31m
              [33mclass[31m=[32m"text-xs text-gray-500 mt-1"[31m
            [36m>[31m
              [0mtopics/week[0m
            [36m</p>[31m
          [36m</div>[31m
          [36m<div[31m
            [33mclass[31m=[32m"stat-card p-4 rounded-lg text-green-600 bg-green-50"[31m
          [36m>[31m
            [36m<p[31m
              [33mclass[31m=[32m"text-sm mb-1"[31m
            [36m>[31m
              [0mGoal Status[0m
            [36m</p>[31m
            [36m<p[31m
              [33mclass[31m=[32m"text-3xl font-bold"[31m
            [36m>[31m
              [0mAHEAD[0m
            [36m</p>[31m
            [36m<p[31m
              [33mclass[31m=[32m"text-xs mt-1"[31m
            [36m>[31m
              [0m+[0m
              [0m25[0m
              [0m% vs target[0m
            [36m</p>[31m
          [36m</div>[31m
        [36m</div>[31m
        [36m<div[31m
          [33mclass[31m=[32m"predictions-section bg-gradient-to-r from-purple-50 to-pink-50 p-5 rounded-lg mb-6"[31m
        [36m>[31m
          [36m<h4[31m
            [33mclass[31m=[32m"text-lg font-semibold text-gray-800 mb-3"[31m
          [36m>[31m
            [0m­ƒôà Completion Predictions[0m
          [36m</h4>[31m
          [36m<div[31m
            [33mclass[31m=[32m"grid grid-cols-1 md:grid-cols-2 gap-4"[31m
          [36m>[31m
            [36m<div>[31m
              [36m<p[31m
                [33mclass[31m=[32m"text-sm text-gray-600"[31m
              [36m>[31m
                [0mRemaining Topics[0m
              [36m</p>[31m
              [36m<p[31m
                [33mclass[31m=[32m"text-2xl font-bold text-purple-700"[31m
              [36m>[31m
                [0m15[0m
              [36m</p>[31m
            [36m</div>[31m
            [36m<div>[31m
              [36m<p[31m
                [33mclass[31m=[32m"text-sm text-gray-600"[31m
              [36m>[31m
                [0mEstimated Time[0m
              [36m</p>[31m
              [36m<p[31m
                [33mclass[31m=[32m"text-2xl font-bold text-purple-700"[31m
              [36m>[31m
                [0m6[0m
                [0m weeks[0m
              [36m</p>[31m
            [36m</div>[31m
            [36m<div>[31m
              [36m<p[31m
                [33mclass[31m=[32m"text-sm text-gray-600"[31m
              [36m>[31m
                [0mPredicted Completion[0m
              [36m</p>[31m
              [36m<p[31m
                [33mclass[31m=[32m"text-lg font-semibold text-gray-800"[31m
              [36m>[31m
                [0m15/02/2025[0m
              [36m</p>[31m
            [36m</div>[31m
            [36m<div>[31m
              [36m<p[31m
                [33mclass[31m=[32m"text-sm text-gray-600"[31m
              [36m>[31m
                [0mTarget Date[0m
              [36m</p>[31m
              [36m<p[31m
                [33mclass[31m=[32m"text-lg font-semibold text-gray-800"[31m
              [36m>[31m
                [0m01/03/2025[0m
              [36m</p>[31m
            [36m</div>[31m
          [36m</div>[31m
          [36m<div[31m
            [33mclass[31m=[32m"mt-3"[31m
          [36m>[31m
            [36m<div[31m
              [33mclass[31m=[32m"flex items-center text-green-700"[31m
            [36m>[31m
              [36m<svg[31m
                [33mclass[31m=[32m"w-5 h-5 mr-2"[31m
                [33mfill[31m=[32m"currentColor"[31m
                [33mviewBox[31m=[32m"0 0 20 20"[31m
              [36m>[31m
                [36m<path[31m
                  [33mclip-rule[31m=[32m"evenodd"[31m
                  [33md[31m=[32m"M10 18a8 8 0 100-16 8 8 0 000 16zm3.707-9.293a1 1 0 00-1.414-1.414L9 10.586 7.707 9.293a1 1 0 00-1.414 1.414l2 2a1 1 0 001.414 0l4-4z"[31m
                  [33mfill-rule[31m=[32m"evenodd"[31m
                [36m/>[31m
              [36m</svg>[31m
              [36m<span[31m
                [33mclass[31m=[32m"font-semibold"[31m
              [36m>[31m
                [0mOn Track to meet target![0m
              [36m</span>[31m
            [36m</div>[31m
          [36m</div>[31m
        [36m</div>[31m
        [36m<div[31m
          [33mclass[31m=[32m"momentum-section bg-gradient-to-r from-yellow-50 to-orange-50 p-5 rounded-lg"[31m
        [36m>[31m
          [36m<h4[31m
            [33mclass[31m=[32m"text-lg font-semibold text-gray-800 mb-3"[31m
          [36m>[31m
            [0mÔÜí Momentum Score[0m
          [36m</h4>[31m
          [36m<div[31m
            [33mclass[31m=[32m"flex items-center mb-4"[31m
          [36m>[31m
            [36m<div[31m
              [33mclass[31m=[32m"relative w-32 h-32 mr-6"[31m
            [36m>[31m
              [36m<svg[31m
                [33mclass[31m=[32m"transform -rotate-90 w-32 h-32"[31m
              [36m>[31m
                [36m<circle[31m
                  [33mclass[31m=[32m"text-gray-200"[31m
                  [33mcx[31m=[32m"64"[31m
                  [33mcy[31m=[32m"64"[31m
                  [33mfill[31m=[32m"none"[31m
                  [33mr[31m=[32m"56"[31m
                  [33mstroke[31m=[32m"currentColor"[31m
                  [33mstroke-width[31m=[32m"8"[31m
                [36m/>[31m
                [36m<circle[31m
                  [33mclass[31m=[32m"text-green-600"[31m
                  [33mcx[31m=[32m"64"[31m
                  [33mcy[31m=[32m"64"[31m
                  [33mfill[31m=[32m"none"[31m
                  [33mr[31m=[32m"56"[31m
                  [33mstroke[31m=[32m"currentColor"[31m
                  [33mstroke-dasharray[31m=[32m"351.85837720205683"[31m
                  [33mstroke-dashoffset[31m=[32m"52.77875658030853"[31m
                  [33mstroke-linecap[31m=[32m"round"[31m
                  [33mstroke-width[31m=[32m"8"[31m
                [36m/>[31m
              [36m</svg>[31m
              [36m<div[31m
                [33mclass[31m=[32m"absolute inset-0 flex items-center justify-center"[31m
              [36m>[31m
                [36m<span[31m
                  [33mclass[31m=[32m"text-4xl font-bold text-green-600"[31m
                [36m>[31m
                  [0m85[0m
                [36m</span>[31m
              [36m</div>[31m
            [36m</div>[31m
            [36m<div[31m
              [33mclass[31m=[32m"flex-1"[31m
            [36m>[31m
              [36m<p[31m
                [33mclass[31m=[32m"text-lg font-semibold text-gray-800 mb-2"[31m
              [36m>[31m
                [0mStrong momentum! You're learning faster than your average.[0m
              [36m</p>[31m
              [36m<p[31m
                [33mclass[31m=[32m"text-sm text-gray-600 bg-white p-3 rounded-lg border border-gray-200"[31m
              [36m>[31m
                [0m­ƒÆí [0m
                [36m<strong>[31m
                  [0mRecommendation:[0m
                [36m</strong>[31m
                [0m [0m
                [0mMaintain current pace to finish 2 weeks early.[0m
              [36m</p>[31m
            [36m</div>[31m
          [36m</div>[31m
        [36m</div>[31m
      [36m</div>[31m
    [36m</div>[31m
  [36m</body>[31m
[36m</html>[31m[39m
[31m   [33mÔØ»[31m src/test/learner-analytics-components.test.jsx[2m > [22mAS-001 #5: PerformanceAnalytics Component[2m > [22mshould render performance overview[39m
[31m     ÔåÆ Unable to find an element with the text: 78.5. This could be because the text is broken up by multiple elements. In this case, you can provide a function for your text matcher to make your matcher more flexible.

Ignored nodes: comments, script, style
[36m<body>[31m
  [36m<div>[31m
    [36m<div[31m
      [33mclass[31m=[32m"performance-analytics-card bg-white rounded-lg shadow-md p-6 mb-6"[31m
    [36m>[31m
      [36m<h3[31m
        [33mclass[31m=[32m"text-2xl font-bold text-gray-800 mb-6"[31m
      [36m>[31m
        [0mPerformance & Assessment Analytics[0m
      [36m</h3>[31m
      [36m<div[31m
        [33mclass[31m=[32m"overview grid grid-cols-2 md:grid-cols-4 gap-4 mb-6"[31m
      [36m>[31m
        [36m<div[31m
          [33mclass[31m=[32m"bg-blue-50 p-4 rounded-lg text-center"[31m
        [36m>[31m
          [36m<p[31m
            [33mclass[31m=[32m"text-sm text-gray-600 mb-1"[31m
          [36m>[31m
            [0mTotal Assessments[0m
          [36m</p>[31m
          [36m<p[31m
            [33mclass[31m=[32m"text-3xl font-bold text-blue-700"[31m
          [36m>[31m
            [0m25[0m
          [36m</p>[31m
        [36m</div>[31m
        [36m<div[31m
          [33mclass[31m=[32m"bg-green-50 p-4 rounded-lg text-center"[31m
        [36m>[31m
          [36m<p[31m
            [33mclass[31m=[32m"text-sm text-gray-600 mb-1"[31m
          [36m>[31m
            [0mAverage Score[0m
          [36m</p>[31m
          [36m<p[31m
            [33mclass[31m=[32m"text-3xl font-bold text-green-700"[31m
          [36m>[31m
            [0m78.5[0m
            [0m%[0m
          [36m</p>[31m
        [36m</div>[31m
        [36m<div[31m
          [33mclass[31m=[32m"bg-purple-50 p-4 rounded-lg text-center"[31m
        [36m>[31m
          [36m<p[31m
            [33mclass[31m=[32m"text-sm text-gray-600 mb-1"[31m
          [36m>[31m
            [0mPass Rate[0m
          [36m</p>[31m
          [36m<p[31m
            [33mclass[31m=[32m"text-3xl font-bold text-purple-700"[31m
          [36m>[31m
            [0m86.4[0m
            [0m%[0m
          [36m</p>[31m
        [36m</div>[31m
        [36m<div[31m
          [33mclass[31m=[32m"p-4 rounded-lg text-center text-green-600 bg-green-100"[31m
        [36m>[31m
          [36m<p[31m
            [33mclass[31m=[32m"text-sm mb-1"[31m
          [36m>[31m
            [0mTrend[0m
          [36m</p>[31m
          [36m<p[31m
            [33mclass[31m=[32m"text-2xl font-bold capitalize"[31m
          [36m>[31m
            [0mimproving[0m
          [36m</p>[31m
        [36m</div>[31m
      [36m</div>[31m
      [36m<div[31m
        [33mclass[31m=[32m"score-progression-chart bg-gradient-to-r from-blue-50 to-purple-50 p-5 rounded-lg mb-6"[31m
      [36m>[31m
        [36m<h4[31m
          [33mclass[31m=[32m"text-lg font-semibold text-gray-800 mb-4"[31m
        [36m>[31m
          [0m­ƒôê Score Progression[0m
        [36m</h4>[31m
        [36m<div[31m
          [33mclass[31m=[32m"relative h-48"[31m
        [36m>[31m
          [36m<svg[31m
            [33mclass[31m=[32m"w-full h-full"[31m
            [33mpreserveAspectRatio[31m=[32m"none"[31m
            [33mviewBox[31m=[32m"0 0 800 200"[31m
          [36m>[31m
            [36m<line[31m
              [33mstroke[31m=[32m"#e5e7eb"[31m
              [33mstroke-width[31m=[32m"1"[31m
              [33mx1[31m=[32m"0"[31m
              [33mx2[31m=[32m"800"[31m
              [33my1[31m=[32m"200"[31m
              [33my2[31m=[32m"200"[31m
            [36m/>[31m
            [36m<line[31m
              [33mstroke[31m=[32m"#e5e7eb"[31m
              [33mstroke-width[31m=[32m"1"[31m
              [33mx1[31m=[32m"0"[31m
              [33mx2[31m=[32m"800"[31m
              [33my1[31m=[32m"150"[31m
              [33my2[31m=[32m"150"[31m
            [36m/>[31m
            [36m<line[31m
              [33mstroke[31m=[32m"#e5e7eb"[31m
              [33mstroke-width[31m=[32m"1"[31m
              [33mx1[31m=[32m"0"[31m
              [33mx2[31m=[32m"800"[31m
              [33my1[31m=[32m"100"[31m
              [33my2[31m=[32m"100"[31m
            [36m/>[31m
            [36m<line[31m
              [33mstroke[31m=[32m"#e5e7eb"[31m
              [33mstroke-width[31m=[32m"1"[31m
              [33mx1[31m=[32m"0"[31m
              [33mx2[31m=[32m"800"[31m
              [33my1[31m=[32m"50"[31m
              [33my2[31m=[32m"50"[31m
            [36m/>[31m
            [36m<line[31m
              [33mstroke[31m=[32m"#e5e7eb"[31m
              [33mstroke-width[31m=[32m"1"[31m
              [33mx1[31m=[32m"0"[31m
              [33mx2[31m=[32m"800"[31m
              [33my1[31m=[32m"0"[31m
              [33my2[31m=[32m"0"[31m
            [36m/>[31m
            [36m<polyline[31m
              [33mfill[31m=[32m"none"[31m
              [33mpoints[31m=[32m"0,70 88.88888888888889,60 177.77777777777777,50 266.66666666666663,44 355.55555555555554,36 444.44444444444446,30 533.3333333333333,24 622.2222222222223,20 711.1111111111111,16 800,10"[31m
              [33mstroke[31m=[32m"#8b5cf6"[31m
              [33mstroke-width[31m=[32m"3"[31m
            [36m/>[31m
            [36m<circle[31m
              [33mcx[31m=[32m"0"[31m
              [33mcy[31m=[32m"70"[31m
              [33mfill[31m=[32m"#8b5cf6"[31m
              [33mr[31m=[32m"5"[31m
              [33mstroke[31m=[32m"white"[31m
              [33mstroke-width[31m=[32m"2"[31m
            [36m/>[31m
            [36m<circle[31m
              [33mcx[31m=[32m"88.88888888888889"[31m
              [33mcy[31m=[32m"60"[31m
              [33mfill[31m=[32m"#8b5cf6"[31m
              [33mr[31m=[32m"5"[31m
              [33mstroke[31m=[32m"white"[31m
              [33mstroke-width[31m=[32m"2"[31m
            [36m/>[31m
            [36m<circle[31m
              [33mcx[31m=[32m"177.77777777777777"[31m
              [33mcy[31m=[32m"50"[31m
              [33mfill[31m=[32m"#8b5cf6"[31m
              [33mr[31m=[32m"5"[31m
              [33mstroke[31m=[32m"white"[31m
              [33mstroke-width[31m=[32m"2"[31m
            [36m/>[31m
            [36m<circle[31m
              [33mcx[31m=[32m"266.66666666666663"[31m
              [33mcy[31m=[32m"44"[31m
              [33mfill[31m=[32m"#8b5cf6"[31m
              [33mr[31m=[32m"5"[31m
              [33mstroke[31m=[32m"white"[31m
              [33mstroke-width[31m=[32m"2"[31m
            [36m/>[31m
            [36m<circle[31m
              [33mcx[31m=[32m"355.55555555555554"[31m
              [33mcy[31m=[32m"36"[31m
              [33mfill[31m=[32m"#8b5cf6"[31m
              [33mr[31m=[32m"5"[31m
              [33mstroke[31m=[32m"white"[31m
              [33mstroke-width[31m=[32m"2"[31m
            [36m/>[31m
            [36m<circle[31m
              [33mcx[31m=[32m"444.44444444444446"[31m
              [33mcy[31m=[32m"30"[31m
              [33mfill[31m=[32m"#8b5cf6"[31m
              [33mr[31m=[32m"5"[31m
              [33mstroke[31m=[32m"white"[31m
              [33mstroke-width[31m=[32m"2"[31m
            [36m/>[31m
            [36m<circle[31m
              [33mcx[31m=[32m"533.3333333333333"[31m
              [33mcy[31m=[32m"24"[31m
              [33mfill[31m=[32m"#8b5cf6"[31m
              [33mr[31m=[32m"5"[31m
              [33mstroke[31m=[32m"white"[31m
              [33mstroke-width[31m=[32m"2"[31m
            [36m/>[31m
            [36m<circle[31m
              [33mcx[31m=[32m"622.2222222222223"[31m
              [33mcy[31m=[32m"20"[31m
              [33mfill[31m=[32m"#8b5cf6"[31m
              [33mr[31m=[32m"5"[31m
              [33mstroke[31m=[32m"white"[31m
              [33mstroke-width[31m=[32m"2"[31m
            [36m/>[31m
            [36m<circle[31m
              [33mcx[31m=[32m"711.1111111111111"[31m
              [33mcy[31m=[32m"16"[31m
              [33mfill[31m=[32m"#8b5cf6"[31m
              [33mr[31m=[32m"5"[31m
              [33mstroke[31m=[32m"white"[31m
              [33mstroke-width[31m=[32m"2"[31m
            [36m/>[31m
            [36m<circle[31m
              [33mcx[31m=[32m"800"[31m
              [33mcy[31m=[32m"10"[31m
              [33mfill[31m=[32m"#8b5cf6"[31m
              [33mr[31m=[32m"5"[31m
              [33mstroke[31m=[32m"white"[31m
              [33mstroke-width[31m=[32m"2"[31m
            [36m/>[31m
          [36m</svg>[31m
          [36m<div[31m
            [33mclass[31m=[32m"absolute left-0 top-0 h-full flex flex-col justify-between text-xs text-gray-600"[31m
          [36m>[31m
            [36m<span>[31m
              [0m100[0m
            [36m</span>[31m
            [36m<span>[31m
              [0m75[0m
            [36m</span>[31m
            [36m<span>[31m
              [0m50[0m
            [36m</span>[31m
            [36m<span>[31m
              [0m25[0m
            [36m</span>[31m
            [36m<span>[31m
              [0m0[0m
            [36m</span>[31m
          [36m</div>[31m
        [36m</div>[31m
        [36m<div[31m
          [33mclass[31m=[32m"flex justify-between text-xs text-gray-600 mt-2"[31m
        [36m>[31m
          [36m<span>[31m
            [0mOldest[0m
          [36m</span>[31m
          [36m<span>[31m
            [0mMost Recent[0m
          [36m</span>[31m
        [36m</div>[31m
      [36m</div>[31m
      [36m<div[31m
        [33mclass[31m=[32m"grid grid-cols-1 md:grid-cols-2 gap-4 mb-6"[31m
      [36m/>[31m
      [36m<div[31m
        [33mclass[31m=[32m"predictions bg-gradient-to-r from-purple-50 to-pink-50 p-5 rounded-lg"[31m
      [36m>[31m
        [36m<h4[31m
          [33mclass[31m=[32m"text-lg font-semibold text-gray-800 mb-4"[31m
        [36m>[31m
          [0m­ƒö« Predictive Insights[0m
        [36m</h4>[31m
        [36m<div[31m
          [33mclass[31m=[32m"grid grid-cols-1 md:grid-cols-3 gap-4"[31m
        [36m>[31m
          [36m<div[31m
            [33mclass[31m=[32m"bg-white p-4 rounded-lg text-center"[31m
          [36m>[31m
            [36m<p[31m
              [33mclass[31m=[32m"text-sm text-gray-600 mb-1"[31m
            [36m>[31m
              [0mProjected Next Score[0m
            [36m</p>[31m
            [36m<p[31m
              [33mclass[31m=[32m"text-4xl font-bold text-purple-700"[31m
            [36m>[31m
              [0m88[0m
              [0m%[0m
            [36m</p>[31m
          [36m</div>[31m
          [36m<div[31m
            [33mclass[31m=[32m"bg-white p-4 rounded-lg text-center"[31m
          [36m>[31m
            [36m<p[31m
              [33mclass[31m=[32m"text-sm text-gray-600 mb-1"[31m
            [36m>[31m
              [0mRisk Level[0m
            [36m</p>[31m
            [36m<p[31m
              [33mclass[31m=[32m"text-3xl font-bold capitalize text-green-600"[31m
            [36m>[31m
              [0mlow[0m
            [36m</p>[31m
          [36m</div>[31m
        [36m</div>[31m
      [36m</div>[31m
    [36m</div>[31m
  [36m</div>[31m
[36m</body>[31m

Ignored nodes: comments, script, style
[36m<html>[31m
  [36m<head />[31m
  [36m<body>[31m
    [36m<div>[31m
      [36m<div[31m
        [33mclass[31m=[32m"performance-analytics-card bg-white rounded-lg shadow-md p-6 mb-6"[31m
      [36m>[31m
        [36m<h3[31m
          [33mclass[31m=[32m"text-2xl font-bold text-gray-800 mb-6"[31m
        [36m>[31m
          [0mPerformance & Assessment Analytics[0m
        [36m</h3>[31m
        [36m<div[31m
          [33mclass[31m=[32m"overview grid grid-cols-2 md:grid-cols-4 gap-4 mb-6"[31m
        [36m>[31m
          [36m<div[31m
            [33mclass[31m=[32m"bg-blue-50 p-4 rounded-lg text-center"[31m
          [36m>[31m
            [36m<p[31m
              [33mclass[31m=[32m"text-sm text-gray-600 mb-1"[31m
            [36m>[31m
              [0mTotal Assessments[0m
            [36m</p>[31m
            [36m<p[31m
              [33mclass[31m=[32m"text-3xl font-bold text-blue-700"[31m
            [36m>[31m
              [0m25[0m
            [36m</p>[31m
          [36m</div>[31m
          [36m<div[31m
            [33mclass[31m=[32m"bg-green-50 p-4 rounded-lg text-center"[31m
          [36m>[31m
            [36m<p[31m
              [33mclass[31m=[32m"text-sm text-gray-600 mb-1"[31m
            [36m>[31m
              [0mAverage Score[0m
            [36m</p>[31m
            [36m<p[31m
              [33mclass[31m=[32m"text-3xl font-bold text-green-700"[31m
            [36m>[31m
              [0m78.5[0m
              [0m%[0m
            [36m</p>[31m
          [36m</div>[31m
          [36m<div[31m
            [33mclass[31m=[32m"bg-purple-50 p-4 rounded-lg text-center"[31m
          [36m>[31m
            [36m<p[31m
              [33mclass[31m=[32m"text-sm text-gray-600 mb-1"[31m
            [36m>[31m
              [0mPass Rate[0m
            [36m</p>[31m
            [36m<p[31m
              [33mclass[31m=[32m"text-3xl font-bold text-purple-700"[31m
            [36m>[31m
              [0m86.4[0m
              [0m%[0m
            [36m</p>[31m
          [36m</div>[31m
          [36m<div[31m
            [33mclass[31m=[32m"p-4 rounded-lg text-center text-green-600 bg-green-100"[31m
          [36m>[31m
            [36m<p[31m
              [33mclass[31m=[32m"text-sm mb-1"[31m
            [36m>[31m
              [0mTrend[0m
            [36m</p>[31m
            [36m<p[31m
              [33mclass[31m=[32m"text-2xl font-bold capitalize"[31m
            [36m>[31m
              [0mimproving[0m
            [36m</p>[31m
          [36m</div>[31m
        [36m</div>[31m
        [36m<div[31m
          [33mclass[31m=[32m"score-progression-chart bg-gradient-to-r from-blue-50 to-purple-50 p-5 rounded-lg mb-6"[31m
        [36m>[31m
          [36m<h4[31m
            [33mclass[31m=[32m"text-lg font-semibold text-gray-800 mb-4"[31m
          [36m>[31m
            [0m­ƒôê Score Progression[0m
          [36m</h4>[31m
          [36m<div[31m
            [33mclass[31m=[32m"relative h-48"[31m
          [36m>[31m
            [36m<svg[31m
              [33mclass[31m=[32m"w-full h-full"[31m
              [33mpreserveAspectRatio[31m=[32m"none"[31m
              [33mviewBox[31m=[32m"0 0 800 200"[31m
            [36m>[31m
              [36m<line[31m
                [33mstroke[31m=[32m"#e5e7eb"[31m
                [33mstroke-width[31m=[32m"1"[31m
                [33mx1[31m=[32m"0"[31m
                [33mx2[31m=[32m"800"[31m
                [33my1[31m=[32m"200"[31m
                [33my2[31m=[32m"200"[31m
              [36m/>[31m
              [36m<line[31m
                [33mstroke[31m=[32m"#e5e7eb"[31m
                [33mstroke-width[31m=[32m"1"[31m
                [33mx1[31m=[32m"0"[31m
                [33mx2[31m=[32m"800"[31m
                [33my1[31m=[32m"150"[31m
                [33my2[31m=[32m"150"[31m
              [36m/>[31m
              [36m<line[31m
                [33mstroke[31m=[32m"#e5e7eb"[31m
                [33mstroke-width[31m=[32m"1"[31m
                [33mx1[31m=[32m"0"[31m
                [33mx2[31m=[32m"800"[31m
                [33my1[31m=[32m"100"[31m
                [33my2[31m=[32m"100"[31m
              [36m/>[31m
              [36m<line[31m
                [33mstroke[31m=[32m"#e5e7eb"[31m
                [33mstroke-width[31m=[32m"1"[31m
                [33mx1[31m=[32m"0"[31m
                [33mx2[31m=[32m"800"[31m
                [33my1[31m=[32m"50"[31m
                [33my2[31m=[32m"50"[31m
              [36m/>[31m
              [36m<line[31m
                [33mstroke[31m=[32m"#e5e7eb"[31m
                [33mstroke-width[31m=[32m"1"[31m
                [33mx1[31m=[32m"0"[31m
                [33mx2[31m=[32m"800"[31m
                [33my1[31m=[32m"0"[31m
                [33my2[31m=[32m"0"[31m
              [36m/>[31m
              [36m<polyline[31m
                [33mfill[31m=[32m"none"[31m
                [33mpoints[31m=[32m"0,70 88.88888888888889,60 177.77777777777777,50 266.66666666666663,44 355.55555555555554,36 444.44444444444446,30 533.3333333333333,24 622.2222222222223,20 711.1111111111111,16 800,10"[31m
                [33mstroke[31m=[32m"#8b5cf6"[31m
                [33mstroke-width[31m=[32m"3"[31m
              [36m/>[31m
              [36m<circle[31m
                [33mcx[31m=[32m"0"[31m
                [33mcy[31m=[32m"70"[31m
                [33mfill[31m=[32m"#8b5cf6"[31m
                [33mr[31m=[32m"5"[31m
                [33mstroke[31m=[32m"white"[31m
                [33mstroke-width[31m=[32m"2"[31m
              [36m/>[31m
              [36m<circle[31m
                [33mcx[31m=[32m"88.88888888888889"[31m
                [33mcy[31m=[32m"60"[31m
                [33mfill[31m=[32m"#8b5cf6"[31m
                [33mr[31m=[32m"5"[31m
                [33mstroke[31m=[32m"white"[31m
                [33mstroke-width[31m=[32m"2"[31m
              [36m/>[31m
              [36m<circle[31m
                [33mcx[31m=[32m"177.77777777777777"[31m
                [33mcy[31m=[32m"50"[31m
                [33mfill[31m=[32m"#8b5cf6"[31m
                [33mr[31m=[32m"5"[31m
                [33mstroke[31m=[32m"white"[31m
                [33mstroke-width[31m=[32m"2"[31m
              [36m/>[31m
              [36m<circle[31m
                [33mcx[31m=[32m"266.66666666666663"[31m
                [33mcy[31m=[32m"44"[31m
                [33mfill[31m=[32m"#8b5cf6"[31m
                [33mr[31m=[32m"5"[31m
                [33mstroke[31m=[32m"white"[31m
                [33mstroke-width[31m=[32m"2"[31m
              [36m/>[31m
              [36m<circle[31m
                [33mcx[31m=[32m"355.55555555555554"[31m
                [33mcy[31m=[32m"36"[31m
                [33mfill[31m=[32m"#8b5cf6"[31m
                [33mr[31m=[32m"5"[31m
                [33mstroke[31m=[32m"white"[31m
                [33mstroke-width[31m=[32m"2"[31m
              [36m/>[31m
              [36m<circle[31m
                [33mcx[31m=[32m"444.44444444444446"[31m
                [33mcy[31m=[32m"30"[31m
                [33mfill[31m=[32m"#8b5cf6"[31m
                [33mr[31m=[32m"5"[31m
                [33mstroke[31m=[32m"white"[31m
                [33mstroke-width[31m=[32m"2"[31m
              [36m/>[31m
              [36m<circle[31m
                [33mcx[31m=[32m"533.3333333333333"[31m
                [33mcy[31m=[32m"24"[31m
                [33mfill[31m=[32m"#8b5cf6"[31m
                [33mr[31m=[32m"5"[31m
                [33mstroke[31m=[32m"white"[31m
                [33mstroke-width[31m=[32m"2"[31m
              [36m/>[31m
              [36m<circle[31m
                [33mcx[31m=[32m"622.2222222222223"[31m
                [33mcy[31m=[32m"20"[31m
                [33mfill[31m=[32m"#8b5cf6"[31m
                [33mr[31m=[32m"5"[31m
                [33mstroke[31m=[32m"white"[31m
                [33mstroke-width[31m=[32m"2"[31m
              [36m/>[31m
              [36m<circle[31m
                [33mcx[31m=[32m"711.1111111111111"[31m
                [33mcy[31m=[32m"16"[31m
                [33mfill[31m=[32m"#8b5cf6"[31m
                [33mr[31m=[32m"5"[31m
                [33mstroke[31m=[32m"white"[31m
                [33mstroke-width[31m=[32m"2"[31m
              [36m/>[31m
              [36m<circle[31m
                [33mcx[31m=[32m"800"[31m
                [33mcy[31m=[32m"10"[31m
                [33mfill[31m=[32m"#8b5cf6"[31m
                [33mr[31m=[32m"5"[31m
                [33mstroke[31m=[32m"white"[31m
                [33mstroke-width[31m=[32m"2"[31m
              [36m/>[31m
            [36m</svg>[31m
            [36m<div[31m
              [33mclass[31m=[32m"absolute left-0 top-0 h-full flex flex-col justify-between text-xs text-gray-600"[31m
            [36m>[31m
              [36m<span>[31m
                [0m100[0m
              [36m</span>[31m
              [36m<span>[31m
                [0m75[0m
              [36m</span>[31m
              [36m<span>[31m
                [0m50[0m
              [36m</span>[31m
              [36m<span>[31m
                [0m25[0m
              [36m</span>[31m
              [36m<span>[31m
                [0m0[0m
              [36m</span>[31m
            [36m</div>[31m
          [36m</div>[31m
          [36m<div[31m
            [33mclass[31m=[32m"flex justify-between text-xs text-gray-600 mt-2"[31m
          [36m>[31m
            [36m<span>[31m
              [0mOldest[0m
            [36m</span>[31m
            [36m<span>[31m
              [0mMost Recent[0m
            [36m</span>[31m
          [36m</div>[31m
        [36m</div>[31m
        [36m<div[31m
          [33mclass[31m=[32m"grid grid-cols-1 md:grid-cols-2 gap-4 mb-6"[31m
        [36m/>[31m
        [36m<div[31m
          [33mclass[31m=[32m"predictions bg-gradient-to-r from-purple-50 to-pink-50 p-5 rounded-lg"[31m
        [36m>[31m
          [36m<h4[31m
            [33mclass[31m=[32m"text-lg font-semibold text-gray-800 mb-4"[31m
          [36m>[31m
            [0m­ƒö« Predictive Insights[0m
          [36m</h4>[31m
          [36m<div[31m
            [33mclass[31m=[32m"grid grid-cols-1 md:grid-cols-3 gap-4"[31m
          [36m>[31m
            [36m<div[31m
              [33mclass[31m=[32m"bg-white p-4 rounded-lg text-center"[31m
            [36m>[31m
              [36m<p[31m
                [33mclass[31m=[32m"text-sm text-gray-600 mb-1"[31m
              [36m>[31m
                [0mProjected Next Score[0m
              [36m</p>[31m
              [36m<p[31m
                [33mclass[31m=[32m"text-4xl font-bold text-purple-700"[31m
              [36m>[31m
                [0m88[0m
                [0m%[0m
              [36m</p>[31m
            [36m</div>[31m
            [36m<div[31m
              [33mclass[31m=[32m"bg-white p-4 rounded-lg text-center"[31m
            [36m>[31m
              [36m<p[31m
                [33mclass[31m=[32m"text-sm text-gray-600 mb-1"[31m
              [36m>[31m
                [0mRisk Level[0m
              [36m</p>[31m
              [36m<p[31m
                [33mclass[31m=[32m"text-3xl font-bold capitalize text-green-600"[31m
              [36m>[31m
                [0mlow[0m
              [36m</p>[31m
            [36m</div>[31m
          [36m</div>[31m
        [36m</div>[31m
      [36m</div>[31m
    [36m</div>[31m
  [36m</body>[31m
[36m</html>[31m[39m

node.exe : [31mÔÄ»ÔÄ»ÔÄ»ÔÄ»ÔÄ»ÔÄ»ÔÄ»[1m[7m Failed Tests 2 
[27m[22mÔÄ»ÔÄ»ÔÄ»ÔÄ»ÔÄ»ÔÄ»ÔÄ»[39m
At line:1 char:1
+ & "C:\Program Files\nodejs/node.exe" "C:\Program 
Files\nodejs/node_mo ...
+ ~~~~~~~~~~~~~~~~~~~~~~~~~~~~~~~~~~~~~~~~~~~~~~~~~~~~~~~~~~~~~~~~~~
~~~
    + CategoryInfo          : NotSpecified: ([31mÔÄ»ÔÄ»ÔÄ»Ô...»ÔÄ» 
   ÔÄ»ÔÄ»[39m:String) [], RemoteException
    + FullyQualifiedErrorId : NativeCommandError
 

[31m[1m[7m FAIL [27m[22m[39m 
src/test/learner-analytics-components.test.jsx[2m > [22mAS-001 
#1: LearnerVelocity Component[2m > [22mshould display predictions 
with completion date
[31m[1mTestingLibraryElementError[22m[39m: Found multiple 
elements with the text: /2025|15|Feb/

Here are the matching elements:

Ignored nodes: comments, script, style
[36m<p[39m
  [33mclass[39m=[32m"text-2xl font-bold text-purple-700"[39m
[36m>[39m
  [0m15[0m
[36m</p>[39m

Ignored nodes: comments, script, style
[36m<p[39m
  [33mclass[39m=[32m"text-lg font-semibold text-gray-800"[39m
[36m>[39m
  [0m15/02/2025[0m
[36m</p>[39m

Ignored nodes: comments, script, style
[36m<p[39m
  [33mclass[39m=[32m"text-lg font-semibold text-gray-800"[39m
[36m>[39m
  [0m01/03/2025[0m
[36m</p>[39m

(If this is intentional, then use the `*AllBy*` variant of the 
query (like `queryAllByText`, `getAllByText`, or `findAllByText`)).

Ignored nodes: comments, script, style
[36m<body>[39m
  [36m<div>[39m
    [36m<div[39m
      [33mclass[39m=[32m"learner-velocity-card bg-white 
rounded-lg shadow-md p-6 mb-6"[39m
    [36m>[39m
      [36m<div[39m
        [33mclass[39m=[32m"flex items-center justify-between 
mb-6"[39m
      [36m>[39m
        [36m<h3[39m
          [33mclass[39m=[32m"text-2xl font-bold 
text-gray-800"[39m
        [36m>[39m
          [0mLearning Velocity & Momentum[0m
        [36m</h3>[39m
        [36m<div[39m
          [33mclass[39m=[32m"px-4 py-2 rounded-full 
font-semibold trend-accelerating text-green-600 bg-green-50"[39m
        [36m>[39m
          [0mAccelerating[0m
          [0m ([0m
          [0m+[0m
          [0m38.9[0m
          [0m%)[0m
        [36m</div>[39m
      [36m</div>[39m
      [36m<div[39m
        [33mclass[39m=[32m"grid grid-cols-1 md:grid-cols-3 gap-4 
mb-6"[39m
      [36m>[39m
        [36m<div[39m
          [33mclass[39m=[32m"stat-card bg-gradient-to-br 
from-blue-50 to-blue-100 p-4 rounded-lg"[39m
        [36m>[39m
          [36m<p[39m
            [33mclass[39m=[32m"text-sm text-gray-600 mb-1"[39m
          [36m>[39m
            [0mCurrent Pace[0m
          [36m</p>[39m
          [36m<p[39m
            [33mclass[39m=[32m"text-3xl font-bold 
text-blue-700"[39m
          [36m>[39m
            [0m2.5[0m
          [36m</p>[39m
          [36m<p[39m
            [33mclass[39m=[32m"text-xs text-gray-500 mt-1"[39m
          [36m>[39m
            [0mtopics/week[0m
          [36m</p>[39m
        [36m</div>[39m
        [36m<div[39m
          [33mclass[39m=[32m"stat-card bg-gradient-to-br 
from-gray-50 to-gray-100 p-4 rounded-lg"[39m
        [36m>[39m
          [36m<p[39m
            [33mclass[39m=[32m"text-sm text-gray-600 mb-1"[39m
          [36m>[39m
            [0mAverage Pace[0m
          [36m</p>[39m
          [36m<p[39m
            [33mclass[39m=[32m"text-3xl font-bold 
text-gray-700"[39m
          [36m>[39m
            [0m1.8[0m
          [36m</p>[39m
          [36m<p[39m
            [33mclass[39m=[32m"text-xs text-gray-500 mt-1"[39m
          [36m>[39m
            [0mtopics/week[0m
          [36m</p>[39m
        [36m</div>[39m
        [36m<div[39m
          [33mclass[39m=[32m"stat-card p-4 rounded-lg 
text-green-600 bg-green-50"[39m
        [36m>[39m
          [36m<p[39m
            [33mclass[39m=[32m"text-sm mb-1"[39m
          [36m>[39m
            [0mGoal Status[0m
          [36m</p>[39m
          [36m<p[39m
            [33mclass[39m=[32m"text-3xl font-bold"[39m
          [36m>[39m
            [0mAHEAD[0m
          [36m</p>[39m
          [36m<p[39m
            [33mclass[39m=[32m"text-xs mt-1"[39m
          [36m>[39m
            [0m+[0m
            [0m25[0m
            [0m% vs target[0m
          [36m</p>[39m
        [36m</div>[39m
      [36m</div>[39m
      [36m<div[39m
        [33mclass[39m=[32m"predictions-section bg-gradient-to-r 
from-purple-50 to-pink-50 p-5 rounded-lg mb-6"[39m
      [36m>[39m
        [36m<h4[39m
          [33mclass[39m=[32m"text-lg font-semibold text-gray-800 
mb-3"[39m
        [36m>[39m
          [0m­ƒôà Completion Predictions[0m
        [36m</h4>[39m
        [36m<div[39m
          [33mclass[39m=[32m"grid grid-cols-1 md:grid-cols-2 
gap-4"[39m
        [36m>[39m
          [36m<div>[39m
            [36m<p[39m
              [33mclass[39m=[32m"text-sm text-gray-600"[39m
            [36m>[39m
              [0mRemaining Topics[0m
            [36m</p>[39m
            [36m<p[39m
              [33mclass[39m=[32m"text-2xl font-bold 
text-purple-700"[39m
            [36m>[39m
              [0m15[0m
            [36m</p>[39m
          [36m</div>[39m
          [36m<div>[39m
            [36m<p[39m
              [33mclass[39m=[32m"text-sm text-gray-600"[39m
            [36m>[39m
              [0mEstimated Time[0m
            [36m</p>[39m
            [36m<p[39m
              [33mclass[39m=[32m"text-2xl font-bold 
text-purple-700"[39m
            [36m>[39m
              [0m6[0m
              [0m weeks[0m
            [36m</p>[39m
          [36m</div>[39m
          [36m<div>[39m
            [36m<p[39m
              [33mclass[39m=[32m"text-sm text-gray-600"[39m
            [36m>[39m
              [0mPredicted Completion[0m
            [36m</p>[39m
            [36m<p[39m
              [33mclass[39m=[32m"text-lg font-semibold 
text-gray-800"[39m
            [36m>[39m
              [0m15/02/2025[0m
            [36m</p>[39m
          [36m</div>[39m
          [36m<div>[39m
            [36m<p[39m
              [33mclass[39m=[32m"text-sm text-gray-600"[39m
            [36m>[39m
              [0mTarget Date[0m
            [36m</p>[39m
            [36m<p[39m
              [33mclass[39m=[32m"text-lg font-semibold 
text-gray-800"[39m
            [36m>[39m
              [0m01/03/2025[0m
            [36m</p>[39m
          [36m</div>[39m
        [36m</div>[39m
        [36m<div[39m
          [33mclass[39m=[32m"mt-3"[39m
        [36m>[39m
          [36m<div[39m
            [33mclass[39m=[32m"flex items-center 
text-green-700"[39m
          [36m>[39m
            [36m<svg[39m
              [33mclass[39m=[32m"w-5 h-5 mr-2"[39m
              [33mfill[39m=[32m"currentColor"[39m
              [33mviewBox[39m=[32m"0 0 20 20"[39m
            [36m>[39m
              [36m<path[39m
                [33mclip-rule[39m=[32m"evenodd"[39m
                [33md[39m=[32m"M10 18a8 8 0 100-16 8 8 0 000 
16zm3.707-9.293a1 1 0 00-1.414-1.414L9 10.586 7.707 9.293a1 1 0 
00-1.414 1.414l2 2a1 1 0 001.414 0l4-4z"[39m
                [33mfill-rule[39m=[32m"evenodd"[39m
              [36m/>[39m
            [36m</svg>[39m
            [36m<span[39m
              [33mclass[39m=[32m"font-semibold"[39m
            [36m>[39m
              [0mOn Track to meet target![0m
            [36m</span>[39m
          [36m</div>[39m
        [36m</div>[39m
      [36m</div>[39m
      [36m<div[39m
        [33mclass[39m=[32m"momentum-section bg-gradient-to-r 
from-yellow-50 to-orange-50 p-5 rounded-lg"[39m
      [36m>[39m
        [36m<h4[39m
          [33mclass[39m=[32m"text-lg font-semibold text-gray-800 
mb-3"[39m
        [36m>[39m
          [0mÔÜí Momentum Score[0m
        [36m</h4>[39m
        [36m<div[39m
          [33mclass[39m=[32m"flex items-center mb-4"[39m
        [36m>[39m
          [36m<div[39m
            [33mclass[39m=[32m"relative w-32 h-32 mr-6"[39m
          [36m>[39m
            [36m<svg[39m
              [33mclass[39m=[32m"transform -rotate-90 w-32 
h-32"[39m
            [36m>[39m
              [36m<circle[39m
                [33mclass[39m=[32m"text-gray-200"[39m
                [33mcx[39m=[32m"64"[39m
                [33mcy[39m=[32m"64"[39m
                [33mfill[39m=[32m"none"[39m
                [33mr[39m=[32m"56"[39m
                [33mstroke[39m=[32m"currentColor"[39m
                [33mstroke-width[39m=[32m"8"[39m
              [36m/>[39m
              [36m<circle[39m
                [33mclass[39m=[32m"text-green-600"[39m
                [33mcx[39m=[32m"64"[39m
                [33mcy[39m=[32m"64"[39m
                [33mfill[39m=[32m"none"[39m
                [33mr[39m=[32m"56"[39m
                [33mstroke[39m=[32m"currentColor"[39m
                
[33mstroke-dasharray[39m=[32m"351.85837720205683"[39m
                
[33mstroke-dashoffset[39m=[32m"52.77875658030853"[39m
                [33mstroke-linecap[39m=[32m"round"[39m
                [33mstroke-width[39m=[32m"8"[39m
              [36m/>[39m
            [36m</svg>[39m
            [36m<div[39m
              [33mclass[39m=[32m"absolute inset-0 flex 
items-center justify-center"[39m
            [36m>[39m
              [36m<span[39m
                [33mclass[39m=[32m"text-4xl font-bold 
text-green-600"[39m
              [36m>[39m
                [0m85[0m
              [36m</span>[39m
            [36m</div>[39m
          [36m</div>[39m
          [36m<div[39m
            [33mclass[39m=[32m"flex-1"[39m
          [36m>[39m
            [36m<p[39m
              [33mclass[39m=[32m"text-lg font-semibold 
text-gray-800 mb-2"[39m
            [36m>[39m
              [0mStrong momentum! You're learning faster than your 
average.[0m
            [36m</p>[39m
            [36m<p[39m
              [33mclass[39m=[32m"text-sm text-gray-600 bg-white 
p-3 rounded-lg border border-gray-200"[39m
            [36m>[39m
              [0m­ƒÆí [0m
              [36m<strong>[39m
                [0mRecommendation:[0m
              [36m</strong>[39m
              [0m [0m
              [0mMaintain current pace to finish 2 weeks early.[0m
            [36m</p>[39m
          [36m</div>[39m
        [36m</div>[39m
      [36m</div>[39m
    [36m</div>[39m
  [36m</div>[39m
[36m</body>[39m

Ignored nodes: comments, script, style
[36m<html>[39m
  [36m<head />[39m
  [36m<body>[39m
    [36m<div>[39m
      [36m<div[39m
        [33mclass[39m=[32m"learner-velocity-card bg-white 
rounded-lg shadow-md p-6 mb-6"[39m
      [36m>[39m
        [36m<div[39m
          [33mclass[39m=[32m"flex items-center justify-between 
mb-6"[39m
        [36m>[39m
          [36m<h3[39m
            [33mclass[39m=[32m"text-2xl font-bold 
text-gray-800"[39m
          [36m>[39m
            [0mLearning Velocity & Momentum[0m
          [36m</h3>[39m
          [36m<div[39m
            [33mclass[39m=[32m"px-4 py-2 rounded-full 
font-semibold trend-accelerating text-green-600 bg-green-50"[39m
          [36m>[39m
            [0mAccelerating[0m
            [0m ([0m
            [0m+[0m
            [0m38.9[0m
            [0m%)[0m
          [36m</div>[39m
        [36m</div>[39m
        [36m<div[39m
          [33mclass[39m=[32m"grid grid-cols-1 md:grid-cols-3 
gap-4 mb-6"[39m
        [36m>[39m
          [36m<div[39m
            [33mclass[39m=[32m"stat-card bg-gradient-to-br 
from-blue-50 to-blue-100 p-4 rounded-lg"[39m
          [36m>[39m
            [36m<p[39m
              [33mclass[39m=[32m"text-sm text-gray-600 mb-1"[39m
            [36m>[39m
              [0mCurrent Pace[0m
            [36m</p>[39m
            [36m<p[39m
              [33mclass[39m=[32m"text-3xl font-bold 
text-blue-700"[39m
            [36m>[39m
              [0m2.5[0m
            [36m</p>[39m
            [36m<p[39m
              [33mclass[39m=[32m"text-xs text-gray-500 mt-1"[39m
            [36m>[39m
              [0mtopics/week[0m
            [36m</p>[39m
          [36m</div>[39m
          [36m<div[39m
            [33mclass[39m=[32m"stat-card bg-gradient-to-br 
from-gray-50 to-gray-100 p-4 rounded-lg"[39m
          [36m>[39m
            [36m<p[39m
              [33mclass[39m=[32m"text-sm text-gray-600 mb-1"[39m
            [36m>[39m
              [0mAverage Pace[0m
            [36m</p>[39m
            [36m<p[39m
              [33mclass[39m=[32m"text-3xl font-bold 
text-gray-700"[39m
            [36m>[39m
              [0m1.8[0m
            [36m</p>[39m
            [36m<p[39m
              [33mclass[39m=[32m"text-xs text-gray-500 mt-1"[39m
            [36m>[39m
              [0mtopics/week[0m
            [36m</p>[39m
          [36m</div>[39m
          [36m<div[39m
            [33mclass[39m=[32m"stat-card p-4 rounded-lg 
text-green-600 bg-green-50"[39m
          [36m>[39m
            [36m<p[39m
              [33mclass[39m=[32m"text-sm mb-1"[39m
            [36m>[39m
              [0mGoal Status[0m
            [36m</p>[39m
            [36m<p[39m
              [33mclass[39m=[32m"text-3xl font-bold"[39m
            [36m>[39m
              [0mAHEAD[0m
            [36m</p>[39m
            [36m<p[39m
              [33mclass[39m=[32m"text-xs mt-1"[39m
            [36m>[39m
              [0m+[0m
              [0m25[0m
              [0m% vs target[0m
            [36m</p>[39m
          [36m</div>[39m
        [36m</div>[39m
        [36m<div[39m
          [33mclass[39m=[32m"predictions-section 
bg-gradient-to-r from-purple-50 to-pink-50 p-5 rounded-lg mb-6"[39m
        [36m>[39m
          [36m<h4[39m
            [33mclass[39m=[32m"text-lg font-semibold 
text-gray-800 mb-3"[39m
          [36m>[39m
            [0m­ƒôà Completion Predictions[0m
          [36m</h4>[39m
          [36m<div[39m
            [33mclass[39m=[32m"grid grid-cols-1 md:grid-cols-2 
gap-4"[39m
          [36m>[39m
            [36m<div>[39m
              [36m<p[39m
                [33mclass[39m=[32m"text-sm text-gray-600"[39m
              [36m>[39m
                [0mRemaining Topics[0m
              [36m</p>[39m
              [36m<p[39m
                [33mclass[39m=[32m"text-2xl font-bold 
text-purple-700"[39m
              [36m>[39m
                [0m15[0m
              [36m</p>[39m
            [36m</div>[39m
            [36m<div>[39m
              [36m<p[39m
                [33mclass[39m=[32m"text-sm text-gray-600"[39m
              [36m>[39m
                [0mEstimated Time[0m
              [36m</p>[39m
              [36m<p[39m
                [33mclass[39m=[32m"text-2xl font-bold 
text-purple-700"[39m
              [36m>[39m
                [0m6[0m
                [0m weeks[0m
              [36m</p>[39m
            [36m</div>[39m
            [36m<div>[39m
              [36m<p[39m
                [33mclass[39m=[32m"text-sm text-gray-600"[39m
              [36m>[39m
                [0mPredicted Completion[0m
              [36m</p>[39m
              [36m<p[39m
                [33mclass[39m=[32m"text-lg font-semibold 
text-gray-800"[39m
              [36m>[39m
                [0m15/02/2025[0m
              [36m</p>[39m
            [36m</div>[39m
            [36m<div>[39m
              [36m<p[39m
                [33mclass[39m=[32m"text-sm text-gray-600"[39m
              [36m>[39m
                [0mTarget Date[0m
              [36m</p>[39m
              [36m<p[39m
                [33mclass[39m=[32m"text-lg font-semibold 
text-gray-800"[39m
              [36m>[39m
                [0m01/03/2025[0m
              [36m</p>[39m
            [36m</div>[39m
          [36m</div>[39m
          [36m<div[39m
            [33mclass[39m=[32m"mt-3"[39m
          [36m>[39m
            [36m<div[39m
              [33mclass[39m=[32m"flex items-center 
text-green-700"[39m
            [36m>[39m
              [36m<svg[39m
                [33mclass[39m=[32m"w-5 h-5 mr-2"[39m
                [33mfill[39m=[32m"currentColor"[39m
                [33mviewBox[39m=[32m"0 0 20 20"[39m
              [36m>[39m
                [36m<path[39m
                  [33mclip-rule[39m=[32m"evenodd"[39m
                  [33md[39m=[32m"M10 18a8 8 0 100-16 8 8 0 000 
16zm3.707-9.293a1 1 0 00-1.414-1.414L9 10.586 7.707 9.293a1 1 0 
00-1.414 1.414l2 2a1 1 0 001.414 0l4-4z"[39m
                  [33mfill-rule[39m=[32m"evenodd"[39m
                [36m/>[39m
              [36m</svg>[39m
              [36m<span[39m
                [33mclass[39m=[32m"font-semibold"[39m
              [36m>[39m
                [0mOn Track to meet target![0m
              [36m</span>[39m
            [36m</div>[39m
          [36m</div>[39m
        [36m</div>[39m
        [36m<div[39m
          [33mclass[39m=[32m"momentum-section bg-gradient-to-r 
from-yellow-50 to-orange-50 p-5 rounded-lg"[39m
        [36m>[39m
          [36m<h4[39m
            [33mclass[39m=[32m"text-lg font-semibold 
text-gray-800 mb-3"[39m
          [36m>[39m
            [0mÔÜí Momentum Score[0m
          [36m</h4>[39m
          [36m<div[39m
            [33mclass[39m=[32m"flex items-center mb-4"[39m
          [36m>[39m
            [36m<div[39m
              [33mclass[39m=[32m"relative w-32 h-32 mr-6"[39m
            [36m>[39m
              [36m<svg[39m
                [33mclass[39m=[32m"transform -rotate-90 w-32 
h-32"[39m
              [36m>[39m
                [36m<circle[39m
                  [33mclass[39m=[32m"text-gray-200"[39m
                  [33mcx[39m=[32m"64"[39m
                  [33mcy[39m=[32m"64"[39m
                  [33mfill[39m=[32m"none"[39m
                  [33mr[39m=[32m"56"[39m
                  [33mstroke[39m=[32m"currentColor"[39m
                  [33mstroke-width[39m=[32m"8"[39m
                [36m/>[39m
                [36m<circle[39m
                  [33mclass[39m=[32m"text-green-600"[39m
                  [33mcx[39m=[32m"64"[39m
                  [33mcy[39m=[32m"64"[39m
                  [33mfill[39m=[32m"none"[39m
                  [33mr[39m=[32m"56"[39m
                  [33mstroke[39m=[32m"currentColor"[39m
                  
[33mstroke-dasharray[39m=[32m"351.85837720205683"[39m
                  
[33mstroke-dashoffset[39m=[32m"52.77875658030853"[39m
                  [33mstroke-linecap[39m=[32m"round"[39m
                  [33mstroke-width[39m=[32m"8"[39m
                [36m/>[39m
              [36m</svg>[39m
              [36m<div[39m
                [33mclass[39m=[32m"absolute inset-0 flex 
items-center justify-center"[39m
              [36m>[39m
                [36m<span[39m
                  [33mclass[39m=[32m"text-4xl font-bold 
text-green-600"[39m
                [36m>[39m
                  [0m85[0m
                [36m</span>[39m
              [36m</div>[39m
            [36m</div>[39m
            [36m<div[39m
              [33mclass[39m=[32m"flex-1"[39m
            [36m>[39m
              [36m<p[39m
                [33mclass[39m=[32m"text-lg font-semibold 
text-gray-800 mb-2"[39m
              [36m>[39m
                [0mStrong momentum! You're learning faster than 
your average.[0m
              [36m</p>[39m
              [36m<p[39m
                [33mclass[39m=[32m"text-sm text-gray-600 
bg-white p-3 rounded-lg border border-gray-200"[39m
              [36m>[39m
                [0m­ƒÆí [0m
                [36m<strong>[39m
                  [0mRecommendation:[0m
                [36m</strong>[39m
                [0m [0m
                [0mMaintain current pace to finish 2 weeks 
early.[0m
              [36m</p>[39m
            [36m</div>[39m
          [36m</div>[39m
        [36m</div>[39m
      [36m</div>[39m
    [36m</div>[39m
  [36m</body>[39m
[36m</html>[39m
[90m [2mÔØ»[22m Proxy.waitForWrapper node_modules/@testing-librar
y/react/node_modules/@testing-library/dom/dist/wait-for.js:[2m163:2
7[22m[39m
[36m [2mÔØ»[22m 
src/test/learner-analytics-components.test.jsx:[2m218:11[22m[39m
    [90m216| [39m    
[34mrenderWithRouter[39m([33m<[39m[33mLearnerVelocity[39m 
[33muserId[39m[33m=[39m[32m"user-123"[39m 
[33mdata[39m[33m=[39m[33m{[39mmockVeloÔÇª
    [90m217| [39m    
    [90m218| [39m    [35mawait[39m [34mwaitFor[39m(() 
[33m=>[39m {
    [90m   | [39m          [31m^[39m
    [90m219| [39m      
[34mexpect[39m(screen[33m.[39m[34mgetByText[39m([32m'6 
weeks'[39m))[33m.[39m[34mtoBeInTheDocument[39m()
    [90m220| [39m      [90m// Date format varies by locale, just 
check it's rendered[39m

[31m[2mÔÄ»ÔÄ»ÔÄ»ÔÄ»ÔÄ»ÔÄ»ÔÄ»ÔÄ»ÔÄ»ÔÄ»ÔÄ»ÔÄ»ÔÄ»ÔÄ»ÔÄ»ÔÄ»ÔÄ»ÔÄ»ÔÄ»ÔÄ
»ÔÄ»ÔÄ»ÔÄ»ÔÄ»[1/2]ÔÄ»[22m[39m

[31m[1m[7m FAIL [27m[22m[39m 
src/test/learner-analytics-components.test.jsx[2m > [22mAS-001 
#5: PerformanceAnalytics Component[2m > [22mshould render 
performance overview
[31m[1mTestingLibraryElementError[22m[39m: Unable to find an 
element with the text: 78.5. This could be because the text is 
broken up by multiple elements. In this case, you can provide a 
function for your text matcher to make your matcher more flexible.

Ignored nodes: comments, script, style
[36m<body>[39m
  [36m<div>[39m
    [36m<div[39m
      [33mclass[39m=[32m"performance-analytics-card bg-white 
rounded-lg shadow-md p-6 mb-6"[39m
    [36m>[39m
      [36m<h3[39m
        [33mclass[39m=[32m"text-2xl font-bold text-gray-800 
mb-6"[39m
      [36m>[39m
        [0mPerformance & Assessment Analytics[0m
      [36m</h3>[39m
      [36m<div[39m
        [33mclass[39m=[32m"overview grid grid-cols-2 
md:grid-cols-4 gap-4 mb-6"[39m
      [36m>[39m
        [36m<div[39m
          [33mclass[39m=[32m"bg-blue-50 p-4 rounded-lg 
text-center"[39m
        [36m>[39m
          [36m<p[39m
            [33mclass[39m=[32m"text-sm text-gray-600 mb-1"[39m
          [36m>[39m
            [0mTotal Assessments[0m
          [36m</p>[39m
          [36m<p[39m
            [33mclass[39m=[32m"text-3xl font-bold 
text-blue-700"[39m
          [36m>[39m
            [0m25[0m
          [36m</p>[39m
        [36m</div>[39m
        [36m<div[39m
          [33mclass[39m=[32m"bg-green-50 p-4 rounded-lg 
text-center"[39m
        [36m>[39m
          [36m<p[39m
            [33mclass[39m=[32m"text-sm text-gray-600 mb-1"[39m
          [36m>[39m
            [0mAverage Score[0m
          [36m</p>[39m
          [36m<p[39m
            [33mclass[39m=[32m"text-3xl font-bold 
text-green-700"[39m
          [36m>[39m
            [0m78.5[0m
            [0m%[0m
          [36m</p>[39m
        [36m</div>[39m
        [36m<div[39m
          [33mclass[39m=[32m"bg-purple-50 p-4 rounded-lg 
text-center"[39m
        [36m>[39m
          [36m<p[39m
            [33mclass[39m=[32m"text-sm text-gray-600 mb-1"[39m
          [36m>[39m
            [0mPass Rate[0m
          [36m</p>[39m
          [36m<p[39m
            [33mclass[39m=[32m"text-3xl font-bold 
text-purple-700"[39m
          [36m>[39m
            [0m86.4[0m
            [0m%[0m
          [36m</p>[39m
        [36m</div>[39m
        [36m<div[39m
          [33mclass[39m=[32m"p-4 rounded-lg text-center 
text-green-600 bg-green-100"[39m
        [36m>[39m
          [36m<p[39m
            [33mclass[39m=[32m"text-sm mb-1"[39m
          [36m>[39m
            [0mTrend[0m
          [36m</p>[39m
          [36m<p[39m
            [33mclass[39m=[32m"text-2xl font-bold 
capitalize"[39m
          [36m>[39m
            [0mimproving[0m
          [36m</p>[39m
        [36m</div>[39m
      [36m</div>[39m
      [36m<div[39m
        [33mclass[39m=[32m"score-progression-chart 
bg-gradient-to-r from-blue-50 to-purple-50 p-5 rounded-lg mb-6"[39m
      [36m>[39m
        [36m<h4[39m
          [33mclass[39m=[32m"text-lg font-semibold text-gray-800 
mb-4"[39m
        [36m>[39m
          [0m­ƒôê Score Progression[0m
        [36m</h4>[39m
        [36m<div[39m
          [33mclass[39m=[32m"relative h-48"[39m
        [36m>[39m
          [36m<svg[39m
            [33mclass[39m=[32m"w-full h-full"[39m
            [33mpreserveAspectRatio[39m=[32m"none"[39m
            [33mviewBox[39m=[32m"0 0 800 200"[39m
          [36m>[39m
            [36m<line[39m
              [33mstroke[39m=[32m"#e5e7eb"[39m
              [33mstroke-width[39m=[32m"1"[39m
              [33mx1[39m=[32m"0"[39m
              [33mx2[39m=[32m"800"[39m
              [33my1[39m=[32m"200"[39m
              [33my2[39m=[32m"200"[39m
            [36m/>[39m
            [36m<line[39m
              [33mstroke[39m=[32m"#e5e7eb"[39m
              [33mstroke-width[39m=[32m"1"[39m
              [33mx1[39m=[32m"0"[39m
              [33mx2[39m=[32m"800"[39m
              [33my1[39m=[32m"150"[39m
              [33my2[39m=[32m"150"[39m
            [36m/>[39m
            [36m<line[39m
              [33mstroke[39m=[32m"#e5e7eb"[39m
              [33mstroke-width[39m=[32m"1"[39m
              [33mx1[39m=[32m"0"[39m
              [33mx2[39m=[32m"800"[39m
              [33my1[39m=[32m"100"[39m
              [33my2[39m=[32m"100"[39m
            [36m/>[39m
            [36m<line[39m
              [33mstroke[39m=[32m"#e5e7eb"[39m
              [33mstroke-width[39m=[32m"1"[39m
              [33mx1[39m=[32m"0"[39m
              [33mx2[39m=[32m"800"[39m
              [33my1[39m=[32m"50"[39m
              [33my2[39m=[32m"50"[39m
            [36m/>[39m
            [36m<line[39m
              [33mstroke[39m=[32m"#e5e7eb"[39m
              [33mstroke-width[39m=[32m"1"[39m
              [33mx1[39m=[32m"0"[39m
              [33mx2[39m=[32m"800"[39m
              [33my1[39m=[32m"0"[39m
              [33my2[39m=[32m"0"[39m
            [36m/>[39m
            [36m<polyline[39m
              [33mfill[39m=[32m"none"[39m
              [33mpoints[39m=[32m"0,70 88.88888888888889,60 
177.77777777777777,50 266.66666666666663,44 355.55555555555554,36 
444.44444444444446,30 533.3333333333333,24 622.2222222222223,20 
711.1111111111111,16 800,10"[39m
              [33mstroke[39m=[32m"#8b5cf6"[39m
              [33mstroke-width[39m=[32m"3"[39m
            [36m/>[39m
            [36m<circle[39m
              [33mcx[39m=[32m"0"[39m
              [33mcy[39m=[32m"70"[39m
              [33mfill[39m=[32m"#8b5cf6"[39m
              [33mr[39m=[32m"5"[39m
              [33mstroke[39m=[32m"white"[39m
              [33mstroke-width[39m=[32m"2"[39m
            [36m/>[39m
            [36m<circle[39m
              [33mcx[39m=[32m"88.88888888888889"[39m
              [33mcy[39m=[32m"60"[39m
              [33mfill[39m=[32m"#8b5cf6"[39m
              [33mr[39m=[32m"5"[39m
              [33mstroke[39m=[32m"white"[39m
              [33mstroke-width[39m=[32m"2"[39m
            [36m/>[39m
            [36m<circle[39m
              [33mcx[39m=[32m"177.77777777777777"[39m
              [33mcy[39m=[32m"50"[39m
              [33mfill[39m=[32m"#8b5cf6"[39m
              [33mr[39m=[32m"5"[39m
              [33mstroke[39m=[32m"white"[39m
              [33mstroke-width[39m=[32m"2"[39m
            [36m/>[39m
            [36m<circle[39m
              [33mcx[39m=[32m"266.66666666666663"[39m
              [33mcy[39m=[32m"44"[39m
              [33mfill[39m=[32m"#8b5cf6"[39m
              [33mr[39m=[32m"5"[39m
              [33mstroke[39m=[32m"white"[39m
              [33mstroke-width[39m=[32m"2"[39m
            [36m/>[39m
            [36m<circle[39m
              [33mcx[39m=[32m"355.55555555555554"[39m
              [33mcy[39m=[32m"36"[39m
              [33mfill[39m=[32m"#8b5cf6"[39m
              [33mr[39m=[32m"5"[39m
              [33mstroke[39m=[32m"white"[39m
              [33mstroke-width[39m=[32m"2"[39m
            [36m/>[39m
            [36m<circle[39m
              [33mcx[39m=[32m"444.44444444444446"[39m
              [33mcy[39m=[32m"30"[39m
              [33mfill[39m=[32m"#8b5cf6"[39m
              [33mr[39m=[32m"5"[39m
              [33mstroke[39m=[32m"white"[39m
              [33mstroke-width[39m=[32m"2"[39m
            [36m/>[39m
            [36m<circle[39m
              [33mcx[39m=[32m"533.3333333333333"[39m
              [33mcy[39m=[32m"24"[39m
              [33mfill[39m=[32m"#8b5cf6"[39m
              [33mr[39m=[32m"5"[39m
              [33mstroke[39m=[32m"white"[39m
              [33mstroke-width[39m=[32m"2"[39m
            [36m/>[39m
            [36m<circle[39m
              [33mcx[39m=[32m"622.2222222222223"[39m
              [33mcy[39m=[32m"20"[39m
              [33mfill[39m=[32m"#8b5cf6"[39m
              [33mr[39m=[32m"5"[39m
              [33mstroke[39m=[32m"white"[39m
              [33mstroke-width[39m=[32m"2"[39m
            [36m/>[39m
            [36m<circle[39m
              [33mcx[39m=[32m"711.1111111111111"[39m
              [33mcy[39m=[32m"16"[39m
              [33mfill[39m=[32m"#8b5cf6"[39m
              [33mr[39m=[32m"5"[39m
              [33mstroke[39m=[32m"white"[39m
              [33mstroke-width[39m=[32m"2"[39m
            [36m/>[39m
            [36m<circle[39m
              [33mcx[39m=[32m"800"[39m
              [33mcy[39m=[32m"10"[39m
              [33mfill[39m=[32m"#8b5cf6"[39m
              [33mr[39m=[32m"5"[39m
              [33mstroke[39m=[32m"white"[39m
              [33mstroke-width[39m=[32m"2"[39m
            [36m/>[39m
          [36m</svg>[39m
          [36m<div[39m
            [33mclass[39m=[32m"absolute left-0 top-0 h-full flex 
flex-col justify-between text-xs text-gray-600"[39m
          [36m>[39m
            [36m<span>[39m
              [0m100[0m
            [36m</span>[39m
            [36m<span>[39m
              [0m75[0m
            [36m</span>[39m
            [36m<span>[39m
              [0m50[0m
            [36m</span>[39m
            [36m<span>[39m
              [0m25[0m
            [36m</span>[39m
            [36m<span>[39m
              [0m0[0m
            [36m</span>[39m
          [36m</div>[39m
        [36m</div>[39m
        [36m<div[39m
          [33mclass[39m=[32m"flex justify-between text-xs 
text-gray-600 mt-2"[39m
        [36m>[39m
          [36m<span>[39m
            [0mOldest[0m
          [36m</span>[39m
          [36m<span>[39m
            [0mMost Recent[0m
          [36m</span>[39m
        [36m</div>[39m
      [36m</div>[39m
      [36m<div[39m
        [33mclass[39m=[32m"grid grid-cols-1 md:grid-cols-2 gap-4 
mb-6"[39m
      [36m/>[39m
      [36m<div[39m
        [33mclass[39m=[32m"predictions bg-gradient-to-r 
from-purple-50 to-pink-50 p-5 rounded-lg"[39m
      [36m>[39m
        [36m<h4[39m
          [33mclass[39m=[32m"text-lg font-semibold text-gray-800 
mb-4"[39m
        [36m>[39m
          [0m­ƒö« Predictive Insights[0m
        [36m</h4>[39m
        [36m<div[39m
          [33mclass[39m=[32m"grid grid-cols-1 md:grid-cols-3 
gap-4"[39m
        [36m>[39m
          [36m<div[39m
            [33mclass[39m=[32m"bg-white p-4 rounded-lg 
text-center"[39m
          [36m>[39m
            [36m<p[39m
              [33mclass[39m=[32m"text-sm text-gray-600 mb-1"[39m
            [36m>[39m
              [0mProjected Next Score[0m
            [36m</p>[39m
            [36m<p[39m
              [33mclass[39m=[32m"text-4xl font-bold 
text-purple-700"[39m
            [36m>[39m
              [0m88[0m
              [0m%[0m
            [36m</p>[39m
          [36m</div>[39m
          [36m<div[39m
            [33mclass[39m=[32m"bg-white p-4 rounded-lg 
text-center"[39m
          [36m>[39m
            [36m<p[39m
              [33mclass[39m=[32m"text-sm text-gray-600 mb-1"[39m
            [36m>[39m
              [0mRisk Level[0m
            [36m</p>[39m
            [36m<p[39m
              [33mclass[39m=[32m"text-3xl font-bold capitalize 
text-green-600"[39m
            [36m>[39m
              [0mlow[0m
            [36m</p>[39m
          [36m</div>[39m
        [36m</div>[39m
      [36m</div>[39m
    [36m</div>[39m
  [36m</div>[39m
[36m</body>[39m

Ignored nodes: comments, script, style
[36m<html>[39m
  [36m<head />[39m
  [36m<body>[39m
    [36m<div>[39m
      [36m<div[39m
        [33mclass[39m=[32m"performance-analytics-card bg-white 
rounded-lg shadow-md p-6 mb-6"[39m
      [36m>[39m
        [36m<h3[39m
          [33mclass[39m=[32m"text-2xl font-bold text-gray-800 
mb-6"[39m
        [36m>[39m
          [0mPerformance & Assessment Analytics[0m
        [36m</h3>[39m
        [36m<div[39m
          [33mclass[39m=[32m"overview grid grid-cols-2 
md:grid-cols-4 gap-4 mb-6"[39m
        [36m>[39m
          [36m<div[39m
            [33mclass[39m=[32m"bg-blue-50 p-4 rounded-lg 
text-center"[39m
          [36m>[39m
            [36m<p[39m
              [33mclass[39m=[32m"text-sm text-gray-600 mb-1"[39m
            [36m>[39m
              [0mTotal Assessments[0m
            [36m</p>[39m
            [36m<p[39m
              [33mclass[39m=[32m"text-3xl font-bold 
text-blue-700"[39m
            [36m>[39m
              [0m25[0m
            [36m</p>[39m
          [36m</div>[39m
          [36m<div[39m
            [33mclass[39m=[32m"bg-green-50 p-4 rounded-lg 
text-center"[39m
          [36m>[39m
            [36m<p[39m
              [33mclass[39m=[32m"text-sm text-gray-600 mb-1"[39m
            [36m>[39m
              [0mAverage Score[0m
            [36m</p>[39m
            [36m<p[39m
              [33mclass[39m=[32m"text-3xl font-bold 
text-green-700"[39m
            [36m>[39m
              [0m78.5[0m
              [0m%[0m
            [36m</p>[39m
          [36m</div>[39m
          [36m<div[39m
            [33mclass[39m=[32m"bg-purple-50 p-4 rounded-lg 
text-center"[39m
          [36m>[39m
            [36m<p[39m
              [33mclass[39m=[32m"text-sm text-gray-600 mb-1"[39m
            [36m>[39m
              [0mPass Rate[0m
            [36m</p>[39m
            [36m<p[39m
              [33mclass[39m=[32m"text-3xl font-bold 
text-purple-700"[39m
            [36m>[39m
              [0m86.4[0m
              [0m%[0m
            [36m</p>[39m
          [36m</div>[39m
          [36m<div[39m
            [33mclass[39m=[32m"p-4 rounded-lg text-center 
text-green-600 bg-green-100"[39m
          [36m>[39m
            [36m<p[39m
              [33mclass[39m=[32m"text-sm mb-1"[39m
            [36m>[39m
              [0mTrend[0m
            [36m</p>[39m
            [36m<p[39m
              [33mclass[39m=[32m"text-2xl font-bold 
capitalize"[39m
            [36m>[39m
              [0mimproving[0m
            [36m</p>[39m
          [36m</div>[39m
        [36m</div>[39m
        [36m<div[39m
          [33mclass[39m=[32m"score-progression-chart 
bg-gradient-to-r from-blue-50 to-purple-50 p-5 rounded-lg mb-6"[39m
        [36m>[39m
          [36m<h4[39m
            [33mclass[39m=[32m"text-lg font-semibold 
text-gray-800 mb-4"[39m
          [36m>[39m
            [0m­ƒôê Score Progression[0m
          [36m</h4>[39m
          [36m<div[39m
            [33mclass[39m=[32m"relative h-48"[39m
          [36m>[39m
            [36m<svg[39m
              [33mclass[39m=[32m"w-full h-full"[39m
              [33mpreserveAspectRatio[39m=[32m"none"[39m
              [33mviewBox[39m=[32m"0 0 800 200"[39m
            [36m>[39m
              [36m<line[39m
                [33mstroke[39m=[32m"#e5e7eb"[39m
                [33mstroke-width[39m=[32m"1"[39m
                [33mx1[39m=[32m"0"[39m
                [33mx2[39m=[32m"800"[39m
                [33my1[39m=[32m"200"[39m
                [33my2[39m=[32m"200"[39m
              [36m/>[39m
              [36m<line[39m
                [33mstroke[39m=[32m"#e5e7eb"[39m
                [33mstroke-width[39m=[32m"1"[39m
                [33mx1[39m=[32m"0"[39m
                [33mx2[39m=[32m"800"[39m
                [33my1[39m=[32m"150"[39m
                [33my2[39m=[32m"150"[39m
              [36m/>[39m
              [36m<line[39m
                [33mstroke[39m=[32m"#e5e7eb"[39m
                [33mstroke-width[39m=[32m"1"[39m
                [33mx1[39m=[32m"0"[39m
                [33mx2[39m=[32m"800"[39m
                [33my1[39m=[32m"100"[39m
                [33my2[39m=[32m"100"[39m
              [36m/>[39m
              [36m<line[39m
                [33mstroke[39m=[32m"#e5e7eb"[39m
                [33mstroke-width[39m=[32m"1"[39m
                [33mx1[39m=[32m"0"[39m
                [33mx2[39m=[32m"800"[39m
                [33my1[39m=[32m"50"[39m
                [33my2[39m=[32m"50"[39m
              [36m/>[39m
              [36m<line[39m
                [33mstroke[39m=[32m"#e5e7eb"[39m
                [33mstroke-width[39m=[32m"1"[39m
                [33mx1[39m=[32m"0"[39m
                [33mx2[39m=[32m"800"[39m
                [33my1[39m=[32m"0"[39m
                [33my2[39m=[32m"0"[39m
              [36m/>[39m
              [36m<polyline[39m
                [33mfill[39m=[32m"none"[39m
                [33mpoints[39m=[32m"0,70 88.88888888888889,60 
177.77777777777777,50 266.66666666666663,44 355.55555555555554,36 
444.44444444444446,30 533.3333333333333,24 622.2222222222223,20 
711.1111111111111,16 800,10"[39m
                [33mstroke[39m=[32m"#8b5cf6"[39m
                [33mstroke-width[39m=[32m"3"[39m
              [36m/>[39m
              [36m<circle[39m
                [33mcx[39m=[32m"0"[39m
                [33mcy[39m=[32m"70"[39m
                [33mfill[39m=[32m"#8b5cf6"[39m
                [33mr[39m=[32m"5"[39m
                [33mstroke[39m=[32m"white"[39m
                [33mstroke-width[39m=[32m"2"[39m
              [36m/>[39m
              [36m<circle[39m
                [33mcx[39m=[32m"88.88888888888889"[39m
                [33mcy[39m=[32m"60"[39m
                [33mfill[39m=[32m"#8b5cf6"[39m
                [33mr[39m=[32m"5"[39m
                [33mstroke[39m=[32m"white"[39m
                [33mstroke-width[39m=[32m"2"[39m
              [36m/>[39m
              [36m<circle[39m
                [33mcx[39m=[32m"177.77777777777777"[39m
                [33mcy[39m=[32m"50"[39m
                [33mfill[39m=[32m"#8b5cf6"[39m
                [33mr[39m=[32m"5"[39m
                [33mstroke[39m=[32m"white"[39m
                [33mstroke-width[39m=[32m"2"[39m
              [36m/>[39m
              [36m<circle[39m
                [33mcx[39m=[32m"266.66666666666663"[39m
                [33mcy[39m=[32m"44"[39m
                [33mfill[39m=[32m"#8b5cf6"[39m
                [33mr[39m=[32m"5"[39m
                [33mstroke[39m=[32m"white"[39m
                [33mstroke-width[39m=[32m"2"[39m
              [36m/>[39m
              [36m<circle[39m
                [33mcx[39m=[32m"355.55555555555554"[39m
                [33mcy[39m=[32m"36"[39m
                [33mfill[39m=[32m"#8b5cf6"[39m
                [33mr[39m=[32m"5"[39m
                [33mstroke[39m=[32m"white"[39m
                [33mstroke-width[39m=[32m"2"[39m
              [36m/>[39m
              [36m<circle[39m
                [33mcx[39m=[32m"444.44444444444446"[39m
                [33mcy[39m=[32m"30"[39m
                [33mfill[39m=[32m"#8b5cf6"[39m
                [33mr[39m=[32m"5"[39m
                [33mstroke[39m=[32m"white"[39m
                [33mstroke-width[39m=[32m"2"[39m
              [36m/>[39m
              [36m<circle[39m
                [33mcx[39m=[32m"533.3333333333333"[39m
                [33mcy[39m=[32m"24"[39m
                [33mfill[39m=[32m"#8b5cf6"[39m
                [33mr[39m=[32m"5"[39m
                [33mstroke[39m=[32m"white"[39m
                [33mstroke-width[39m=[32m"2"[39m
              [36m/>[39m
              [36m<circle[39m
                [33mcx[39m=[32m"622.2222222222223"[39m
                [33mcy[39m=[32m"20"[39m
                [33mfill[39m=[32m"#8b5cf6"[39m
                [33mr[39m=[32m"5"[39m
                [33mstroke[39m=[32m"white"[39m
                [33mstroke-width[39m=[32m"2"[39m
              [36m/>[39m
              [36m<circle[39m
                [33mcx[39m=[32m"711.1111111111111"[39m
                [33mcy[39m=[32m"16"[39m
                [33mfill[39m=[32m"#8b5cf6"[39m
                [33mr[39m=[32m"5"[39m
                [33mstroke[39m=[32m"white"[39m
                [33mstroke-width[39m=[32m"2"[39m
              [36m/>[39m
              [36m<circle[39m
                [33mcx[39m=[32m"800"[39m
                [33mcy[39m=[32m"10"[39m
                [33mfill[39m=[32m"#8b5cf6"[39m
                [33mr[39m=[32m"5"[39m
                [33mstroke[39m=[32m"white"[39m
                [33mstroke-width[39m=[32m"2"[39m
              [36m/>[39m
            [36m</svg>[39m
            [36m<div[39m
[2m Test Files [22m [1m[31m1 failed[39m[22m[90m (1)[39m
[2m      Tests [22m [1m[31m2 failed[39m[22m[2m | [22m[1m[32m24 passed[39m[22m[90m (26)[39m
[2m   Start at [22m 16:16:57
[2m   Duration [22m 13.21s[2m (transform 624ms, setup 500ms, collect 2.17s, tests 3.88s, environment 2.70s, prepare 2.37s)[22m

              [33mclass[39m=[32m"absolute left-0 top-0 h-full 
flex flex-col justify-between text-xs text-gray-600"[39m
            [36m>[39m
              [36m<span>[39m
                [0m100[0m
              [36m</span>[39m
              [36m<span>[39m
                [0m75[0m
              [36m</span>[39m
              [36m<span>[39m
                [0m50[0m
              [36m</span>[39m
              [36m<span>[39m
                [0m25[0m
              [36m</span>[39m
              [36m<span>[39m
                [0m0[0m
              [36m</span>[39m
            [36m</div>[39m
          [36m</div>[39m
          [36m<div[39m
            [33mclass[39m=[32m"flex justify-between text-xs 
text-gray-600 mt-2"[39m
          [36m>[39m
            [36m<span>[39m
              [0mOldest[0m
            [36m</span>[39m
            [36m<span>[39m
              [0mMost Recent[0m
            [36m</span>[39m
          [36m</div>[39m
        [36m</div>[39m
        [36m<div[39m
          [33mclass[39m=[32m"grid grid-cols-1 md:grid-cols-2 
gap-4 mb-6"[39m
        [36m/>[39m
        [36m<div[39m
          [33mclass[39m=[32m"predictions bg-gradient-to-r 
from-purple-50 to-pink-50 p-5 rounded-lg"[39m
        [36m>[39m
          [36m<h4[39m
            [33mclass[39m=[32m"text-lg font-semibold 
text-gray-800 mb-4"[39m
          [36m>[39m
            [0m­ƒö« Predictive Insights[0m
          [36m</h4>[39m
          [36m<div[39m
            [33mclass[39m=[32m"grid grid-cols-1 md:grid-cols-3 
gap-4"[39m
          [36m>[39m
            [36m<div[39m
              [33mclass[39m=[32m"bg-white p-4 rounded-lg 
text-center"[39m
            [36m>[39m
              [36m<p[39m
                [33mclass[39m=[32m"text-sm text-gray-600 
mb-1"[39m
              [36m>[39m
                [0mProjected Next Score[0m
              [36m</p>[39m
              [36m<p[39m
                [33mclass[39m=[32m"text-4xl font-bold 
text-purple-700"[39m
              [36m>[39m
                [0m88[0m
                [0m%[0m
              [36m</p>[39m
            [36m</div>[39m
            [36m<div[39m
              [33mclass[39m=[32m"bg-white p-4 rounded-lg 
text-center"[39m
            [36m>[39m
              [36m<p[39m
                [33mclass[39m=[32m"text-sm text-gray-600 
mb-1"[39m
              [36m>[39m
                [0mRisk Level[0m
              [36m</p>[39m
              [36m<p[39m
                [33mclass[39m=[32m"text-3xl font-bold capitalize 
text-green-600"[39m
              [36m>[39m
                [0mlow[0m
              [36m</p>[39m
            [36m</div>[39m
          [36m</div>[39m
        [36m</div>[39m
      [36m</div>[39m
    [36m</div>[39m
  [36m</body>[39m
[36m</html>[39m
[90m [2mÔØ»[22m Proxy.waitForWrapper node_modules/@testing-librar
y/react/node_modules/@testing-library/dom/dist/wait-for.js:[2m163:2
7[22m[39m
[36m [2mÔØ»[22m 
src/test/learner-analytics-components.test.jsx:[2m369:11[22m[39m
    [90m367| [39m    [34mrenderWithRouter[39m([33m<[39m[33mPe
rformanceAnalytics[39m 
[33muserId[39m[33m=[39m[32m"user-123"[39m 
[33mdata[39m[33m=[39m[33m{[39mmocÔÇª
    [90m368| [39m    
    [90m369| [39m    [35mawait[39m [34mwaitFor[39m(() 
[33m=>[39m {
    [90m   | [39m          [31m^[39m
    [90m370| [39m      [34mexpect[39m(screen[33m.[39m[34mgetA
llByText[39m([32m'25'[39m)[33m.[39mlength)[33m.[39m[34mtoBeG
reaterThan[39m([34m0[39m) [90m// T[39mÔÇª
    [90m371| [39m      [34mexpect[39m(screen[33m.[39m[34mgetA
llByText[39m([32m'78.5'[39m)[33m.[39mlength)[33m.[39m[34mtoB
eGreaterThan[39m([34m0[39m) [90m//[39mÔÇª

[31m[2mÔÄ»ÔÄ»ÔÄ»ÔÄ»ÔÄ»ÔÄ»ÔÄ»ÔÄ»ÔÄ»ÔÄ»ÔÄ»ÔÄ»ÔÄ»ÔÄ»ÔÄ»ÔÄ»ÔÄ»ÔÄ»ÔÄ»ÔÄ
»ÔÄ»ÔÄ»ÔÄ»ÔÄ»[2/2]ÔÄ»[22m[39m

