
> ms8-learning-analytics-frontend@1.0.0 test
> vitest --run learner-analytics-components.test.jsx --reporter=verbose


[7m[1m[36m RUN [39m[22m[27m [36mv1.6.1[39m [90mC:/Users/lelya/Desktop/Lotus_desktop/MS8-Learning-Analytics/frontend[39m

 [31m├ù[39m src/test/learner-analytics-components.test.jsx[2m > [22mAS-001 #1: LearnerVelocity Component[2m > [22mshould render loading state initially
[31m   ÔåÆ Unable to find an element with the text: /loading/i. This could be because the text is broken up by multiple elements. In this case, you can provide a function for your text matcher to make your matcher more flexible.

Ignored nodes: comments, script, style
[36m<body>[31m
  [36m<div>[31m
    [36m<div[31m
      [33mclass[31m=[32m"learner-velocity-card bg-gray-50"[31m
    [36m>[31m
      [36m<p[31m
        [33mclass[31m=[32m"text-gray-600"[31m
      [36m>[31m
        [0mNo velocity data available[0m
      [36m</p>[31m
    [36m</div>[31m
  [36m</div>[31m
[36m</body>[31m[39m
 [32mÔ£ô[39m src/test/learner-analytics-components.test.jsx[2m > [22mAS-001 #1: LearnerVelocity Component[2m > [22mshould display current pace and trend
 [32mÔ£ô[39m src/test/learner-analytics-components.test.jsx[2m > [22mAS-001 #1: LearnerVelocity Component[2m > [22mshould show momentum score with visual indicator
 [31m├ù[39m src/test/learner-analytics-components.test.jsx[2m > [22mAS-001 #1: LearnerVelocity Component[2m > [22mshould display predictions with completion date[33m 1030[2mms[22m[39m
[31m   ÔåÆ Unable to find an element with the text: /2025-02-15/. This could be because the text is broken up by multiple elements. In this case, you can provide a function for your text matcher to make your matcher more flexible.

Ignored nodes: comments, script, style
[36m<body>[31m
  [36m<div>[31m
    [36m<div[31m
      [33mclass[31m=[32m"learner-velocity-card bg-white rounded-lg shadow-md p-6 mb-6"[31m
    [36m>[31m
      [36m<div[31m
        [33mclass[31m=[32m"flex items-center justify-between mb-6"[31m
      [36m>[31m
        [36m<h3[31m
          [33mclass[31m=[32m"text-2xl font-bold text-gray-800"[31m
        [36m>[31m
          [0mLearning Velocity & Momentum[0m
        [36m</h3>[31m
        [36m<div[31m
          [33mclass[31m=[32m"px-4 py-2 rounded-full font-semibold trend-accelerating text-green-600 bg-green-50"[31m
        [36m>[31m
          [0mAccelerating[0m
          [0m ([0m
          [0m+[0m
          [0m38.9[0m
          [0m%)[0m
        [36m</div>[31m
      [36m</div>[31m
      [36m<div[31m
        [33mclass[31m=[32m"grid grid-cols-1 md:grid-cols-3 gap-4 mb-6"[31m
      [36m>[31m
        [36m<div[31m
          [33mclass[31m=[32m"stat-card bg-gradient-to-br from-blue-50 to-blue-100 p-4 rounded-lg"[31m
        [36m>[31m
          [36m<p[31m
            [33mclass[31m=[32m"text-sm text-gray-600 mb-1"[31m
          [36m>[31m
            [0mCurrent Pace[0m
          [36m</p>[31m
          [36m<p[31m
            [33mclass[31m=[32m"text-3xl font-bold text-blue-700"[31m
          [36m>[31m
            [0m2.5[0m
          [36m</p>[31m
          [36m<p[31m
            [33mclass[31m=[32m"text-xs text-gray-500 mt-1"[31m
          [36m>[31m
            [0mtopics/week[0m
          [36m</p>[31m
        [36m</div>[31m
        [36m<div[31m
          [33mclass[31m=[32m"stat-card bg-gradient-to-br from-gray-50 to-gray-100 p-4 rounded-lg"[31m
        [36m>[31m
          [36m<p[31m
            [33mclass[31m=[32m"text-sm text-gray-600 mb-1"[31m
          [36m>[31m
            [0mAverage Pace[0m
          [36m</p>[31m
          [36m<p[31m
            [33mclass[31m=[32m"text-3xl font-bold text-gray-700"[31m
          [36m>[31m
            [0m1.8[0m
          [36m</p>[31m
          [36m<p[31m
            [33mclass[31m=[32m"text-xs text-gray-500 mt-1"[31m
          [36m>[31m
            [0mtopics/week[0m
          [36m</p>[31m
        [36m</div>[31m
        [36m<div[31m
          [33mclass[31m=[32m"stat-card p-4 rounded-lg text-green-600 bg-green-50"[31m
        [36m>[31m
          [36m<p[31m
            [33mclass[31m=[32m"text-sm mb-1"[31m
          [36m>[31m
            [0mGoal Status[0m
          [36m</p>[31m
          [36m<p[31m
            [33mclass[31m=[32m"text-3xl font-bold"[31m
          [36m>[31m
            [0mAHEAD[0m
          [36m</p>[31m
          [36m<p[31m
            [33mclass[31m=[32m"text-xs mt-1"[31m
          [36m>[31m
            [0m+[0m
            [0m25[0m
            [0m% vs target[0m
          [36m</p>[31m
        [36m</div>[31m
      [36m</div>[31m
      [36m<div[31m
        [33mclass[31m=[32m"predictions-section bg-gradient-to-r from-purple-50 to-pink-50 p-5 rounded-lg mb-6"[31m
      [36m>[31m
        [36m<h4[31m
          [33mclass[31m=[32m"text-lg font-semibold text-gray-800 mb-3"[31m
        [36m>[31m
          [0m­ƒôà Completion Predictions[0m
        [36m</h4>[31m
        [36m<div[31m
          [33mclass[31m=[32m"grid grid-cols-1 md:grid-cols-2 gap-4"[31m
        [36m>[31m
          [36m<div>[31m
            [36m<p[31m
              [33mclass[31m=[32m"text-sm text-gray-600"[31m
            [36m>[31m
              [0mRemaining Topics[0m
            [36m</p>[31m
            [36m<p[31m
              [33mclass[31m=[32m"text-2xl font-bold text-purple-700"[31m
            [36m>[31m
              [0m15[0m
            [36m</p>[31m
          [36m</div>[31m
          [36m<div>[31m
            [36m<p[31m
              [33mclass[31m=[32m"text-sm text-gray-600"[31m
            [36m>[31m
              [0mEstimated Time[0m
            [36m</p>[31m
            [36m<p[31m
              [33mclass[31m=[32m"text-2xl font-bold text-purple-700"[31m
            [36m>[31m
              [0m6[0m
              [0m weeks[0m
            [36m</p>[31m
          [36m</div>[31m
          [36m<div>[31m
            [36m<p[31m
              [33mclass[31m=[32m"text-sm text-gray-600"[31m
            [36m>[31m
              [0mPredicted Completion[0m
            [36m</p>[31m
            [36m<p[31m
              [33mclass[31m=[32m"text-lg font-semibold text-gray-800"[31m
            [36m>[31m
              [0m15/02/2025[0m
            [36m</p>[31m
          [36m</div>[31m
          [36m<div>[31m
            [36m<p[31m
              [33mclass[31m=[32m"text-sm text-gray-600"[31m
            [36m>[31m
              [0mTarget Date[0m
            [36m</p>[31m
            [36m<p[31m
              [33mclass[31m=[32m"text-lg font-semibold text-gray-800"[31m
            [36m>[31m
              [0m01/03/2025[0m
            [36m</p>[31m
          [36m</div>[31m
        [36m</div>[31m
        [36m<div[31m
          [33mclass[31m=[32m"mt-3"[31m
        [36m>[31m
          [36m<div[31m
            [33mclass[31m=[32m"flex items-center text-green-700"[31m
          [36m>[31m
            [36m<svg[31m
              [33mclass[31m=[32m"w-5 h-5 mr-2"[31m
              [33mfill[31m=[32m"currentColor"[31m
              [33mviewBox[31m=[32m"0 0 20 20"[31m
            [36m>[31m
              [36m<path[31m
                [33mclip-rule[31m=[32m"evenodd"[31m
                [33md[31m=[32m"M10 18a8 8 0 100-16 8 8 0 000 16zm3.707-9.293a1 1 0 00-1.414-1.414L9 10.586 7.707 9.293a1 1 0 00-1.414 1.414l2 2a1 1 0 001.414 0l4-4z"[31m
                [33mfill-rule[31m=[32m"evenodd"[31m
              [36m/>[31m
            [36m</svg>[31m
            [36m<span[31m
              [33mclass[31m=[32m"font-semibold"[31m
            [36m>[31m
              [0mOn Track to meet target![0m
            [36m</span>[31m
          [36m</div>[31m
        [36m</div>[31m
      [36m</div>[31m
      [36m<div[31m
        [33mclass[31m=[32m"momentum-section bg-gradient-to-r from-yellow-50 to-orange-50 p-5 rounded-lg"[31m
      [36m>[31m
        [36m<h4[31m
          [33mclass[31m=[32m"text-lg font-semibold text-gray-800 mb-3"[31m
        [36m>[31m
          [0mÔÜí Momentum Score[0m
        [36m</h4>[31m
        [36m<div[31m
          [33mclass[31m=[32m"flex items-center mb-4"[31m
        [36m>[31m
          [36m<div[31m
            [33mclass[31m=[32m"relative w-32 h-32 mr-6"[31m
          [36m>[31m
            [36m<svg[31m
              [33mclass[31m=[32m"transform -rotate-90 w-32 h-32"[31m
            [36m>[31m
              [36m<circle[31m
                [33mclass[31m=[32m"text-gray-200"[31m
                [33mcx[31m=[32m"64"[31m
                [33mcy[31m=[32m"64"[31m
                [33mfill[31m=[32m"none"[31m
                [33mr[31m=[32m"56"[31m
                [33mstroke[31m=[32m"currentColor"[31m
                [33mstroke-width[31m=[32m"8"[31m
              [36m/>[31m
              [36m<circle[31m
                [33mclass[31m=[32m"text-green-600"[31m
                [33mcx[31m=[32m"64"[31m
                [33mcy[31m=[32m"64"[31m
                [33mfill[31m=[32m"none"[31m
                [33mr[31m=[32m"56"[31m
                [33mstroke[31m=[32m"currentColor"[31m
                [33mstroke-dasharray[31m=[32m"351.85837720205683"[31m
                [33mstroke-dashoffset[31m=[32m"52.77875658030853"[31m
                [33mstroke-linecap[31m=[32m"round"[31m
                [33mstroke-width[31m=[32m"8"[31m
              [36m/>[31m
            [36m</svg>[31m
            [36m<div[31m
              [33mclass[31m=[32m"absolute inset-0 flex items-center justify-center"[31m
            [36m>[31m
              [36m<span[31m
                [33mclass[31m=[32m"text-4xl font-bold text-green-600"[31m
              [36m>[31m
                [0m85[0m
              [36m</span>[31m
            [36m</div>[31m
          [36m</div>[31m
          [36m<div[31m
            [33mclass[31m=[32m"flex-1"[31m
          [36m>[31m
            [36m<p[31m
              [33mclass[31m=[32m"text-lg font-semibold text-gray-800 mb-2"[31m
            [36m>[31m
              [0mStrong momentum! You're learning faster than your average.[0m
            [36m</p>[31m
            [36m<p[31m
              [33mclass[31m=[32m"text-sm text-gray-600 bg-white p-3 rounded-lg border border-gray-200"[31m
            [36m>[31m
              [0m­ƒÆí [0m
              [36m<strong>[31m
                [0mRecommendation:[0m
              [36m</strong>[31m
              [0m [0m
              [0mMaintain current pace to finish 2 weeks early.[0m
            [36m</p>[31m
          [36m</div>[31m
        [36m</div>[31m
      [36m</div>[31m
    [36m</div>[31m
  [36m</div>[31m
[36m</body>[31m

Ignored nodes: comments, script, style
[36m<html>[31m
  [36m<head />[31m
  [36m<body>[31m
    [36m<div>[31m
      [36m<div[31m
        [33mclass[31m=[32m"learner-velocity-card bg-white rounded-lg shadow-md p-6 mb-6"[31m
      [36m>[31m
        [36m<div[31m
          [33mclass[31m=[32m"flex items-center justify-between mb-6"[31m
        [36m>[31m
          [36m<h3[31m
            [33mclass[31m=[32m"text-2xl font-bold text-gray-800"[31m
          [36m>[31m
            [0mLearning Velocity & Momentum[0m
          [36m</h3>[31m
          [36m<div[31m
            [33mclass[31m=[32m"px-4 py-2 rounded-full font-semibold trend-accelerating text-green-600 bg-green-50"[31m
          [36m>[31m
            [0mAccelerating[0m
            [0m ([0m
            [0m+[0m
            [0m38.9[0m
            [0m%)[0m
          [36m</div>[31m
        [36m</div>[31m
        [36m<div[31m
          [33mclass[31m=[32m"grid grid-cols-1 md:grid-cols-3 gap-4 mb-6"[31m
        [36m>[31m
          [36m<div[31m
            [33mclass[31m=[32m"stat-card bg-gradient-to-br from-blue-50 to-blue-100 p-4 rounded-lg"[31m
          [36m>[31m
            [36m<p[31m
              [33mclass[31m=[32m"text-sm text-gray-600 mb-1"[31m
            [36m>[31m
              [0mCurrent Pace[0m
            [36m</p>[31m
            [36m<p[31m
              [33mclass[31m=[32m"text-3xl font-bold text-blue-700"[31m
            [36m>[31m
              [0m2.5[0m
            [36m</p>[31m
            [36m<p[31m
              [33mclass[31m=[32m"text-xs text-gray-500 mt-1"[31m
            [36m>[31m
              [0mtopics/week[0m
            [36m</p>[31m
          [36m</div>[31m
          [36m<div[31m
            [33mclass[31m=[32m"stat-card bg-gradient-to-br from-gray-50 to-gray-100 p-4 rounded-lg"[31m
          [36m>[31m
            [36m<p[31m
              [33mclass[31m=[32m"text-sm text-gray-600 mb-1"[31m
            [36m>[31m
              [0mAverage Pace[0m
            [36m</p>[31m
            [36m<p[31m
              [33mclass[31m=[32m"text-3xl font-bold text-gray-700"[31m
            [36m>[31m
              [0m1.8[0m
            [36m</p>[31m
            [36m<p[31m
              [33mclass[31m=[32m"text-xs text-gray-500 mt-1"[31m
            [36m>[31m
              [0mtopics/week[0m
            [36m</p>[31m
          [36m</div>[31m
          [36m<div[31m
            [33mclass[31m=[32m"stat-card p-4 rounded-lg text-green-600 bg-green-50"[31m
          [36m>[31m
            [36m<p[31m
              [33mclass[31m=[32m"text-sm mb-1"[31m
            [36m>[31m
              [0mGoal Status[0m
            [36m</p>[31m
            [36m<p[31m
              [33mclass[31m=[32m"text-3xl font-bold"[31m
            [36m>[31m
              [0mAHEAD[0m
            [36m</p>[31m
            [36m<p[31m
              [33mclass[31m=[32m"text-xs mt-1"[31m
            [36m>[31m
              [0m+[0m
              [0m25[0m
              [0m% vs target[0m
            [36m</p>[31m
          [36m</div>[31m
        [36m</div>[31m
        [36m<div[31m
          [33mclass[31m=[32m"predictions-section bg-gradient-to-r from-purple-50 to-pink-50 p-5 rounded-lg mb-6"[31m
        [36m>[31m
          [36m<h4[31m
            [33mclass[31m=[32m"text-lg font-semibold text-gray-800 mb-3"[31m
          [36m>[31m
            [0m­ƒôà Completion Predictions[0m
          [36m</h4>[31m
          [36m<div[31m
            [33mclass[31m=[32m"grid grid-cols-1 md:grid-cols-2 gap-4"[31m
          [36m>[31m
            [36m<div>[31m
              [36m<p[31m
                [33mclass[31m=[32m"text-sm text-gray-600"[31m
              [36m>[31m
                [0mRemaining Topics[0m
              [36m</p>[31m
              [36m<p[31m
                [33mclass[31m=[32m"text-2xl font-bold text-purple-700"[31m
              [36m>[31m
                [0m15[0m
              [36m</p>[31m
            [36m</div>[31m
            [36m<div>[31m
              [36m<p[31m
                [33mclass[31m=[32m"text-sm text-gray-600"[31m
              [36m>[31m
                [0mEstimated Time[0m
              [36m</p>[31m
              [36m<p[31m
                [33mclass[31m=[32m"text-2xl font-bold text-purple-700"[31m
              [36m>[31m
                [0m6[0m
                [0m weeks[0m
              [36m</p>[31m
            [36m</div>[31m
            [36m<div>[31m
              [36m<p[31m
                [33mclass[31m=[32m"text-sm text-gray-600"[31m
              [36m>[31m
                [0mPredicted Completion[0m
              [36m</p>[31m
              [36m<p[31m
                [33mclass[31m=[32m"text-lg font-semibold text-gray-800"[31m
              [36m>[31m
                [0m15/02/2025[0m
              [36m</p>[31m
            [36m</div>[31m
            [36m<div>[31m
              [36m<p[31m
                [33mclass[31m=[32m"text-sm text-gray-600"[31m
              [36m>[31m
                [0mTarget Date[0m
              [36m</p>[31m
              [36m<p[31m
                [33mclass[31m=[32m"text-lg font-semibold text-gray-800"[31m
              [36m>[31m
                [0m01/03/2025[0m
              [36m</p>[31m
            [36m</div>[31m
          [36m</div>[31m
          [36m<div[31m
            [33mclass[31m=[32m"mt-3"[31m
          [36m>[31m
            [36m<div[31m
              [33mclass[31m=[32m"flex items-center text-green-700"[31m
            [36m>[31m
              [36m<svg[31m
                [33mclass[31m=[32m"w-5 h-5 mr-2"[31m
                [33mfill[31m=[32m"currentColor"[31m
                [33mviewBox[31m=[32m"0 0 20 20"[31m
              [36m>[31m
                [36m<path[31m
                  [33mclip-rule[31m=[32m"evenodd"[31m
                  [33md[31m=[32m"M10 18a8 8 0 100-16 8 8 0 000 16zm3.707-9.293a1 1 0 00-1.414-1.414L9 10.586 7.707 9.293a1 1 0 00-1.414 1.414l2 2a1 1 0 001.414 0l4-4z"[31m
                  [33mfill-rule[31m=[32m"evenodd"[31m
                [36m/>[31m
              [36m</svg>[31m
              [36m<span[31m
                [33mclass[31m=[32m"font-semibold"[31m
              [36m>[31m
                [0mOn Track to meet target![0m
              [36m</span>[31m
            [36m</div>[31m
          [36m</div>[31m
        [36m</div>[31m
        [36m<div[31m
          [33mclass[31m=[32m"momentum-section bg-gradient-to-r from-yellow-50 to-orange-50 p-5 rounded-lg"[31m
        [36m>[31m
          [36m<h4[31m
            [33mclass[31m=[32m"text-lg font-semibold text-gray-800 mb-3"[31m
          [36m>[31m
            [0mÔÜí Momentum Score[0m
          [36m</h4>[31m
          [36m<div[31m
            [33mclass[31m=[32m"flex items-center mb-4"[31m
          [36m>[31m
            [36m<div[31m
              [33mclass[31m=[32m"relative w-32 h-32 mr-6"[31m
            [36m>[31m
              [36m<svg[31m
                [33mclass[31m=[32m"transform -rotate-90 w-32 h-32"[31m
              [36m>[31m
                [36m<circle[31m
                  [33mclass[31m=[32m"text-gray-200"[31m
                  [33mcx[31m=[32m"64"[31m
                  [33mcy[31m=[32m"64"[31m
                  [33mfill[31m=[32m"none"[31m
                  [33mr[31m=[32m"56"[31m
                  [33mstroke[31m=[32m"currentColor"[31m
                  [33mstroke-width[31m=[32m"8"[31m
                [36m/>[31m
                [36m<circle[31m
                  [33mclass[31m=[32m"text-green-600"[31m
                  [33mcx[31m=[32m"64"[31m
                  [33mcy[31m=[32m"64"[31m
                  [33mfill[31m=[32m"none"[31m
                  [33mr[31m=[32m"56"[31m
                  [33mstroke[31m=[32m"currentColor"[31m
                  [33mstroke-dasharray[31m=[32m"351.85837720205683"[31m
                  [33mstroke-dashoffset[31m=[32m"52.77875658030853"[31m
                  [33mstroke-linecap[31m=[32m"round"[31m
                  [33mstroke-width[31m=[32m"8"[31m
                [36m/>[31m
              [36m</svg>[31m
              [36m<div[31m
                [33mclass[31m=[32m"absolute inset-0 flex items-center justify-center"[31m
              [36m>[31m
                [36m<span[31m
                  [33mclass[31m=[32m"text-4xl font-bold text-green-600"[31m
                [36m>[31m
                  [0m85[0m
                [36m</span>[31m
              [36m</div>[31m
            [36m</div>[31m
            [36m<div[31m
              [33mclass[31m=[32m"flex-1"[31m
            [36m>[31m
              [36m<p[31m
                [33mclass[31m=[32m"text-lg font-semibold text-gray-800 mb-2"[31m
              [36m>[31m
                [0mStrong momentum! You're learning faster than your average.[0m
              [36m</p>[31m
              [36m<p[31m
                [33mclass[31m=[32m"text-sm text-gray-600 bg-white p-3 rounded-lg border border-gray-200"[31m
              [36m>[31m
                [0m­ƒÆí [0m
                [36m<strong>[31m
                  [0mRecommendation:[0m
                [36m</strong>[31m
                [0m [0m
                [0mMaintain current pace to finish 2 weeks early.[0m
              [36m</p>[31m
            [36m</div>[31m
          [36m</div>[31m
        [36m</div>[31m
      [36m</div>[31m
    [36m</div>[31m
  [36m</body>[31m
[36m</html>[31m[39m
 [32mÔ£ô[39m src/test/learner-analytics-components.test.jsx[2m > [22mAS-001 #1: LearnerVelocity Component[2m > [22mshould apply correct CSS classes for trend status
 [31m├ù[39m src/test/learner-analytics-components.test.jsx[2m > [22mAS-001 #2: SkillGapMatrix Component[2m > [22mshould render skill gap summary[33m 1028[2mms[22m[39m
[31m   ÔåÆ Found multiple elements with the text: /8/

Here are the matching elements:

Ignored nodes: comments, script, style
[36m<p[31m
  [33mclass[31m=[32m"text-3xl font-bold text-green-700"[31m
[36m>[31m
  [0m8[0m
[36m</p>[31m

Ignored nodes: comments, script, style
[36m<span[31m
  [33mclass[31m=[32m"text-gray-600"[31m
[36m>[31m
  [0mTarget: [0m
  [0m80[0m
  [0m%[0m
[36m</span>[31m

(If this is intentional, then use the `*AllBy*` variant of the query (like `queryAllByText`, `getAllByText`, or `findAllByText`)).

Ignored nodes: comments, script, style
[36m<body>[31m
  [36m<div>[31m
    [36m<div[31m
      [33mclass[31m=[32m"skill-gap-matrix-card bg-white rounded-lg shadow-md p-6 mb-6"[31m
    [36m>[31m
      [36m<div[31m
        [33mclass[31m=[32m"mb-6"[31m
      [36m>[31m
        [36m<h3[31m
          [33mclass[31m=[32m"text-2xl font-bold text-gray-800 mb-2"[31m
        [36m>[31m
          [0mSkill Gap Matrix & Prioritization[0m
        [36m</h3>[31m
        [36m<p[31m
          [33mclass[31m=[32m"text-sm text-gray-600"[31m
        [36m>[31m
          [0mIdentify and close your most important skill gaps[0m
        [36m</p>[31m
      [36m</div>[31m
      [36m<div[31m
        [33mclass[31m=[32m"grid grid-cols-2 md:grid-cols-5 gap-4 mb-6"[31m
      [36m>[31m
        [36m<div[31m
          [33mclass[31m=[32m"summary-card bg-gradient-to-br from-blue-50 to-blue-100 p-4 rounded-lg text-center"[31m
        [36m>[31m
          [36m<p[31m
            [33mclass[31m=[32m"text-sm text-gray-600 mb-1"[31m
          [36m>[31m
            [0mTotal Skills[0m
          [36m</p>[31m
          [36m<p[31m
            [33mclass[31m=[32m"text-3xl font-bold text-blue-700"[31m
          [36m>[31m
            [0m15[0m
          [36m</p>[31m
        [36m</div>[31m
        [36m<div[31m
          [33mclass[31m=[32m"summary-card bg-gradient-to-br from-green-50 to-green-100 p-4 rounded-lg text-center"[31m
        [36m>[31m
          [36m<p[31m
            [33mclass[31m=[32m"text-sm text-gray-600 mb-1"[31m
          [36m>[31m
            [0mAcquired[0m
          [36m</p>[31m
          [36m<p[31m
            [33mclass[31m=[32m"text-3xl font-bold text-green-700"[31m
          [36m>[31m
            [0m8[0m
          [36m</p>[31m
        [36m</div>[31m
        [36m<div[31m
          [33mclass[31m=[32m"summary-card bg-gradient-to-br from-yellow-50 to-yellow-100 p-4 rounded-lg text-center"[31m
        [36m>[31m
          [36m<p[31m
            [33mclass[31m=[32m"text-sm text-gray-600 mb-1"[31m
          [36m>[31m
            [0mIn Progress[0m
          [36m</p>[31m
          [36m<p[31m
            [33mclass[31m=[32m"text-3xl font-bold text-yellow-700"[31m
          [36m>[31m
            [0m4[0m
          [36m</p>[31m
        [36m</div>[31m
        [36m<div[31m
          [33mclass[31m=[32m"summary-card bg-gradient-to-br from-gray-50 to-gray-100 p-4 rounded-lg text-center"[31m
        [36m>[31m
          [36m<p[31m
            [33mclass[31m=[32m"text-sm text-gray-600 mb-1"[31m
          [36m>[31m
            [0mNot Started[0m
          [36m</p>[31m
          [36m<p[31m
            [33mclass[31m=[32m"text-3xl font-bold text-gray-700"[31m
          [36m>[31m
            [0m3[0m
          [36m</p>[31m
        [36m</div>[31m
        [36m<div[31m
          [33mclass[31m=[32m"summary-card bg-gradient-to-br from-red-50 to-red-100 p-4 rounded-lg text-center"[31m
        [36m>[31m
          [36m<p[31m
            [33mclass[31m=[32m"text-sm text-gray-600 mb-1"[31m
          [36m>[31m
            [0mCritical Gaps[0m
          [36m</p>[31m
          [36m<p[31m
            [33mclass[31m=[32m"text-3xl font-bold text-red-700"[31m
          [36m>[31m
            [0m2[0m
          [36m</p>[31m
        [36m</div>[31m
      [36m</div>[31m
      [36m<div[31m
        [33mclass[31m=[32m"prioritized-gaps mb-6"[31m
      [36m>[31m
        [36m<h4[31m
          [33mclass[31m=[32m"text-lg font-semibold text-gray-800 mb-4"[31m
        [36m>[31m
          [0m­ƒÄ» Prioritized Skill Gaps[0m
        [36m</h4>[31m
        [36m<div[31m
          [33mclass[31m=[32m"space-y-4"[31m
        [36m>[31m
          [36m<div[31m
            [33mclass[31m=[32m"gap-card bg-white border-2 border-gray-200 rounded-lg p-5 hover:shadow-lg transition-shadow"[31m
          [36m>[31m
            [36m<div[31m
              [33mclass[31m=[32m"flex items-start justify-between mb-4"[31m
            [36m>[31m
              [36m<div[31m
                [33mclass[31m=[32m"flex-1"[31m
              [36m>[31m
                [36m<div[31m
                  [33mclass[31m=[32m"flex items-center gap-3 mb-2"[31m
                [36m>[31m
                  [36m<span[31m
                    [33mclass[31m=[32m"px-3 py-1 rounded-full text-xs font-bold border-2 bg-red-100 text-red-800 border-red-300"[31m
                  [36m>[31m
                    [0mPriority: [0m
                    [0m1[0m
                  [36m</span>[31m
                  [36m<span[31m
                    [33mclass[31m=[32m"px-3 py-1 rounded-full text-xs font-bold bg-red-600 text-white"[31m
                  [36m>[31m
                    [0mCRITICAL[0m
                  [36m</span>[31m
                [36m</div>[31m
                [36m<h5[31m
                  [33mclass[31m=[32m"text-xl font-bold text-gray-800"[31m
                [36m>[31m
                  [0mJavaScript ES6+[0m
                [36m</h5>[31m
              [36m</div>[31m
              [36m<div[31m
                [33mclass[31m=[32m"text-right"[31m
              [36m>[31m
                [36m<p[31m
                  [33mclass[31m=[32m"text-3xl font-bold text-purple-600"[31m
                [36m>[31m
                  [0m92[0m
                [36m</p>[31m
                [36m<p[31m
                  [33mclass[31m=[32m"text-xs text-gray-500"[31m
                [36m>[31m
                  [0mPriority Score[0m
                [36m</p>[31m
              [36m</div>[31m
            [36m</div>[31m
            [36m<div[31m
              [33mclass[31m=[32m"mb-4"[31m
            [36m>[31m
              [36m<div[31m
                [33mclass[31m=[32m"flex justify-between text-sm mb-2"[31m
              [36m>[31m
                [36m<span[31m
                  [33mclass[31m=[32m"text-gray-600"[31m
                [36m>[31m
                  [0mCurrent: [0m
                  [0m45[0m
                  [0m%[0m
                [36m</span>[31m
                [36m<span[31m
                  [33mclass[31m=[32m"text-gray-600"[31m
                [36m>[31m
                  [0mTarget: [0m
                  [0m80[0m
                  [0m%[0m
                [36m</span>[31m
              [36m</div>[31m
              [36m<div[31m
                [33mclass[31m=[32m"skill-progress-bar relative w-full h-6 bg-gray-200 rounded-full overflow-hidden"[31m
              [36m>[31m
                [36m<div[31m
                  [33mclass[31m=[32m"absolute top-0 left-0 h-full bg-gradient-to-r from-blue-400 to-blue-600 transition-all duration-500"[31m
                  [33mstyle[31m=[32m"width: 45%;"[31m
                [36m/>[31m
                [36m<div[31m
                  [33mclass[31m=[32m"absolute top-0 h-full border-r-4 border-dashed border-green-500"[31m
                  [33mstyle[31m=[32m"left: 80%;"[31m
                [36m/>[31m
                [36m<div[31m
                  [33mclass[31m=[32m"absolute inset-0 flex items-center justify-center"[31m
                [36m>[31m
                  [36m<span[31m
                    [33mclass[31m=[32m"text-xs font-bold text-white drop-shadow-md"[31m
                  [36m>[31m
                    [0mGap: [0m
                    [0m35[0m
                    [0m% ([0m
                    [0m35[0m
                    [0m%)[0m
                  [36m</span>[31m
                [36m</div>[31m
              [36m</div>[31m
            [36m</div>[31m
            [36m<div[31m
              [33mclass[31m=[32m"factors grid grid-cols-2 md:grid-cols-3 gap-3 mb-4"[31m
            [36m>[31m
              [36m<div[31m
                [33mclass[31m=[32m"factor-item bg-blue-50 p-3 rounded-lg"[31m
              [36m>[31m
                [36m<p[31m
                  [33mclass[31m=[32m"text-xs text-gray-600"[31m
                [36m>[31m
                  [0mMarket Demand[0m
                [36m</p>[31m
                [36m<p[31m
                  [33mclass[31m=[32m"text-lg font-bold text-blue-700"[31m
                [36m>[31m
                  [0m94[0m
                  [0m%[0m
                [36m</p>[31m
              [36m</div>[31m
            [36m</div>[31m
            [36m<button[31m
              [33mclass[31m=[32m"w-full bg-gradient-to-r from-purple-500 to-pink-500 text-white font-semibold py-2 px-4 rounded-lg hover:from-purple-600 hover:to-pink-600 transition-all"[31m
            [36m>[31m
              [0mÔû╝ View Action Plan[0m
            [36m</button>[31m
          [36m</div>[31m
        [36m</div>[31m
      [36m</div>[31m
    [36m</div>[31m
  [36m</div>[31m
[36m</body>[31m

Ignored nodes: comments, script, style
[36m<html>[31m
  [36m<head />[31m
  [36m<body>[31m
    [36m<div>[31m
      [36m<div[31m
        [33mclass[31m=[32m"skill-gap-matrix-card bg-white rounded-lg shadow-md p-6 mb-6"[31m
      [36m>[31m
        [36m<div[31m
          [33mclass[31m=[32m"mb-6"[31m
        [36m>[31m
          [36m<h3[31m
            [33mclass[31m=[32m"text-2xl font-bold text-gray-800 mb-2"[31m
          [36m>[31m
            [0mSkill Gap Matrix & Prioritization[0m
          [36m</h3>[31m
          [36m<p[31m
            [33mclass[31m=[32m"text-sm text-gray-600"[31m
          [36m>[31m
            [0mIdentify and close your most important skill gaps[0m
          [36m</p>[31m
        [36m</div>[31m
        [36m<div[31m
          [33mclass[31m=[32m"grid grid-cols-2 md:grid-cols-5 gap-4 mb-6"[31m
        [36m>[31m
          [36m<div[31m
            [33mclass[31m=[32m"summary-card bg-gradient-to-br from-blue-50 to-blue-100 p-4 rounded-lg text-center"[31m
          [36m>[31m
            [36m<p[31m
              [33mclass[31m=[32m"text-sm text-gray-600 mb-1"[31m
            [36m>[31m
              [0mTotal Skills[0m
            [36m</p>[31m
            [36m<p[31m
              [33mclass[31m=[32m"text-3xl font-bold text-blue-700"[31m
            [36m>[31m
              [0m15[0m
            [36m</p>[31m
          [36m</div>[31m
          [36m<div[31m
            [33mclass[31m=[32m"summary-card bg-gradient-to-br from-green-50 to-green-100 p-4 rounded-lg text-center"[31m
          [36m>[31m
            [36m<p[31m
              [33mclass[31m=[32m"text-sm text-gray-600 mb-1"[31m
            [36m>[31m
              [0mAcquired[0m
            [36m</p>[31m
            [36m<p[31m
              [33mclass[31m=[32m"text-3xl font-bold text-green-700"[31m
            [36m>[31m
              [0m8[0m
            [36m</p>[31m
          [36m</div>[31m
          [36m<div[31m
            [33mclass[31m=[32m"summary-card bg-gradient-to-br from-yellow-50 to-yellow-100 p-4 rounded-lg text-center"[31m
          [36m>[31m
            [36m<p[31m
              [33mclass[31m=[32m"text-sm text-gray-600 mb-1"[31m
            [36m>[31m
              [0mIn Progress[0m
            [36m</p>[31m
            [36m<p[31m
              [33mclass[31m=[32m"text-3xl font-bold text-yellow-700"[31m
            [36m>[31m
              [0m4[0m
            [36m</p>[31m
          [36m</div>[31m
          [36m<div[31m
            [33mclass[31m=[32m"summary-card bg-gradient-to-br from-gray-50 to-gray-100 p-4 rounded-lg text-center"[31m
          [36m>[31m
            [36m<p[31m
              [33mclass[31m=[32m"text-sm text-gray-600 mb-1"[31m
            [36m>[31m
              [0mNot Started[0m
            [36m</p>[31m
            [36m<p[31m
              [33mclass[31m=[32m"text-3xl font-bold text-gray-700"[31m
            [36m>[31m
              [0m3[0m
            [36m</p>[31m
          [36m</div>[31m
          [36m<div[31m
            [33mclass[31m=[32m"summary-card bg-gradient-to-br from-red-50 to-red-100 p-4 rounded-lg text-center"[31m
          [36m>[31m
            [36m<p[31m
              [33mclass[31m=[32m"text-sm text-gray-600 mb-1"[31m
            [36m>[31m
              [0mCritical Gaps[0m
            [36m</p>[31m
            [36m<p[31m
              [33mclass[31m=[32m"text-3xl font-bold text-red-700"[31m
            [36m>[31m
              [0m2[0m
            [36m</p>[31m
          [36m</div>[31m
        [36m</div>[31m
        [36m<div[31m
          [33mclass[31m=[32m"prioritized-gaps mb-6"[31m
        [36m>[31m
          [36m<h4[31m
            [33mclass[31m=[32m"text-lg font-semibold text-gray-800 mb-4"[31m
          [36m>[31m
            [0m­ƒÄ» Prioritized Skill Gaps[0m
          [36m</h4>[31m
          [36m<div[31m
            [33mclass[31m=[32m"space-y-4"[31m
          [36m>[31m
            [36m<div[31m
              [33mclass[31m=[32m"gap-card bg-white border-2 border-gray-200 rounded-lg p-5 hover:shadow-lg transition-shadow"[31m
            [36m>[31m
              [36m<div[31m
                [33mclass[31m=[32m"flex items-start justify-between mb-4"[31m
              [36m>[31m
                [36m<div[31m
                  [33mclass[31m=[32m"flex-1"[31m
                [36m>[31m
                  [36m<div[31m
                    [33mclass[31m=[32m"flex items-center gap-3 mb-2"[31m
                  [36m>[31m
                    [36m<span[31m
                      [33mclass[31m=[32m"px-3 py-1 rounded-full text-xs font-bold border-2 bg-red-100 text-red-800 border-red-300"[31m
                    [36m>[31m
                      [0mPriority: [0m
                      [0m1[0m
                    [36m</span>[31m
                    [36m<span[31m
                      [33mclass[31m=[32m"px-3 py-1 rounded-full text-xs font-bold bg-red-600 text-white"[31m
                    [36m>[31m
                      [0mCRITICAL[0m
                    [36m</span>[31m
                  [36m</div>[31m
                  [36m<h5[31m
                    [33mclass[31m=[32m"text-xl font-bold text-gray-800"[31m
                  [36m>[31m
                    [0mJavaScript ES6+[0m
                  [36m</h5>[31m
                [36m</div>[31m
                [36m<div[31m
                  [33mclass[31m=[32m"text-right"[31m
                [36m>[31m
                  [36m<p[31m
                    [33mclass[31m=[32m"text-3xl font-bold text-purple-600"[31m
                  [36m>[31m
                    [0m92[0m
                  [36m</p>[31m
                  [36m<p[31m
                    [33mclass[31m=[32m"text-xs text-gray-500"[31m
                  [36m>[31m
                    [0mPriority Score[0m
                  [36m</p>[31m
                [36m</div>[31m
              [36m</div>[31m
              [36m<div[31m
                [33mclass[31m=[32m"mb-4"[31m
              [36m>[31m
                [36m<div[31m
                  [33mclass[31m=[32m"flex justify-between text-sm mb-2"[31m
                [36m>[31m
                  [36m<span[31m
                    [33mclass[31m=[32m"text-gray-600"[31m
                  [36m>[31m
                    [0mCurrent: [0m
                    [0m45[0m
                    [0m%[0m
                  [36m</span>[31m
                  [36m<span[31m
                    [33mclass[31m=[32m"text-gray-600"[31m
                  [36m>[31m
                    [0mTarget: [0m
                    [0m80[0m
                    [0m%[0m
                  [36m</span>[31m
                [36m</div>[31m
                [36m<div[31m
                  [33mclass[31m=[32m"skill-progress-bar relative w-full h-6 bg-gray-200 rounded-full overflow-hidden"[31m
                [36m>[31m
                  [36m<div[31m
                    [33mclass[31m=[32m"absolute top-0 left-0 h-full bg-gradient-to-r from-blue-400 to-blue-600 transition-all duration-500"[31m
                    [33mstyle[31m=[32m"width: 45%;"[31m
                  [36m/>[31m
                  [36m<div[31m
                    [33mclass[31m=[32m"absolute top-0 h-full border-r-4 border-dashed border-green-500"[31m
                    [33mstyle[31m=[32m"left: 80%;"[31m
                  [36m/>[31m
                  [36m<div[31m
                    [33mclass[31m=[32m"absolute inset-0 flex items-center justify-center"[31m
                  [36m>[31m
                    [36m<span[31m
                      [33mclass[31m=[32m"text-xs font-bold text-white drop-shadow-md"[31m
                    [36m>[31m
                      [0mGap: [0m
                      [0m35[0m
                      [0m% ([0m
                      [0m35[0m
                      [0m%)[0m
                    [36m</span>[31m
                  [36m</div>[31m
                [36m</div>[31m
              [36m</div>[31m
              [36m<div[31m
                [33mclass[31m=[32m"factors grid grid-cols-2 md:grid-cols-3 gap-3 mb-4"[31m
              [36m>[31m
                [36m<div[31m
                  [33mclass[31m=[32m"factor-item bg-blue-50 p-3 rounded-lg"[31m
                [36m>[31m
                  [36m<p[31m
                    [33mclass[31m=[32m"text-xs text-gray-600"[31m
                  [36m>[31m
                    [0mMarket Demand[0m
                  [36m</p>[31m
                  [36m<p[31m
                    [33mclass[31m=[32m"text-lg font-bold text-blue-700"[31m
                  [36m>[31m
                    [0m94[0m
                    [0m%[0m
                  [36m</p>[31m
                [36m</div>[31m
              [36m</div>[31m
              [36m<button[31m
                [33mclass[31m=[32m"w-full bg-gradient-to-r from-purple-500 to-pink-500 text-white font-semibold py-2 px-4 rounded-lg hover:from-purple-600 hover:to-pink-600 transition-all"[31m
              [36m>[31m
                [0mÔû╝ View Action Plan[0m
              [36m</button>[31m
            [36m</div>[31m
          [36m</div>[31m
        [36m</div>[31m
      [36m</div>[31m
    [36m</div>[31m
  [36m</body>[31m
[36m</html>[31m[39m
 [32mÔ£ô[39m src/test/learner-analytics-components.test.jsx[2m > [22mAS-001 #2: SkillGapMatrix Component[2m > [22mshould display prioritized gaps sorted by rank
 [31m├ù[39m src/test/learner-analytics-components.test.jsx[2m > [22mAS-001 #2: SkillGapMatrix Component[2m > [22mshould show action plan with recommended courses[33m 1038[2mms[22m[39m
[31m   ÔåÆ Unable to find an element with the text: /Modern JavaScript Fundamentals/. This could be because the text is broken up by multiple elements. In this case, you can provide a function for your text matcher to make your matcher more flexible.

Ignored nodes: comments, script, style
[36m<body>[31m
  [36m<div>[31m
    [36m<div[31m
      [33mclass[31m=[32m"skill-gap-matrix-card bg-white rounded-lg shadow-md p-6 mb-6"[31m
    [36m>[31m
      [36m<div[31m
        [33mclass[31m=[32m"mb-6"[31m
      [36m>[31m
        [36m<h3[31m
          [33mclass[31m=[32m"text-2xl font-bold text-gray-800 mb-2"[31m
        [36m>[31m
          [0mSkill Gap Matrix & Prioritization[0m
        [36m</h3>[31m
        [36m<p[31m
          [33mclass[31m=[32m"text-sm text-gray-600"[31m
        [36m>[31m
          [0mIdentify and close your most important skill gaps[0m
        [36m</p>[31m
      [36m</div>[31m
      [36m<div[31m
        [33mclass[31m=[32m"grid grid-cols-2 md:grid-cols-5 gap-4 mb-6"[31m
      [36m>[31m
        [36m<div[31m
          [33mclass[31m=[32m"summary-card bg-gradient-to-br from-blue-50 to-blue-100 p-4 rounded-lg text-center"[31m
        [36m>[31m
          [36m<p[31m
            [33mclass[31m=[32m"text-sm text-gray-600 mb-1"[31m
          [36m>[31m
            [0mTotal Skills[0m
          [36m</p>[31m
          [36m<p[31m
            [33mclass[31m=[32m"text-3xl font-bold text-blue-700"[31m
          [36m>[31m
            [0m15[0m
          [36m</p>[31m
        [36m</div>[31m
        [36m<div[31m
          [33mclass[31m=[32m"summary-card bg-gradient-to-br from-green-50 to-green-100 p-4 rounded-lg text-center"[31m
        [36m>[31m
          [36m<p[31m
            [33mclass[31m=[32m"text-sm text-gray-600 mb-1"[31m
          [36m>[31m
            [0mAcquired[0m
          [36m</p>[31m
          [36m<p[31m
            [33mclass[31m=[32m"text-3xl font-bold text-green-700"[31m
          [36m>[31m
            [0m8[0m
          [36m</p>[31m
        [36m</div>[31m
        [36m<div[31m
          [33mclass[31m=[32m"summary-card bg-gradient-to-br from-yellow-50 to-yellow-100 p-4 rounded-lg text-center"[31m
        [36m>[31m
          [36m<p[31m
            [33mclass[31m=[32m"text-sm text-gray-600 mb-1"[31m
          [36m>[31m
            [0mIn Progress[0m
          [36m</p>[31m
          [36m<p[31m
            [33mclass[31m=[32m"text-3xl font-bold text-yellow-700"[31m
          [36m>[31m
            [0m4[0m
          [36m</p>[31m
        [36m</div>[31m
        [36m<div[31m
          [33mclass[31m=[32m"summary-card bg-gradient-to-br from-gray-50 to-gray-100 p-4 rounded-lg text-center"[31m
        [36m>[31m
          [36m<p[31m
            [33mclass[31m=[32m"text-sm text-gray-600 mb-1"[31m
          [36m>[31m
            [0mNot Started[0m
          [36m</p>[31m
          [36m<p[31m
            [33mclass[31m=[32m"text-3xl font-bold text-gray-700"[31m
          [36m>[31m
            [0m3[0m
          [36m</p>[31m
        [36m</div>[31m
        [36m<div[31m
          [33mclass[31m=[32m"summary-card bg-gradient-to-br from-red-50 to-red-100 p-4 rounded-lg text-center"[31m
        [36m>[31m
          [36m<p[31m
            [33mclass[31m=[32m"text-sm text-gray-600 mb-1"[31m
          [36m>[31m
            [0mCritical Gaps[0m
          [36m</p>[31m
          [36m<p[31m
            [33mclass[31m=[32m"text-3xl font-bold text-red-700"[31m
          [36m>[31m
            [0m2[0m
          [36m</p>[31m
        [36m</div>[31m
      [36m</div>[31m
      [36m<div[31m
        [33mclass[31m=[32m"prioritized-gaps mb-6"[31m
      [36m>[31m
        [36m<h4[31m
          [33mclass[31m=[32m"text-lg font-semibold text-gray-800 mb-4"[31m
        [36m>[31m
          [0m­ƒÄ» Prioritized Skill Gaps[0m
        [36m</h4>[31m
        [36m<div[31m
          [33mclass[31m=[32m"space-y-4"[31m
        [36m>[31m
          [36m<div[31m
            [33mclass[31m=[32m"gap-card bg-white border-2 border-gray-200 rounded-lg p-5 hover:shadow-lg transition-shadow"[31m
          [36m>[31m
            [36m<div[31m
              [33mclass[31m=[32m"flex items-start justify-between mb-4"[31m
            [36m>[31m
              [36m<div[31m
                [33mclass[31m=[32m"flex-1"[31m
              [36m>[31m
                [36m<div[31m
                  [33mclass[31m=[32m"flex items-center gap-3 mb-2"[31m
                [36m>[31m
                  [36m<span[31m
                    [33mclass[31m=[32m"px-3 py-1 rounded-full text-xs font-bold border-2 bg-red-100 text-red-800 border-red-300"[31m
                  [36m>[31m
                    [0mPriority: [0m
                    [0m1[0m
                  [36m</span>[31m
                  [36m<span[31m
                    [33mclass[31m=[32m"px-3 py-1 rounded-full text-xs font-bold bg-red-600 text-white"[31m
                  [36m>[31m
                    [0mCRITICAL[0m
                  [36m</span>[31m
                [36m</div>[31m
                [36m<h5[31m
                  [33mclass[31m=[32m"text-xl font-bold text-gray-800"[31m
                [36m>[31m
                  [0mJavaScript ES6+[0m
                [36m</h5>[31m
              [36m</div>[31m
              [36m<div[31m
                [33mclass[31m=[32m"text-right"[31m
              [36m>[31m
                [36m<p[31m
                  [33mclass[31m=[32m"text-3xl font-bold text-purple-600"[31m
                [36m>[31m
                  [0m92[0m
                [36m</p>[31m
                [36m<p[31m
                  [33mclass[31m=[32m"text-xs text-gray-500"[31m
                [36m>[31m
                  [0mPriority Score[0m
                [36m</p>[31m
              [36m</div>[31m
            [36m</div>[31m
            [36m<div[31m
              [33mclass[31m=[32m"mb-4"[31m
            [36m>[31m
              [36m<div[31m
                [33mclass[31m=[32m"flex justify-between text-sm mb-2"[31m
              [36m>[31m
                [36m<span[31m
                  [33mclass[31m=[32m"text-gray-600"[31m
                [36m>[31m
                  [0mCurrent: [0m
                  [0m45[0m
                  [0m%[0m
                [36m</span>[31m
                [36m<span[31m
                  [33mclass[31m=[32m"text-gray-600"[31m
                [36m>[31m
                  [0mTarget: [0m
                  [0m80[0m
                  [0m%[0m
                [36m</span>[31m
              [36m</div>[31m
              [36m<div[31m
                [33mclass[31m=[32m"skill-progress-bar relative w-full h-6 bg-gray-200 rounded-full overflow-hidden"[31m
              [36m>[31m
                [36m<div[31m
                  [33mclass[31m=[32m"absolute top-0 left-0 h-full bg-gradient-to-r from-blue-400 to-blue-600 transition-all duration-500"[31m
                  [33mstyle[31m=[32m"width: 45%;"[31m
                [36m/>[31m
                [36m<div[31m
                  [33mclass[31m=[32m"absolute top-0 h-full border-r-4 border-dashed border-green-500"[31m
                  [33mstyle[31m=[32m"left: 80%;"[31m
                [36m/>[31m
                [36m<div[31m
                  [33mclass[31m=[32m"absolute inset-0 flex items-center justify-center"[31m
                [36m>[31m
                  [36m<span[31m
                    [33mclass[31m=[32m"text-xs font-bold text-white drop-shadow-md"[31m
                  [36m>[31m
                    [0mGap: [0m
                    [0m35[0m
                    [0m% ([0m
                    [0m35[0m
                    [0m%)[0m
                  [36m</span>[31m
                [36m</div>[31m
              [36m</div>[31m
            [36m</div>[31m
            [36m<div[31m
              [33mclass[31m=[32m"factors grid grid-cols-2 md:grid-cols-3 gap-3 mb-4"[31m
            [36m>[31m
              [36m<div[31m
                [33mclass[31m=[32m"factor-item bg-blue-50 p-3 rounded-lg"[31m
              [36m>[31m
                [36m<p[31m
                  [33mclass[31m=[32m"text-xs text-gray-600"[31m
                [36m>[31m
                  [0mMarket Demand[0m
                [36m</p>[31m
                [36m<p[31m
                  [33mclass[31m=[32m"text-lg font-bold text-blue-700"[31m
                [36m>[31m
                  [0m94[0m
                  [0m%[0m
                [36m</p>[31m
              [36m</div>[31m
            [36m</div>[31m
            [36m<button[31m
              [33mclass[31m=[32m"w-full bg-gradient-to-r from-purple-500 to-pink-500 text-white font-semibold py-2 px-4 rounded-lg hover:from-purple-600 hover:to-pink-600 transition-all"[31m
            [36m>[31m
              [0mÔû╝ View Action Plan[0m
            [36m</button>[31m
          [36m</div>[31m
        [36m</div>[31m
      [36m</div>[31m
    [36m</div>[31m
  [36m</div>[31m
[36m</body>[31m

Ignored nodes: comments, script, style
[36m<html>[31m
  [36m<head />[31m
  [36m<body>[31m
    [36m<div>[31m
      [36m<div[31m
        [33mclass[31m=[32m"skill-gap-matrix-card bg-white rounded-lg shadow-md p-6 mb-6"[31m
      [36m>[31m
        [36m<div[31m
          [33mclass[31m=[32m"mb-6"[31m
        [36m>[31m
          [36m<h3[31m
            [33mclass[31m=[32m"text-2xl font-bold text-gray-800 mb-2"[31m
          [36m>[31m
            [0mSkill Gap Matrix & Prioritization[0m
          [36m</h3>[31m
          [36m<p[31m
            [33mclass[31m=[32m"text-sm text-gray-600"[31m
          [36m>[31m
            [0mIdentify and close your most important skill gaps[0m
          [36m</p>[31m
        [36m</div>[31m
        [36m<div[31m
          [33mclass[31m=[32m"grid grid-cols-2 md:grid-cols-5 gap-4 mb-6"[31m
        [36m>[31m
          [36m<div[31m
            [33mclass[31m=[32m"summary-card bg-gradient-to-br from-blue-50 to-blue-100 p-4 rounded-lg text-center"[31m
          [36m>[31m
            [36m<p[31m
              [33mclass[31m=[32m"text-sm text-gray-600 mb-1"[31m
            [36m>[31m
              [0mTotal Skills[0m
            [36m</p>[31m
            [36m<p[31m
              [33mclass[31m=[32m"text-3xl font-bold text-blue-700"[31m
            [36m>[31m
              [0m15[0m
            [36m</p>[31m
          [36m</div>[31m
          [36m<div[31m
            [33mclass[31m=[32m"summary-card bg-gradient-to-br from-green-50 to-green-100 p-4 rounded-lg text-center"[31m
          [36m>[31m
            [36m<p[31m
              [33mclass[31m=[32m"text-sm text-gray-600 mb-1"[31m
            [36m>[31m
              [0mAcquired[0m
            [36m</p>[31m
            [36m<p[31m
              [33mclass[31m=[32m"text-3xl font-bold text-green-700"[31m
            [36m>[31m
              [0m8[0m
            [36m</p>[31m
          [36m</div>[31m
          [36m<div[31m
            [33mclass[31m=[32m"summary-card bg-gradient-to-br from-yellow-50 to-yellow-100 p-4 rounded-lg text-center"[31m
          [36m>[31m
            [36m<p[31m
              [33mclass[31m=[32m"text-sm text-gray-600 mb-1"[31m
            [36m>[31m
              [0mIn Progress[0m
            [36m</p>[31m
            [36m<p[31m
              [33mclass[31m=[32m"text-3xl font-bold text-yellow-700"[31m
            [36m>[31m
              [0m4[0m
            [36m</p>[31m
          [36m</div>[31m
          [36m<div[31m
            [33mclass[31m=[32m"summary-card bg-gradient-to-br from-gray-50 to-gray-100 p-4 rounded-lg text-center"[31m
          [36m>[31m
            [36m<p[31m
              [33mclass[31m=[32m"text-sm text-gray-600 mb-1"[31m
            [36m>[31m
              [0mNot Started[0m
            [36m</p>[31m
            [36m<p[31m
              [33mclass[31m=[32m"text-3xl font-bold text-gray-700"[31m
            [36m>[31m
              [0m3[0m
            [36m</p>[31m
          [36m</div>[31m
          [36m<div[31m
            [33mclass[31m=[32m"summary-card bg-gradient-to-br from-red-50 to-red-100 p-4 rounded-lg text-center"[31m
          [36m>[31m
            [36m<p[31m
              [33mclass[31m=[32m"text-sm text-gray-600 mb-1"[31m
            [36m>[31m
              [0mCritical Gaps[0m
            [36m</p>[31m
            [36m<p[31m
              [33mclass[31m=[32m"text-3xl font-bold text-red-700"[31m
            [36m>[31m
              [0m2[0m
            [36m</p>[31m
          [36m</div>[31m
        [36m</div>[31m
        [36m<div[31m
          [33mclass[31m=[32m"prioritized-gaps mb-6"[31m
        [36m>[31m
          [36m<h4[31m
            [33mclass[31m=[32m"text-lg font-semibold text-gray-800 mb-4"[31m
          [36m>[31m
            [0m­ƒÄ» Prioritized Skill Gaps[0m
          [36m</h4>[31m
          [36m<div[31m
            [33mclass[31m=[32m"space-y-4"[31m
          [36m>[31m
            [36m<div[31m
              [33mclass[31m=[32m"gap-card bg-white border-2 border-gray-200 rounded-lg p-5 hover:shadow-lg transition-shadow"[31m
            [36m>[31m
              [36m<div[31m
                [33mclass[31m=[32m"flex items-start justify-between mb-4"[31m
              [36m>[31m
                [36m<div[31m
                  [33mclass[31m=[32m"flex-1"[31m
                [36m>[31m
                  [36m<div[31m
                    [33mclass[31m=[32m"flex items-center gap-3 mb-2"[31m
                  [36m>[31m
                    [36m<span[31m
                      [33mclass[31m=[32m"px-3 py-1 rounded-full text-xs font-bold border-2 bg-red-100 text-red-800 border-red-300"[31m
                    [36m>[31m
                      [0mPriority: [0m
                      [0m1[0m
                    [36m</span>[31m
                    [36m<span[31m
                      [33mclass[31m=[32m"px-3 py-1 rounded-full text-xs font-bold bg-red-600 text-white"[31m
                    [36m>[31m
                      [0mCRITICAL[0m
                    [36m</span>[31m
                  [36m</div>[31m
                  [36m<h5[31m
                    [33mclass[31m=[32m"text-xl font-bold text-gray-800"[31m
                  [36m>[31m
                    [0mJavaScript ES6+[0m
                  [36m</h5>[31m
                [36m</div>[31m
                [36m<div[31m
                  [33mclass[31m=[32m"text-right"[31m
                [36m>[31m
                  [36m<p[31m
                    [33mclass[31m=[32m"text-3xl font-bold text-purple-600"[31m
                  [36m>[31m
                    [0m92[0m
                  [36m</p>[31m
                  [36m<p[31m
                    [33mclass[31m=[32m"text-xs text-gray-500"[31m
                  [36m>[31m
                    [0mPriority Score[0m
                  [36m</p>[31m
                [36m</div>[31m
              [36m</div>[31m
              [36m<div[31m
                [33mclass[31m=[32m"mb-4"[31m
              [36m>[31m
                [36m<div[31m
                  [33mclass[31m=[32m"flex justify-between text-sm mb-2"[31m
                [36m>[31m
                  [36m<span[31m
                    [33mclass[31m=[32m"text-gray-600"[31m
                  [36m>[31m
                    [0mCurrent: [0m
                    [0m45[0m
                    [0m%[0m
                  [36m</span>[31m
                  [36m<span[31m
                    [33mclass[31m=[32m"text-gray-600"[31m
                  [36m>[31m
                    [0mTarget: [0m
                    [0m80[0m
                    [0m%[0m
                  [36m</span>[31m
                [36m</div>[31m
                [36m<div[31m
                  [33mclass[31m=[32m"skill-progress-bar relative w-full h-6 bg-gray-200 rounded-full overflow-hidden"[31m
                [36m>[31m
                  [36m<div[31m
                    [33mclass[31m=[32m"absolute top-0 left-0 h-full bg-gradient-to-r from-blue-400 to-blue-600 transition-all duration-500"[31m
                    [33mstyle[31m=[32m"width: 45%;"[31m
                  [36m/>[31m
                  [36m<div[31m
                    [33mclass[31m=[32m"absolute top-0 h-full border-r-4 border-dashed border-green-500"[31m
                    [33mstyle[31m=[32m"left: 80%;"[31m
                  [36m/>[31m
                  [36m<div[31m
                    [33mclass[31m=[32m"absolute inset-0 flex items-center justify-center"[31m
                  [36m>[31m
                    [36m<span[31m
                      [33mclass[31m=[32m"text-xs font-bold text-white drop-shadow-md"[31m
                    [36m>[31m
                      [0mGap: [0m
                      [0m35[0m
                      [0m% ([0m
                      [0m35[0m
                      [0m%)[0m
                    [36m</span>[31m
                  [36m</div>[31m
                [36m</div>[31m
              [36m</div>[31m
              [36m<div[31m
                [33mclass[31m=[32m"factors grid grid-cols-2 md:grid-cols-3 gap-3 mb-4"[31m
              [36m>[31m
                [36m<div[31m
                  [33mclass[31m=[32m"factor-item bg-blue-50 p-3 rounded-lg"[31m
                [36m>[31m
                  [36m<p[31m
                    [33mclass[31m=[32m"text-xs text-gray-600"[31m
                  [36m>[31m
                    [0mMarket Demand[0m
                  [36m</p>[31m
                  [36m<p[31m
                    [33mclass[31m=[32m"text-lg font-bold text-blue-700"[31m
                  [36m>[31m
                    [0m94[0m
                    [0m%[0m
                  [36m</p>[31m
                [36m</div>[31m
              [36m</div>[31m
              [36m<button[31m
                [33mclass[31m=[32m"w-full bg-gradient-to-r from-purple-500 to-pink-500 text-white font-semibold py-2 px-4 rounded-lg hover:from-purple-600 hover:to-pink-600 transition-all"[31m
              [36m>[31m
                [0mÔû╝ View Action Plan[0m
              [36m</button>[31m
            [36m</div>[31m
          [36m</div>[31m
        [36m</div>[31m
      [36m</div>[31m
    [36m</div>[31m
  [36m</body>[31m
[36m</html>[31m[39m
 [32mÔ£ô[39m src/test/learner-analytics-components.test.jsx[2m > [22mAS-001 #2: SkillGapMatrix Component[2m > [22mshould render skill gap progress bars
 [32mÔ£ô[39m src/test/learner-analytics-components.test.jsx[2m > [22mAS-001 #3: EngagementScore Component[2m > [22mshould display overall engagement score with grade
 [32mÔ£ô[39m src/test/learner-analytics-components.test.jsx[2m > [22mAS-001 #3: EngagementScore Component[2m > [22mshould show all 4 breakdown dimensions
 [32mÔ£ô[39m src/test/learner-analytics-components.test.jsx[2m > [22mAS-001 #3: EngagementScore Component[2m > [22mshould display behavioral patterns
 [32mÔ£ô[39m src/test/learner-analytics-components.test.jsx[2m > [22mAS-001 #3: EngagementScore Component[2m > [22mshould show risk assessment with appropriate styling
 [31m├ù[39m src/test/learner-analytics-components.test.jsx[2m > [22mAS-001 #4: MasteryProgress Component[2m > [22mshould render mastery summary[33m 1023[2mms[22m[39m
[31m   ÔåÆ Found multiple elements with the text: /5/

Here are the matching elements:

Ignored nodes: comments, script, style
[36m<p[31m
  [33mclass[31m=[32m"text-3xl font-bold text-purple-700"[31m
[36m>[31m
  [0m15[0m
[36m</p>[31m

Ignored nodes: comments, script, style
[36m<p[31m
  [33mclass[31m=[32m"text-3xl font-bold text-blue-700"[31m
[36m>[31m
  [0m5[0m
[36m</p>[31m

Ignored nodes: comments, script, style
[36m<p[31m
  [33mclass[31m=[32m"text-4xl font-bold text-purple-600"[31m
[36m>[31m
  [0m85[0m
[36m</p>[31m

(If this is intentional, then use the `*AllBy*` variant of the query (like `queryAllByText`, `getAllByText`, or `findAllByText`)).

Ignored nodes: comments, script, style
[36m<body>[31m
  [36m<div>[31m
    [36m<div[31m
      [33mclass[31m=[32m"mastery-progress-card bg-white rounded-lg shadow-md p-6 mb-6"[31m
    [36m>[31m
      [36m<h3[31m
        [33mclass[31m=[32m"text-2xl font-bold text-gray-800 mb-6"[31m
      [36m>[31m
        [0mMastery Progress Tracking[0m
      [36m</h3>[31m
      [36m<div[31m
        [33mclass[31m=[32m"grid grid-cols-2 md:grid-cols-4 gap-4 mb-6"[31m
      [36m>[31m
        [36m<div[31m
          [33mclass[31m=[32m"bg-purple-50 p-4 rounded-lg text-center"[31m
        [36m>[31m
          [36m<p[31m
            [33mclass[31m=[32m"text-sm text-gray-600 mb-1"[31m
          [36m>[31m
            [0mMastered[0m
          [36m</p>[31m
          [36m<p[31m
            [33mclass[31m=[32m"text-3xl font-bold text-purple-700"[31m
          [36m>[31m
            [0m15[0m
          [36m</p>[31m
        [36m</div>[31m
        [36m<div[31m
          [33mclass[31m=[32m"bg-blue-50 p-4 rounded-lg text-center"[31m
        [36m>[31m
          [36m<p[31m
            [33mclass[31m=[32m"text-sm text-gray-600 mb-1"[31m
          [36m>[31m
            [0mIn Progress[0m
          [36m</p>[31m
          [36m<p[31m
            [33mclass[31m=[32m"text-3xl font-bold text-blue-700"[31m
          [36m>[31m
            [0m5[0m
          [36m</p>[31m
        [36m</div>[31m
        [36m<div[31m
          [33mclass[31m=[32m"bg-gray-50 p-4 rounded-lg text-center"[31m
        [36m>[31m
          [36m<p[31m
            [33mclass[31m=[32m"text-sm text-gray-600 mb-1"[31m
          [36m>[31m
            [0mNot Started[0m
          [36m</p>[31m
          [36m<p[31m
            [33mclass[31m=[32m"text-3xl font-bold text-gray-700"[31m
          [36m>[31m
            [0m10[0m
          [36m</p>[31m
        [36m</div>[31m
        [36m<div[31m
          [33mclass[31m=[32m"bg-gradient-to-br from-green-50 to-green-100 p-4 rounded-lg text-center"[31m
        [36m>[31m
          [36m<p[31m
            [33mclass[31m=[32m"text-sm text-gray-600 mb-1"[31m
          [36m>[31m
            [0mOverall Score[0m
          [36m</p>[31m
          [36m<p[31m
            [33mclass[31m=[32m"text-3xl font-bold text-green-700"[31m
          [36m>[31m
            [0m72[0m
          [36m</p>[31m
        [36m</div>[31m
      [36m</div>[31m
      [36m<div[31m
        [33mclass[31m=[32m"space-y-4"[31m
      [36m>[31m
        [36m<div[31m
          [33mclass[31m=[32m"topic-card bg-white border-2 border-gray-200 rounded-lg p-5 hover:shadow-lg transition-shadow"[31m
        [36m>[31m
          [36m<div[31m
            [33mclass[31m=[32m"flex items-start justify-between mb-4"[31m
          [36m>[31m
            [36m<div[31m
              [33mclass[31m=[32m"flex-1"[31m
            [36m>[31m
              [36m<h5[31m
                [33mclass[31m=[32m"text-xl font-bold text-gray-800 mb-2"[31m
              [36m>[31m
                [0mJavaScript Async/Await[0m
              [36m</h5>[31m
              [36m<div[31m
                [33mclass[31m=[32m"flex items-center gap-3"[31m
              [36m>[31m
                [36m<span[31m
                  [33mclass[31m=[32m"px-3 py-1 rounded-full text-sm font-bold text-green-600 bg-green-100"[31m
                [36m>[31m
                  [0mProficient[0m
                [36m</span>[31m
                [36m<span[31m
                  [33mclass[31m=[32m"text-sm text-gray-600"[31m
                [36m>[31m
                  [0mSuccess Rate: [0m
                  [0m91[0m
                  [0m%[0m
                [36m</span>[31m
              [36m</div>[31m
            [36m</div>[31m
            [36m<div[31m
              [33mclass[31m=[32m"text-right"[31m
            [36m>[31m
              [36m<p[31m
                [33mclass[31m=[32m"text-4xl font-bold text-purple-600"[31m
              [36m>[31m
                [0m85[0m
              [36m</p>[31m
              [36m<p[31m
                [33mclass[31m=[32m"text-xs text-gray-500"[31m
              [36m>[31m
                [0mMastery Level[0m
              [36m</p>[31m
            [36m</div>[31m
          [36m</div>[31m
          [36m<div[31m
            [33mclass[31m=[32m"mb-4"[31m
          [36m>[31m
            [36m<div[31m
              [33mclass[31m=[32m"relative w-full h-8 bg-gray-200 rounded-full overflow-hidden"[31m
            [36m>[31m
              [36m<div[31m
                [33mclass[31m=[32m"absolute top-0 left-0 h-full bg-gradient-to-r from-purple-400 to-purple-600 transition-all duration-500"[31m
                [33mstyle[31m=[32m"width: 85%;"[31m
              [36m/>[31m
              [36m<div[31m
                [33mclass[31m=[32m"absolute inset-0 flex items-center justify-center"[31m
              [36m>[31m
                [36m<span[31m
                  [33mclass[31m=[32m"text-sm font-bold text-white drop-shadow-md"[31m
                [36m>[31m
                  [0m attempts ÔÇó [0m
                  [0m91[0m
                  [0m% success[0m
                [36m</span>[31m
              [36m</div>[31m
            [36m</div>[31m
          [36m</div>[31m
          [36m<div[31m
            [33mclass[31m=[32m"grid grid-cols-2 md:grid-cols-4 gap-3 mb-4"[31m
          [36m>[31m
            [36m<div[31m
              [33mclass[31m=[32m"bg-blue-50 p-3 rounded-lg text-center"[31m
            [36m>[31m
              [36m<p[31m
                [33mclass[31m=[32m"text-xs text-gray-600"[31m
              [36m>[31m
                [0mAvg Score[0m
              [36m</p>[31m
              [36m<p[31m
                [33mclass[31m=[32m"text-lg font-bold text-blue-700"[31m
              [36m/>[31m
            [36m</div>[31m
            [36m<div[31m
              [33mclass[31m=[32m"bg-green-50 p-3 rounded-lg text-center"[31m
            [36m>[31m
              [36m<p[31m
                [33mclass[31m=[32m"text-xs text-gray-600"[31m
              [36m>[31m
                [0mTime Spent[0m
              [36m</p>[31m
              [36m<p[31m
                [33mclass[31m=[32m"text-lg font-bold text-green-700"[31m
              [36m>[31m
                [0mh[0m
              [36m</p>[31m
            [36m</div>[31m
            [36m<div[31m
              [33mclass[31m=[32m"bg-purple-50 p-3 rounded-lg text-center"[31m
            [36m>[31m
              [36m<p[31m
                [33mclass[31m=[32m"text-xs text-gray-600"[31m
              [36m>[31m
                [0mRetention[0m
              [36m</p>[31m
              [36m<p[31m
                [33mclass[31m=[32m"text-lg font-bold text-purple-700"[31m
              [36m>[31m
                [0m%[0m
              [36m</p>[31m
            [36m</div>[31m
            [36m<div[31m
              [33mclass[31m=[32m"bg-orange-50 p-3 rounded-lg text-center"[31m
            [36m>[31m
              [36m<p[31m
                [33mclass[31m=[32m"text-xs text-gray-600"[31m
              [36m>[31m
                [0mTime to Master[0m
              [36m</p>[31m
              [36m<p[31m
                [33mclass[31m=[32m"text-lg font-bold text-orange-700"[31m
              [36m/>[31m
            [36m</div>[31m
          [36m</div>[31m
          [36m<button[31m
            [33mclass[31m=[32m"w-full bg-gradient-to-r from-purple-500 to-pink-500 text-white font-semibold py-2 px-4 rounded-lg hover:from-purple-600 hover:to-pink-600 transition-all"[31m
          [36m>[31m
            [0mÔû╝ View Details[0m
          [36m</button>[31m
        [36m</div>[31m
      [36m</div>[31m
    [36m</div>[31m
  [36m</div>[31m
[36m</body>[31m

Ignored nodes: comments, script, style
[36m<html>[31m
  [36m<head />[31m
  [36m<body>[31m
    [36m<div>[31m
      [36m<div[31m
        [33mclass[31m=[32m"mastery-progress-card bg-white rounded-lg shadow-md p-6 mb-6"[31m
      [36m>[31m
        [36m<h3[31m
          [33mclass[31m=[32m"text-2xl font-bold text-gray-800 mb-6"[31m
        [36m>[31m
          [0mMastery Progress Tracking[0m
        [36m</h3>[31m
        [36m<div[31m
          [33mclass[31m=[32m"grid grid-cols-2 md:grid-cols-4 gap-4 mb-6"[31m
        [36m>[31m
          [36m<div[31m
            [33mclass[31m=[32m"bg-purple-50 p-4 rounded-lg text-center"[31m
          [36m>[31m
            [36m<p[31m
              [33mclass[31m=[32m"text-sm text-gray-600 mb-1"[31m
            [36m>[31m
              [0mMastered[0m
            [36m</p>[31m
            [36m<p[31m
              [33mclass[31m=[32m"text-3xl font-bold text-purple-700"[31m
            [36m>[31m
              [0m15[0m
            [36m</p>[31m
          [36m</div>[31m
          [36m<div[31m
            [33mclass[31m=[32m"bg-blue-50 p-4 rounded-lg text-center"[31m
          [36m>[31m
            [36m<p[31m
              [33mclass[31m=[32m"text-sm text-gray-600 mb-1"[31m
            [36m>[31m
              [0mIn Progress[0m
            [36m</p>[31m
            [36m<p[31m
              [33mclass[31m=[32m"text-3xl font-bold text-blue-700"[31m
            [36m>[31m
              [0m5[0m
            [36m</p>[31m
          [36m</div>[31m
          [36m<div[31m
            [33mclass[31m=[32m"bg-gray-50 p-4 rounded-lg text-center"[31m
          [36m>[31m
            [36m<p[31m
              [33mclass[31m=[32m"text-sm text-gray-600 mb-1"[31m
            [36m>[31m
              [0mNot Started[0m
            [36m</p>[31m
            [36m<p[31m
              [33mclass[31m=[32m"text-3xl font-bold text-gray-700"[31m
            [36m>[31m
              [0m10[0m
            [36m</p>[31m
          [36m</div>[31m
          [36m<div[31m
            [33mclass[31m=[32m"bg-gradient-to-br from-green-50 to-green-100 p-4 rounded-lg text-center"[31m
          [36m>[31m
            [36m<p[31m
              [33mclass[31m=[32m"text-sm text-gray-600 mb-1"[31m
            [36m>[31m
              [0mOverall Score[0m
            [36m</p>[31m
            [36m<p[31m
              [33mclass[31m=[32m"text-3xl font-bold text-green-700"[31m
            [36m>[31m
              [0m72[0m
            [36m</p>[31m
          [36m</div>[31m
        [36m</div>[31m
        [36m<div[31m
          [33mclass[31m=[32m"space-y-4"[31m
        [36m>[31m
          [36m<div[31m
            [33mclass[31m=[32m"topic-card bg-white border-2 border-gray-200 rounded-lg p-5 hover:shadow-lg transition-shadow"[31m
          [36m>[31m
            [36m<div[31m
              [33mclass[31m=[32m"flex items-start justify-between mb-4"[31m
            [36m>[31m
              [36m<div[31m
                [33mclass[31m=[32m"flex-1"[31m
              [36m>[31m
                [36m<h5[31m
                  [33mclass[31m=[32m"text-xl font-bold text-gray-800 mb-2"[31m
                [36m>[31m
                  [0mJavaScript Async/Await[0m
                [36m</h5>[31m
                [36m<div[31m
                  [33mclass[31m=[32m"flex items-center gap-3"[31m
                [36m>[31m
                  [36m<span[31m
                    [33mclass[31m=[32m"px-3 py-1 rounded-full text-sm font-bold text-green-600 bg-green-100"[31m
                  [36m>[31m
                    [0mProficient[0m
                  [36m</span>[31m
                  [36m<span[31m
                    [33mclass[31m=[32m"text-sm text-gray-600"[31m
                  [36m>[31m
                    [0mSuccess Rate: [0m
                    [0m91[0m
                    [0m%[0m
                  [36m</span>[31m
                [36m</div>[31m
              [36m</div>[31m
              [36m<div[31m
                [33mclass[31m=[32m"text-right"[31m
              [36m>[31m
                [36m<p[31m
                  [33mclass[31m=[32m"text-4xl font-bold text-purple-600"[31m
                [36m>[31m
                  [0m85[0m
                [36m</p>[31m
                [36m<p[31m
                  [33mclass[31m=[32m"text-xs text-gray-500"[31m
                [36m>[31m
                  [0mMastery Level[0m
                [36m</p>[31m
              [36m</div>[31m
            [36m</div>[31m
            [36m<div[31m
              [33mclass[31m=[32m"mb-4"[31m
            [36m>[31m
              [36m<div[31m
                [33mclass[31m=[32m"relative w-full h-8 bg-gray-200 rounded-full overflow-hidden"[31m
              [36m>[31m
                [36m<div[31m
                  [33mclass[31m=[32m"absolute top-0 left-0 h-full bg-gradient-to-r from-purple-400 to-purple-600 transition-all duration-500"[31m
                  [33mstyle[31m=[32m"width: 85%;"[31m
                [36m/>[31m
                [36m<div[31m
                  [33mclass[31m=[32m"absolute inset-0 flex items-center justify-center"[31m
                [36m>[31m
                  [36m<span[31m
                    [33mclass[31m=[32m"text-sm font-bold text-white drop-shadow-md"[31m
                  [36m>[31m
                    [0m attempts ÔÇó [0m
                    [0m91[0m
                    [0m% success[0m
                  [36m</span>[31m
                [36m</div>[31m
              [36m</div>[31m
            [36m</div>[31m
            [36m<div[31m
              [33mclass[31m=[32m"grid grid-cols-2 md:grid-cols-4 gap-3 mb-4"[31m
            [36m>[31m
              [36m<div[31m
                [33mclass[31m=[32m"bg-blue-50 p-3 rounded-lg text-center"[31m
              [36m>[31m
                [36m<p[31m
                  [33mclass[31m=[32m"text-xs text-gray-600"[31m
                [36m>[31m
                  [0mAvg Score[0m
                [36m</p>[31m
                [36m<p[31m
                  [33mclass[31m=[32m"text-lg font-bold text-blue-700"[31m
                [36m/>[31m
              [36m</div>[31m
              [36m<div[31m
                [33mclass[31m=[32m"bg-green-50 p-3 rounded-lg text-center"[31m
              [36m>[31m
                [36m<p[31m
                  [33mclass[31m=[32m"text-xs text-gray-600"[31m
                [36m>[31m
                  [0mTime Spent[0m
                [36m</p>[31m
                [36m<p[31m
                  [33mclass[31m=[32m"text-lg font-bold text-green-700"[31m
                [36m>[31m
                  [0mh[0m
                [36m</p>[31m
              [36m</div>[31m
              [36m<div[31m
                [33mclass[31m=[32m"bg-purple-50 p-3 rounded-lg text-center"[31m
              [36m>[31m
                [36m<p[31m
                  [33mclass[31m=[32m"text-xs text-gray-600"[31m
                [36m>[31m
                  [0mRetention[0m
                [36m</p>[31m
                [36m<p[31m
                  [33mclass[31m=[32m"text-lg font-bold text-purple-700"[31m
                [36m>[31m
                  [0m%[0m
                [36m</p>[31m
              [36m</div>[31m
              [36m<div[31m
                [33mclass[31m=[32m"bg-orange-50 p-3 rounded-lg text-center"[31m
              [36m>[31m
                [36m<p[31m
                  [33mclass[31m=[32m"text-xs text-gray-600"[31m
                [36m>[31m
                  [0mTime to Master[0m
                [36m</p>[31m
                [36m<p[31m
                  [33mclass[31m=[32m"text-lg font-bold text-orange-700"[31m
                [36m/>[31m
              [36m</div>[31m
            [36m</div>[31m
            [36m<button[31m
              [33mclass[31m=[32m"w-full bg-gradient-to-r from-purple-500 to-pink-500 text-white font-semibold py-2 px-4 rounded-lg hover:from-purple-600 hover:to-pink-600 transition-all"[31m
            [36m>[31m
              [0mÔû╝ View Details[0m
            [36m</button>[31m
          [36m</div>[31m
        [36m</div>[31m
      [36m</div>[31m
    [36m</div>[31m
  [36m</body>[31m
[36m</html>[31m[39m
 [32mÔ£ô[39m src/test/learner-analytics-components.test.jsx[2m > [22mAS-001 #4: MasteryProgress Component[2m > [22mshould display topic breakdown with mastery levels
 [31m├ù[39m src/test/learner-analytics-components.test.jsx[2m > [22mAS-001 #4: MasteryProgress Component[2m > [22mshould show milestones achieved[33m 1026[2mms[22m[39m
[31m   ÔåÆ Unable to find an element with the text: /Understood basic concepts/. This could be because the text is broken up by multiple elements. In this case, you can provide a function for your text matcher to make your matcher more flexible.

Ignored nodes: comments, script, style
[36m<body>[31m
  [36m<div>[31m
    [36m<div[31m
      [33mclass[31m=[32m"mastery-progress-card bg-white rounded-lg shadow-md p-6 mb-6"[31m
    [36m>[31m
      [36m<h3[31m
        [33mclass[31m=[32m"text-2xl font-bold text-gray-800 mb-6"[31m
      [36m>[31m
        [0mMastery Progress Tracking[0m
      [36m</h3>[31m
      [36m<div[31m
        [33mclass[31m=[32m"grid grid-cols-2 md:grid-cols-4 gap-4 mb-6"[31m
      [36m>[31m
        [36m<div[31m
          [33mclass[31m=[32m"bg-purple-50 p-4 rounded-lg text-center"[31m
        [36m>[31m
          [36m<p[31m
            [33mclass[31m=[32m"text-sm text-gray-600 mb-1"[31m
          [36m>[31m
            [0mMastered[0m
          [36m</p>[31m
          [36m<p[31m
            [33mclass[31m=[32m"text-3xl font-bold text-purple-700"[31m
          [36m>[31m
            [0m15[0m
          [36m</p>[31m
        [36m</div>[31m
        [36m<div[31m
          [33mclass[31m=[32m"bg-blue-50 p-4 rounded-lg text-center"[31m
        [36m>[31m
          [36m<p[31m
            [33mclass[31m=[32m"text-sm text-gray-600 mb-1"[31m
          [36m>[31m
            [0mIn Progress[0m
          [36m</p>[31m
          [36m<p[31m
            [33mclass[31m=[32m"text-3xl font-bold text-blue-700"[31m
          [36m>[31m
            [0m5[0m
          [36m</p>[31m
        [36m</div>[31m
        [36m<div[31m
          [33mclass[31m=[32m"bg-gray-50 p-4 rounded-lg text-center"[31m
        [36m>[31m
          [36m<p[31m
            [33mclass[31m=[32m"text-sm text-gray-600 mb-1"[31m
          [36m>[31m
            [0mNot Started[0m
          [36m</p>[31m
          [36m<p[31m
            [33mclass[31m=[32m"text-3xl font-bold text-gray-700"[31m
          [36m>[31m
            [0m10[0m
          [36m</p>[31m
        [36m</div>[31m
        [36m<div[31m
          [33mclass[31m=[32m"bg-gradient-to-br from-green-50 to-green-100 p-4 rounded-lg text-center"[31m
        [36m>[31m
          [36m<p[31m
            [33mclass[31m=[32m"text-sm text-gray-600 mb-1"[31m
          [36m>[31m
            [0mOverall Score[0m
          [36m</p>[31m
          [36m<p[31m
            [33mclass[31m=[32m"text-3xl font-bold text-green-700"[31m
          [36m>[31m
            [0m72[0m
          [36m</p>[31m
        [36m</div>[31m
      [36m</div>[31m
      [36m<div[31m
        [33mclass[31m=[32m"space-y-4"[31m
      [36m>[31m
        [36m<div[31m
          [33mclass[31m=[32m"topic-card bg-white border-2 border-gray-200 rounded-lg p-5 hover:shadow-lg transition-shadow"[31m
        [36m>[31m
          [36m<div[31m
            [33mclass[31m=[32m"flex items-start justify-between mb-4"[31m
          [36m>[31m
            [36m<div[31m
              [33mclass[31m=[32m"flex-1"[31m
            [36m>[31m
              [36m<h5[31m
                [33mclass[31m=[32m"text-xl font-bold text-gray-800 mb-2"[31m
              [36m>[31m
                [0mJavaScript Async/Await[0m
              [36m</h5>[31m
              [36m<div[31m
                [33mclass[31m=[32m"flex items-center gap-3"[31m
              [36m>[31m
                [36m<span[31m
                  [33mclass[31m=[32m"px-3 py-1 rounded-full text-sm font-bold text-green-600 bg-green-100"[31m
                [36m>[31m
                  [0mProficient[0m
                [36m</span>[31m
                [36m<span[31m
                  [33mclass[31m=[32m"text-sm text-gray-600"[31m
                [36m>[31m
                  [0mSuccess Rate: [0m
                  [0m91[0m
                  [0m%[0m
                [36m</span>[31m
              [36m</div>[31m
            [36m</div>[31m
            [36m<div[31m
              [33mclass[31m=[32m"text-right"[31m
            [36m>[31m
              [36m<p[31m
                [33mclass[31m=[32m"text-4xl font-bold text-purple-600"[31m
              [36m>[31m
                [0m85[0m
              [36m</p>[31m
              [36m<p[31m
                [33mclass[31m=[32m"text-xs text-gray-500"[31m
              [36m>[31m
                [0mMastery Level[0m
              [36m</p>[31m
            [36m</div>[31m
          [36m</div>[31m
          [36m<div[31m
            [33mclass[31m=[32m"mb-4"[31m
          [36m>[31m
            [36m<div[31m
              [33mclass[31m=[32m"relative w-full h-8 bg-gray-200 rounded-full overflow-hidden"[31m
            [36m>[31m
              [36m<div[31m
                [33mclass[31m=[32m"absolute top-0 left-0 h-full bg-gradient-to-r from-purple-400 to-purple-600 transition-all duration-500"[31m
                [33mstyle[31m=[32m"width: 85%;"[31m
              [36m/>[31m
              [36m<div[31m
                [33mclass[31m=[32m"absolute inset-0 flex items-center justify-center"[31m
              [36m>[31m
                [36m<span[31m
                  [33mclass[31m=[32m"text-sm font-bold text-white drop-shadow-md"[31m
                [36m>[31m
                  [0m attempts ÔÇó [0m
                  [0m91[0m
                  [0m% success[0m
                [36m</span>[31m
              [36m</div>[31m
            [36m</div>[31m
          [36m</div>[31m
          [36m<div[31m
            [33mclass[31m=[32m"grid grid-cols-2 md:grid-cols-4 gap-3 mb-4"[31m
          [36m>[31m
            [36m<div[31m
              [33mclass[31m=[32m"bg-blue-50 p-3 rounded-lg text-center"[31m
            [36m>[31m
              [36m<p[31m
                [33mclass[31m=[32m"text-xs text-gray-600"[31m
              [36m>[31m
                [0mAvg Score[0m
              [36m</p>[31m
              [36m<p[31m
                [33mclass[31m=[32m"text-lg font-bold text-blue-700"[31m
              [36m/>[31m
            [36m</div>[31m
            [36m<div[31m
              [33mclass[31m=[32m"bg-green-50 p-3 rounded-lg text-center"[31m
            [36m>[31m
              [36m<p[31m
                [33mclass[31m=[32m"text-xs text-gray-600"[31m
              [36m>[31m
                [0mTime Spent[0m
              [36m</p>[31m
              [36m<p[31m
                [33mclass[31m=[32m"text-lg font-bold text-green-700"[31m
              [36m>[31m
                [0mh[0m
              [36m</p>[31m
            [36m</div>[31m
            [36m<div[31m
              [33mclass[31m=[32m"bg-purple-50 p-3 rounded-lg text-center"[31m
            [36m>[31m
              [36m<p[31m
                [33mclass[31m=[32m"text-xs text-gray-600"[31m
              [36m>[31m
                [0mRetention[0m
              [36m</p>[31m
              [36m<p[31m
                [33mclass[31m=[32m"text-lg font-bold text-purple-700"[31m
              [36m>[31m
                [0m%[0m
              [36m</p>[31m
            [36m</div>[31m
            [36m<div[31m
              [33mclass[31m=[32m"bg-orange-50 p-3 rounded-lg text-center"[31m
            [36m>[31m
              [36m<p[31m
                [33mclass[31m=[32m"text-xs text-gray-600"[31m
              [36m>[31m
                [0mTime to Master[0m
              [36m</p>[31m
              [36m<p[31m
                [33mclass[31m=[32m"text-lg font-bold text-orange-700"[31m
              [36m/>[31m
            [36m</div>[31m
          [36m</div>[31m
          [36m<button[31m
            [33mclass[31m=[32m"w-full bg-gradient-to-r from-purple-500 to-pink-500 text-white font-semibold py-2 px-4 rounded-lg hover:from-purple-600 hover:to-pink-600 transition-all"[31m
          [36m>[31m
            [0mÔû╝ View Details[0m
          [36m</button>[31m
        [36m</div>[31m
      [36m</div>[31m
    [36m</div>[31m
  [36m</div>[31m
[36m</body>[31m

Ignored nodes: comments, script, style
[36m<html>[31m
  [36m<head />[31m
  [36m<body>[31m
    [36m<div>[31m
      [36m<div[31m
        [33mclass[31m=[32m"mastery-progress-card bg-white rounded-lg shadow-md p-6 mb-6"[31m
      [36m>[31m
        [36m<h3[31m
          [33mclass[31m=[32m"text-2xl font-bold text-gray-800 mb-6"[31m
        [36m>[31m
          [0mMastery Progress Tracking[0m
        [36m</h3>[31m
        [36m<div[31m
          [33mclass[31m=[32m"grid grid-cols-2 md:grid-cols-4 gap-4 mb-6"[31m
        [36m>[31m
          [36m<div[31m
            [33mclass[31m=[32m"bg-purple-50 p-4 rounded-lg text-center"[31m
          [36m>[31m
            [36m<p[31m
              [33mclass[31m=[32m"text-sm text-gray-600 mb-1"[31m
            [36m>[31m
              [0mMastered[0m
            [36m</p>[31m
            [36m<p[31m
              [33mclass[31m=[32m"text-3xl font-bold text-purple-700"[31m
            [36m>[31m
              [0m15[0m
            [36m</p>[31m
          [36m</div>[31m
          [36m<div[31m
            [33mclass[31m=[32m"bg-blue-50 p-4 rounded-lg text-center"[31m
          [36m>[31m
            [36m<p[31m
              [33mclass[31m=[32m"text-sm text-gray-600 mb-1"[31m
            [36m>[31m
              [0mIn Progress[0m
            [36m</p>[31m
            [36m<p[31m
              [33mclass[31m=[32m"text-3xl font-bold text-blue-700"[31m
            [36m>[31m
              [0m5[0m
            [36m</p>[31m
          [36m</div>[31m
          [36m<div[31m
            [33mclass[31m=[32m"bg-gray-50 p-4 rounded-lg text-center"[31m
          [36m>[31m
            [36m<p[31m
              [33mclass[31m=[32m"text-sm text-gray-600 mb-1"[31m
            [36m>[31m
              [0mNot Started[0m
            [36m</p>[31m
            [36m<p[31m
              [33mclass[31m=[32m"text-3xl font-bold text-gray-700"[31m
            [36m>[31m
              [0m10[0m
            [36m</p>[31m
          [36m</div>[31m
          [36m<div[31m
            [33mclass[31m=[32m"bg-gradient-to-br from-green-50 to-green-100 p-4 rounded-lg text-center"[31m
          [36m>[31m
            [36m<p[31m
              [33mclass[31m=[32m"text-sm text-gray-600 mb-1"[31m
            [36m>[31m
              [0mOverall Score[0m
            [36m</p>[31m
            [36m<p[31m
              [33mclass[31m=[32m"text-3xl font-bold text-green-700"[31m
            [36m>[31m
              [0m72[0m
            [36m</p>[31m
          [36m</div>[31m
        [36m</div>[31m
        [36m<div[31m
          [33mclass[31m=[32m"space-y-4"[31m
        [36m>[31m
          [36m<div[31m
            [33mclass[31m=[32m"topic-card bg-white border-2 border-gray-200 rounded-lg p-5 hover:shadow-lg transition-shadow"[31m
          [36m>[31m
            [36m<div[31m
              [33mclass[31m=[32m"flex items-start justify-between mb-4"[31m
            [36m>[31m
              [36m<div[31m
                [33mclass[31m=[32m"flex-1"[31m
              [36m>[31m
                [36m<h5[31m
                  [33mclass[31m=[32m"text-xl font-bold text-gray-800 mb-2"[31m
                [36m>[31m
                  [0mJavaScript Async/Await[0m
                [36m</h5>[31m
                [36m<div[31m
                  [33mclass[31m=[32m"flex items-center gap-3"[31m
                [36m>[31m
                  [36m<span[31m
                    [33mclass[31m=[32m"px-3 py-1 rounded-full text-sm font-bold text-green-600 bg-green-100"[31m
                  [36m>[31m
                    [0mProficient[0m
                  [36m</span>[31m
                  [36m<span[31m
                    [33mclass[31m=[32m"text-sm text-gray-600"[31m
                  [36m>[31m
                    [0mSuccess Rate: [0m
                    [0m91[0m
                    [0m%[0m
                  [36m</span>[31m
                [36m</div>[31m
              [36m</div>[31m
              [36m<div[31m
                [33mclass[31m=[32m"text-right"[31m
              [36m>[31m
                [36m<p[31m
                  [33mclass[31m=[32m"text-4xl font-bold text-purple-600"[31m
                [36m>[31m
                  [0m85[0m
                [36m</p>[31m
                [36m<p[31m
                  [33mclass[31m=[32m"text-xs text-gray-500"[31m
                [36m>[31m
                  [0mMastery Level[0m
                [36m</p>[31m
              [36m</div>[31m
            [36m</div>[31m
            [36m<div[31m
              [33mclass[31m=[32m"mb-4"[31m
            [36m>[31m
              [36m<div[31m
                [33mclass[31m=[32m"relative w-full h-8 bg-gray-200 rounded-full overflow-hidden"[31m
              [36m>[31m
                [36m<div[31m
                  [33mclass[31m=[32m"absolute top-0 left-0 h-full bg-gradient-to-r from-purple-400 to-purple-600 transition-all duration-500"[31m
                  [33mstyle[31m=[32m"width: 85%;"[31m
                [36m/>[31m
                [36m<div[31m
                  [33mclass[31m=[32m"absolute inset-0 flex items-center justify-center"[31m
                [36m>[31m
                  [36m<span[31m
                    [33mclass[31m=[32m"text-sm font-bold text-white drop-shadow-md"[31m
                  [36m>[31m
                    [0m attempts ÔÇó [0m
                    [0m91[0m
                    [0m% success[0m
                  [36m</span>[31m
                [36m</div>[31m
              [36m</div>[31m
            [36m</div>[31m
            [36m<div[31m
              [33mclass[31m=[32m"grid grid-cols-2 md:grid-cols-4 gap-3 mb-4"[31m
            [36m>[31m
              [36m<div[31m
                [33mclass[31m=[32m"bg-blue-50 p-3 rounded-lg text-center"[31m
              [36m>[31m
                [36m<p[31m
                  [33mclass[31m=[32m"text-xs text-gray-600"[31m
                [36m>[31m
                  [0mAvg Score[0m
                [36m</p>[31m
                [36m<p[31m
                  [33mclass[31m=[32m"text-lg font-bold text-blue-700"[31m
                [36m/>[31m
              [36m</div>[31m
              [36m<div[31m
                [33mclass[31m=[32m"bg-green-50 p-3 rounded-lg text-center"[31m
              [36m>[31m
                [36m<p[31m
                  [33mclass[31m=[32m"text-xs text-gray-600"[31m
                [36m>[31m
                  [0mTime Spent[0m
                [36m</p>[31m
                [36m<p[31m
                  [33mclass[31m=[32m"text-lg font-bold text-green-700"[31m
                [36m>[31m
                  [0mh[0m
                [36m</p>[31m
              [36m</div>[31m
              [36m<div[31m
                [33mclass[31m=[32m"bg-purple-50 p-3 rounded-lg text-center"[31m
              [36m>[31m
                [36m<p[31m
                  [33mclass[31m=[32m"text-xs text-gray-600"[31m
                [36m>[31m
                  [0mRetention[0m
                [36m</p>[31m
                [36m<p[31m
                  [33mclass[31m=[32m"text-lg font-bold text-purple-700"[31m
                [36m>[31m
                  [0m%[0m
                [36m</p>[31m
              [36m</div>[31m
              [36m<div[31m
                [33mclass[31m=[32m"bg-orange-50 p-3 rounded-lg text-center"[31m
              [36m>[31m
                [36m<p[31m
                  [33mclass[31m=[32m"text-xs text-gray-600"[31m
                [36m>[31m
                  [0mTime to Master[0m
                [36m</p>[31m
                [36m<p[31m
                  [33mclass[31m=[32m"text-lg font-bold text-orange-700"[31m
                [36m/>[31m
              [36m</div>[31m
            [36m</div>[31m
            [36m<button[31m
              [33mclass[31m=[32m"w-full bg-gradient-to-r from-purple-500 to-pink-500 text-white font-semibold py-2 px-4 rounded-lg hover:from-purple-600 hover:to-pink-600 transition-all"[31m
            [36m>[31m
              [0mÔû╝ View Details[0m
            [36m</button>[31m
          [36m</div>[31m
        [36m</div>[31m
      [36m</div>[31m
    [36m</div>[31m
  [36m</body>[31m
[36m</html>[31m[39m
 [31m├ù[39m src/test/learner-analytics-components.test.jsx[2m > [22mAS-001 #4: MasteryProgress Component[2m > [22mshould display strength and improvement areas[33m 1024[2mms[22m[39m
[31m   ÔåÆ Unable to find an element with the text: /Promise handling/. This could be because the text is broken up by multiple elements. In this case, you can provide a function for your text matcher to make your matcher more flexible.

Ignored nodes: comments, script, style
[36m<body>[31m
  [36m<div>[31m
    [36m<div[31m
      [33mclass[31m=[32m"mastery-progress-card bg-white rounded-lg shadow-md p-6 mb-6"[31m
    [36m>[31m
      [36m<h3[31m
        [33mclass[31m=[32m"text-2xl font-bold text-gray-800 mb-6"[31m
      [36m>[31m
        [0mMastery Progress Tracking[0m
      [36m</h3>[31m
      [36m<div[31m
        [33mclass[31m=[32m"grid grid-cols-2 md:grid-cols-4 gap-4 mb-6"[31m
      [36m>[31m
        [36m<div[31m
          [33mclass[31m=[32m"bg-purple-50 p-4 rounded-lg text-center"[31m
        [36m>[31m
          [36m<p[31m
            [33mclass[31m=[32m"text-sm text-gray-600 mb-1"[31m
          [36m>[31m
            [0mMastered[0m
          [36m</p>[31m
          [36m<p[31m
            [33mclass[31m=[32m"text-3xl font-bold text-purple-700"[31m
          [36m>[31m
            [0m15[0m
          [36m</p>[31m
        [36m</div>[31m
        [36m<div[31m
          [33mclass[31m=[32m"bg-blue-50 p-4 rounded-lg text-center"[31m
        [36m>[31m
          [36m<p[31m
            [33mclass[31m=[32m"text-sm text-gray-600 mb-1"[31m
          [36m>[31m
            [0mIn Progress[0m
          [36m</p>[31m
          [36m<p[31m
            [33mclass[31m=[32m"text-3xl font-bold text-blue-700"[31m
          [36m>[31m
            [0m5[0m
          [36m</p>[31m
        [36m</div>[31m
        [36m<div[31m
          [33mclass[31m=[32m"bg-gray-50 p-4 rounded-lg text-center"[31m
        [36m>[31m
          [36m<p[31m
            [33mclass[31m=[32m"text-sm text-gray-600 mb-1"[31m
          [36m>[31m
            [0mNot Started[0m
          [36m</p>[31m
          [36m<p[31m
            [33mclass[31m=[32m"text-3xl font-bold text-gray-700"[31m
          [36m>[31m
            [0m10[0m
          [36m</p>[31m
        [36m</div>[31m
        [36m<div[31m
          [33mclass[31m=[32m"bg-gradient-to-br from-green-50 to-green-100 p-4 rounded-lg text-center"[31m
        [36m>[31m
          [36m<p[31m
            [33mclass[31m=[32m"text-sm text-gray-600 mb-1"[31m
          [36m>[31m
            [0mOverall Score[0m
          [36m</p>[31m
          [36m<p[31m
            [33mclass[31m=[32m"text-3xl font-bold text-green-700"[31m
          [36m>[31m
            [0m72[0m
          [36m</p>[31m
        [36m</div>[31m
      [36m</div>[31m
      [36m<div[31m
        [33mclass[31m=[32m"space-y-4"[31m
      [36m>[31m
        [36m<div[31m
          [33mclass[31m=[32m"topic-card bg-white border-2 border-gray-200 rounded-lg p-5 hover:shadow-lg transition-shadow"[31m
        [36m>[31m
          [36m<div[31m
            [33mclass[31m=[32m"flex items-start justify-between mb-4"[31m
          [36m>[31m
            [36m<div[31m
              [33mclass[31m=[32m"flex-1"[31m
            [36m>[31m
              [36m<h5[31m
                [33mclass[31m=[32m"text-xl font-bold text-gray-800 mb-2"[31m
              [36m>[31m
                [0mJavaScript Async/Await[0m
              [36m</h5>[31m
              [36m<div[31m
                [33mclass[31m=[32m"flex items-center gap-3"[31m
              [36m>[31m
                [36m<span[31m
                  [33mclass[31m=[32m"px-3 py-1 rounded-full text-sm font-bold text-green-600 bg-green-100"[31m
                [36m>[31m
                  [0mProficient[0m
                [36m</span>[31m
                [36m<span[31m
                  [33mclass[31m=[32m"text-sm text-gray-600"[31m
                [36m>[31m
                  [0mSuccess Rate: [0m
                  [0m91[0m
                  [0m%[0m
                [36m</span>[31m
              [36m</div>[31m
            [36m</div>[31m
            [36m<div[31m
              [33mclass[31m=[32m"text-right"[31m
            [36m>[31m
              [36m<p[31m
                [33mclass[31m=[32m"text-4xl font-bold text-purple-600"[31m
              [36m>[31m
                [0m85[0m
              [36m</p>[31m
              [36m<p[31m
                [33mclass[31m=[32m"text-xs text-gray-500"[31m
              [36m>[31m
                [0mMastery Level[0m
              [36m</p>[31m
            [36m</div>[31m
          [36m</div>[31m
          [36m<div[31m
            [33mclass[31m=[32m"mb-4"[31m
          [36m>[31m
            [36m<div[31m
              [33mclass[31m=[32m"relative w-full h-8 bg-gray-200 rounded-full overflow-hidden"[31m
            [36m>[31m
              [36m<div[31m
                [33mclass[31m=[32m"absolute top-0 left-0 h-full bg-gradient-to-r from-purple-400 to-purple-600 transition-all duration-500"[31m
                [33mstyle[31m=[32m"width: 85%;"[31m
              [36m/>[31m
              [36m<div[31m
                [33mclass[31m=[32m"absolute inset-0 flex items-center justify-center"[31m
              [36m>[31m
                [36m<span[31m
                  [33mclass[31m=[32m"text-sm font-bold text-white drop-shadow-md"[31m
                [36m>[31m
                  [0m attempts ÔÇó [0m
                  [0m91[0m
                  [0m% success[0m
                [36m</span>[31m
              [36m</div>[31m
            [36m</div>[31m
          [36m</div>[31m
          [36m<div[31m
            [33mclass[31m=[32m"grid grid-cols-2 md:grid-cols-4 gap-3 mb-4"[31m
          [36m>[31m
            [36m<div[31m
              [33mclass[31m=[32m"bg-blue-50 p-3 rounded-lg text-center"[31m
            [36m>[31m
              [36m<p[31m
                [33mclass[31m=[32m"text-xs text-gray-600"[31m
              [36m>[31m
                [0mAvg Score[0m
              [36m</p>[31m
              [36m<p[31m
                [33mclass[31m=[32m"text-lg font-bold text-blue-700"[31m
              [36m/>[31m
            [36m</div>[31m
            [36m<div[31m
              [33mclass[31m=[32m"bg-green-50 p-3 rounded-lg text-center"[31m
            [36m>[31m
              [36m<p[31m
                [33mclass[31m=[32m"text-xs text-gray-600"[31m
              [36m>[31m
                [0mTime Spent[0m
              [36m</p>[31m
              [36m<p[31m
                [33mclass[31m=[32m"text-lg font-bold text-green-700"[31m
              [36m>[31m
                [0mh[0m
              [36m</p>[31m
            [36m</div>[31m
            [36m<div[31m
              [33mclass[31m=[32m"bg-purple-50 p-3 rounded-lg text-center"[31m
            [36m>[31m
              [36m<p[31m
                [33mclass[31m=[32m"text-xs text-gray-600"[31m
              [36m>[31m
                [0mRetention[0m
              [36m</p>[31m
              [36m<p[31m
                [33mclass[31m=[32m"text-lg font-bold text-purple-700"[31m
              [36m>[31m
                [0m%[0m
              [36m</p>[31m
            [36m</div>[31m
            [36m<div[31m
              [33mclass[31m=[32m"bg-orange-50 p-3 rounded-lg text-center"[31m
            [36m>[31m
              [36m<p[31m
                [33mclass[31m=[32m"text-xs text-gray-600"[31m
              [36m>[31m
                [0mTime to Master[0m
              [36m</p>[31m
              [36m<p[31m
                [33mclass[31m=[32m"text-lg font-bold text-orange-700"[31m
              [36m/>[31m
            [36m</div>[31m
          [36m</div>[31m
          [36m<button[31m
            [33mclass[31m=[32m"w-full bg-gradient-to-r from-purple-500 to-pink-500 text-white font-semibold py-2 px-4 rounded-lg hover:from-purple-600 hover:to-pink-600 transition-all"[31m
          [36m>[31m
            [0mÔû╝ View Details[0m
          [36m</button>[31m
        [36m</div>[31m
      [36m</div>[31m
    [36m</div>[31m
  [36m</div>[31m
[36m</body>[31m

Ignored nodes: comments, script, style
[36m<html>[31m
  [36m<head />[31m
  [36m<body>[31m
    [36m<div>[31m
      [36m<div[31m
        [33mclass[31m=[32m"mastery-progress-card bg-white rounded-lg shadow-md p-6 mb-6"[31m
      [36m>[31m
        [36m<h3[31m
          [33mclass[31m=[32m"text-2xl font-bold text-gray-800 mb-6"[31m
        [36m>[31m
          [0mMastery Progress Tracking[0m
        [36m</h3>[31m
        [36m<div[31m
          [33mclass[31m=[32m"grid grid-cols-2 md:grid-cols-4 gap-4 mb-6"[31m
        [36m>[31m
          [36m<div[31m
            [33mclass[31m=[32m"bg-purple-50 p-4 rounded-lg text-center"[31m
          [36m>[31m
            [36m<p[31m
              [33mclass[31m=[32m"text-sm text-gray-600 mb-1"[31m
            [36m>[31m
              [0mMastered[0m
            [36m</p>[31m
            [36m<p[31m
              [33mclass[31m=[32m"text-3xl font-bold text-purple-700"[31m
            [36m>[31m
              [0m15[0m
            [36m</p>[31m
          [36m</div>[31m
          [36m<div[31m
            [33mclass[31m=[32m"bg-blue-50 p-4 rounded-lg text-center"[31m
          [36m>[31m
            [36m<p[31m
              [33mclass[31m=[32m"text-sm text-gray-600 mb-1"[31m
            [36m>[31m
              [0mIn Progress[0m
            [36m</p>[31m
            [36m<p[31m
              [33mclass[31m=[32m"text-3xl font-bold text-blue-700"[31m
            [36m>[31m
              [0m5[0m
            [36m</p>[31m
          [36m</div>[31m
          [36m<div[31m
            [33mclass[31m=[32m"bg-gray-50 p-4 rounded-lg text-center"[31m
          [36m>[31m
            [36m<p[31m
              [33mclass[31m=[32m"text-sm text-gray-600 mb-1"[31m
            [36m>[31m
              [0mNot Started[0m
            [36m</p>[31m
            [36m<p[31m
              [33mclass[31m=[32m"text-3xl font-bold text-gray-700"[31m
            [36m>[31m
              [0m10[0m
            [36m</p>[31m
          [36m</div>[31m
          [36m<div[31m
            [33mclass[31m=[32m"bg-gradient-to-br from-green-50 to-green-100 p-4 rounded-lg text-center"[31m
          [36m>[31m
            [36m<p[31m
              [33mclass[31m=[32m"text-sm text-gray-600 mb-1"[31m
            [36m>[31m
              [0mOverall Score[0m
            [36m</p>[31m
            [36m<p[31m
              [33mclass[31m=[32m"text-3xl font-bold text-green-700"[31m
            [36m>[31m
              [0m72[0m
            [36m</p>[31m
          [36m</div>[31m
        [36m</div>[31m
        [36m<div[31m
          [33mclass[31m=[32m"space-y-4"[31m
        [36m>[31m
          [36m<div[31m
            [33mclass[31m=[32m"topic-card bg-white border-2 border-gray-200 rounded-lg p-5 hover:shadow-lg transition-shadow"[31m
          [36m>[31m
            [36m<div[31m
              [33mclass[31m=[32m"flex items-start justify-between mb-4"[31m
            [36m>[31m
              [36m<div[31m
                [33mclass[31m=[32m"flex-1"[31m
              [36m>[31m
                [36m<h5[31m
                  [33mclass[31m=[32m"text-xl font-bold text-gray-800 mb-2"[31m
                [36m>[31m
                  [0mJavaScript Async/Await[0m
                [36m</h5>[31m
                [36m<div[31m
                  [33mclass[31m=[32m"flex items-center gap-3"[31m
                [36m>[31m
                  [36m<span[31m
                    [33mclass[31m=[32m"px-3 py-1 rounded-full text-sm font-bold text-green-600 bg-green-100"[31m
                  [36m>[31m
                    [0mProficient[0m
                  [36m</span>[31m
                  [36m<span[31m
                    [33mclass[31m=[32m"text-sm text-gray-600"[31m
                  [36m>[31m
                    [0mSuccess Rate: [0m
                    [0m91[0m
                    [0m%[0m
                  [36m</span>[31m
                [36m</div>[31m
              [36m</div>[31m
              [36m<div[31m
                [33mclass[31m=[32m"text-right"[31m
              [36m>[31m
                [36m<p[31m
                  [33mclass[31m=[32m"text-4xl font-bold text-purple-600"[31m
                [36m>[31m
                  [0m85[0m
                [36m</p>[31m
                [36m<p[31m
                  [33mclass[31m=[32m"text-xs text-gray-500"[31m
                [36m>[31m
                  [0mMastery Level[0m
                [36m</p>[31m
              [36m</div>[31m
            [36m</div>[31m
            [36m<div[31m
              [33mclass[31m=[32m"mb-4"[31m
            [36m>[31m
              [36m<div[31m
                [33mclass[31m=[32m"relative w-full h-8 bg-gray-200 rounded-full overflow-hidden"[31m
              [36m>[31m
                [36m<div[31m
                  [33mclass[31m=[32m"absolute top-0 left-0 h-full bg-gradient-to-r from-purple-400 to-purple-600 transition-all duration-500"[31m
                  [33mstyle[31m=[32m"width: 85%;"[31m
                [36m/>[31m
                [36m<div[31m
                  [33mclass[31m=[32m"absolute inset-0 flex items-center justify-center"[31m
                [36m>[31m
                  [36m<span[31m
                    [33mclass[31m=[32m"text-sm font-bold text-white drop-shadow-md"[31m
                  [36m>[31m
                    [0m attempts ÔÇó [0m
                    [0m91[0m
                    [0m% success[0m
                  [36m</span>[31m
                [36m</div>[31m
              [36m</div>[31m
            [36m</div>[31m
            [36m<div[31m
              [33mclass[31m=[32m"grid grid-cols-2 md:grid-cols-4 gap-3 mb-4"[31m
            [36m>[31m
              [36m<div[31m
                [33mclass[31m=[32m"bg-blue-50 p-3 rounded-lg text-center"[31m
              [36m>[31m
                [36m<p[31m
                  [33mclass[31m=[32m"text-xs text-gray-600"[31m
                [36m>[31m
                  [0mAvg Score[0m
                [36m</p>[31m
                [36m<p[31m
                  [33mclass[31m=[32m"text-lg font-bold text-blue-700"[31m
                [36m/>[31m
              [36m</div>[31m
              [36m<div[31m
                [33mclass[31m=[32m"bg-green-50 p-3 rounded-lg text-center"[31m
              [36m>[31m
                [36m<p[31m
                  [33mclass[31m=[32m"text-xs text-gray-600"[31m
                [36m>[31m
                  [0mTime Spent[0m
                [36m</p>[31m
                [36m<p[31m
                  [33mclass[31m=[32m"text-lg font-bold text-green-700"[31m
                [36m>[31m
                  [0mh[0m
                [36m</p>[31m
              [36m</div>[31m
              [36m<div[31m
                [33mclass[31m=[32m"bg-purple-50 p-3 rounded-lg text-center"[31m
              [36m>[31m
                [36m<p[31m
                  [33mclass[31m=[32m"text-xs text-gray-600"[31m
                [36m>[31m
                  [0mRetention[0m
                [36m</p>[31m
                [36m<p[31m
                  [33mclass[31m=[32m"text-lg font-bold text-purple-700"[31m
                [36m>[31m
                  [0m%[0m
                [36m</p>[31m
              [36m</div>[31m
              [36m<div[31m
                [33mclass[31m=[32m"bg-orange-50 p-3 rounded-lg text-center"[31m
              [36m>[31m
                [36m<p[31m
                  [33mclass[31m=[32m"text-xs text-gray-600"[31m
                [36m>[31m
                  [0mTime to Master[0m
                [36m</p>[31m
                [36m<p[31m
                  [33mclass[31m=[32m"text-lg font-bold text-orange-700"[31m
                [36m/>[31m
              [36m</div>[31m
            [36m</div>[31m
            [36m<button[31m
              [33mclass[31m=[32m"w-full bg-gradient-to-r from-purple-500 to-pink-500 text-white font-semibold py-2 px-4 rounded-lg hover:from-purple-600 hover:to-pink-600 transition-all"[31m
            [36m>[31m
              [0mÔû╝ View Details[0m
            [36m</button>[31m
          [36m</div>[31m
        [36m</div>[31m
      [36m</div>[31m
    [36m</div>[31m
  [36m</body>[31m
[36m</html>[31m[39m
 [31m├ù[39m src/test/learner-analytics-components.test.jsx[2m > [22mAS-001 #5: PerformanceAnalytics Component[2m > [22mshould render performance overview[33m 1012[2mms[22m[39m
[31m   ÔåÆ Found multiple elements with the text: /25/

Here are the matching elements:

Ignored nodes: comments, script, style
[36m<p[31m
  [33mclass[31m=[32m"text-3xl font-bold text-blue-700"[31m
[36m>[31m
  [0m25[0m
[36m</p>[31m

Ignored nodes: comments, script, style
[36m<span>[31m
  [0m25[0m
[36m</span>[31m

(If this is intentional, then use the `*AllBy*` variant of the query (like `queryAllByText`, `getAllByText`, or `findAllByText`)).

Ignored nodes: comments, script, style
[36m<body>[31m
  [36m<div>[31m
    [36m<div[31m
      [33mclass[31m=[32m"performance-analytics-card bg-white rounded-lg shadow-md p-6 mb-6"[31m
    [36m>[31m
      [36m<h3[31m
        [33mclass[31m=[32m"text-2xl font-bold text-gray-800 mb-6"[31m
      [36m>[31m
        [0mPerformance & Assessment Analytics[0m
      [36m</h3>[31m
      [36m<div[31m
        [33mclass[31m=[32m"overview grid grid-cols-2 md:grid-cols-4 gap-4 mb-6"[31m
      [36m>[31m
        [36m<div[31m
          [33mclass[31m=[32m"bg-blue-50 p-4 rounded-lg text-center"[31m
        [36m>[31m
          [36m<p[31m
            [33mclass[31m=[32m"text-sm text-gray-600 mb-1"[31m
          [36m>[31m
            [0mTotal Assessments[0m
          [36m</p>[31m
          [36m<p[31m
            [33mclass[31m=[32m"text-3xl font-bold text-blue-700"[31m
          [36m>[31m
            [0m25[0m
          [36m</p>[31m
        [36m</div>[31m
        [36m<div[31m
          [33mclass[31m=[32m"bg-green-50 p-4 rounded-lg text-center"[31m
        [36m>[31m
          [36m<p[31m
            [33mclass[31m=[32m"text-sm text-gray-600 mb-1"[31m
          [36m>[31m
            [0mAverage Score[0m
          [36m</p>[31m
          [36m<p[31m
            [33mclass[31m=[32m"text-3xl font-bold text-green-700"[31m
          [36m>[31m
            [0m78.5[0m
            [0m%[0m
          [36m</p>[31m
        [36m</div>[31m
        [36m<div[31m
          [33mclass[31m=[32m"bg-purple-50 p-4 rounded-lg text-center"[31m
        [36m>[31m
          [36m<p[31m
            [33mclass[31m=[32m"text-sm text-gray-600 mb-1"[31m
          [36m>[31m
            [0mPass Rate[0m
          [36m</p>[31m
          [36m<p[31m
            [33mclass[31m=[32m"text-3xl font-bold text-purple-700"[31m
          [36m>[31m
            [0m86.4[0m
            [0m%[0m
          [36m</p>[31m
        [36m</div>[31m
        [36m<div[31m
          [33mclass[31m=[32m"p-4 rounded-lg text-center text-green-600 bg-green-100"[31m
        [36m>[31m
          [36m<p[31m
            [33mclass[31m=[32m"text-sm mb-1"[31m
          [36m>[31m
            [0mTrend[0m
          [36m</p>[31m
          [36m<p[31m
            [33mclass[31m=[32m"text-2xl font-bold capitalize"[31m
          [36m>[31m
            [0mimproving[0m
          [36m</p>[31m
        [36m</div>[31m
      [36m</div>[31m
      [36m<div[31m
        [33mclass[31m=[32m"score-progression-chart bg-gradient-to-r from-blue-50 to-purple-50 p-5 rounded-lg mb-6"[31m
      [36m>[31m
        [36m<h4[31m
          [33mclass[31m=[32m"text-lg font-semibold text-gray-800 mb-4"[31m
        [36m>[31m
          [0m­ƒôê Score Progression[0m
        [36m</h4>[31m
        [36m<div[31m
          [33mclass[31m=[32m"relative h-48"[31m
        [36m>[31m
          [36m<svg[31m
            [33mclass[31m=[32m"w-full h-full"[31m
            [33mpreserveAspectRatio[31m=[32m"none"[31m
            [33mviewBox[31m=[32m"0 0 800 200"[31m
          [36m>[31m
            [36m<line[31m
              [33mstroke[31m=[32m"#e5e7eb"[31m
              [33mstroke-width[31m=[32m"1"[31m
              [33mx1[31m=[32m"0"[31m
              [33mx2[31m=[32m"800"[31m
              [33my1[31m=[32m"200"[31m
              [33my2[31m=[32m"200"[31m
            [36m/>[31m
            [36m<line[31m
              [33mstroke[31m=[32m"#e5e7eb"[31m
              [33mstroke-width[31m=[32m"1"[31m
              [33mx1[31m=[32m"0"[31m
              [33mx2[31m=[32m"800"[31m
              [33my1[31m=[32m"150"[31m
              [33my2[31m=[32m"150"[31m
            [36m/>[31m
            [36m<line[31m
              [33mstroke[31m=[32m"#e5e7eb"[31m
              [33mstroke-width[31m=[32m"1"[31m
              [33mx1[31m=[32m"0"[31m
              [33mx2[31m=[32m"800"[31m
              [33my1[31m=[32m"100"[31m
              [33my2[31m=[32m"100"[31m
            [36m/>[31m
            [36m<line[31m
              [33mstroke[31m=[32m"#e5e7eb"[31m
              [33mstroke-width[31m=[32m"1"[31m
              [33mx1[31m=[32m"0"[31m
              [33mx2[31m=[32m"800"[31m
              [33my1[31m=[32m"50"[31m
              [33my2[31m=[32m"50"[31m
            [36m/>[31m
            [36m<line[31m
              [33mstroke[31m=[32m"#e5e7eb"[31m
              [33mstroke-width[31m=[32m"1"[31m
              [33mx1[31m=[32m"0"[31m
              [33mx2[31m=[32m"800"[31m
              [33my1[31m=[32m"0"[31m
              [33my2[31m=[32m"0"[31m
            [36m/>[31m
            [36m<polyline[31m
              [33mfill[31m=[32m"none"[31m
              [33mpoints[31m=[32m"0,70 88.88888888888889,60 177.77777777777777,50 266.66666666666663,44 355.55555555555554,36 444.44444444444446,30 533.3333333333333,24 622.2222222222223,20 711.1111111111111,16 800,10"[31m
              [33mstroke[31m=[32m"#8b5cf6"[31m
              [33mstroke-width[31m=[32m"3"[31m
            [36m/>[31m
            [36m<circle[31m
              [33mcx[31m=[32m"0"[31m
              [33mcy[31m=[32m"70"[31m
              [33mfill[31m=[32m"#8b5cf6"[31m
              [33mr[31m=[32m"5"[31m
              [33mstroke[31m=[32m"white"[31m
              [33mstroke-width[31m=[32m"2"[31m
            [36m/>[31m
            [36m<circle[31m
              [33mcx[31m=[32m"88.88888888888889"[31m
              [33mcy[31m=[32m"60"[31m
              [33mfill[31m=[32m"#8b5cf6"[31m
              [33mr[31m=[32m"5"[31m
              [33mstroke[31m=[32m"white"[31m
              [33mstroke-width[31m=[32m"2"[31m
            [36m/>[31m
            [36m<circle[31m
              [33mcx[31m=[32m"177.77777777777777"[31m
              [33mcy[31m=[32m"50"[31m
              [33mfill[31m=[32m"#8b5cf6"[31m
              [33mr[31m=[32m"5"[31m
              [33mstroke[31m=[32m"white"[31m
              [33mstroke-width[31m=[32m"2"[31m
            [36m/>[31m
            [36m<circle[31m
              [33mcx[31m=[32m"266.66666666666663"[31m
              [33mcy[31m=[32m"44"[31m
              [33mfill[31m=[32m"#8b5cf6"[31m
              [33mr[31m=[32m"5"[31m
              [33mstroke[31m=[32m"white"[31m
              [33mstroke-width[31m=[32m"2"[31m
            [36m/>[31m
            [36m<circle[31m
              [33mcx[31m=[32m"355.55555555555554"[31m
              [33mcy[31m=[32m"36"[31m
              [33mfill[31m=[32m"#8b5cf6"[31m
              [33mr[31m=[32m"5"[31m
              [33mstroke[31m=[32m"white"[31m
              [33mstroke-width[31m=[32m"2"[31m
            [36m/>[31m
            [36m<circle[31m
              [33mcx[31m=[32m"444.44444444444446"[31m
              [33mcy[31m=[32m"30"[31m
              [33mfill[31m=[32m"#8b5cf6"[31m
              [33mr[31m=[32m"5"[31m
              [33mstroke[31m=[32m"white"[31m
              [33mstroke-width[31m=[32m"2"[31m
            [36m/>[31m
            [36m<circle[31m
              [33mcx[31m=[32m"533.3333333333333"[31m
              [33mcy[31m=[32m"24"[31m
              [33mfill[31m=[32m"#8b5cf6"[31m
              [33mr[31m=[32m"5"[31m
              [33mstroke[31m=[32m"white"[31m
              [33mstroke-width[31m=[32m"2"[31m
            [36m/>[31m
            [36m<circle[31m
              [33mcx[31m=[32m"622.2222222222223"[31m
              [33mcy[31m=[32m"20"[31m
              [33mfill[31m=[32m"#8b5cf6"[31m
              [33mr[31m=[32m"5"[31m
              [33mstroke[31m=[32m"white"[31m
              [33mstroke-width[31m=[32m"2"[31m
            [36m/>[31m
            [36m<circle[31m
              [33mcx[31m=[32m"711.1111111111111"[31m
              [33mcy[31m=[32m"16"[31m
              [33mfill[31m=[32m"#8b5cf6"[31m
              [33mr[31m=[32m"5"[31m
              [33mstroke[31m=[32m"white"[31m
              [33mstroke-width[31m=[32m"2"[31m
            [36m/>[31m
            [36m<circle[31m
              [33mcx[31m=[32m"800"[31m
              [33mcy[31m=[32m"10"[31m
              [33mfill[31m=[32m"#8b5cf6"[31m
              [33mr[31m=[32m"5"[31m
              [33mstroke[31m=[32m"white"[31m
              [33mstroke-width[31m=[32m"2"[31m
            [36m/>[31m
          [36m</svg>[31m
          [36m<div[31m
            [33mclass[31m=[32m"absolute left-0 top-0 h-full flex flex-col justify-between text-xs text-gray-600"[31m
          [36m>[31m
            [36m<span>[31m
              [0m100[0m
            [36m</span>[31m
            [36m<span>[31m
              [0m75[0m
            [36m</span>[31m
            [36m<span>[31m
              [0m50[0m
            [36m</span>[31m
            [36m<span>[31m
              [0m25[0m
            [36m</span>[31m
            [36m<span>[31m
              [0m0[0m
            [36m</span>[31m
          [36m</div>[31m
        [36m</div>[31m
        [36m<div[31m
          [33mclass[31m=[32m"flex justify-between text-xs text-gray-600 mt-2"[31m
        [36m>[31m
          [36m<span>[31m
            [0mOldest[0m
          [36m</span>[31m
          [36m<span>[31m
            [0mMost Recent[0m
          [36m</span>[31m
        [36m</div>[31m
      [36m</div>[31m
      [36m<div[31m
        [33mclass[31m=[32m"grid grid-cols-1 md:grid-cols-2 gap-4 mb-6"[31m
      [36m/>[31m
      [36m<div[31m
        [33mclass[31m=[32m"predictions bg-gradient-to-r from-purple-50 to-pink-50 p-5 rounded-lg"[31m
      [36m>[31m
        [36m<h4[31m
          [33mclass[31m=[32m"text-lg font-semibold text-gray-800 mb-4"[31m
        [36m>[31m
          [0m­ƒö« Predictive Insights[0m
        [36m</h4>[31m
        [36m<div[31m
          [33mclass[31m=[32m"grid grid-cols-1 md:grid-cols-3 gap-4"[31m
        [36m>[31m
          [36m<div[31m
            [33mclass[31m=[32m"bg-white p-4 rounded-lg text-center"[31m
          [36m>[31m
            [36m<p[31m
              [33mclass[31m=[32m"text-sm text-gray-600 mb-1"[31m
            [36m>[31m
              [0mProjected Next Score[0m
            [36m</p>[31m
            [36m<p[31m
              [33mclass[31m=[32m"text-4xl font-bold text-purple-700"[31m
            [36m>[31m
              [0m88[0m
              [0m%[0m
            [36m</p>[31m
          [36m</div>[31m
          [36m<div[31m
            [33mclass[31m=[32m"bg-white p-4 rounded-lg text-center"[31m
          [36m>[31m
            [36m<p[31m
              [33mclass[31m=[32m"text-sm text-gray-600 mb-1"[31m
            [36m>[31m
              [0mRisk Level[0m
            [36m</p>[31m
            [36m<p[31m
              [33mclass[31m=[32m"text-3xl font-bold capitalize text-green-600"[31m
            [36m>[31m
              [0mlow[0m
            [36m</p>[31m
          [36m</div>[31m
        [36m</div>[31m
      [36m</div>[31m
    [36m</div>[31m
  [36m</div>[31m
[36m</body>[31m

Ignored nodes: comments, script, style
[36m<html>[31m
  [36m<head />[31m
  [36m<body>[31m
    [36m<div>[31m
      [36m<div[31m
        [33mclass[31m=[32m"performance-analytics-card bg-white rounded-lg shadow-md p-6 mb-6"[31m
      [36m>[31m
        [36m<h3[31m
          [33mclass[31m=[32m"text-2xl font-bold text-gray-800 mb-6"[31m
        [36m>[31m
          [0mPerformance & Assessment Analytics[0m
        [36m</h3>[31m
        [36m<div[31m
          [33mclass[31m=[32m"overview grid grid-cols-2 md:grid-cols-4 gap-4 mb-6"[31m
        [36m>[31m
          [36m<div[31m
            [33mclass[31m=[32m"bg-blue-50 p-4 rounded-lg text-center"[31m
          [36m>[31m
            [36m<p[31m
              [33mclass[31m=[32m"text-sm text-gray-600 mb-1"[31m
            [36m>[31m
              [0mTotal Assessments[0m
            [36m</p>[31m
            [36m<p[31m
              [33mclass[31m=[32m"text-3xl font-bold text-blue-700"[31m
            [36m>[31m
              [0m25[0m
            [36m</p>[31m
          [36m</div>[31m
          [36m<div[31m
            [33mclass[31m=[32m"bg-green-50 p-4 rounded-lg text-center"[31m
          [36m>[31m
            [36m<p[31m
              [33mclass[31m=[32m"text-sm text-gray-600 mb-1"[31m
            [36m>[31m
              [0mAverage Score[0m
            [36m</p>[31m
            [36m<p[31m
              [33mclass[31m=[32m"text-3xl font-bold text-green-700"[31m
            [36m>[31m
              [0m78.5[0m
              [0m%[0m
            [36m</p>[31m
          [36m</div>[31m
          [36m<div[31m
            [33mclass[31m=[32m"bg-purple-50 p-4 rounded-lg text-center"[31m
          [36m>[31m
            [36m<p[31m
              [33mclass[31m=[32m"text-sm text-gray-600 mb-1"[31m
            [36m>[31m
              [0mPass Rate[0m
            [36m</p>[31m
            [36m<p[31m
              [33mclass[31m=[32m"text-3xl font-bold text-purple-700"[31m
            [36m>[31m
              [0m86.4[0m
              [0m%[0m
            [36m</p>[31m
          [36m</div>[31m
          [36m<div[31m
            [33mclass[31m=[32m"p-4 rounded-lg text-center text-green-600 bg-green-100"[31m
          [36m>[31m
            [36m<p[31m
              [33mclass[31m=[32m"text-sm mb-1"[31m
            [36m>[31m
              [0mTrend[0m
            [36m</p>[31m
            [36m<p[31m
              [33mclass[31m=[32m"text-2xl font-bold capitalize"[31m
            [36m>[31m
              [0mimproving[0m
            [36m</p>[31m
          [36m</div>[31m
        [36m</div>[31m
        [36m<div[31m
          [33mclass[31m=[32m"score-progression-chart bg-gradient-to-r from-blue-50 to-purple-50 p-5 rounded-lg mb-6"[31m
        [36m>[31m
          [36m<h4[31m
            [33mclass[31m=[32m"text-lg font-semibold text-gray-800 mb-4"[31m
          [36m>[31m
            [0m­ƒôê Score Progression[0m
          [36m</h4>[31m
          [36m<div[31m
            [33mclass[31m=[32m"relative h-48"[31m
          [36m>[31m
            [36m<svg[31m
              [33mclass[31m=[32m"w-full h-full"[31m
              [33mpreserveAspectRatio[31m=[32m"none"[31m
              [33mviewBox[31m=[32m"0 0 800 200"[31m
            [36m>[31m
              [36m<line[31m
                [33mstroke[31m=[32m"#e5e7eb"[31m
                [33mstroke-width[31m=[32m"1"[31m
                [33mx1[31m=[32m"0"[31m
                [33mx2[31m=[32m"800"[31m
                [33my1[31m=[32m"200"[31m
                [33my2[31m=[32m"200"[31m
              [36m/>[31m
              [36m<line[31m
                [33mstroke[31m=[32m"#e5e7eb"[31m
                [33mstroke-width[31m=[32m"1"[31m
                [33mx1[31m=[32m"0"[31m
                [33mx2[31m=[32m"800"[31m
                [33my1[31m=[32m"150"[31m
                [33my2[31m=[32m"150"[31m
              [36m/>[31m
              [36m<line[31m
                [33mstroke[31m=[32m"#e5e7eb"[31m
                [33mstroke-width[31m=[32m"1"[31m
                [33mx1[31m=[32m"0"[31m
                [33mx2[31m=[32m"800"[31m
                [33my1[31m=[32m"100"[31m
                [33my2[31m=[32m"100"[31m
              [36m/>[31m
              [36m<line[31m
                [33mstroke[31m=[32m"#e5e7eb"[31m
                [33mstroke-width[31m=[32m"1"[31m
                [33mx1[31m=[32m"0"[31m
                [33mx2[31m=[32m"800"[31m
                [33my1[31m=[32m"50"[31m
                [33my2[31m=[32m"50"[31m
              [36m/>[31m
              [36m<line[31m
                [33mstroke[31m=[32m"#e5e7eb"[31m
                [33mstroke-width[31m=[32m"1"[31m
                [33mx1[31m=[32m"0"[31m
                [33mx2[31m=[32m"800"[31m
                [33my1[31m=[32m"0"[31m
                [33my2[31m=[32m"0"[31m
              [36m/>[31m
              [36m<polyline[31m
                [33mfill[31m=[32m"none"[31m
                [33mpoints[31m=[32m"0,70 88.88888888888889,60 177.77777777777777,50 266.66666666666663,44 355.55555555555554,36 444.44444444444446,30 533.3333333333333,24 622.2222222222223,20 711.1111111111111,16 800,10"[31m
                [33mstroke[31m=[32m"#8b5cf6"[31m
                [33mstroke-width[31m=[32m"3"[31m
              [36m/>[31m
              [36m<circle[31m
                [33mcx[31m=[32m"0"[31m
                [33mcy[31m=[32m"70"[31m
                [33mfill[31m=[32m"#8b5cf6"[31m
                [33mr[31m=[32m"5"[31m
                [33mstroke[31m=[32m"white"[31m
                [33mstroke-width[31m=[32m"2"[31m
              [36m/>[31m
              [36m<circle[31m
                [33mcx[31m=[32m"88.88888888888889"[31m
                [33mcy[31m=[32m"60"[31m
                [33mfill[31m=[32m"#8b5cf6"[31m
                [33mr[31m=[32m"5"[31m
                [33mstroke[31m=[32m"white"[31m
                [33mstroke-width[31m=[32m"2"[31m
              [36m/>[31m
              [36m<circle[31m
                [33mcx[31m=[32m"177.77777777777777"[31m
                [33mcy[31m=[32m"50"[31m
                [33mfill[31m=[32m"#8b5cf6"[31m
                [33mr[31m=[32m"5"[31m
                [33mstroke[31m=[32m"white"[31m
                [33mstroke-width[31m=[32m"2"[31m
              [36m/>[31m
              [36m<circle[31m
                [33mcx[31m=[32m"266.66666666666663"[31m
                [33mcy[31m=[32m"44"[31m
                [33mfill[31m=[32m"#8b5cf6"[31m
                [33mr[31m=[32m"5"[31m
                [33mstroke[31m=[32m"white"[31m
                [33mstroke-width[31m=[32m"2"[31m
              [36m/>[31m
              [36m<circle[31m
                [33mcx[31m=[32m"355.55555555555554"[31m
                [33mcy[31m=[32m"36"[31m
                [33mfill[31m=[32m"#8b5cf6"[31m
                [33mr[31m=[32m"5"[31m
                [33mstroke[31m=[32m"white"[31m
                [33mstroke-width[31m=[32m"2"[31m
              [36m/>[31m
              [36m<circle[31m
                [33mcx[31m=[32m"444.44444444444446"[31m
                [33mcy[31m=[32m"30"[31m
                [33mfill[31m=[32m"#8b5cf6"[31m
                [33mr[31m=[32m"5"[31m
                [33mstroke[31m=[32m"white"[31m
                [33mstroke-width[31m=[32m"2"[31m
              [36m/>[31m
              [36m<circle[31m
                [33mcx[31m=[32m"533.3333333333333"[31m
                [33mcy[31m=[32m"24"[31m
                [33mfill[31m=[32m"#8b5cf6"[31m
                [33mr[31m=[32m"5"[31m
                [33mstroke[31m=[32m"white"[31m
                [33mstroke-width[31m=[32m"2"[31m
              [36m/>[31m
              [36m<circle[31m
                [33mcx[31m=[32m"622.2222222222223"[31m
                [33mcy[31m=[32m"20"[31m
                [33mfill[31m=[32m"#8b5cf6"[31m
                [33mr[31m=[32m"5"[31m
                [33mstroke[31m=[32m"white"[31m
                [33mstroke-width[31m=[32m"2"[31m
              [36m/>[31m
              [36m<circle[31m
                [33mcx[31m=[32m"711.1111111111111"[31m
                [33mcy[31m=[32m"16"[31m
                [33mfill[31m=[32m"#8b5cf6"[31m
                [33mr[31m=[32m"5"[31m
                [33mstroke[31m=[32m"white"[31m
                [33mstroke-width[31m=[32m"2"[31m
              [36m/>[31m
              [36m<circle[31m
                [33mcx[31m=[32m"800"[31m
                [33mcy[31m=[32m"10"[31m
                [33mfill[31m=[32m"#8b5cf6"[31m
                [33mr[31m=[32m"5"[31m
                [33mstroke[31m=[32m"white"[31m
                [33mstroke-width[31m=[32m"2"[31m
              [36m/>[31m
            [36m</svg>[31m
            [36m<div[31m
              [33mclass[31m=[32m"absolute left-0 top-0 h-full flex flex-col justify-between text-xs text-gray-600"[31m
            [36m>[31m
              [36m<span>[31m
                [0m100[0m
              [36m</span>[31m
              [36m<span>[31m
                [0m75[0m
              [36m</span>[31m
              [36m<span>[31m
                [0m50[0m
              [36m</span>[31m
              [36m<span>[31m
                [0m25[0m
              [36m</span>[31m
              [36m<span>[31m
                [0m0[0m
              [36m</span>[31m
            [36m</div>[31m
          [36m</div>[31m
          [36m<div[31m
            [33mclass[31m=[32m"flex justify-between text-xs text-gray-600 mt-2"[31m
          [36m>[31m
            [36m<span>[31m
              [0mOldest[0m
            [36m</span>[31m
            [36m<span>[31m
              [0mMost Recent[0m
            [36m</span>[31m
          [36m</div>[31m
        [36m</div>[31m
        [36m<div[31m
          [33mclass[31m=[32m"grid grid-cols-1 md:grid-cols-2 gap-4 mb-6"[31m
        [36m/>[31m
        [36m<div[31m
          [33mclass[31m=[32m"predictions bg-gradient-to-r from-purple-50 to-pink-50 p-5 rounded-lg"[31m
        [36m>[31m
          [36m<h4[31m
            [33mclass[31m=[32m"text-lg font-semibold text-gray-800 mb-4"[31m
          [36m>[31m
            [0m­ƒö« Predictive Insights[0m
          [36m</h4>[31m
          [36m<div[31m
            [33mclass[31m=[32m"grid grid-cols-1 md:grid-cols-3 gap-4"[31m
          [36m>[31m
            [36m<div[31m
              [33mclass[31m=[32m"bg-white p-4 rounded-lg text-center"[31m
            [36m>[31m
              [36m<p[31m
                [33mclass[31m=[32m"text-sm text-gray-600 mb-1"[31m
              [36m>[31m
                [0mProjected Next Score[0m
              [36m</p>[31m
              [36m<p[31m
                [33mclass[31m=[32m"text-4xl font-bold text-purple-700"[31m
              [36m>[31m
                [0m88[0m
                [0m%[0m
              [36m</p>[31m
            [36m</div>[31m
            [36m<div[31m
              [33mclass[31m=[32m"bg-white p-4 rounded-lg text-center"[31m
            [36m>[31m
              [36m<p[31m
                [33mclass[31m=[32m"text-sm text-gray-600 mb-1"[31m
              [36m>[31m
                [0mRisk Level[0m
              [36m</p>[31m
              [36m<p[31m
                [33mclass[31m=[32m"text-3xl font-bold capitalize text-green-600"[31m
              [36m>[31m
                [0mlow[0m
              [36m</p>[31m
            [36m</div>[31m
          [36m</div>[31m
        [36m</div>[31m
      [36m</div>[31m
    [36m</div>[31m
  [36m</body>[31m
[36m</html>[31m[39m
 [32mÔ£ô[39m src/test/learner-analytics-components.test.jsx[2m > [22mAS-001 #5: PerformanceAnalytics Component[2m > [22mshould display score progression chart
 [32mÔ£ô[39m src/test/learner-analytics-components.test.jsx[2m > [22mAS-001 #5: PerformanceAnalytics Component[2m > [22mshould show improvement trend indicator
 [31m├ù[39m src/test/learner-analytics-components.test.jsx[2m > [22mAS-001 #5: PerformanceAnalytics Component[2m > [22mshould display predictions[33m 1020[2mms[22m[39m
[31m   ÔåÆ Unable to find an element with the text: /low risk/i. This could be because the text is broken up by multiple elements. In this case, you can provide a function for your text matcher to make your matcher more flexible.

Ignored nodes: comments, script, style
[36m<body>[31m
  [36m<div>[31m
    [36m<div[31m
      [33mclass[31m=[32m"performance-analytics-card bg-white rounded-lg shadow-md p-6 mb-6"[31m
    [36m>[31m
      [36m<h3[31m
        [33mclass[31m=[32m"text-2xl font-bold text-gray-800 mb-6"[31m
      [36m>[31m
        [0mPerformance & Assessment Analytics[0m
      [36m</h3>[31m
      [36m<div[31m
        [33mclass[31m=[32m"overview grid grid-cols-2 md:grid-cols-4 gap-4 mb-6"[31m
      [36m>[31m
        [36m<div[31m
          [33mclass[31m=[32m"bg-blue-50 p-4 rounded-lg text-center"[31m
        [36m>[31m
          [36m<p[31m
            [33mclass[31m=[32m"text-sm text-gray-600 mb-1"[31m
          [36m>[31m
            [0mTotal Assessments[0m
          [36m</p>[31m
          [36m<p[31m
            [33mclass[31m=[32m"text-3xl font-bold text-blue-700"[31m
          [36m>[31m
            [0m25[0m
          [36m</p>[31m
        [36m</div>[31m
        [36m<div[31m
          [33mclass[31m=[32m"bg-green-50 p-4 rounded-lg text-center"[31m
        [36m>[31m
          [36m<p[31m
            [33mclass[31m=[32m"text-sm text-gray-600 mb-1"[31m
          [36m>[31m
            [0mAverage Score[0m
          [36m</p>[31m
          [36m<p[31m
            [33mclass[31m=[32m"text-3xl font-bold text-green-700"[31m
          [36m>[31m
            [0m78.5[0m
            [0m%[0m
          [36m</p>[31m
        [36m</div>[31m
        [36m<div[31m
          [33mclass[31m=[32m"bg-purple-50 p-4 rounded-lg text-center"[31m
        [36m>[31m
          [36m<p[31m
            [33mclass[31m=[32m"text-sm text-gray-600 mb-1"[31m
          [36m>[31m
            [0mPass Rate[0m
          [36m</p>[31m
          [36m<p[31m
            [33mclass[31m=[32m"text-3xl font-bold text-purple-700"[31m
          [36m>[31m
            [0m86.4[0m
            [0m%[0m
          [36m</p>[31m
        [36m</div>[31m
        [36m<div[31m
          [33mclass[31m=[32m"p-4 rounded-lg text-center text-green-600 bg-green-100"[31m
        [36m>[31m
          [36m<p[31m
            [33mclass[31m=[32m"text-sm mb-1"[31m
          [36m>[31m
            [0mTrend[0m
          [36m</p>[31m
          [36m<p[31m
            [33mclass[31m=[32m"text-2xl font-bold capitalize"[31m
          [36m>[31m
            [0mimproving[0m
          [36m</p>[31m
        [36m</div>[31m
      [36m</div>[31m
      [36m<div[31m
        [33mclass[31m=[32m"score-progression-chart bg-gradient-to-r from-blue-50 to-purple-50 p-5 rounded-lg mb-6"[31m
      [36m>[31m
        [36m<h4[31m
          [33mclass[31m=[32m"text-lg font-semibold text-gray-800 mb-4"[31m
        [36m>[31m
          [0m­ƒôê Score Progression[0m
        [36m</h4>[31m
        [36m<div[31m
          [33mclass[31m=[32m"relative h-48"[31m
        [36m>[31m
          [36m<svg[31m
            [33mclass[31m=[32m"w-full h-full"[31m
            [33mpreserveAspectRatio[31m=[32m"none"[31m
            [33mviewBox[31m=[32m"0 0 800 200"[31m
          [36m>[31m
            [36m<line[31m
              [33mstroke[31m=[32m"#e5e7eb"[31m
              [33mstroke-width[31m=[32m"1"[31m
              [33mx1[31m=[32m"0"[31m
              [33mx2[31m=[32m"800"[31m
              [33my1[31m=[32m"200"[31m
              [33my2[31m=[32m"200"[31m
            [36m/>[31m
            [36m<line[31m
              [33mstroke[31m=[32m"#e5e7eb"[31m
              [33mstroke-width[31m=[32m"1"[31m
              [33mx1[31m=[32m"0"[31m
              [33mx2[31m=[32m"800"[31m
              [33my1[31m=[32m"150"[31m
              [33my2[31m=[32m"150"[31m
            [36m/>[31m
            [36m<line[31m
              [33mstroke[31m=[32m"#e5e7eb"[31m
              [33mstroke-width[31m=[32m"1"[31m
              [33mx1[31m=[32m"0"[31m
              [33mx2[31m=[32m"800"[31m
              [33my1[31m=[32m"100"[31m
              [33my2[31m=[32m"100"[31m
            [36m/>[31m
            [36m<line[31m
              [33mstroke[31m=[32m"#e5e7eb"[31m
              [33mstroke-width[31m=[32m"1"[31m
              [33mx1[31m=[32m"0"[31m
              [33mx2[31m=[32m"800"[31m
              [33my1[31m=[32m"50"[31m
              [33my2[31m=[32m"50"[31m
            [36m/>[31m
            [36m<line[31m
              [33mstroke[31m=[32m"#e5e7eb"[31m
              [33mstroke-width[31m=[32m"1"[31m
              [33mx1[31m=[32m"0"[31m
              [33mx2[31m=[32m"800"[31m
              [33my1[31m=[32m"0"[31m
              [33my2[31m=[32m"0"[31m
            [36m/>[31m
            [36m<polyline[31m
              [33mfill[31m=[32m"none"[31m
              [33mpoints[31m=[32m"0,70 88.88888888888889,60 177.77777777777777,50 266.66666666666663,44 355.55555555555554,36 444.44444444444446,30 533.3333333333333,24 622.2222222222223,20 711.1111111111111,16 800,10"[31m
              [33mstroke[31m=[32m"#8b5cf6"[31m
              [33mstroke-width[31m=[32m"3"[31m
            [36m/>[31m
            [36m<circle[31m
              [33mcx[31m=[32m"0"[31m
              [33mcy[31m=[32m"70"[31m
              [33mfill[31m=[32m"#8b5cf6"[31m
              [33mr[31m=[32m"5"[31m
              [33mstroke[31m=[32m"white"[31m
              [33mstroke-width[31m=[32m"2"[31m
            [36m/>[31m
            [36m<circle[31m
              [33mcx[31m=[32m"88.88888888888889"[31m
              [33mcy[31m=[32m"60"[31m
              [33mfill[31m=[32m"#8b5cf6"[31m
              [33mr[31m=[32m"5"[31m
              [33mstroke[31m=[32m"white"[31m
              [33mstroke-width[31m=[32m"2"[31m
            [36m/>[31m
            [36m<circle[31m
              [33mcx[31m=[32m"177.77777777777777"[31m
              [33mcy[31m=[32m"50"[31m
              [33mfill[31m=[32m"#8b5cf6"[31m
              [33mr[31m=[32m"5"[31m
              [33mstroke[31m=[32m"white"[31m
              [33mstroke-width[31m=[32m"2"[31m
            [36m/>[31m
            [36m<circle[31m
              [33mcx[31m=[32m"266.66666666666663"[31m
              [33mcy[31m=[32m"44"[31m
              [33mfill[31m=[32m"#8b5cf6"[31m
              [33mr[31m=[32m"5"[31m
              [33mstroke[31m=[32m"white"[31m
              [33mstroke-width[31m=[32m"2"[31m
            [36m/>[31m
            [36m<circle[31m
              [33mcx[31m=[32m"355.55555555555554"[31m
              [33mcy[31m=[32m"36"[31m
              [33mfill[31m=[32m"#8b5cf6"[31m
              [33mr[31m=[32m"5"[31m
              [33mstroke[31m=[32m"white"[31m
              [33mstroke-width[31m=[32m"2"[31m
            [36m/>[31m
            [36m<circle[31m
              [33mcx[31m=[32m"444.44444444444446"[31m
              [33mcy[31m=[32m"30"[31m
              [33mfill[31m=[32m"#8b5cf6"[31m
              [33mr[31m=[32m"5"[31m
              [33mstroke[31m=[32m"white"[31m
              [33mstroke-width[31m=[32m"2"[31m
            [36m/>[31m
            [36m<circle[31m
              [33mcx[31m=[32m"533.3333333333333"[31m
              [33mcy[31m=[32m"24"[31m
              [33mfill[31m=[32m"#8b5cf6"[31m
              [33mr[31m=[32m"5"[31m
              [33mstroke[31m=[32m"white"[31m
              [33mstroke-width[31m=[32m"2"[31m
            [36m/>[31m
            [36m<circle[31m
              [33mcx[31m=[32m"622.2222222222223"[31m
              [33mcy[31m=[32m"20"[31m
              [33mfill[31m=[32m"#8b5cf6"[31m
              [33mr[31m=[32m"5"[31m
              [33mstroke[31m=[32m"white"[31m
              [33mstroke-width[31m=[32m"2"[31m
            [36m/>[31m
            [36m<circle[31m
              [33mcx[31m=[32m"711.1111111111111"[31m
              [33mcy[31m=[32m"16"[31m
              [33mfill[31m=[32m"#8b5cf6"[31m
              [33mr[31m=[32m"5"[31m
              [33mstroke[31m=[32m"white"[31m
              [33mstroke-width[31m=[32m"2"[31m
            [36m/>[31m
            [36m<circle[31m
              [33mcx[31m=[32m"800"[31m
              [33mcy[31m=[32m"10"[31m
              [33mfill[31m=[32m"#8b5cf6"[31m
              [33mr[31m=[32m"5"[31m
              [33mstroke[31m=[32m"white"[31m
              [33mstroke-width[31m=[32m"2"[31m
            [36m/>[31m
          [36m</svg>[31m
          [36m<div[31m
            [33mclass[31m=[32m"absolute left-0 top-0 h-full flex flex-col justify-between text-xs text-gray-600"[31m
          [36m>[31m
            [36m<span>[31m
              [0m100[0m
            [36m</span>[31m
            [36m<span>[31m
              [0m75[0m
            [36m</span>[31m
            [36m<span>[31m
              [0m50[0m
            [36m</span>[31m
            [36m<span>[31m
              [0m25[0m
            [36m</span>[31m
            [36m<span>[31m
              [0m0[0m
            [36m</span>[31m
          [36m</div>[31m
        [36m</div>[31m
        [36m<div[31m
          [33mclass[31m=[32m"flex justify-between text-xs text-gray-600 mt-2"[31m
        [36m>[31m
          [36m<span>[31m
            [0mOldest[0m
          [36m</span>[31m
          [36m<span>[31m
            [0mMost Recent[0m
          [36m</span>[31m
        [36m</div>[31m
      [36m</div>[31m
      [36m<div[31m
        [33mclass[31m=[32m"grid grid-cols-1 md:grid-cols-2 gap-4 mb-6"[31m
      [36m/>[31m
      [36m<div[31m
        [33mclass[31m=[32m"predictions bg-gradient-to-r from-purple-50 to-pink-50 p-5 rounded-lg"[31m
      [36m>[31m
        [36m<h4[31m
          [33mclass[31m=[32m"text-lg font-semibold text-gray-800 mb-4"[31m
        [36m>[31m
          [0m­ƒö« Predictive Insights[0m
        [36m</h4>[31m
        [36m<div[31m
          [33mclass[31m=[32m"grid grid-cols-1 md:grid-cols-3 gap-4"[31m
        [36m>[31m
          [36m<div[31m
            [33mclass[31m=[32m"bg-white p-4 rounded-lg text-center"[31m
          [36m>[31m
            [36m<p[31m
              [33mclass[31m=[32m"text-sm text-gray-600 mb-1"[31m
            [36m>[31m
              [0mProjected Next Score[0m
            [36m</p>[31m
            [36m<p[31m
              [33mclass[31m=[32m"text-4xl font-bold text-purple-700"[31m
            [36m>[31m
              [0m88[0m
              [0m%[0m
            [36m</p>[31m
          [36m</div>[31m
          [36m<div[31m
            [33mclass[31m=[32m"bg-white p-4 rounded-lg text-center"[31m
          [36m>[31m
            [36m<p[31m
              [33mclass[31m=[32m"text-sm text-gray-600 mb-1"[31m
            [36m>[31m
              [0mRisk Level[0m
            [36m</p>[31m
            [36m<p[31m
              [33mclass[31m=[32m"text-3xl font-bold capitalize text-green-600"[31m
            [36m>[31m
              [0mlow[0m
            [36m</p>[31m
          [36m</div>[31m
        [36m</div>[31m
      [36m</div>[31m
    [36m</div>[31m
  [36m</div>[31m
[36m</body>[31m

Ignored nodes: comments, script, style
[36m<html>[31m
  [36m<head />[31m
  [36m<body>[31m
    [36m<div>[31m
      [36m<div[31m
        [33mclass[31m=[32m"performance-analytics-card bg-white rounded-lg shadow-md p-6 mb-6"[31m
      [36m>[31m
        [36m<h3[31m
          [33mclass[31m=[32m"text-2xl font-bold text-gray-800 mb-6"[31m
        [36m>[31m
          [0mPerformance & Assessment Analytics[0m
        [36m</h3>[31m
        [36m<div[31m
          [33mclass[31m=[32m"overview grid grid-cols-2 md:grid-cols-4 gap-4 mb-6"[31m
        [36m>[31m
          [36m<div[31m
            [33mclass[31m=[32m"bg-blue-50 p-4 rounded-lg text-center"[31m
          [36m>[31m
            [36m<p[31m
              [33mclass[31m=[32m"text-sm text-gray-600 mb-1"[31m
            [36m>[31m
              [0mTotal Assessments[0m
            [36m</p>[31m
            [36m<p[31m
              [33mclass[31m=[32m"text-3xl font-bold text-blue-700"[31m
            [36m>[31m
              [0m25[0m
            [36m</p>[31m
          [36m</div>[31m
          [36m<div[31m
            [33mclass[31m=[32m"bg-green-50 p-4 rounded-lg text-center"[31m
          [36m>[31m
            [36m<p[31m
              [33mclass[31m=[32m"text-sm text-gray-600 mb-1"[31m
            [36m>[31m
              [0mAverage Score[0m
            [36m</p>[31m
            [36m<p[31m
              [33mclass[31m=[32m"text-3xl font-bold text-green-700"[31m
            [36m>[31m
              [0m78.5[0m
              [0m%[0m
            [36m</p>[31m
          [36m</div>[31m
          [36m<div[31m
            [33mclass[31m=[32m"bg-purple-50 p-4 rounded-lg text-center"[31m
          [36m>[31m
            [36m<p[31m
              [33mclass[31m=[32m"text-sm text-gray-600 mb-1"[31m
            [36m>[31m
              [0mPass Rate[0m
            [36m</p>[31m
            [36m<p[31m
              [33mclass[31m=[32m"text-3xl font-bold text-purple-700"[31m
            [36m>[31m
              [0m86.4[0m
              [0m%[0m
            [36m</p>[31m
          [36m</div>[31m
          [36m<div[31m
            [33mclass[31m=[32m"p-4 rounded-lg text-center text-green-600 bg-green-100"[31m
          [36m>[31m
            [36m<p[31m
              [33mclass[31m=[32m"text-sm mb-1"[31m
            [36m>[31m
              [0mTrend[0m
            [36m</p>[31m
            [36m<p[31m
              [33mclass[31m=[32m"text-2xl font-bold capitalize"[31m
            [36m>[31m
              [0mimproving[0m
            [36m</p>[31m
          [36m</div>[31m
        [36m</div>[31m
        [36m<div[31m
          [33mclass[31m=[32m"score-progression-chart bg-gradient-to-r from-blue-50 to-purple-50 p-5 rounded-lg mb-6"[31m
        [36m>[31m
          [36m<h4[31m
            [33mclass[31m=[32m"text-lg font-semibold text-gray-800 mb-4"[31m
          [36m>[31m
            [0m­ƒôê Score Progression[0m
          [36m</h4>[31m
          [36m<div[31m
            [33mclass[31m=[32m"relative h-48"[31m
          [36m>[31m
            [36m<svg[31m
              [33mclass[31m=[32m"w-full h-full"[31m
              [33mpreserveAspectRatio[31m=[32m"none"[31m
              [33mviewBox[31m=[32m"0 0 800 200"[31m
            [36m>[31m
              [36m<line[31m
                [33mstroke[31m=[32m"#e5e7eb"[31m
                [33mstroke-width[31m=[32m"1"[31m
                [33mx1[31m=[32m"0"[31m
                [33mx2[31m=[32m"800"[31m
                [33my1[31m=[32m"200"[31m
                [33my2[31m=[32m"200"[31m
              [36m/>[31m
              [36m<line[31m
                [33mstroke[31m=[32m"#e5e7eb"[31m
                [33mstroke-width[31m=[32m"1"[31m
                [33mx1[31m=[32m"0"[31m
                [33mx2[31m=[32m"800"[31m
                [33my1[31m=[32m"150"[31m
                [33my2[31m=[32m"150"[31m
              [36m/>[31m
              [36m<line[31m
                [33mstroke[31m=[32m"#e5e7eb"[31m
                [33mstroke-width[31m=[32m"1"[31m
                [33mx1[31m=[32m"0"[31m
                [33mx2[31m=[32m"800"[31m
                [33my1[31m=[32m"100"[31m
                [33my2[31m=[32m"100"[31m
              [36m/>[31m
              [36m<line[31m
                [33mstroke[31m=[32m"#e5e7eb"[31m
                [33mstroke-width[31m=[32m"1"[31m
                [33mx1[31m=[32m"0"[31m
                [33mx2[31m=[32m"800"[31m
                [33my1[31m=[32m"50"[31m
                [33my2[31m=[32m"50"[31m
              [36m/>[31m
              [36m<line[31m
                [33mstroke[31m=[32m"#e5e7eb"[31m
                [33mstroke-width[31m=[32m"1"[31m
                [33mx1[31m=[32m"0"[31m
                [33mx2[31m=[32m"800"[31m
                [33my1[31m=[32m"0"[31m
                [33my2[31m=[32m"0"[31m
              [36m/>[31m
              [36m<polyline[31m
                [33mfill[31m=[32m"none"[31m
                [33mpoints[31m=[32m"0,70 88.88888888888889,60 177.77777777777777,50 266.66666666666663,44 355.55555555555554,36 444.44444444444446,30 533.3333333333333,24 622.2222222222223,20 711.1111111111111,16 800,10"[31m
                [33mstroke[31m=[32m"#8b5cf6"[31m
                [33mstroke-width[31m=[32m"3"[31m
              [36m/>[31m
              [36m<circle[31m
                [33mcx[31m=[32m"0"[31m
                [33mcy[31m=[32m"70"[31m
                [33mfill[31m=[32m"#8b5cf6"[31m
                [33mr[31m=[32m"5"[31m
                [33mstroke[31m=[32m"white"[31m
                [33mstroke-width[31m=[32m"2"[31m
              [36m/>[31m
              [36m<circle[31m
                [33mcx[31m=[32m"88.88888888888889"[31m
                [33mcy[31m=[32m"60"[31m
                [33mfill[31m=[32m"#8b5cf6"[31m
                [33mr[31m=[32m"5"[31m
                [33mstroke[31m=[32m"white"[31m
                [33mstroke-width[31m=[32m"2"[31m
              [36m/>[31m
              [36m<circle[31m
                [33mcx[31m=[32m"177.77777777777777"[31m
                [33mcy[31m=[32m"50"[31m
                [33mfill[31m=[32m"#8b5cf6"[31m
                [33mr[31m=[32m"5"[31m
                [33mstroke[31m=[32m"white"[31m
                [33mstroke-width[31m=[32m"2"[31m
              [36m/>[31m
              [36m<circle[31m
                [33mcx[31m=[32m"266.66666666666663"[31m
                [33mcy[31m=[32m"44"[31m
                [33mfill[31m=[32m"#8b5cf6"[31m
                [33mr[31m=[32m"5"[31m
                [33mstroke[31m=[32m"white"[31m
                [33mstroke-width[31m=[32m"2"[31m
              [36m/>[31m
              [36m<circle[31m
                [33mcx[31m=[32m"355.55555555555554"[31m
                [33mcy[31m=[32m"36"[31m
                [33mfill[31m=[32m"#8b5cf6"[31m
                [33mr[31m=[32m"5"[31m
                [33mstroke[31m=[32m"white"[31m
                [33mstroke-width[31m=[32m"2"[31m
              [36m/>[31m
              [36m<circle[31m
                [33mcx[31m=[32m"444.44444444444446"[31m
                [33mcy[31m=[32m"30"[31m
                [33mfill[31m=[32m"#8b5cf6"[31m
                [33mr[31m=[32m"5"[31m
                [33mstroke[31m=[32m"white"[31m
                [33mstroke-width[31m=[32m"2"[31m
              [36m/>[31m
              [36m<circle[31m
                [33mcx[31m=[32m"533.3333333333333"[31m
                [33mcy[31m=[32m"24"[31m
                [33mfill[31m=[32m"#8b5cf6"[31m
                [33mr[31m=[32m"5"[31m
                [33mstroke[31m=[32m"white"[31m
                [33mstroke-width[31m=[32m"2"[31m
              [36m/>[31m
              [36m<circle[31m
                [33mcx[31m=[32m"622.2222222222223"[31m
                [33mcy[31m=[32m"20"[31m
                [33mfill[31m=[32m"#8b5cf6"[31m
                [33mr[31m=[32m"5"[31m
                [33mstroke[31m=[32m"white"[31m
                [33mstroke-width[31m=[32m"2"[31m
              [36m/>[31m
              [36m<circle[31m
                [33mcx[31m=[32m"711.1111111111111"[31m
                [33mcy[31m=[32m"16"[31m
                [33mfill[31m=[32m"#8b5cf6"[31m
                [33mr[31m=[32m"5"[31m
                [33mstroke[31m=[32m"white"[31m
                [33mstroke-width[31m=[32m"2"[31m
              [36m/>[31m
              [36m<circle[31m
                [33mcx[31m=[32m"800"[31m
                [33mcy[31m=[32m"10"[31m
                [33mfill[31m=[32m"#8b5cf6"[31m
                [33mr[31m=[32m"5"[31m
                [33mstroke[31m=[32m"white"[31m
                [33mstroke-width[31m=[32m"2"[31m
              [36m/>[31m
            [36m</svg>[31m
            [36m<div[31m
              [33mclass[31m=[32m"absolute left-0 top-0 h-full flex flex-col justify-between text-xs text-gray-600"[31m
            [36m>[31m
              [36m<span>[31m
                [0m100[0m
              [36m</span>[31m
              [36m<span>[31m
                [0m75[0m
              [36m</span>[31m
              [36m<span>[31m
                [0m50[0m
              [36m</span>[31m
              [36m<span>[31m
                [0m25[0m
              [36m</span>[31m
              [36m<span>[31m
                [0m0[0m
              [36m</span>[31m
            [36m</div>[31m
          [36m</div>[31m
          [36m<div[31m
            [33mclass[31m=[32m"flex justify-between text-xs text-gray-600 mt-2"[31m
          [36m>[31m
            [36m<span>[31m
              [0mOldest[0m
            [36m</span>[31m
            [36m<span>[31m
              [0mMost Recent[0m
            [36m</span>[31m
          [36m</div>[31m
        [36m</div>[31m
        [36m<div[31m
          [33mclass[31m=[32m"grid grid-cols-1 md:grid-cols-2 gap-4 mb-6"[31m
        [36m/>[31m
        [36m<div[31m
          [33mclass[31m=[32m"predictions bg-gradient-to-r from-purple-50 to-pink-50 p-5 rounded-lg"[31m
        [36m>[31m
          [36m<h4[31m
            [33mclass[31m=[32m"text-lg font-semibold text-gray-800 mb-4"[31m
          [36m>[31m
            [0m­ƒö« Predictive Insights[0m
          [36m</h4>[31m
          [36m<div[31m
            [33mclass[31m=[32m"grid grid-cols-1 md:grid-cols-3 gap-4"[31m
          [36m>[31m
            [36m<div[31m
              [33mclass[31m=[32m"bg-white p-4 rounded-lg text-center"[31m
            [36m>[31m
              [36m<p[31m
                [33mclass[31m=[32m"text-sm text-gray-600 mb-1"[31m
              [36m>[31m
                [0mProjected Next Score[0m
              [36m</p>[31m
              [36m<p[31m
                [33mclass[31m=[32m"text-4xl font-bold text-purple-700"[31m
              [36m>[31m
                [0m88[0m
                [0m%[0m
              [36m</p>[31m
            [36m</div>[31m
            [36m<div[31m
              [33mclass[31m=[32m"bg-white p-4 rounded-lg text-center"[31m
            [36m>[31m
              [36m<p[31m
                [33mclass[31m=[32m"text-sm text-gray-600 mb-1"[31m
              [36m>[31m
                [0mRisk Level[0m
              [36m</p>[31m
              [36m<p[31m
                [33mclass[31m=[32m"text-3xl font-bold capitalize text-green-600"[31m
              [36m>[31m
                [0mlow[0m
              [36m</p>[31m
            [36m</div>[31m
          [36m</div>[31m
        [36m</div>[31m
      [36m</div>[31m
    [36m</div>[31m
  [36m</body>[31m
[36m</html>[31m[39m
 [31m├ù[39m src/test/learner-analytics-components.test.jsx[2m > [22mAS-001 #6: ContentEffectiveness Component[2m > [22mshould render effectiveness by content type[33m 1018[2mms[22m[39m
[31m   ÔåÆ Found multiple elements with the text: /video/i

Here are the matching elements:

Ignored nodes: comments, script, style
[36m<span[31m
  [33mclass[31m=[32m"font-semibold text-gray-800 capitalize"[31m
[36m>[31m
  [0mvideo[0m
[36m</span>[31m

Ignored nodes: comments, script, style
[36m<span[31m
  [33mclass[31m=[32m"font-semibold text-gray-700 capitalize flex items-center gap-2"[31m
[36m>[31m
  [36m<span>[31m
    [0m­ƒÄÑ[0m
  [36m</span>[31m
  [0mvideo[0m
[36m</span>[31m

(If this is intentional, then use the `*AllBy*` variant of the query (like `queryAllByText`, `getAllByText`, or `findAllByText`)).

Ignored nodes: comments, script, style
[36m<body>[31m
  [36m<div>[31m
    [36m<div[31m
      [33mclass[31m=[32m"content-effectiveness-card bg-white rounded-lg shadow-md p-6 mb-6"[31m
    [36m>[31m
      [36m<div[31m
        [33mclass[31m=[32m"mb-6"[31m
      [36m>[31m
        [36m<h3[31m
          [33mclass[31m=[32m"text-2xl font-bold text-gray-800 mb-2"[31m
        [36m>[31m
          [0mCourse & Content Effectiveness[0m
        [36m</h3>[31m
      [36m</div>[31m
      [36m<div[31m
        [33mclass[31m=[32m"effectiveness-by-type mb-6"[31m
      [36m>[31m
        [36m<h4[31m
          [33mclass[31m=[32m"text-lg font-semibold text-gray-800 mb-4"[31m
        [36m>[31m
          [0m­ƒôè Effectiveness by Content Type[0m
        [36m</h4>[31m
        [36m<div[31m
          [33mclass[31m=[32m"grid grid-cols-1 md:grid-cols-2 lg:grid-cols-3 gap-4"[31m
        [36m>[31m
          [36m<div[31m
            [33mclass[31m=[32m"content-type-card bg-gradient-to-br from-red-50 to-red-100 border-red-200 border-2 p-5 rounded-lg"[31m
          [36m>[31m
            [36m<div[31m
              [33mclass[31m=[32m"flex items-center justify-between mb-3"[31m
            [36m>[31m
              [36m<div[31m
                [33mclass[31m=[32m"flex items-center gap-2"[31m
              [36m>[31m
                [36m<span[31m
                  [33mclass[31m=[32m"text-3xl"[31m
                [36m>[31m
                  [0m­ƒÄÑ[0m
                [36m</span>[31m
                [36m<span[31m
                  [33mclass[31m=[32m"font-semibold text-gray-800 capitalize"[31m
                [36m>[31m
                  [0mvideo[0m
                [36m</span>[31m
              [36m</div>[31m
              [36m<span[31m
                [33mclass[31m=[32m"text-2xl font-bold text-gray-800"[31m
              [36m>[31m
                [0m85.2[0m
              [36m</span>[31m
            [36m</div>[31m
            [36m<div[31m
              [33mclass[31m=[32m"relative w-full h-4 bg-white rounded-full overflow-hidden mb-2"[31m
            [36m>[31m
              [36m<div[31m
                [33mclass[31m=[32m"absolute top-0 left-0 h-full bg-gradient-to-r from-blue-400 to-purple-600 transition-all duration-500"[31m
                [33mstyle[31m=[32m"width: 85.2%;"[31m
              [36m/>[31m
            [36m</div>[31m
            [36m<p[31m
              [33mclass[31m=[32m"text-sm text-gray-600"[31m
            [36m>[31m
              [0m12[0m
              [0m items completed[0m
            [36m</p>[31m
          [36m</div>[31m
          [36m<div[31m
            [33mclass[31m=[32m"content-type-card bg-gradient-to-br from-purple-50 to-purple-100 border-purple-200 border-2 p-5 rounded-lg"[31m
          [36m>[31m
            [36m<div[31m
              [33mclass[31m=[32m"flex items-center justify-between mb-3"[31m
            [36m>[31m
              [36m<div[31m
                [33mclass[31m=[32m"flex items-center gap-2"[31m
              [36m>[31m
                [36m<span[31m
                  [33mclass[31m=[32m"text-3xl"[31m
                [36m>[31m
                  [0m­ƒÄ«[0m
                [36m</span>[31m
                [36m<span[31m
                  [33mclass[31m=[32m"font-semibold text-gray-800 capitalize"[31m
                [36m>[31m
                  [0minteractive[0m
                [36m</span>[31m
              [36m</div>[31m
              [36m<span[31m
                [33mclass[31m=[32m"text-2xl font-bold text-gray-800"[31m
              [36m>[31m
                [0m88.7[0m
              [36m</span>[31m
            [36m</div>[31m
            [36m<div[31m
              [33mclass[31m=[32m"relative w-full h-4 bg-white rounded-full overflow-hidden mb-2"[31m
            [36m>[31m
              [36m<div[31m
                [33mclass[31m=[32m"absolute top-0 left-0 h-full bg-gradient-to-r from-blue-400 to-purple-600 transition-all duration-500"[31m
                [33mstyle[31m=[32m"width: 88.7%;"[31m
              [36m/>[31m
            [36m</div>[31m
            [36m<p[31m
              [33mclass[31m=[32m"text-sm text-gray-600"[31m
            [36m>[31m
              [0m6[0m
              [0m items completed[0m
            [36m</p>[31m
          [36m</div>[31m
        [36m</div>[31m
      [36m</div>[31m
      [36m<div[31m
        [33mclass[31m=[32m"top-content mb-6"[31m
      [36m>[31m
        [36m<h4[31m
          [33mclass[31m=[32m"text-lg font-semibold text-gray-800 mb-4"[31m
        [36m>[31m
          [0mÔ¡É Top Performing Content[0m
        [36m</h4>[31m
        [36m<div[31m
          [33mclass[31m=[32m"space-y-3"[31m
        [36m>[31m
          [36m<div[31m
            [33mclass[31m=[32m"bg-gradient-to-r from-green-50 to-green-100 border-2 border-green-200 p-4 rounded-lg"[31m
          [36m>[31m
            [36m<div[31m
              [33mclass[31m=[32m"flex items-start justify-between"[31m
            [36m>[31m
              [36m<div[31m
                [33mclass[31m=[32m"flex-1"[31m
              [36m>[31m
                [36m<div[31m
                  [33mclass[31m=[32m"flex items-center gap-2 mb-1"[31m
                [36m>[31m
                  [36m<span[31m
                    [33mclass[31m=[32m"text-xl"[31m
                  [36m>[31m
                    [0m­ƒÄÑ[0m
                  [36m</span>[31m
                  [36m<h5[31m
                    [33mclass[31m=[32m"font-semibold text-gray-800"[31m
                  [36m>[31m
                    [0mReact Hooks Deep Dive[0m
                  [36m</h5>[31m
                [36m</div>[31m
                [36m<div[31m
                  [33mclass[31m=[32m"flex items-center gap-4 text-sm text-gray-600"[31m
                [36m>[31m
                  [36m<span>[31m
                    [0mScore: [0m
                    [0m92[0m
                    [0m%[0m
                  [36m</span>[31m
                [36m</div>[31m
              [36m</div>[31m
              [36m<div[31m
                [33mclass[31m=[32m"text-right"[31m
              [36m>[31m
                [36m<span[31m
                  [33mclass[31m=[32m"text-3xl font-bold text-green-700"[31m
                [36m>[31m
                  [0m92[0m
                [36m</span>[31m
              [36m</div>[31m
            [36m</div>[31m
          [36m</div>[31m
        [36m</div>[31m
      [36m</div>[31m
      [36m<div[31m
        [33mclass[31m=[32m"insights bg-gradient-to-r from-purple-50 to-pink-50 p-5 rounded-lg"[31m
      [36m>[31m
        [36m<h4[31m
          [33mclass[31m=[32m"text-lg font-semibold text-gray-800 mb-4"[31m
        [36m>[31m
          [0m­ƒÆí Actionable Insights[0m
        [36m</h4>[31m
        [36m<ul[31m
          [33mclass[31m=[32m"space-y-2"[31m
        [36m>[31m
          [36m<li[31m
            [33mclass[31m=[32m"flex items-start bg-white p-3 rounded-lg border border-purple-200"[31m
          [36m>[31m
            [36m<span[31m
              [33mclass[31m=[32m"flex-shrink-0 w-6 h-6 bg-purple-600 text-white rounded-full flex items-center justify-center text-xs font-bold mr-3 mt-0.5"[31m
            [36m>[31m
              [0m1[0m
            [36m</span>[31m
            [36m<span[31m
              [33mclass[31m=[32m"text-sm text-gray-700"[31m
            [36m>[31m
              [0mInteractive content leads to 10% higher scores[0m
            [36m</span>[31m
          [36m</li>[31m
        [36m</ul>[31m
      [36m</div>[31m
      [36m<div[31m
        [33mclass[31m=[32m"content-effectiveness-chart mt-6 bg-gray-50 p-5 rounded-lg"[31m
      [36m>[31m
        [36m<h4[31m
          [33mclass[31m=[32m"text-md font-semibold text-gray-700 mb-4"[31m
        [36m>[31m
          [0m­ƒôê Comparative View[0m
        [36m</h4>[31m
        [36m<div[31m
          [33mclass[31m=[32m"space-y-3"[31m
        [36m>[31m
          [36m<div>[31m
            [36m<div[31m
              [33mclass[31m=[32m"flex items-center justify-between text-sm mb-1"[31m
            [36m>[31m
              [36m<span[31m
                [33mclass[31m=[32m"font-semibold text-gray-700 capitalize flex items-center gap-2"[31m
              [36m>[31m
                [36m<span>[31m
                  [0m­ƒÄÑ[0m
                [36m</span>[31m
                [0mvideo[0m
              [36m</span>[31m
              [36m<span[31m
                [33mclass[31m=[32m"font-bold text-gray-800"[31m
              [36m>[31m
                [0m85.2[0m
                [0m%[0m
              [36m</span>[31m
            [36m</div>[31m
            [36m<div[31m
              [33mclass[31m=[32m"relative w-full h-3 bg-gray-200 rounded-full overflow-hidden"[31m
            [36m>[31m
              [36m<div[31m
                [33mclass[31m=[32m"absolute top-0 left-0 h-full bg-gradient-to-r from-purple-400 to-pink-600 transition-all duration-500"[31m
                [33mstyle[31m=[32m"width: 85.2%;"[31m
              [36m/>[31m
            [36m</div>[31m
          [36m</div>[31m
          [36m<div>[31m
            [36m<div[31m
              [33mclass[31m=[32m"flex items-center justify-between text-sm mb-1"[31m
            [36m>[31m
              [36m<span[31m
                [33mclass[31m=[32m"font-semibold text-gray-700 capitalize flex items-center gap-2"[31m
              [36m>[31m
                [36m<span>[31m
                  [0m­ƒÄ«[0m
                [36m</span>[31m
                [0minteractive[0m
              [36m</span>[31m
              [36m<span[31m
                [33mclass[31m=[32m"font-bold text-gray-800"[31m
              [36m>[31m
                [0m88.7[0m
                [0m%[0m
              [36m</span>[31m
            [36m</div>[31m
            [36m<div[31m
              [33mclass[31m=[32m"relative w-full h-3 bg-gray-200 rounded-full overflow-hidden"[31m
            [36m>[31m
              [36m<div[31m
                [33mclass[31m=[32m"absolute top-0 left-0 h-full bg-gradient-to-r from-purple-400 to-pink-600 transition-all duration-500"[31m
                [33mstyle[31m=[32m"width: 88.7%;"[31m
              [36m/>[31m
            [36m</div>[31m
          [36m</div>[31m
        [36m</div>[31m
      [36m</div>[31m
    [36m</div>[31m
  [36m</div>[31m
[36m</body>[31m

Ignored nodes: comments, script, style
[36m<html>[31m
  [36m<head />[31m
  [36m<body>[31m
    [36m<div>[31m
      [36m<div[31m
        [33mclass[31m=[32m"content-effectiveness-card bg-white rounded-lg shadow-md p-6 mb-6"[31m
      [36m>[31m
        [36m<div[31m
          [33mclass[31m=[32m"mb-6"[31m
        [36m>[31m
          [36m<h3[31m
            [33mclass[31m=[32m"text-2xl font-bold text-gray-800 mb-2"[31m
          [36m>[31m
            [0mCourse & Content Effectiveness[0m
          [36m</h3>[31m
        [36m</div>[31m
        [36m<div[31m
          [33mclass[31m=[32m"effectiveness-by-type mb-6"[31m
        [36m>[31m
          [36m<h4[31m
            [33mclass[31m=[32m"text-lg font-semibold text-gray-800 mb-4"[31m
          [36m>[31m
            [0m­ƒôè Effectiveness by Content Type[0m
          [36m</h4>[31m
          [36m<div[31m
            [33mclass[31m=[32m"grid grid-cols-1 md:grid-cols-2 lg:grid-cols-3 gap-4"[31m
          [36m>[31m
            [36m<div[31m
              [33mclass[31m=[32m"content-type-card bg-gradient-to-br from-red-50 to-red-100 border-red-200 border-2 p-5 rounded-lg"[31m
            [36m>[31m
              [36m<div[31m
                [33mclass[31m=[32m"flex items-center justify-between mb-3"[31m
              [36m>[31m
                [36m<div[31m
                  [33mclass[31m=[32m"flex items-center gap-2"[31m
                [36m>[31m
                  [36m<span[31m
                    [33mclass[31m=[32m"text-3xl"[31m
                  [36m>[31m
                    [0m­ƒÄÑ[0m
                  [36m</span>[31m
                  [36m<span[31m
                    [33mclass[31m=[32m"font-semibold text-gray-800 capitalize"[31m
                  [36m>[31m
                    [0mvideo[0m
                  [36m</span>[31m
                [36m</div>[31m
                [36m<span[31m
                  [33mclass[31m=[32m"text-2xl font-bold text-gray-800"[31m
                [36m>[31m
                  [0m85.2[0m
                [36m</span>[31m
              [36m</div>[31m
              [36m<div[31m
                [33mclass[31m=[32m"relative w-full h-4 bg-white rounded-full overflow-hidden mb-2"[31m
              [36m>[31m
                [36m<div[31m
                  [33mclass[31m=[32m"absolute top-0 left-0 h-full bg-gradient-to-r from-blue-400 to-purple-600 transition-all duration-500"[31m
                  [33mstyle[31m=[32m"width: 85.2%;"[31m
                [36m/>[31m
              [36m</div>[31m
              [36m<p[31m
                [33mclass[31m=[32m"text-sm text-gray-600"[31m
              [36m>[31m
                [0m12[0m
                [0m items completed[0m
              [36m</p>[31m
            [36m</div>[31m
            [36m<div[31m
              [33mclass[31m=[32m"content-type-card bg-gradient-to-br from-purple-50 to-purple-100 border-purple-200 border-2 p-5 rounded-lg"[31m
            [36m>[31m
              [36m<div[31m
                [33mclass[31m=[32m"flex items-center justify-between mb-3"[31m
              [36m>[31m
                [36m<div[31m
                  [33mclass[31m=[32m"flex items-center gap-2"[31m
                [36m>[31m
                  [36m<span[31m
                    [33mclass[31m=[32m"text-3xl"[31m
                  [36m>[31m
                    [0m­ƒÄ«[0m
                  [36m</span>[31m
                  [36m<span[31m
                    [33mclass[31m=[32m"font-semibold text-gray-800 capitalize"[31m
                  [36m>[31m
                    [0minteractive[0m
                  [36m</span>[31m
                [36m</div>[31m
                [36m<span[31m
                  [33mclass[31m=[32m"text-2xl font-bold text-gray-800"[31m
                [36m>[31m
                  [0m88.7[0m
                [36m</span>[31m
              [36m</div>[31m
              [36m<div[31m
                [33mclass[31m=[32m"relative w-full h-4 bg-white rounded-full overflow-hidden mb-2"[31m
              [36m>[31m
                [36m<div[31m
                  [33mclass[31m=[32m"absolute top-0 left-0 h-full bg-gradient-to-r from-blue-400 to-purple-600 transition-all duration-500"[31m
                  [33mstyle[31m=[32m"width: 88.7%;"[31m
                [36m/>[31m
              [36m</div>[31m
              [36m<p[31m
                [33mclass[31m=[32m"text-sm text-gray-600"[31m
              [36m>[31m
                [0m6[0m
                [0m items completed[0m
              [36m</p>[31m
            [36m</div>[31m
          [36m</div>[31m
        [36m</div>[31m
        [36m<div[31m
          [33mclass[31m=[32m"top-content mb-6"[31m
        [36m>[31m
          [36m<h4[31m
            [33mclass[31m=[32m"text-lg font-semibold text-gray-800 mb-4"[31m
          [36m>[31m
            [0mÔ¡É Top Performing Content[0m
          [36m</h4>[31m
          [36m<div[31m
            [33mclass[31m=[32m"space-y-3"[31m
          [36m>[31m
            [36m<div[31m
              [33mclass[31m=[32m"bg-gradient-to-r from-green-50 to-green-100 border-2 border-green-200 p-4 rounded-lg"[31m
            [36m>[31m
              [36m<div[31m
                [33mclass[31m=[32m"flex items-start justify-between"[31m
              [36m>[31m
                [36m<div[31m
                  [33mclass[31m=[32m"flex-1"[31m
                [36m>[31m
                  [36m<div[31m
                    [33mclass[31m=[32m"flex items-center gap-2 mb-1"[31m
                  [36m>[31m
                    [36m<span[31m
                      [33mclass[31m=[32m"text-xl"[31m
                    [36m>[31m
                      [0m­ƒÄÑ[0m
                    [36m</span>[31m
                    [36m<h5[31m
                      [33mclass[31m=[32m"font-semibold text-gray-800"[31m
                    [36m>[31m
                      [0mReact Hooks Deep Dive[0m
                    [36m</h5>[31m
                  [36m</div>[31m
                  [36m<div[31m
                    [33mclass[31m=[32m"flex items-center gap-4 text-sm text-gray-600"[31m
                  [36m>[31m
                    [36m<span>[31m
                      [0mScore: [0m
                      [0m92[0m
                      [0m%[0m
                    [36m</span>[31m
                  [36m</div>[31m
                [36m</div>[31m
                [36m<div[31m
                  [33mclass[31m=[32m"text-right"[31m
                [36m>[31m
                  [36m<span[31m
                    [33mclass[31m=[32m"text-3xl font-bold text-green-700"[31m
                  [36m>[31m
                    [0m92[0m
                  [36m</span>[31m
                [36m</div>[31m
              [36m</div>[31m
            [36m</div>[31m
          [36m</div>[31m
        [36m</div>[31m
        [36m<div[31m
          [33mclass[31m=[32m"insights bg-gradient-to-r from-purple-50 to-pink-50 p-5 rounded-lg"[31m
        [36m>[31m
          [36m<h4[31m
            [33mclass[31m=[32m"text-lg font-semibold text-gray-800 mb-4"[31m
          [36m>[31m
            [0m­ƒÆí Actionable Insights[0m
          [36m</h4>[31m
          [36m<ul[31m
            [33mclass[31m=[32m"space-y-2"[31m
          [36m>[31m
            [36m<li[31m
              [33mclass[31m=[32m"flex items-start bg-white p-3 rounded-lg border border-purple-200"[31m
            [36m>[31m
              [36m<span[31m
                [33mclass[31m=[32m"flex-shrink-0 w-6 h-6 bg-purple-600 text-white rounded-full flex items-center justify-center text-xs font-bold mr-3 mt-0.5"[31m
              [36m>[31m
                [0m1[0m
              [36m</span>[31m
              [36m<span[31m
                [33mclass[31m=[32m"text-sm text-gray-700"[31m
              [36m>[31m
                [0mInteractive content leads to 10% higher scores[0m
              [36m</span>[31m
            [36m</li>[31m
          [36m</ul>[31m
        [36m</div>[31m
        [36m<div[31m
          [33mclass[31m=[32m"content-effectiveness-chart mt-6 bg-gray-50 p-5 rounded-lg"[31m
        [36m>[31m
          [36m<h4[31m
            [33mclass[31m=[32m"text-md font-semibold text-gray-700 mb-4"[31m
          [36m>[31m
            [0m­ƒôê Comparative View[0m
          [36m</h4>[31m
          [36m<div[31m
            [33mclass[31m=[32m"space-y-3"[31m
          [36m>[31m
            [36m<div>[31m
              [36m<div[31m
                [33mclass[31m=[32m"flex items-center justify-between text-sm mb-1"[31m
              [36m>[31m
                [36m<span[31m
                  [33mclass[31m=[32m"font-semibold text-gray-700 capitalize flex items-center gap-2"[31m
                [36m>[31m
                  [36m<span>[31m
                    [0m­ƒÄÑ[0m
                  [36m</span>[31m
                  [0mvideo[0m
                [36m</span>[31m
                [36m<span[31m
                  [33mclass[31m=[32m"font-bold text-gray-800"[31m
                [36m>[31m
                  [0m85.2[0m
                  [0m%[0m
                [36m</span>[31m
              [36m</div>[31m
              [36m<div[31m
                [33mclass[31m=[32m"relative w-full h-3 bg-gray-200 rounded-full overflow-hidden"[31m
              [36m>[31m
                [36m<div[31m
                  [33mclass[31m=[32m"absolute top-0 left-0 h-full bg-gradient-to-r from-purple-400 to-pink-600 transition-all duration-500"[31m
                  [33mstyle[31m=[32m"width: 85.2%;"[31m
                [36m/>[31m
              [36m</div>[31m
            [36m</div>[31m
            [36m<div>[31m
              [36m<div[31m
                [33mclass[31m=[32m"flex items-center justify-between text-sm mb-1"[31m
              [36m>[31m
                [36m<span[31m
                  [33mclass[31m=[32m"font-semibold text-gray-700 capitalize flex items-center gap-2"[31m
                [36m>[31m
                  [36m<span>[31m
                    [0m­ƒÄ«[0m
                  [36m</span>[31m
                  [0minteractive[0m
                [36m</span>[31m
                [36m<span[31m
                  [33mclass[31m=[32m"font-bold text-gray-800"[31m
                [36m>[31m
                  [0m88.7[0m
                  [0m%[0m
                [36m</span>[31m
              [36m</div>[31m
              [36m<div[31m
                [33mclass[31m=[32m"relative w-full h-3 bg-gray-200 rounded-full overflow-hidden"[31m
              [36m>[31m
                [36m<div[31m
                  [33mclass[31m=[32m"absolute top-0 left-0 h-full bg-gradient-to-r from-purple-400 to-pink-600 transition-all duration-500"[31m
                  [33mstyle[31m=[32m"width: 88.7%;"[31m
                [36m/>[31m
              [36m</div>[31m
            [36m</div>[31m
          [36m</div>[31m
        [36m</div>[31m
      [36m</div>[31m
    [36m</div>[31m
  [36m</body>[31m
[36m</html>[31m[39m
 [31m├ù[39m src/test/learner-analytics-components.test.jsx[2m > [22mAS-001 #6: ContentEffectiveness Component[2m > [22mshould display top performing content[33m 1025[2mms[22m[39m
[31m   ÔåÆ Found multiple elements with the text: /92/

Here are the matching elements:

Ignored nodes: comments, script, style
[36m<span>[31m
  [0mScore: [0m
  [0m92[0m
  [0m%[0m
[36m</span>[31m

Ignored nodes: comments, script, style
[36m<span[31m
  [33mclass[31m=[32m"text-3xl font-bold text-green-700"[31m
[36m>[31m
  [0m92[0m
[36m</span>[31m

(If this is intentional, then use the `*AllBy*` variant of the query (like `queryAllByText`, `getAllByText`, or `findAllByText`)).

Ignored nodes: comments, script, style
[36m<body>[31m
  [36m<div>[31m
    [36m<div[31m
      [33mclass[31m=[32m"content-effectiveness-card bg-white rounded-lg shadow-md p-6 mb-6"[31m
    [36m>[31m
      [36m<div[31m
        [33mclass[31m=[32m"mb-6"[31m
      [36m>[31m
        [36m<h3[31m
          [33mclass[31m=[32m"text-2xl font-bold text-gray-800 mb-2"[31m
        [36m>[31m
          [0mCourse & Content Effectiveness[0m
        [36m</h3>[31m
      [36m</div>[31m
      [36m<div[31m
        [33mclass[31m=[32m"effectiveness-by-type mb-6"[31m
      [36m>[31m
        [36m<h4[31m
          [33mclass[31m=[32m"text-lg font-semibold text-gray-800 mb-4"[31m
        [36m>[31m
          [0m­ƒôè Effectiveness by Content Type[0m
        [36m</h4>[31m
        [36m<div[31m
          [33mclass[31m=[32m"grid grid-cols-1 md:grid-cols-2 lg:grid-cols-3 gap-4"[31m
        [36m>[31m
          [36m<div[31m
            [33mclass[31m=[32m"content-type-card bg-gradient-to-br from-red-50 to-red-100 border-red-200 border-2 p-5 rounded-lg"[31m
          [36m>[31m
            [36m<div[31m
              [33mclass[31m=[32m"flex items-center justify-between mb-3"[31m
            [36m>[31m
              [36m<div[31m
                [33mclass[31m=[32m"flex items-center gap-2"[31m
              [36m>[31m
                [36m<span[31m
                  [33mclass[31m=[32m"text-3xl"[31m
                [36m>[31m
                  [0m­ƒÄÑ[0m
                [36m</span>[31m
                [36m<span[31m
                  [33mclass[31m=[32m"font-semibold text-gray-800 capitalize"[31m
                [36m>[31m
                  [0mvideo[0m
                [36m</span>[31m
              [36m</div>[31m
              [36m<span[31m
                [33mclass[31m=[32m"text-2xl font-bold text-gray-800"[31m
              [36m>[31m
                [0m85.2[0m
              [36m</span>[31m
            [36m</div>[31m
            [36m<div[31m
              [33mclass[31m=[32m"relative w-full h-4 bg-white rounded-full overflow-hidden mb-2"[31m
            [36m>[31m
              [36m<div[31m
                [33mclass[31m=[32m"absolute top-0 left-0 h-full bg-gradient-to-r from-blue-400 to-purple-600 transition-all duration-500"[31m
                [33mstyle[31m=[32m"width: 85.2%;"[31m
              [36m/>[31m
            [36m</div>[31m
            [36m<p[31m
              [33mclass[31m=[32m"text-sm text-gray-600"[31m
            [36m>[31m
              [0m12[0m
              [0m items completed[0m
            [36m</p>[31m
          [36m</div>[31m
          [36m<div[31m
            [33mclass[31m=[32m"content-type-card bg-gradient-to-br from-purple-50 to-purple-100 border-purple-200 border-2 p-5 rounded-lg"[31m
          [36m>[31m
            [36m<div[31m
              [33mclass[31m=[32m"flex items-center justify-between mb-3"[31m
            [36m>[31m
              [36m<div[31m
                [33mclass[31m=[32m"flex items-center gap-2"[31m
              [36m>[31m
                [36m<span[31m
                  [33mclass[31m=[32m"text-3xl"[31m
                [36m>[31m
                  [0m­ƒÄ«[0m
                [36m</span>[31m
                [36m<span[31m
                  [33mclass[31m=[32m"font-semibold text-gray-800 capitalize"[31m
                [36m>[31m
                  [0minteractive[0m
                [36m</span>[31m
              [36m</div>[31m
              [36m<span[31m
                [33mclass[31m=[32m"text-2xl font-bold text-gray-800"[31m
              [36m>[31m
                [0m88.7[0m
              [36m</span>[31m
            [36m</div>[31m
            [36m<div[31m
              [33mclass[31m=[32m"relative w-full h-4 bg-white rounded-full overflow-hidden mb-2"[31m
            [36m>[31m
              [36m<div[31m
                [33mclass[31m=[32m"absolute top-0 left-0 h-full bg-gradient-to-r from-blue-400 to-purple-600 transition-all duration-500"[31m
                [33mstyle[31m=[32m"width: 88.7%;"[31m
              [36m/>[31m
            [36m</div>[31m
            [36m<p[31m
              [33mclass[31m=[32m"text-sm text-gray-600"[31m
            [36m>[31m
              [0m6[0m
              [0m items completed[0m
            [36m</p>[31m
          [36m</div>[31m
        [36m</div>[31m
      [36m</div>[31m
      [36m<div[31m
        [33mclass[31m=[32m"top-content mb-6"[31m
      [36m>[31m
        [36m<h4[31m
          [33mclass[31m=[32m"text-lg font-semibold text-gray-800 mb-4"[31m
        [36m>[31m
          [0mÔ¡É Top Performing Content[0m
        [36m</h4>[31m
        [36m<div[31m
          [33mclass[31m=[32m"space-y-3"[31m
        [36m>[31m
          [36m<div[31m
            [33mclass[31m=[32m"bg-gradient-to-r from-green-50 to-green-100 border-2 border-green-200 p-4 rounded-lg"[31m
          [36m>[31m
            [36m<div[31m
              [33mclass[31m=[32m"flex items-start justify-between"[31m
            [36m>[31m
              [36m<div[31m
                [33mclass[31m=[32m"flex-1"[31m
              [36m>[31m
                [36m<div[31m
                  [33mclass[31m=[32m"flex items-center gap-2 mb-1"[31m
                [36m>[31m
                  [36m<span[31m
                    [33mclass[31m=[32m"text-xl"[31m
                  [36m>[31m
                    [0m­ƒÄÑ[0m
                  [36m</span>[31m
                  [36m<h5[31m
                    [33mclass[31m=[32m"font-semibold text-gray-800"[31m
                  [36m>[31m
                    [0mReact Hooks Deep Dive[0m
                  [36m</h5>[31m
                [36m</div>[31m
                [36m<div[31m
                  [33mclass[31m=[32m"flex items-center gap-4 text-sm text-gray-600"[31m
                [36m>[31m
                  [36m<span>[31m
                    [0mScore: [0m
                    [0m92[0m
                    [0m%[0m
                  [36m</span>[31m
                [36m</div>[31m
              [36m</div>[31m
              [36m<div[31m
                [33mclass[31m=[32m"text-right"[31m
              [36m>[31m
                [36m<span[31m
                  [33mclass[31m=[32m"text-3xl font-bold text-green-700"[31m
                [36m>[31m
                  [0m92[0m
                [36m</span>[31m
              [36m</div>[31m
            [36m</div>[31m
          [36m</div>[31m
        [36m</div>[31m
      [36m</div>[31m
      [36m<div[31m
        [33mclass[31m=[32m"insights bg-gradient-to-r from-purple-50 to-pink-50 p-5 rounded-lg"[31m
      [36m>[31m
        [36m<h4[31m
          [33mclass[31m=[32m"text-lg font-semibold text-gray-800 mb-4"[31m
        [36m>[31m
          [0m­ƒÆí Actionable Insights[0m
        [36m</h4>[31m
        [36m<ul[31m
          [33mclass[31m=[32m"space-y-2"[31m
        [36m>[31m
          [36m<li[31m
            [33mclass[31m=[32m"flex items-start bg-white p-3 rounded-lg border border-purple-200"[31m
          [36m>[31m
            [36m<span[31m
              [33mclass[31m=[32m"flex-shrink-0 w-6 h-6 bg-purple-600 text-white rounded-full flex items-center justify-center text-xs font-bold mr-3 mt-0.5"[31m
            [36m>[31m
              [0m1[0m
            [36m</span>[31m
            [36m<span[31m
              [33mclass[31m=[32m"text-sm text-gray-700"[31m
            [36m>[31m
              [0mInteractive content leads to 10% higher scores[0m
            [36m</span>[31m
          [36m</li>[31m
        [36m</ul>[31m
      [36m</div>[31m
      [36m<div[31m
        [33mclass[31m=[32m"content-effectiveness-chart mt-6 bg-gray-50 p-5 rounded-lg"[31m
      [36m>[31m
        [36m<h4[31m
          [33mclass[31m=[32m"text-md font-semibold text-gray-700 mb-4"[31m
        [36m>[31m
          [0m­ƒôê Comparative View[0m
        [36m</h4>[31m
        [36m<div[31m
          [33mclass[31m=[32m"space-y-3"[31m
        [36m>[31m
          [36m<div>[31m
            [36m<div[31m
              [33mclass[31m=[32m"flex items-center justify-between text-sm mb-1"[31m
            [36m>[31m
              [36m<span[31m
                [33mclass[31m=[32m"font-semibold text-gray-700 capitalize flex items-center gap-2"[31m
              [36m>[31m
                [36m<span>[31m
                  [0m­ƒÄÑ[0m
                [36m</span>[31m
                [0mvideo[0m
              [36m</span>[31m
              [36m<span[31m
                [33mclass[31m=[32m"font-bold text-gray-800"[31m
              [36m>[31m
                [0m85.2[0m
                [0m%[0m
              [36m</span>[31m
            [36m</div>[31m
            [36m<div[31m
              [33mclass[31m=[32m"relative w-full h-3 bg-gray-200 rounded-full overflow-hidden"[31m
            [36m>[31m
              [36m<div[31m
                [33mclass[31m=[32m"absolute top-0 left-0 h-full bg-gradient-to-r from-purple-400 to-pink-600 transition-all duration-500"[31m
                [33mstyle[31m=[32m"width: 85.2%;"[31m
              [36m/>[31m
            [36m</div>[31m
          [36m</div>[31m
          [36m<div>[31m
            [36m<div[31m
              [33mclass[31m=[32m"flex items-center justify-between text-sm mb-1"[31m
            [36m>[31m
              [36m<span[31m
                [33mclass[31m=[32m"font-semibold text-gray-700 capitalize flex items-center gap-2"[31m
              [36m>[31m
                [36m<span>[31m
                  [0m­ƒÄ«[0m
                [36m</span>[31m
                [0minteractive[0m
              [36m</span>[31m
              [36m<span[31m
                [33mclass[31m=[32m"font-bold text-gray-800"[31m
              [36m>[31m
                [0m88.7[0m
                [0m%[0m
              [36m</span>[31m
            [36m</div>[31m
            [36m<div[31m
              [33mclass[31m=[32m"relative w-full h-3 bg-gray-200 rounded-full overflow-hidden"[31m
            [36m>[31m
              [36m<div[31m
                [33mclass[31m=[32m"absolute top-0 left-0 h-full bg-gradient-to-r from-purple-400 to-pink-600 transition-all duration-500"[31m
                [33mstyle[31m=[32m"width: 88.7%;"[31m
              [36m/>[31m
            [36m</div>[31m
          [36m</div>[31m
        [36m</div>[31m
      [36m</div>[31m
    [36m</div>[31m
  [36m</div>[31m
[36m</body>[31m

Ignored nodes: comments, script, style
[36m<html>[31m
  [36m<head />[31m
  [36m<body>[31m
    [36m<div>[31m
      [36m<div[31m
        [33mclass[31m=[32m"content-effectiveness-card bg-white rounded-lg shadow-md p-6 mb-6"[31m
      [36m>[31m
        [36m<div[31m
          [33mclass[31m=[32m"mb-6"[31m
        [36m>[31m
          [36m<h3[31m
            [33mclass[31m=[32m"text-2xl font-bold text-gray-800 mb-2"[31m
          [36m>[31m
            [0mCourse & Content Effectiveness[0m
          [36m</h3>[31m
        [36m</div>[31m
        [36m<div[31m
          [33mclass[31m=[32m"effectiveness-by-type mb-6"[31m
        [36m>[31m
          [36m<h4[31m
            [33mclass[31m=[32m"text-lg font-semibold text-gray-800 mb-4"[31m
          [36m>[31m
            [0m­ƒôè Effectiveness by Content Type[0m
          [36m</h4>[31m
          [36m<div[31m
            [33mclass[31m=[32m"grid grid-cols-1 md:grid-cols-2 lg:grid-cols-3 gap-4"[31m
          [36m>[31m
            [36m<div[31m
              [33mclass[31m=[32m"content-type-card bg-gradient-to-br from-red-50 to-red-100 border-red-200 border-2 p-5 rounded-lg"[31m
            [36m>[31m
              [36m<div[31m
                [33mclass[31m=[32m"flex items-center justify-between mb-3"[31m
              [36m>[31m
                [36m<div[31m
                  [33mclass[31m=[32m"flex items-center gap-2"[31m
                [36m>[31m
                  [36m<span[31m
                    [33mclass[31m=[32m"text-3xl"[31m
                  [36m>[31m
                    [0m­ƒÄÑ[0m
                  [36m</span>[31m
                  [36m<span[31m
                    [33mclass[31m=[32m"font-semibold text-gray-800 capitalize"[31m
                  [36m>[31m
                    [0mvideo[0m
                  [36m</span>[31m
                [36m</div>[31m
                [36m<span[31m
                  [33mclass[31m=[32m"text-2xl font-bold text-gray-800"[31m
                [36m>[31m
                  [0m85.2[0m
                [36m</span>[31m
              [36m</div>[31m
              [36m<div[31m
                [33mclass[31m=[32m"relative w-full h-4 bg-white rounded-full overflow-hidden mb-2"[31m
              [36m>[31m
                [36m<div[31m
                  [33mclass[31m=[32m"absolute top-0 left-0 h-full bg-gradient-to-r from-blue-400 to-purple-600 transition-all duration-500"[31m
                  [33mstyle[31m=[32m"width: 85.2%;"[31m
                [36m/>[31m
              [36m</div>[31m
              [36m<p[31m
                [33mclass[31m=[32m"text-sm text-gray-600"[31m
              [36m>[31m
                [0m12[0m
                [0m items completed[0m
              [36m</p>[31m
            [36m</div>[31m
            [36m<div[31m
              [33mclass[31m=[32m"content-type-card bg-gradient-to-br from-purple-50 to-purple-100 border-purple-200 border-2 p-5 rounded-lg"[31m
            [36m>[31m
              [36m<div[31m
                [33mclass[31m=[32m"flex items-center justify-between mb-3"[31m
              [36m>[31m
                [36m<div[31m
                  [33mclass[31m=[32m"flex items-center gap-2"[31m
                [36m>[31m
                  [36m<span[31m
                    [33mclass[31m=[32m"text-3xl"[31m
                  [36m>[31m
                    [0m­ƒÄ«[0m
                  [36m</span>[31m
                  [36m<span[31m
                    [33mclass[31m=[32m"font-semibold text-gray-800 capitalize"[31m
                  [36m>[31m
                    [0minteractive[0m
                  [36m</span>[31m
                [36m</div>[31m
                [36m<span[31m
                  [33mclass[31m=[32m"text-2xl font-bold text-gray-800"[31m
                [36m>[31m
                  [0m88.7[0m
                [36m</span>[31m
              [36m</div>[31m
              [36m<div[31m
                [33mclass[31m=[32m"relative w-full h-4 bg-white rounded-full overflow-hidden mb-2"[31m
              [36m>[31m
                [36m<div[31m
                  [33mclass[31m=[32m"absolute top-0 left-0 h-full bg-gradient-to-r from-blue-400 to-purple-600 transition-all duration-500"[31m
                  [33mstyle[31m=[32m"width: 88.7%;"[31m
                [36m/>[31m
              [36m</div>[31m
              [36m<p[31m
                [33mclass[31m=[32m"text-sm text-gray-600"[31m
              [36m>[31m
                [0m6[0m
                [0m items completed[0m
              [36m</p>[31m
            [36m</div>[31m
          [36m</div>[31m
        [36m</div>[31m
        [36m<div[31m
          [33mclass[31m=[32m"top-content mb-6"[31m
        [36m>[31m
          [36m<h4[31m
            [33mclass[31m=[32m"text-lg font-semibold text-gray-800 mb-4"[31m
          [36m>[31m
            [0mÔ¡É Top Performing Content[0m
          [36m</h4>[31m
          [36m<div[31m
            [33mclass[31m=[32m"space-y-3"[31m
          [36m>[31m
            [36m<div[31m
              [33mclass[31m=[32m"bg-gradient-to-r from-green-50 to-green-100 border-2 border-green-200 p-4 rounded-lg"[31m
            [36m>[31m
              [36m<div[31m
                [33mclass[31m=[32m"flex items-start justify-between"[31m
              [36m>[31m
                [36m<div[31m
                  [33mclass[31m=[32m"flex-1"[31m
                [36m>[31m
                  [36m<div[31m
                    [33mclass[31m=[32m"flex items-center gap-2 mb-1"[31m
                  [36m>[31m
                    [36m<span[31m
                      [33mclass[31m=[32m"text-xl"[31m
                    [36m>[31m
                      [0m­ƒÄÑ[0m
                    [36m</span>[31m
                    [36m<h5[31m
                      [33mclass[31m=[32m"font-semibold text-gray-800"[31m
                    [36m>[31m
                      [0mReact Hooks Deep Dive[0m
                    [36m</h5>[31m
                  [36m</div>[31m
                  [36m<div[31m
                    [33mclass[31m=[32m"flex items-center gap-4 text-sm text-gray-600"[31m
                  [36m>[31m
                    [36m<span>[31m
                      [0mScore: [0m
                      [0m92[0m
                      [0m%[0m
                    [36m</span>[31m
                  [36m</div>[31m
                [36m</div>[31m
                [36m<div[31m
                  [33mclass[31m=[32m"text-right"[31m
                [36m>[31m
                  [36m<span[31m
                    [33mclass[31m=[32m"text-3xl font-bold text-green-700"[31m
                  [36m>[31m
                    [0m92[0m
                  [36m</span>[31m
                [36m</div>[31m
              [36m</div>[31m
            [36m</div>[31m
          [36m</div>[31m
        [36m</div>[31m
        [36m<div[31m
          [33mclass[31m=[32m"insights bg-gradient-to-r from-purple-50 to-pink-50 p-5 rounded-lg"[31m
        [36m>[31m
          [36m<h4[31m
            [33mclass[31m=[32m"text-lg font-semibold text-gray-800 mb-4"[31m
          [36m>[31m
            [0m­ƒÆí Actionable Insights[0m
          [36m</h4>[31m
          [36m<ul[31m
            [33mclass[31m=[32m"space-y-2"[31m
          [36m>[31m
            [36m<li[31m
              [33mclass[31m=[32m"flex items-start bg-white p-3 rounded-lg border border-purple-200"[31m
            [36m>[31m
              [36m<span[31m
                [33mclass[31m=[32m"flex-shrink-0 w-6 h-6 bg-purple-600 text-white rounded-full flex items-center justify-center text-xs font-bold mr-3 mt-0.5"[31m
              [36m>[31m
                [0m1[0m
              [36m</span>[31m
              [36m<span[31m
                [33mclass[31m=[32m"text-sm text-gray-700"[31m
              [36m>[31m
                [0mInteractive content leads to 10% higher scores[0m
              [36m</span>[31m
            [36m</li>[31m
          [36m</ul>[31m
        [36m</div>[31m
        [36m<div[31m
          [33mclass[31m=[32m"content-effectiveness-chart mt-6 bg-gray-50 p-5 rounded-lg"[31m
        [36m>[31m
          [36m<h4[31m
            [33mclass[31m=[32m"text-md font-semibold text-gray-700 mb-4"[31m
          [36m>[31m
            [0m­ƒôê Comparative View[0m
          [36m</h4>[31m
          [36m<div[31m
            [33mclass[31m=[32m"space-y-3"[31m
          [36m>[31m
            [36m<div>[31m
              [36m<div[31m
                [33mclass[31m=[32m"flex items-center justify-between text-sm mb-1"[31m
              [36m>[31m
                [36m<span[31m
                  [33mclass[31m=[32m"font-semibold text-gray-700 capitalize flex items-center gap-2"[31m
                [36m>[31m
                  [36m<span>[31m
                    [0m­ƒÄÑ[0m
                  [36m</span>[31m
                  [0mvideo[0m
                [36m</span>[31m
                [36m<span[31m
                  [33mclass[31m=[32m"font-bold text-gray-800"[31m
                [36m>[31m
                  [0m85.2[0m
                  [0m%[0m
                [36m</span>[31m
              [36m</div>[31m
              [36m<div[31m
                [33mclass[31m=[32m"relative w-full h-3 bg-gray-200 rounded-full overflow-hidden"[31m
              [36m>[31m
                [36m<div[31m
                  [33mclass[31m=[32m"absolute top-0 left-0 h-full bg-gradient-to-r from-purple-400 to-pink-600 transition-all duration-500"[31m
                  [33mstyle[31m=[32m"width: 85.2%;"[31m
                [36m/>[31m
              [36m</div>[31m
            [36m</div>[31m
            [36m<div>[31m
              [36m<div[31m
                [33mclass[31m=[32m"flex items-center justify-between text-sm mb-1"[31m
              [36m>[31m
                [36m<span[31m
                  [33mclass[31m=[32m"font-semibold text-gray-700 capitalize flex items-center gap-2"[31m
                [36m>[31m
                  [36m<span>[31m
                    [0m­ƒÄ«[0m
                  [36m</span>[31m
                  [0minteractive[0m
                [36m</span>[31m
                [36m<span[31m
                  [33mclass[31m=[32m"font-bold text-gray-800"[31m
                [36m>[31m
                  [0m88.7[0m
                  [0m%[0m
                [36m</span>[31m
              [36m</div>[31m
              [36m<div[31m
                [33mclass[31m=[32m"relative w-full h-3 bg-gray-200 rounded-full overflow-hidden"[31m
              [36m>[31m
                [36m<div[31m
                  [33mclass[31m=[32m"absolute top-0 left-0 h-full bg-gradient-to-r from-purple-400 to-pink-600 transition-all duration-500"[31m
                  [33mstyle[31m=[32m"width: 88.7%;"[31m
                [36m/>[31m
              [36m</div>[31m
            [36m</div>[31m
          [36m</div>[31m
        [36m</div>[31m
      [36m</div>[31m
    [36m</div>[31m
  [36m</body>[31m
[36m</html>[31m[39m
 [32mÔ£ô[39m src/test/learner-analytics-components.test.jsx[2m > [22mAS-001 #6: ContentEffectiveness Component[2m > [22mshould show actionable insights
 [32mÔ£ô[39m src/test/learner-analytics-components.test.jsx[2m > [22mAS-001 #6: ContentEffectiveness Component[2m > [22mshould render content type comparison chart
 [32mÔ£ô[39m src/test/learner-analytics-components.test.jsx[2m > [22mIntegration: All Learner Analytics Components[2m > [22mshould render all components together without conflicts

node.exe : [31mÔÄ»ÔÄ»ÔÄ»ÔÄ»ÔÄ»ÔÄ»[1m[7m Failed Tests 11 
[27m[22mÔÄ»ÔÄ»ÔÄ»ÔÄ»ÔÄ»ÔÄ»ÔÄ»[39m
At line:1 char:1
+ & "C:\Program Files\nodejs/node.exe" "C:\Program 
Files\nodejs/node_mo ...
+ ~~~~~~~~~~~~~~~~~~~~~~~~~~~~~~~~~~~~~~~~~~~~~~~~~~~~~~~~~~~~~~~~~~
~~~
    + CategoryInfo          : NotSpecified: ([31mÔÄ»ÔÄ»ÔÄ»Ô...»ÔÄ» 
   ÔÄ»ÔÄ»[39m:String) [], RemoteException
    + FullyQualifiedErrorId : NativeCommandError
 

[31m[1m[7m FAIL [27m[22m[39m 
src/test/learner-analytics-components.test.jsx[2m > [22mAS-001 
#1: LearnerVelocity Component[2m > [22mshould render loading 
state initially
[31m[1mTestingLibraryElementError[22m: Unable to find an element 
with the text: /loading/i. This could be because the text is broken 
up by multiple elements. In this case, you can provide a function 
for your text matcher to make your matcher more flexible.

Ignored nodes: comments, script, style
[36m<body>[31m
  [36m<div>[31m
    [36m<div[31m
      [33mclass[31m=[32m"learner-velocity-card bg-gray-50"[31m
    [36m>[31m
      [36m<p[31m
        [33mclass[31m=[32m"text-gray-600"[31m
      [36m>[31m
        [0mNo velocity data available[0m
      [36m</p>[31m
    [36m</div>[31m
  [36m</div>[31m
[36m</body>[31m[39m
[90m [2mÔØ»[22m Object.getElementError node_modules/@testing-libr
ary/react/node_modules/@testing-library/dom/dist/config.js:[2m37:19
[22m[39m
[90m [2mÔØ»[22m node_modules/@testing-library/react/node_modules/
@testing-library/dom/dist/query-helpers.js:[2m76:38[22m[39m
[90m [2mÔØ»[22m node_modules/@testing-library/react/node_modules/
@testing-library/dom/dist/query-helpers.js:[2m52:17[22m[39m
[90m [2mÔØ»[22m node_modules/@testing-library/react/node_modules/
@testing-library/dom/dist/query-helpers.js:[2m95:19[22m[39m
[36m [2mÔØ»[22m 
src/test/learner-analytics-components.test.jsx:[2m193:19[22m[39m
    [90m191| [39m  [34mit[39m([32m'should render loading state 
initially'[39m[33m,[39m () [33m=>[39m {
    [90m192| [39m    
[34mrenderWithRouter[39m([33m<[39m[33mLearnerVelocity[39m 
[33muserId[39m[33m=[39m[32m"user-123"[39m 
[33m/[39m[33m>[39m)
    [90m193| [39m    [34mexpect[39m(screen[33m.[39m[34mgetByT
ext[39m([36m/loading/i[39m))[33m.[39m[34mtoBeInTheDocument[39
m()
    [90m   | [39m                  [31m^[39m
    [90m194| [39m  })
    [90m195| [39m

[31m[2mÔÄ»ÔÄ»ÔÄ»ÔÄ»ÔÄ»ÔÄ»ÔÄ»ÔÄ»ÔÄ»ÔÄ»ÔÄ»ÔÄ»ÔÄ»ÔÄ»ÔÄ»ÔÄ»ÔÄ»ÔÄ»ÔÄ»ÔÄ
»ÔÄ»ÔÄ»ÔÄ»[1/11]ÔÄ»[22m[39m

[31m[1m[7m FAIL [27m[22m[39m 
src/test/learner-analytics-components.test.jsx[2m > [22mAS-001 
#1: LearnerVelocity Component[2m > [22mshould display predictions 
with completion date
[31m[1mTestingLibraryElementError[22m[39m: Unable to find an 
element with the text: /2025-02-15/. This could be because the text 
is broken up by multiple elements. In this case, you can provide a 
function for your text matcher to make your matcher more flexible.

Ignored nodes: comments, script, style
[36m<body>[39m
  [36m<div>[39m
    [36m<div[39m
      [33mclass[39m=[32m"learner-velocity-card bg-white 
rounded-lg shadow-md p-6 mb-6"[39m
    [36m>[39m
      [36m<div[39m
        [33mclass[39m=[32m"flex items-center justify-between 
mb-6"[39m
      [36m>[39m
        [36m<h3[39m
          [33mclass[39m=[32m"text-2xl font-bold 
text-gray-800"[39m
        [36m>[39m
          [0mLearning Velocity & Momentum[0m
        [36m</h3>[39m
        [36m<div[39m
          [33mclass[39m=[32m"px-4 py-2 rounded-full 
font-semibold trend-accelerating text-green-600 bg-green-50"[39m
        [36m>[39m
          [0mAccelerating[0m
          [0m ([0m
          [0m+[0m
          [0m38.9[0m
          [0m%)[0m
        [36m</div>[39m
      [36m</div>[39m
      [36m<div[39m
        [33mclass[39m=[32m"grid grid-cols-1 md:grid-cols-3 gap-4 
mb-6"[39m
      [36m>[39m
        [36m<div[39m
          [33mclass[39m=[32m"stat-card bg-gradient-to-br 
from-blue-50 to-blue-100 p-4 rounded-lg"[39m
        [36m>[39m
          [36m<p[39m
            [33mclass[39m=[32m"text-sm text-gray-600 mb-1"[39m
          [36m>[39m
            [0mCurrent Pace[0m
          [36m</p>[39m
          [36m<p[39m
            [33mclass[39m=[32m"text-3xl font-bold 
text-blue-700"[39m
          [36m>[39m
            [0m2.5[0m
          [36m</p>[39m
          [36m<p[39m
            [33mclass[39m=[32m"text-xs text-gray-500 mt-1"[39m
          [36m>[39m
            [0mtopics/week[0m
          [36m</p>[39m
        [36m</div>[39m
        [36m<div[39m
          [33mclass[39m=[32m"stat-card bg-gradient-to-br 
from-gray-50 to-gray-100 p-4 rounded-lg"[39m
        [36m>[39m
          [36m<p[39m
            [33mclass[39m=[32m"text-sm text-gray-600 mb-1"[39m
          [36m>[39m
            [0mAverage Pace[0m
          [36m</p>[39m
          [36m<p[39m
            [33mclass[39m=[32m"text-3xl font-bold 
text-gray-700"[39m
          [36m>[39m
            [0m1.8[0m
          [36m</p>[39m
          [36m<p[39m
            [33mclass[39m=[32m"text-xs text-gray-500 mt-1"[39m
          [36m>[39m
            [0mtopics/week[0m
          [36m</p>[39m
        [36m</div>[39m
        [36m<div[39m
          [33mclass[39m=[32m"stat-card p-4 rounded-lg 
text-green-600 bg-green-50"[39m
        [36m>[39m
          [36m<p[39m
            [33mclass[39m=[32m"text-sm mb-1"[39m
          [36m>[39m
            [0mGoal Status[0m
          [36m</p>[39m
          [36m<p[39m
            [33mclass[39m=[32m"text-3xl font-bold"[39m
          [36m>[39m
            [0mAHEAD[0m
          [36m</p>[39m
          [36m<p[39m
            [33mclass[39m=[32m"text-xs mt-1"[39m
          [36m>[39m
            [0m+[0m
            [0m25[0m
            [0m% vs target[0m
          [36m</p>[39m
        [36m</div>[39m
      [36m</div>[39m
      [36m<div[39m
        [33mclass[39m=[32m"predictions-section bg-gradient-to-r 
from-purple-50 to-pink-50 p-5 rounded-lg mb-6"[39m
      [36m>[39m
        [36m<h4[39m
          [33mclass[39m=[32m"text-lg font-semibold text-gray-800 
mb-3"[39m
        [36m>[39m
          [0m­ƒôà Completion Predictions[0m
        [36m</h4>[39m
        [36m<div[39m
          [33mclass[39m=[32m"grid grid-cols-1 md:grid-cols-2 
gap-4"[39m
        [36m>[39m
          [36m<div>[39m
            [36m<p[39m
              [33mclass[39m=[32m"text-sm text-gray-600"[39m
            [36m>[39m
              [0mRemaining Topics[0m
            [36m</p>[39m
            [36m<p[39m
              [33mclass[39m=[32m"text-2xl font-bold 
text-purple-700"[39m
            [36m>[39m
              [0m15[0m
            [36m</p>[39m
          [36m</div>[39m
          [36m<div>[39m
            [36m<p[39m
              [33mclass[39m=[32m"text-sm text-gray-600"[39m
            [36m>[39m
              [0mEstimated Time[0m
            [36m</p>[39m
            [36m<p[39m
              [33mclass[39m=[32m"text-2xl font-bold 
text-purple-700"[39m
            [36m>[39m
              [0m6[0m
              [0m weeks[0m
            [36m</p>[39m
          [36m</div>[39m
          [36m<div>[39m
            [36m<p[39m
              [33mclass[39m=[32m"text-sm text-gray-600"[39m
            [36m>[39m
              [0mPredicted Completion[0m
            [36m</p>[39m
            [36m<p[39m
              [33mclass[39m=[32m"text-lg font-semibold 
text-gray-800"[39m
            [36m>[39m
              [0m15/02/2025[0m
            [36m</p>[39m
          [36m</div>[39m
          [36m<div>[39m
            [36m<p[39m
              [33mclass[39m=[32m"text-sm text-gray-600"[39m
            [36m>[39m
              [0mTarget Date[0m
            [36m</p>[39m
            [36m<p[39m
              [33mclass[39m=[32m"text-lg font-semibold 
text-gray-800"[39m
            [36m>[39m
              [0m01/03/2025[0m
            [36m</p>[39m
          [36m</div>[39m
        [36m</div>[39m
        [36m<div[39m
          [33mclass[39m=[32m"mt-3"[39m
        [36m>[39m
          [36m<div[39m
            [33mclass[39m=[32m"flex items-center 
text-green-700"[39m
          [36m>[39m
            [36m<svg[39m
              [33mclass[39m=[32m"w-5 h-5 mr-2"[39m
              [33mfill[39m=[32m"currentColor"[39m
              [33mviewBox[39m=[32m"0 0 20 20"[39m
            [36m>[39m
              [36m<path[39m
                [33mclip-rule[39m=[32m"evenodd"[39m
                [33md[39m=[32m"M10 18a8 8 0 100-16 8 8 0 000 
16zm3.707-9.293a1 1 0 00-1.414-1.414L9 10.586 7.707 9.293a1 1 0 
00-1.414 1.414l2 2a1 1 0 001.414 0l4-4z"[39m
                [33mfill-rule[39m=[32m"evenodd"[39m
              [36m/>[39m
            [36m</svg>[39m
            [36m<span[39m
              [33mclass[39m=[32m"font-semibold"[39m
            [36m>[39m
              [0mOn Track to meet target![0m
            [36m</span>[39m
          [36m</div>[39m
        [36m</div>[39m
      [36m</div>[39m
      [36m<div[39m
        [33mclass[39m=[32m"momentum-section bg-gradient-to-r 
from-yellow-50 to-orange-50 p-5 rounded-lg"[39m
      [36m>[39m
        [36m<h4[39m
          [33mclass[39m=[32m"text-lg font-semibold text-gray-800 
mb-3"[39m
        [36m>[39m
          [0mÔÜí Momentum Score[0m
        [36m</h4>[39m
        [36m<div[39m
          [33mclass[39m=[32m"flex items-center mb-4"[39m
        [36m>[39m
          [36m<div[39m
            [33mclass[39m=[32m"relative w-32 h-32 mr-6"[39m
          [36m>[39m
            [36m<svg[39m
              [33mclass[39m=[32m"transform -rotate-90 w-32 
h-32"[39m
            [36m>[39m
              [36m<circle[39m
                [33mclass[39m=[32m"text-gray-200"[39m
                [33mcx[39m=[32m"64"[39m
                [33mcy[39m=[32m"64"[39m
                [33mfill[39m=[32m"none"[39m
                [33mr[39m=[32m"56"[39m
                [33mstroke[39m=[32m"currentColor"[39m
                [33mstroke-width[39m=[32m"8"[39m
              [36m/>[39m
              [36m<circle[39m
                [33mclass[39m=[32m"text-green-600"[39m
                [33mcx[39m=[32m"64"[39m
                [33mcy[39m=[32m"64"[39m
                [33mfill[39m=[32m"none"[39m
                [33mr[39m=[32m"56"[39m
                [33mstroke[39m=[32m"currentColor"[39m
                
[33mstroke-dasharray[39m=[32m"351.85837720205683"[39m
                
[33mstroke-dashoffset[39m=[32m"52.77875658030853"[39m
                [33mstroke-linecap[39m=[32m"round"[39m
                [33mstroke-width[39m=[32m"8"[39m
              [36m/>[39m
            [36m</svg>[39m
            [36m<div[39m
              [33mclass[39m=[32m"absolute inset-0 flex 
items-center justify-center"[39m
            [36m>[39m
              [36m<span[39m
                [33mclass[39m=[32m"text-4xl font-bold 
text-green-600"[39m
              [36m>[39m
                [0m85[0m
              [36m</span>[39m
            [36m</div>[39m
          [36m</div>[39m
          [36m<div[39m
            [33mclass[39m=[32m"flex-1"[39m
          [36m>[39m
            [36m<p[39m
              [33mclass[39m=[32m"text-lg font-semibold 
text-gray-800 mb-2"[39m
            [36m>[39m
              [0mStrong momentum! You're learning faster than your 
average.[0m
            [36m</p>[39m
            [36m<p[39m
              [33mclass[39m=[32m"text-sm text-gray-600 bg-white 
p-3 rounded-lg border border-gray-200"[39m
            [36m>[39m
              [0m­ƒÆí [0m
              [36m<strong>[39m
                [0mRecommendation:[0m
              [36m</strong>[39m
              [0m [0m
              [0mMaintain current pace to finish 2 weeks early.[0m
            [36m</p>[39m
          [36m</div>[39m
        [36m</div>[39m
      [36m</div>[39m
    [36m</div>[39m
  [36m</div>[39m
[36m</body>[39m

Ignored nodes: comments, script, style
[36m<html>[39m
  [36m<head />[39m
  [36m<body>[39m
    [36m<div>[39m
      [36m<div[39m
        [33mclass[39m=[32m"learner-velocity-card bg-white 
rounded-lg shadow-md p-6 mb-6"[39m
      [36m>[39m
        [36m<div[39m
          [33mclass[39m=[32m"flex items-center justify-between 
mb-6"[39m
        [36m>[39m
          [36m<h3[39m
            [33mclass[39m=[32m"text-2xl font-bold 
text-gray-800"[39m
          [36m>[39m
            [0mLearning Velocity & Momentum[0m
          [36m</h3>[39m
          [36m<div[39m
            [33mclass[39m=[32m"px-4 py-2 rounded-full 
font-semibold trend-accelerating text-green-600 bg-green-50"[39m
          [36m>[39m
            [0mAccelerating[0m
            [0m ([0m
            [0m+[0m
            [0m38.9[0m
            [0m%)[0m
          [36m</div>[39m
        [36m</div>[39m
        [36m<div[39m
          [33mclass[39m=[32m"grid grid-cols-1 md:grid-cols-3 
gap-4 mb-6"[39m
        [36m>[39m
          [36m<div[39m
            [33mclass[39m=[32m"stat-card bg-gradient-to-br 
from-blue-50 to-blue-100 p-4 rounded-lg"[39m
          [36m>[39m
            [36m<p[39m
              [33mclass[39m=[32m"text-sm text-gray-600 mb-1"[39m
            [36m>[39m
              [0mCurrent Pace[0m
            [36m</p>[39m
            [36m<p[39m
              [33mclass[39m=[32m"text-3xl font-bold 
text-blue-700"[39m
            [36m>[39m
              [0m2.5[0m
            [36m</p>[39m
            [36m<p[39m
              [33mclass[39m=[32m"text-xs text-gray-500 mt-1"[39m
            [36m>[39m
              [0mtopics/week[0m
            [36m</p>[39m
          [36m</div>[39m
          [36m<div[39m
            [33mclass[39m=[32m"stat-card bg-gradient-to-br 
from-gray-50 to-gray-100 p-4 rounded-lg"[39m
          [36m>[39m
            [36m<p[39m
              [33mclass[39m=[32m"text-sm text-gray-600 mb-1"[39m
            [36m>[39m
              [0mAverage Pace[0m
            [36m</p>[39m
            [36m<p[39m
              [33mclass[39m=[32m"text-3xl font-bold 
text-gray-700"[39m
            [36m>[39m
              [0m1.8[0m
            [36m</p>[39m
            [36m<p[39m
              [33mclass[39m=[32m"text-xs text-gray-500 mt-1"[39m
            [36m>[39m
              [0mtopics/week[0m
            [36m</p>[39m
          [36m</div>[39m
          [36m<div[39m
            [33mclass[39m=[32m"stat-card p-4 rounded-lg 
text-green-600 bg-green-50"[39m
          [36m>[39m
            [36m<p[39m
              [33mclass[39m=[32m"text-sm mb-1"[39m
            [36m>[39m
              [0mGoal Status[0m
            [36m</p>[39m
            [36m<p[39m
              [33mclass[39m=[32m"text-3xl font-bold"[39m
            [36m>[39m
              [0mAHEAD[0m
            [36m</p>[39m
            [36m<p[39m
              [33mclass[39m=[32m"text-xs mt-1"[39m
            [36m>[39m
              [0m+[0m
              [0m25[0m
              [0m% vs target[0m
            [36m</p>[39m
          [36m</div>[39m
        [36m</div>[39m
        [36m<div[39m
          [33mclass[39m=[32m"predictions-section 
bg-gradient-to-r from-purple-50 to-pink-50 p-5 rounded-lg mb-6"[39m
        [36m>[39m
          [36m<h4[39m
            [33mclass[39m=[32m"text-lg font-semibold 
text-gray-800 mb-3"[39m
          [36m>[39m
            [0m­ƒôà Completion Predictions[0m
          [36m</h4>[39m
          [36m<div[39m
            [33mclass[39m=[32m"grid grid-cols-1 md:grid-cols-2 
gap-4"[39m
          [36m>[39m
            [36m<div>[39m
              [36m<p[39m
                [33mclass[39m=[32m"text-sm text-gray-600"[39m
              [36m>[39m
                [0mRemaining Topics[0m
              [36m</p>[39m
              [36m<p[39m
                [33mclass[39m=[32m"text-2xl font-bold 
text-purple-700"[39m
              [36m>[39m
                [0m15[0m
              [36m</p>[39m
            [36m</div>[39m
            [36m<div>[39m
              [36m<p[39m
                [33mclass[39m=[32m"text-sm text-gray-600"[39m
              [36m>[39m
                [0mEstimated Time[0m
              [36m</p>[39m
              [36m<p[39m
                [33mclass[39m=[32m"text-2xl font-bold 
text-purple-700"[39m
              [36m>[39m
                [0m6[0m
                [0m weeks[0m
              [36m</p>[39m
            [36m</div>[39m
            [36m<div>[39m
              [36m<p[39m
                [33mclass[39m=[32m"text-sm text-gray-600"[39m
              [36m>[39m
                [0mPredicted Completion[0m
              [36m</p>[39m
              [36m<p[39m
                [33mclass[39m=[32m"text-lg font-semibold 
text-gray-800"[39m
              [36m>[39m
                [0m15/02/2025[0m
              [36m</p>[39m
            [36m</div>[39m
            [36m<div>[39m
              [36m<p[39m
                [33mclass[39m=[32m"text-sm text-gray-600"[39m
              [36m>[39m
                [0mTarget Date[0m
              [36m</p>[39m
              [36m<p[39m
                [33mclass[39m=[32m"text-lg font-semibold 
text-gray-800"[39m
              [36m>[39m
                [0m01/03/2025[0m
              [36m</p>[39m
            [36m</div>[39m
          [36m</div>[39m
          [36m<div[39m
            [33mclass[39m=[32m"mt-3"[39m
          [36m>[39m
            [36m<div[39m
              [33mclass[39m=[32m"flex items-center 
text-green-700"[39m
            [36m>[39m
              [36m<svg[39m
                [33mclass[39m=[32m"w-5 h-5 mr-2"[39m
                [33mfill[39m=[32m"currentColor"[39m
                [33mviewBox[39m=[32m"0 0 20 20"[39m
              [36m>[39m
                [36m<path[39m
                  [33mclip-rule[39m=[32m"evenodd"[39m
                  [33md[39m=[32m"M10 18a8 8 0 100-16 8 8 0 000 
16zm3.707-9.293a1 1 0 00-1.414-1.414L9 10.586 7.707 9.293a1 1 0 
00-1.414 1.414l2 2a1 1 0 001.414 0l4-4z"[39m
                  [33mfill-rule[39m=[32m"evenodd"[39m
                [36m/>[39m
              [36m</svg>[39m
              [36m<span[39m
                [33mclass[39m=[32m"font-semibold"[39m
              [36m>[39m
                [0mOn Track to meet target![0m
              [36m</span>[39m
            [36m</div>[39m
          [36m</div>[39m
        [36m</div>[39m
        [36m<div[39m
          [33mclass[39m=[32m"momentum-section bg-gradient-to-r 
from-yellow-50 to-orange-50 p-5 rounded-lg"[39m
        [36m>[39m
          [36m<h4[39m
            [33mclass[39m=[32m"text-lg font-semibold 
text-gray-800 mb-3"[39m
          [36m>[39m
            [0mÔÜí Momentum Score[0m
          [36m</h4>[39m
          [36m<div[39m
            [33mclass[39m=[32m"flex items-center mb-4"[39m
          [36m>[39m
            [36m<div[39m
              [33mclass[39m=[32m"relative w-32 h-32 mr-6"[39m
            [36m>[39m
              [36m<svg[39m
                [33mclass[39m=[32m"transform -rotate-90 w-32 
h-32"[39m
              [36m>[39m
                [36m<circle[39m
                  [33mclass[39m=[32m"text-gray-200"[39m
                  [33mcx[39m=[32m"64"[39m
                  [33mcy[39m=[32m"64"[39m
                  [33mfill[39m=[32m"none"[39m
                  [33mr[39m=[32m"56"[39m
                  [33mstroke[39m=[32m"currentColor"[39m
                  [33mstroke-width[39m=[32m"8"[39m
                [36m/>[39m
                [36m<circle[39m
                  [33mclass[39m=[32m"text-green-600"[39m
                  [33mcx[39m=[32m"64"[39m
                  [33mcy[39m=[32m"64"[39m
                  [33mfill[39m=[32m"none"[39m
                  [33mr[39m=[32m"56"[39m
                  [33mstroke[39m=[32m"currentColor"[39m
                  
[33mstroke-dasharray[39m=[32m"351.85837720205683"[39m
                  
[33mstroke-dashoffset[39m=[32m"52.77875658030853"[39m
                  [33mstroke-linecap[39m=[32m"round"[39m
                  [33mstroke-width[39m=[32m"8"[39m
                [36m/>[39m
              [36m</svg>[39m
              [36m<div[39m
                [33mclass[39m=[32m"absolute inset-0 flex 
items-center justify-center"[39m
              [36m>[39m
                [36m<span[39m
                  [33mclass[39m=[32m"text-4xl font-bold 
text-green-600"[39m
                [36m>[39m
                  [0m85[0m
                [36m</span>[39m
              [36m</div>[39m
            [36m</div>[39m
            [36m<div[39m
              [33mclass[39m=[32m"flex-1"[39m
            [36m>[39m
              [36m<p[39m
                [33mclass[39m=[32m"text-lg font-semibold 
text-gray-800 mb-2"[39m
              [36m>[39m
                [0mStrong momentum! You're learning faster than 
your average.[0m
              [36m</p>[39m
              [36m<p[39m
                [33mclass[39m=[32m"text-sm text-gray-600 
bg-white p-3 rounded-lg border border-gray-200"[39m
              [36m>[39m
                [0m­ƒÆí [0m
                [36m<strong>[39m
                  [0mRecommendation:[0m
                [36m</strong>[39m
                [0m [0m
                [0mMaintain current pace to finish 2 weeks 
early.[0m
              [36m</p>[39m
            [36m</div>[39m
          [36m</div>[39m
        [36m</div>[39m
      [36m</div>[39m
    [36m</div>[39m
  [36m</body>[39m
[36m</html>[39m
[90m [2mÔØ»[22m Proxy.waitForWrapper node_modules/@testing-librar
y/react/node_modules/@testing-library/dom/dist/wait-for.js:[2m163:2
7[22m[39m
[36m [2mÔØ»[22m 
src/test/learner-analytics-components.test.jsx:[2m217:11[22m[39m
    [90m215| [39m    
[34mrenderWithRouter[39m([33m<[39m[33mLearnerVelocity[39m 
[33muserId[39m[33m=[39m[32m"user-123"[39m 
[33mdata[39m[33m=[39m[33m{[39mmockVeloÔÇª
    [90m216| [39m    
    [90m217| [39m    [35mawait[39m [34mwaitFor[39m(() 
[33m=>[39m {
    [90m   | [39m          [31m^[39m
    [90m218| [39m      
[34mexpect[39m(screen[33m.[39m[34mgetByText[39m([36m/6 
weeks/i[39m))[33m.[39m[34mtoBeInTheDocument[39m()
    [90m219| [39m      [34mexpect[39m(screen[33m.[39m[34mgetB
yText[39m([36m/2025-02-15/[39m))[33m.[39m[34mtoBeInTheDocument
[39m()

[31m[2mÔÄ»ÔÄ»ÔÄ»ÔÄ»ÔÄ»ÔÄ»ÔÄ»ÔÄ»ÔÄ»ÔÄ»ÔÄ»ÔÄ»ÔÄ»ÔÄ»ÔÄ»ÔÄ»ÔÄ»ÔÄ»ÔÄ»ÔÄ
»ÔÄ»ÔÄ»ÔÄ»[2/11]ÔÄ»[22m[39m

[31m[1m[7m FAIL [27m[22m[39m 
src/test/learner-analytics-components.test.jsx[2m > [22mAS-001 
#2: SkillGapMatrix Component[2m > [22mshould render skill gap 
summary
[31m[1mTestingLibraryElementError[22m[39m: Found multiple 
elements with the text: /8/

Here are the matching elements:

Ignored nodes: comments, script, style
[36m<p[39m
  [33mclass[39m=[32m"text-3xl font-bold text-green-700"[39m
[36m>[39m
  [0m8[0m
[36m</p>[39m

Ignored nodes: comments, script, style
[36m<span[39m
  [33mclass[39m=[32m"text-gray-600"[39m
[36m>[39m
  [0mTarget: [0m
  [0m80[0m
  [0m%[0m
[36m</span>[39m

(If this is intentional, then use the `*AllBy*` variant of the 
query (like `queryAllByText`, `getAllByText`, or `findAllByText`)).

Ignored nodes: comments, script, style
[36m<body>[39m
  [36m<div>[39m
    [36m<div[39m
      [33mclass[39m=[32m"skill-gap-matrix-card bg-white 
rounded-lg shadow-md p-6 mb-6"[39m
    [36m>[39m
      [36m<div[39m
        [33mclass[39m=[32m"mb-6"[39m
      [36m>[39m
        [36m<h3[39m
          [33mclass[39m=[32m"text-2xl font-bold text-gray-800 
mb-2"[39m
        [36m>[39m
          [0mSkill Gap Matrix & Prioritization[0m
        [36m</h3>[39m
        [36m<p[39m
          [33mclass[39m=[32m"text-sm text-gray-600"[39m
        [36m>[39m
          [0mIdentify and close your most important skill gaps[0m
        [36m</p>[39m
      [36m</div>[39m
      [36m<div[39m
        [33mclass[39m=[32m"grid grid-cols-2 md:grid-cols-5 gap-4 
mb-6"[39m
      [36m>[39m
        [36m<div[39m
          [33mclass[39m=[32m"summary-card bg-gradient-to-br 
from-blue-50 to-blue-100 p-4 rounded-lg text-center"[39m
        [36m>[39m
          [36m<p[39m
            [33mclass[39m=[32m"text-sm text-gray-600 mb-1"[39m
          [36m>[39m
            [0mTotal Skills[0m
          [36m</p>[39m
          [36m<p[39m
            [33mclass[39m=[32m"text-3xl font-bold 
text-blue-700"[39m
          [36m>[39m
            [0m15[0m
          [36m</p>[39m
        [36m</div>[39m
        [36m<div[39m
          [33mclass[39m=[32m"summary-card bg-gradient-to-br 
from-green-50 to-green-100 p-4 rounded-lg text-center"[39m
        [36m>[39m
          [36m<p[39m
            [33mclass[39m=[32m"text-sm text-gray-600 mb-1"[39m
          [36m>[39m
            [0mAcquired[0m
          [36m</p>[39m
          [36m<p[39m
            [33mclass[39m=[32m"text-3xl font-bold 
text-green-700"[39m
          [36m>[39m
            [0m8[0m
          [36m</p>[39m
        [36m</div>[39m
        [36m<div[39m
          [33mclass[39m=[32m"summary-card bg-gradient-to-br 
from-yellow-50 to-yellow-100 p-4 rounded-lg text-center"[39m
        [36m>[39m
          [36m<p[39m
            [33mclass[39m=[32m"text-sm text-gray-600 mb-1"[39m
          [36m>[39m
            [0mIn Progress[0m
          [36m</p>[39m
          [36m<p[39m
            [33mclass[39m=[32m"text-3xl font-bold 
text-yellow-700"[39m
          [36m>[39m
            [0m4[0m
          [36m</p>[39m
        [36m</div>[39m
        [36m<div[39m
          [33mclass[39m=[32m"summary-card bg-gradient-to-br 
from-gray-50 to-gray-100 p-4 rounded-lg text-center"[39m
        [36m>[39m
          [36m<p[39m
            [33mclass[39m=[32m"text-sm text-gray-600 mb-1"[39m
          [36m>[39m
            [0mNot Started[0m
          [36m</p>[39m
          [36m<p[39m
            [33mclass[39m=[32m"text-3xl font-bold 
text-gray-700"[39m
          [36m>[39m
            [0m3[0m
          [36m</p>[39m
        [36m</div>[39m
        [36m<div[39m
          [33mclass[39m=[32m"summary-card bg-gradient-to-br 
from-red-50 to-red-100 p-4 rounded-lg text-center"[39m
        [36m>[39m
          [36m<p[39m
            [33mclass[39m=[32m"text-sm text-gray-600 mb-1"[39m
          [36m>[39m
            [0mCritical Gaps[0m
          [36m</p>[39m
          [36m<p[39m
            [33mclass[39m=[32m"text-3xl font-bold 
text-red-700"[39m
          [36m>[39m
            [0m2[0m
          [36m</p>[39m
        [36m</div>[39m
      [36m</div>[39m
      [36m<div[39m
        [33mclass[39m=[32m"prioritized-gaps mb-6"[39m
      [36m>[39m
        [36m<h4[39m
          [33mclass[39m=[32m"text-lg font-semibold text-gray-800 
mb-4"[39m
        [36m>[39m
          [0m­ƒÄ» Prioritized Skill Gaps[0m
        [36m</h4>[39m
        [36m<div[39m
          [33mclass[39m=[32m"space-y-4"[39m
        [36m>[39m
          [36m<div[39m
            [33mclass[39m=[32m"gap-card bg-white border-2 
border-gray-200 rounded-lg p-5 hover:shadow-lg 
transition-shadow"[39m
          [36m>[39m
            [36m<div[39m
              [33mclass[39m=[32m"flex items-start 
justify-between mb-4"[39m
            [36m>[39m
              [36m<div[39m
                [33mclass[39m=[32m"flex-1"[39m
              [36m>[39m
                [36m<div[39m
                  [33mclass[39m=[32m"flex items-center gap-3 
mb-2"[39m
                [36m>[39m
                  [36m<span[39m
                    [33mclass[39m=[32m"px-3 py-1 rounded-full 
text-xs font-bold border-2 bg-red-100 text-red-800 
border-red-300"[39m
                  [36m>[39m
                    [0mPriority: [0m
                    [0m1[0m
                  [36m</span>[39m
                  [36m<span[39m
                    [33mclass[39m=[32m"px-3 py-1 rounded-full 
text-xs font-bold bg-red-600 text-white"[39m
                  [36m>[39m
                    [0mCRITICAL[0m
                  [36m</span>[39m
                [36m</div>[39m
                [36m<h5[39m
                  [33mclass[39m=[32m"text-xl font-bold 
text-gray-800"[39m
                [36m>[39m
                  [0mJavaScript ES6+[0m
                [36m</h5>[39m
              [36m</div>[39m
              [36m<div[39m
                [33mclass[39m=[32m"text-right"[39m
              [36m>[39m
                [36m<p[39m
                  [33mclass[39m=[32m"text-3xl font-bold 
text-purple-600"[39m
                [36m>[39m
                  [0m92[0m
                [36m</p>[39m
                [36m<p[39m
                  [33mclass[39m=[32m"text-xs text-gray-500"[39m
                [36m>[39m
                  [0mPriority Score[0m
                [36m</p>[39m
              [36m</div>[39m
            [36m</div>[39m
            [36m<div[39m
              [33mclass[39m=[32m"mb-4"[39m
            [36m>[39m
              [36m<div[39m
                [33mclass[39m=[32m"flex justify-between text-sm 
mb-2"[39m
              [36m>[39m
                [36m<span[39m
                  [33mclass[39m=[32m"text-gray-600"[39m
                [36m>[39m
                  [0mCurrent: [0m
                  [0m45[0m
                  [0m%[0m
                [36m</span>[39m
                [36m<span[39m
                  [33mclass[39m=[32m"text-gray-600"[39m
                [36m>[39m
                  [0mTarget: [0m
                  [0m80[0m
                  [0m%[0m
                [36m</span>[39m
              [36m</div>[39m
              [36m<div[39m
                [33mclass[39m=[32m"skill-progress-bar relative 
w-full h-6 bg-gray-200 rounded-full overflow-hidden"[39m
              [36m>[39m
                [36m<div[39m
                  [33mclass[39m=[32m"absolute top-0 left-0 
h-full bg-gradient-to-r from-blue-400 to-blue-600 transition-all 
duration-500"[39m
                  [33mstyle[39m=[32m"width: 45%;"[39m
                [36m/>[39m
                [36m<div[39m
                  [33mclass[39m=[32m"absolute top-0 h-full 
border-r-4 border-dashed border-green-500"[39m
                  [33mstyle[39m=[32m"left: 80%;"[39m
                [36m/>[39m
                [36m<div[39m
                  [33mclass[39m=[32m"absolute inset-0 flex 
items-center justify-center"[39m
                [36m>[39m
                  [36m<span[39m
                    [33mclass[39m=[32m"text-xs font-bold 
text-white drop-shadow-md"[39m
                  [36m>[39m
                    [0mGap: [0m
                    [0m35[0m
                    [0m% ([0m
                    [0m35[0m
                    [0m%)[0m
                  [36m</span>[39m
                [36m</div>[39m
              [36m</div>[39m
            [36m</div>[39m
            [36m<div[39m
              [33mclass[39m=[32m"factors grid grid-cols-2 
md:grid-cols-3 gap-3 mb-4"[39m
            [36m>[39m
              [36m<div[39m
                [33mclass[39m=[32m"factor-item bg-blue-50 p-3 
rounded-lg"[39m
              [36m>[39m
                [36m<p[39m
                  [33mclass[39m=[32m"text-xs text-gray-600"[39m
                [36m>[39m
                  [0mMarket Demand[0m
                [36m</p>[39m
                [36m<p[39m
                  [33mclass[39m=[32m"text-lg font-bold 
text-blue-700"[39m
                [36m>[39m
                  [0m94[0m
                  [0m%[0m
                [36m</p>[39m
              [36m</div>[39m
            [36m</div>[39m
            [36m<button[39m
              [33mclass[39m=[32m"w-full bg-gradient-to-r 
from-purple-500 to-pink-500 text-white font-semibold py-2 px-4 
rounded-lg hover:from-purple-600 hover:to-pink-600 
transition-all"[39m
            [36m>[39m
              [0mÔû╝ View Action Plan[0m
            [36m</button>[39m
          [36m</div>[39m
        [36m</div>[39m
      [36m</div>[39m
    [36m</div>[39m
  [36m</div>[39m
[36m</body>[39m

Ignored nodes: comments, script, style
[36m<html>[39m
  [36m<head />[39m
  [36m<body>[39m
    [36m<div>[39m
      [36m<div[39m
        [33mclass[39m=[32m"skill-gap-matrix-card bg-white 
rounded-lg shadow-md p-6 mb-6"[39m
      [36m>[39m
        [36m<div[39m
          [33mclass[39m=[32m"mb-6"[39m
        [36m>[39m
          [36m<h3[39m
            [33mclass[39m=[32m"text-2xl font-bold text-gray-800 
mb-2"[39m
          [36m>[39m
            [0mSkill Gap Matrix & Prioritization[0m
          [36m</h3>[39m
          [36m<p[39m
            [33mclass[39m=[32m"text-sm text-gray-600"[39m
          [36m>[39m
            [0mIdentify and close your most important skill 
gaps[0m
          [36m</p>[39m
        [36m</div>[39m
        [36m<div[39m
          [33mclass[39m=[32m"grid grid-cols-2 md:grid-cols-5 
gap-4 mb-6"[39m
        [36m>[39m
          [36m<div[39m
            [33mclass[39m=[32m"summary-card bg-gradient-to-br 
from-blue-50 to-blue-100 p-4 rounded-lg text-center"[39m
          [36m>[39m
            [36m<p[39m
              [33mclass[39m=[32m"text-sm text-gray-600 mb-1"[39m
            [36m>[39m
              [0mTotal Skills[0m
            [36m</p>[39m
            [36m<p[39m
              [33mclass[39m=[32m"text-3xl font-bold 
text-blue-700"[39m
            [36m>[39m
              [0m15[0m
            [36m</p>[39m
          [36m</div>[39m
          [36m<div[39m
            [33mclass[39m=[32m"summary-card bg-gradient-to-br 
from-green-50 to-green-100 p-4 rounded-lg text-center"[39m
          [36m>[39m
            [36m<p[39m
              [33mclass[39m=[32m"text-sm text-gray-600 mb-1"[39m
            [36m>[39m
              [0mAcquired[0m
            [36m</p>[39m
            [36m<p[39m
              [33mclass[39m=[32m"text-3xl font-bold 
text-green-700"[39m
            [36m>[39m
              [0m8[0m
            [36m</p>[39m
          [36m</div>[39m
          [36m<div[39m
            [33mclass[39m=[32m"summary-card bg-gradient-to-br 
from-yellow-50 to-yellow-100 p-4 rounded-lg text-center"[39m
          [36m>[39m
            [36m<p[39m
              [33mclass[39m=[32m"text-sm text-gray-600 mb-1"[39m
            [36m>[39m
              [0mIn Progress[0m
            [36m</p>[39m
            [36m<p[39m
              [33mclass[39m=[32m"text-3xl font-bold 
text-yellow-700"[39m
            [36m>[39m
              [0m4[0m
            [36m</p>[39m
          [36m</div>[39m
          [36m<div[39m
            [33mclass[39m=[32m"summary-card bg-gradient-to-br 
from-gray-50 to-gray-100 p-4 rounded-lg text-center"[39m
          [36m>[39m
            [36m<p[39m
              [33mclass[39m=[32m"text-sm text-gray-600 mb-1"[39m
            [36m>[39m
              [0mNot Started[0m
            [36m</p>[39m
            [36m<p[39m
              [33mclass[39m=[32m"text-3xl font-bold 
text-gray-700"[39m
            [36m>[39m
              [0m3[0m
            [36m</p>[39m
          [36m</div>[39m
          [36m<div[39m
            [33mclass[39m=[32m"summary-card bg-gradient-to-br 
from-red-50 to-red-100 p-4 rounded-lg text-center"[39m
          [36m>[39m
            [36m<p[39m
              [33mclass[39m=[32m"text-sm text-gray-600 mb-1"[39m
            [36m>[39m
              [0mCritical Gaps[0m
            [36m</p>[39m
            [36m<p[39m
              [33mclass[39m=[32m"text-3xl font-bold 
text-red-700"[39m
            [36m>[39m
              [0m2[0m
            [36m</p>[39m
          [36m</div>[39m
        [36m</div>[39m
        [36m<div[39m
          [33mclass[39m=[32m"prioritized-gaps mb-6"[39m
        [36m>[39m
          [36m<h4[39m
            [33mclass[39m=[32m"text-lg font-semibold 
text-gray-800 mb-4"[39m
          [36m>[39m
            [0m­ƒÄ» Prioritized Skill Gaps[0m
          [36m</h4>[39m
          [36m<div[39m
            [33mclass[39m=[32m"space-y-4"[39m
          [36m>[39m
            [36m<div[39m
              [33mclass[39m=[32m"gap-card bg-white border-2 
border-gray-200 rounded-lg p-5 hover:shadow-lg 
transition-shadow"[39m
            [36m>[39m
              [36m<div[39m
                [33mclass[39m=[32m"flex items-start 
justify-between mb-4"[39m
              [36m>[39m
                [36m<div[39m
                  [33mclass[39m=[32m"flex-1"[39m
                [36m>[39m
                  [36m<div[39m
                    [33mclass[39m=[32m"flex items-center gap-3 
mb-2"[39m
                  [36m>[39m
                    [36m<span[39m
                      [33mclass[39m=[32m"px-3 py-1 rounded-full 
text-xs font-bold border-2 bg-red-100 text-red-800 
border-red-300"[39m
                    [36m>[39m
                      [0mPriority: [0m
                      [0m1[0m
                    [36m</span>[39m
                    [36m<span[39m
                      [33mclass[39m=[32m"px-3 py-1 rounded-full 
text-xs font-bold bg-red-600 text-white"[39m
                    [36m>[39m
                      [0mCRITICAL[0m
                    [36m</span>[39m
                  [36m</div>[39m
                  [36m<h5[39m
                    [33mclass[39m=[32m"text-xl font-bold 
text-gray-800"[39m
                  [36m>[39m
                    [0mJavaScript ES6+[0m
                  [36m</h5>[39m
                [36m</div>[39m
                [36m<div[39m
                  [33mclass[39m=[32m"text-right"[39m
                [36m>[39m
                  [36m<p[39m
                    [33mclass[39m=[32m"text-3xl font-bold 
text-purple-600"[39m
                  [36m>[39m
                    [0m92[0m
                  [36m</p>[39m
                  [36m<p[39m
                    [33mclass[39m=[32m"text-xs 
text-gray-500"[39m
                  [36m>[39m
                    [0mPriority Score[0m
                  [36m</p>[39m
                [36m</div>[39m
              [36m</div>[39m
              [36m<div[39m
                [33mclass[39m=[32m"mb-4"[39m
              [36m>[39m
                [36m<div[39m
                  [33mclass[39m=[32m"flex justify-between 
text-sm mb-2"[39m
                [36m>[39m
                  [36m<span[39m
                    [33mclass[39m=[32m"text-gray-600"[39m
                  [36m>[39m
                    [0mCurrent: [0m
                    [0m45[0m
                    [0m%[0m
                  [36m</span>[39m
                  [36m<span[39m
                    [33mclass[39m=[32m"text-gray-600"[39m
                  [36m>[39m
                    [0mTarget: [0m
                    [0m80[0m
                    [0m%[0m
                  [36m</span>[39m
                [36m</div>[39m
                [36m<div[39m
                  [33mclass[39m=[32m"skill-progress-bar relative 
w-full h-6 bg-gray-200 rounded-full overflow-hidden"[39m
                [36m>[39m
                  [36m<div[39m
                    [33mclass[39m=[32m"absolute top-0 left-0 
h-full bg-gradient-to-r from-blue-400 to-blue-600 transition-all 
duration-500"[39m
                    [33mstyle[39m=[32m"width: 45%;"[39m
                  [36m/>[39m
                  [36m<div[39m
                    [33mclass[39m=[32m"absolute top-0 h-full 
border-r-4 border-dashed border-green-500"[39m
                    [33mstyle[39m=[32m"left: 80%;"[39m
                  [36m/>[39m
                  [36m<div[39m
                    [33mclass[39m=[32m"absolute inset-0 flex 
items-center justify-center"[39m
                  [36m>[39m
                    [36m<span[39m
                      [33mclass[39m=[32m"text-xs font-bold 
text-white drop-shadow-md"[39m
                    [36m>[39m
                      [0mGap: [0m
                      [0m35[0m
                      [0m% ([0m
                      [0m35[0m
                      [0m%)[0m
                    [36m</span>[39m
                  [36m</div>[39m
                [36m</div>[39m
              [36m</div>[39m
              [36m<div[39m
                [33mclass[39m=[32m"factors grid grid-cols-2 
md:grid-cols-3 gap-3 mb-4"[39m
              [36m>[39m
                [36m<div[39m
                  [33mclass[39m=[32m"factor-item bg-blue-50 p-3 
rounded-lg"[39m
                [36m>[39m
                  [36m<p[39m
                    [33mclass[39m=[32m"text-xs 
text-gray-600"[39m
                  [36m>[39m
                    [0mMarket Demand[0m
                  [36m</p>[39m
                  [36m<p[39m
                    [33mclass[39m=[32m"text-lg font-bold 
text-blue-700"[39m
                  [36m>[39m
                    [0m94[0m
                    [0m%[0m
                  [36m</p>[39m
                [36m</div>[39m
              [36m</div>[39m
              [36m<button[39m
                [33mclass[39m=[32m"w-full bg-gradient-to-r 
from-purple-500 to-pink-500 text-white font-semibold py-2 px-4 
rounded-lg hover:from-purple-600 hover:to-pink-600 
transition-all"[39m
              [36m>[39m
                [0mÔû╝ View Action Plan[0m
              [36m</button>[39m
            [36m</div>[39m
          [36m</div>[39m
        [36m</div>[39m
      [36m</div>[39m
    [36m</div>[39m
  [36m</body>[39m
[36m</html>[39m
[90m [2mÔØ»[22m Proxy.waitForWrapper node_modules/@testing-librar
y/react/node_modules/@testing-library/dom/dist/wait-for.js:[2m163:2
7[22m[39m
[36m [2mÔØ»[22m 
src/test/learner-analytics-components.test.jsx:[2m239:11[22m[39m
    [90m237| [39m    
[34mrenderWithRouter[39m([33m<[39m[33mSkillGapMatrix[39m 
[33muserId[39m[33m=[39m[32m"user-123"[39m 
[33mdata[39m[33m=[39m[33m{[39mmockSkillÔÇª
    [90m238| [39m    
    [90m239| [39m    [35mawait[39m [34mwaitFor[39m(() 
[33m=>[39m {
    [90m   | [39m          [31m^[39m
    [90m240| [39m      [34mexpect[39m(screen[33m.[39m[34mgetB
yText[39m([36m/15/[39m))[33m.[39m[34mtoBeInTheDocument[39m() 
[90m// Total skil[39mÔÇª
    [90m241| [39m      [34mexpect[39m(screen[33m.[39m[34mgetB
yText[39m([36m/8/[39m))[33m.[39m[34mtoBeInTheDocument[39m() 
[90m// Acquired[39m

[31m[2mÔÄ»ÔÄ»ÔÄ»ÔÄ»ÔÄ»ÔÄ»ÔÄ»ÔÄ»ÔÄ»ÔÄ»ÔÄ»ÔÄ»ÔÄ»ÔÄ»ÔÄ»ÔÄ»ÔÄ»ÔÄ»ÔÄ»ÔÄ
»ÔÄ»ÔÄ»ÔÄ»[3/11]ÔÄ»[22m[39m

[31m[1m[7m FAIL [27m[22m[39m 
src/test/learner-analytics-components.test.jsx[2m > [22mAS-001 
#2: SkillGapMatrix Component[2m > [22mshould show action plan 
with recommended courses
[31m[1mTestingLibraryElementError[22m[39m: Unable to find an 
element with the text: /Modern JavaScript Fundamentals/. This could 
be because the text is broken up by multiple elements. In this 
case, you can provide a function for your text matcher to make your 
matcher more flexible.

Ignored nodes: comments, script, style
[36m<body>[39m
  [36m<div>[39m
    [36m<div[39m
      [33mclass[39m=[32m"skill-gap-matrix-card bg-white 
rounded-lg shadow-md p-6 mb-6"[39m
    [36m>[39m
      [36m<div[39m
        [33mclass[39m=[32m"mb-6"[39m
      [36m>[39m
        [36m<h3[39m
          [33mclass[39m=[32m"text-2xl font-bold text-gray-800 
mb-2"[39m
        [36m>[39m
          [0mSkill Gap Matrix & Prioritization[0m
        [36m</h3>[39m
        [36m<p[39m
          [33mclass[39m=[32m"text-sm text-gray-600"[39m
        [36m>[39m
          [0mIdentify and close your most important skill gaps[0m
        [36m</p>[39m
      [36m</div>[39m
      [36m<div[39m
        [33mclass[39m=[32m"grid grid-cols-2 md:grid-cols-5 gap-4 
mb-6"[39m
      [36m>[39m
        [36m<div[39m
          [33mclass[39m=[32m"summary-card bg-gradient-to-br 
from-blue-50 to-blue-100 p-4 rounded-lg text-center"[39m
        [36m>[39m
          [36m<p[39m
            [33mclass[39m=[32m"text-sm text-gray-600 mb-1"[39m
          [36m>[39m
            [0mTotal Skills[0m
          [36m</p>[39m
          [36m<p[39m
            [33mclass[39m=[32m"text-3xl font-bold 
text-blue-700"[39m
          [36m>[39m
            [0m15[0m
          [36m</p>[39m
        [36m</div>[39m
        [36m<div[39m
          [33mclass[39m=[32m"summary-card bg-gradient-to-br 
from-green-50 to-green-100 p-4 rounded-lg text-center"[39m
        [36m>[39m
          [36m<p[39m
            [33mclass[39m=[32m"text-sm text-gray-600 mb-1"[39m
          [36m>[39m
            [0mAcquired[0m
          [36m</p>[39m
          [36m<p[39m
            [33mclass[39m=[32m"text-3xl font-bold 
text-green-700"[39m
          [36m>[39m
            [0m8[0m
          [36m</p>[39m
        [36m</div>[39m
        [36m<div[39m
          [33mclass[39m=[32m"summary-card bg-gradient-to-br 
from-yellow-50 to-yellow-100 p-4 rounded-lg text-center"[39m
        [36m>[39m
          [36m<p[39m
            [33mclass[39m=[32m"text-sm text-gray-600 mb-1"[39m
          [36m>[39m
            [0mIn Progress[0m
          [36m</p>[39m
          [36m<p[39m
            [33mclass[39m=[32m"text-3xl font-bold 
text-yellow-700"[39m
          [36m>[39m
            [0m4[0m
          [36m</p>[39m
        [36m</div>[39m
        [36m<div[39m
          [33mclass[39m=[32m"summary-card bg-gradient-to-br 
from-gray-50 to-gray-100 p-4 rounded-lg text-center"[39m
        [36m>[39m
          [36m<p[39m
            [33mclass[39m=[32m"text-sm text-gray-600 mb-1"[39m
          [36m>[39m
            [0mNot Started[0m
          [36m</p>[39m
          [36m<p[39m
            [33mclass[39m=[32m"text-3xl font-bold 
text-gray-700"[39m
          [36m>[39m
            [0m3[0m
          [36m</p>[39m
        [36m</div>[39m
        [36m<div[39m
          [33mclass[39m=[32m"summary-card bg-gradient-to-br 
from-red-50 to-red-100 p-4 rounded-lg text-center"[39m
        [36m>[39m
          [36m<p[39m
            [33mclass[39m=[32m"text-sm text-gray-600 mb-1"[39m
          [36m>[39m
            [0mCritical Gaps[0m
          [36m</p>[39m
          [36m<p[39m
            [33mclass[39m=[32m"text-3xl font-bold 
text-red-700"[39m
          [36m>[39m
            [0m2[0m
          [36m</p>[39m
        [36m</div>[39m
      [36m</div>[39m
      [36m<div[39m
        [33mclass[39m=[32m"prioritized-gaps mb-6"[39m
      [36m>[39m
        [36m<h4[39m
          [33mclass[39m=[32m"text-lg font-semibold text-gray-800 
mb-4"[39m
        [36m>[39m
          [0m­ƒÄ» Prioritized Skill Gaps[0m
        [36m</h4>[39m
        [36m<div[39m
          [33mclass[39m=[32m"space-y-4"[39m
        [36m>[39m
          [36m<div[39m
            [33mclass[39m=[32m"gap-card bg-white border-2 
border-gray-200 rounded-lg p-5 hover:shadow-lg 
transition-shadow"[39m
          [36m>[39m
            [36m<div[39m
              [33mclass[39m=[32m"flex items-start 
justify-between mb-4"[39m
            [36m>[39m
              [36m<div[39m
                [33mclass[39m=[32m"flex-1"[39m
              [36m>[39m
                [36m<div[39m
                  [33mclass[39m=[32m"flex items-center gap-3 
mb-2"[39m
                [36m>[39m
                  [36m<span[39m
                    [33mclass[39m=[32m"px-3 py-1 rounded-full 
text-xs font-bold border-2 bg-red-100 text-red-800 
border-red-300"[39m
                  [36m>[39m
                    [0mPriority: [0m
                    [0m1[0m
                  [36m</span>[39m
                  [36m<span[39m
                    [33mclass[39m=[32m"px-3 py-1 rounded-full 
text-xs font-bold bg-red-600 text-white"[39m
                  [36m>[39m
                    [0mCRITICAL[0m
                  [36m</span>[39m
                [36m</div>[39m
                [36m<h5[39m
                  [33mclass[39m=[32m"text-xl font-bold 
text-gray-800"[39m
                [36m>[39m
                  [0mJavaScript ES6+[0m
                [36m</h5>[39m
              [36m</div>[39m
              [36m<div[39m
                [33mclass[39m=[32m"text-right"[39m
              [36m>[39m
                [36m<p[39m
                  [33mclass[39m=[32m"text-3xl font-bold 
text-purple-600"[39m
                [36m>[39m
                  [0m92[0m
                [36m</p>[39m
                [36m<p[39m
                  [33mclass[39m=[32m"text-xs text-gray-500"[39m
                [36m>[39m
                  [0mPriority Score[0m
                [36m</p>[39m
              [36m</div>[39m
            [36m</div>[39m
            [36m<div[39m
              [33mclass[39m=[32m"mb-4"[39m
            [36m>[39m
              [36m<div[39m
                [33mclass[39m=[32m"flex justify-between text-sm 
mb-2"[39m
              [36m>[39m
                [36m<span[39m
                  [33mclass[39m=[32m"text-gray-600"[39m
                [36m>[39m
                  [0mCurrent: [0m
                  [0m45[0m
                  [0m%[0m
                [36m</span>[39m
                [36m<span[39m
                  [33mclass[39m=[32m"text-gray-600"[39m
                [36m>[39m
                  [0mTarget: [0m
                  [0m80[0m
                  [0m%[0m
                [36m</span>[39m
              [36m</div>[39m
              [36m<div[39m
                [33mclass[39m=[32m"skill-progress-bar relative 
w-full h-6 bg-gray-200 rounded-full overflow-hidden"[39m
              [36m>[39m
                [36m<div[39m
                  [33mclass[39m=[32m"absolute top-0 left-0 
h-full bg-gradient-to-r from-blue-400 to-blue-600 transition-all 
duration-500"[39m
                  [33mstyle[39m=[32m"width: 45%;"[39m
                [36m/>[39m
                [36m<div[39m
                  [33mclass[39m=[32m"absolute top-0 h-full 
border-r-4 border-dashed border-green-500"[39m
                  [33mstyle[39m=[32m"left: 80%;"[39m
                [36m/>[39m
                [36m<div[39m
                  [33mclass[39m=[32m"absolute inset-0 flex 
items-center justify-center"[39m
                [36m>[39m
                  [36m<span[39m
                    [33mclass[39m=[32m"text-xs font-bold 
text-white drop-shadow-md"[39m
                  [36m>[39m
                    [0mGap: [0m
                    [0m35[0m
                    [0m% ([0m
                    [0m35[0m
                    [0m%)[0m
                  [36m</span>[39m
                [36m</div>[39m
              [36m</div>[39m
            [36m</div>[39m
            [36m<div[39m
              [33mclass[39m=[32m"factors grid grid-cols-2 
md:grid-cols-3 gap-3 mb-4"[39m
            [36m>[39m
              [36m<div[39m
                [33mclass[39m=[32m"factor-item bg-blue-50 p-3 
rounded-lg"[39m
              [36m>[39m
                [36m<p[39m
                  [33mclass[39m=[32m"text-xs text-gray-600"[39m
                [36m>[39m
                  [0mMarket Demand[0m
                [36m</p>[39m
                [36m<p[39m
                  [33mclass[39m=[32m"text-lg font-bold 
text-blue-700"[39m
                [36m>[39m
                  [0m94[0m
                  [0m%[0m
                [36m</p>[39m
              [36m</div>[39m
            [36m</div>[39m
            [36m<button[39m
              [33mclass[39m=[32m"w-full bg-gradient-to-r 
from-purple-500 to-pink-500 text-white font-semibold py-2 px-4 
rounded-lg hover:from-purple-600 hover:to-pink-600 
transition-all"[39m
            [36m>[39m
              [0mÔû╝ View Action Plan[0m
            [36m</button>[39m
          [36m</div>[39m
        [36m</div>[39m
      [36m</div>[39m
    [36m</div>[39m
  [36m</div>[39m
[36m</body>[39m

Ignored nodes: comments, script, style
[36m<html>[39m
  [36m<head />[39m
  [36m<body>[39m
    [36m<div>[39m
      [36m<div[39m
        [33mclass[39m=[32m"skill-gap-matrix-card bg-white 
rounded-lg shadow-md p-6 mb-6"[39m
      [36m>[39m
        [36m<div[39m
          [33mclass[39m=[32m"mb-6"[39m
        [36m>[39m
          [36m<h3[39m
            [33mclass[39m=[32m"text-2xl font-bold text-gray-800 
mb-2"[39m
          [36m>[39m
            [0mSkill Gap Matrix & Prioritization[0m
          [36m</h3>[39m
          [36m<p[39m
            [33mclass[39m=[32m"text-sm text-gray-600"[39m
          [36m>[39m
            [0mIdentify and close your most important skill 
gaps[0m
          [36m</p>[39m
        [36m</div>[39m
        [36m<div[39m
          [33mclass[39m=[32m"grid grid-cols-2 md:grid-cols-5 
gap-4 mb-6"[39m
        [36m>[39m
          [36m<div[39m
            [33mclass[39m=[32m"summary-card bg-gradient-to-br 
from-blue-50 to-blue-100 p-4 rounded-lg text-center"[39m
          [36m>[39m
            [36m<p[39m
              [33mclass[39m=[32m"text-sm text-gray-600 mb-1"[39m
            [36m>[39m
              [0mTotal Skills[0m
            [36m</p>[39m
            [36m<p[39m
              [33mclass[39m=[32m"text-3xl font-bold 
text-blue-700"[39m
            [36m>[39m
              [0m15[0m
            [36m</p>[39m
          [36m</div>[39m
          [36m<div[39m
            [33mclass[39m=[32m"summary-card bg-gradient-to-br 
from-green-50 to-green-100 p-4 rounded-lg text-center"[39m
          [36m>[39m
            [36m<p[39m
              [33mclass[39m=[32m"text-sm text-gray-600 mb-1"[39m
            [36m>[39m
              [0mAcquired[0m
            [36m</p>[39m
            [36m<p[39m
              [33mclass[39m=[32m"text-3xl font-bold 
text-green-700"[39m
            [36m>[39m
              [0m8[0m
            [36m</p>[39m
          [36m</div>[39m
          [36m<div[39m
            [33mclass[39m=[32m"summary-card bg-gradient-to-br 
from-yellow-50 to-yellow-100 p-4 rounded-lg text-center"[39m
          [36m>[39m
            [36m<p[39m
              [33mclass[39m=[32m"text-sm text-gray-600 mb-1"[39m
            [36m>[39m
              [0mIn Progress[0m
            [36m</p>[39m
            [36m<p[39m
              [33mclass[39m=[32m"text-3xl font-bold 
text-yellow-700"[39m
            [36m>[39m
              [0m4[0m
            [36m</p>[39m
          [36m</div>[39m
          [36m<div[39m
            [33mclass[39m=[32m"summary-card bg-gradient-to-br 
from-gray-50 to-gray-100 p-4 rounded-lg text-center"[39m
          [36m>[39m
            [36m<p[39m
              [33mclass[39m=[32m"text-sm text-gray-600 mb-1"[39m
            [36m>[39m
              [0mNot Started[0m
            [36m</p>[39m
            [36m<p[39m
              [33mclass[39m=[32m"text-3xl font-bold 
text-gray-700"[39m
            [36m>[39m
              [0m3[0m
            [36m</p>[39m
          [36m</div>[39m
          [36m<div[39m
            [33mclass[39m=[32m"summary-card bg-gradient-to-br 
from-red-50 to-red-100 p-4 rounded-lg text-center"[39m
          [36m>[39m
            [36m<p[39m
              [33mclass[39m=[32m"text-sm text-gray-600 mb-1"[39m
            [36m>[39m
              [0mCritical Gaps[0m
            [36m</p>[39m
            [36m<p[39m
              [33mclass[39m=[32m"text-3xl font-bold 
text-red-700"[39m
            [36m>[39m
              [0m2[0m
            [36m</p>[39m
          [36m</div>[39m
        [36m</div>[39m
        [36m<div[39m
          [33mclass[39m=[32m"prioritized-gaps mb-6"[39m
        [36m>[39m
          [36m<h4[39m
            [33mclass[39m=[32m"text-lg font-semibold 
text-gray-800 mb-4"[39m
          [36m>[39m
            [0m­ƒÄ» Prioritized Skill Gaps[0m
          [36m</h4>[39m
          [36m<div[39m
            [33mclass[39m=[32m"space-y-4"[39m
          [36m>[39m
            [36m<div[39m
              [33mclass[39m=[32m"gap-card bg-white border-2 
border-gray-200 rounded-lg p-5 hover:shadow-lg 
transition-shadow"[39m
            [36m>[39m
              [36m<div[39m
                [33mclass[39m=[32m"flex items-start 
justify-between mb-4"[39m
              [36m>[39m
                [36m<div[39m
                  [33mclass[39m=[32m"flex-1"[39m
                [36m>[39m
                  [36m<div[39m
                    [33mclass[39m=[32m"flex items-center gap-3 
mb-2"[39m
                  [36m>[39m
                    [36m<span[39m
                      [33mclass[39m=[32m"px-3 py-1 rounded-full 
text-xs font-bold border-2 bg-red-100 text-red-800 
border-red-300"[39m
                    [36m>[39m
                      [0mPriority: [0m
                      [0m1[0m
                    [36m</span>[39m
                    [36m<span[39m
                      [33mclass[39m=[32m"px-3 py-1 rounded-full 
text-xs font-bold bg-red-600 text-white"[39m
                    [36m>[39m
                      [0mCRITICAL[0m
                    [36m</span>[39m
                  [36m</div>[39m
                  [36m<h5[39m
                    [33mclass[39m=[32m"text-xl font-bold 
text-gray-800"[39m
                  [36m>[39m
                    [0mJavaScript ES6+[0m
                  [36m</h5>[39m
                [36m</div>[39m
                [36m<div[39m
                  [33mclass[39m=[32m"text-right"[39m
                [36m>[39m
                  [36m<p[39m
                    [33mclass[39m=[32m"text-3xl font-bold 
text-purple-600"[39m
                  [36m>[39m
                    [0m92[0m
                  [36m</p>[39m
                  [36m<p[39m
                    [33mclass[39m=[32m"text-xs 
text-gray-500"[39m
                  [36m>[39m
                    [0mPriority Score[0m
                  [36m</p>[39m
                [36m</div>[39m
              [36m</div>[39m
              [36m<div[39m
                [33mclass[39m=[32m"mb-4"[39m
              [36m>[39m
                [36m<div[39m
                  [33mclass[39m=[32m"flex justify-between 
text-sm mb-2"[39m
                [36m>[39m
                  [36m<span[39m
                    [33mclass[39m=[32m"text-gray-600"[39m
                  [36m>[39m
                    [0mCurrent: [0m
                    [0m45[0m
                    [0m%[0m
                  [36m</span>[39m
                  [36m<span[39m
                    [33mclass[39m=[32m"text-gray-600"[39m
                  [36m>[39m
                    [0mTarget: [0m
                    [0m80[0m
                    [0m%[0m
                  [36m</span>[39m
                [36m</div>[39m
                [36m<div[39m
                  [33mclass[39m=[32m"skill-progress-bar relative 
w-full h-6 bg-gray-200 rounded-full overflow-hidden"[39m
                [36m>[39m
                  [36m<div[39m
                    [33mclass[39m=[32m"absolute top-0 left-0 
h-full bg-gradient-to-r from-blue-400 to-blue-600 transition-all 
duration-500"[39m
                    [33mstyle[39m=[32m"width: 45%;"[39m
                  [36m/>[39m
                  [36m<div[39m
                    [33mclass[39m=[32m"absolute top-0 h-full 
border-r-4 border-dashed border-green-500"[39m
                    [33mstyle[39m=[32m"left: 80%;"[39m
                  [36m/>[39m
                  [36m<div[39m
                    [33mclass[39m=[32m"absolute inset-0 flex 
items-center justify-center"[39m
                  [36m>[39m
                    [36m<span[39m
                      [33mclass[39m=[32m"text-xs font-bold 
text-white drop-shadow-md"[39m
                    [36m>[39m
                      [0mGap: [0m
                      [0m35[0m
                      [0m% ([0m
                      [0m35[0m
                      [0m%)[0m
                    [36m</span>[39m
                  [36m</div>[39m
                [36m</div>[39m
              [36m</div>[39m
              [36m<div[39m
                [33mclass[39m=[32m"factors grid grid-cols-2 
md:grid-cols-3 gap-3 mb-4"[39m
              [36m>[39m
                [36m<div[39m
                  [33mclass[39m=[32m"factor-item bg-blue-50 p-3 
rounded-lg"[39m
                [36m>[39m
                  [36m<p[39m
                    [33mclass[39m=[32m"text-xs 
text-gray-600"[39m
                  [36m>[39m
                    [0mMarket Demand[0m
                  [36m</p>[39m
                  [36m<p[39m
                    [33mclass[39m=[32m"text-lg font-bold 
text-blue-700"[39m
                  [36m>[39m
                    [0m94[0m
                    [0m%[0m
                  [36m</p>[39m
                [36m</div>[39m
              [36m</div>[39m
              [36m<button[39m
                [33mclass[39m=[32m"w-full bg-gradient-to-r 
from-purple-500 to-pink-500 text-white font-semibold py-2 px-4 
rounded-lg hover:from-purple-600 hover:to-pink-600 
transition-all"[39m
              [36m>[39m
                [0mÔû╝ View Action Plan[0m
              [36m</button>[39m
            [36m</div>[39m
          [36m</div>[39m
        [36m</div>[39m
      [36m</div>[39m
    [36m</div>[39m
  [36m</body>[39m
[36m</html>[39m
[90m [2mÔØ»[22m Proxy.waitForWrapper node_modules/@testing-librar
y/react/node_modules/@testing-library/dom/dist/wait-for.js:[2m163:2
7[22m[39m
[36m [2mÔØ»[22m 
src/test/learner-analytics-components.test.jsx:[2m259:11[22m[39m
    [90m257| [39m    
[34mrenderWithRouter[39m([33m<[39m[33mSkillGapMatrix[39m 
[33muserId[39m[33m=[39m[32m"user-123"[39m 
[33mdata[39m[33m=[39m[33m{[39mmockSkillÔÇª
    [90m258| [39m    
    [90m259| [39m    [35mawait[39m [34mwaitFor[39m(() 
[33m=>[39m {
    [90m   | [39m          [31m^[39m
    [90m260| [39m      
[34mexpect[39m(screen[33m.[39m[34mgetByText[39m([36m/Modern 
JavaScript Fundamentals/[39m))[33m.[39m[34mtoBeI[39mÔÇª
    [90m261| [39m      
[34mexpect[39m(screen[33m.[39m[34mgetByText[39m([36m/3-4 
weeks/i[39m))[33m.[39m[34mtoBeInTheDocument[39m()

[31m[2mÔÄ»ÔÄ»ÔÄ»ÔÄ»ÔÄ»ÔÄ»ÔÄ»ÔÄ»ÔÄ»ÔÄ»ÔÄ»ÔÄ»ÔÄ»ÔÄ»ÔÄ»ÔÄ»ÔÄ»ÔÄ»ÔÄ»ÔÄ
»ÔÄ»ÔÄ»ÔÄ»[4/11]ÔÄ»[22m[39m

[31m[1m[7m FAIL [27m[22m[39m 
src/test/learner-analytics-components.test.jsx[2m > [22mAS-001 
#4: MasteryProgress Component[2m > [22mshould render mastery 
summary
[31m[1mTestingLibraryElementError[22m[39m: Found multiple 
elements with the text: /5/

Here are the matching elements:

Ignored nodes: comments, script, style
[36m<p[39m
  [33mclass[39m=[32m"text-3xl font-bold text-purple-700"[39m
[36m>[39m
  [0m15[0m
[36m</p>[39m

Ignored nodes: comments, script, style
[36m<p[39m
  [33mclass[39m=[32m"text-3xl font-bold text-blue-700"[39m
[36m>[39m
  [0m5[0m
[36m</p>[39m

Ignored nodes: comments, script, style
[36m<p[39m
  [33mclass[39m=[32m"text-4xl font-bold text-purple-600"[39m
[36m>[39m
  [0m85[0m
[36m</p>[39m

(If this is intentional, then use the `*AllBy*` variant of the 
query (like `queryAllByText`, `getAllByText`, or `findAllByText`)).

Ignored nodes: comments, script, style
[36m<body>[39m
  [36m<div>[39m
    [36m<div[39m
      [33mclass[39m=[32m"mastery-progress-card bg-white 
rounded-lg shadow-md p-6 mb-6"[39m
    [36m>[39m
      [36m<h3[39m
        [33mclass[39m=[32m"text-2xl font-bold text-gray-800 
mb-6"[39m
      [36m>[39m
        [0mMastery Progress Tracking[0m
      [36m</h3>[39m
      [36m<div[39m
        [33mclass[39m=[32m"grid grid-cols-2 md:grid-cols-4 gap-4 
mb-6"[39m
      [36m>[39m
        [36m<div[39m
          [33mclass[39m=[32m"bg-purple-50 p-4 rounded-lg 
text-center"[39m
        [36m>[39m
          [36m<p[39m
            [33mclass[39m=[32m"text-sm text-gray-600 mb-1"[39m
          [36m>[39m
            [0mMastered[0m
          [36m</p>[39m
          [36m<p[39m
            [33mclass[39m=[32m"text-3xl font-bold 
text-purple-700"[39m
          [36m>[39m
            [0m15[0m
          [36m</p>[39m
        [36m</div>[39m
        [36m<div[39m
          [33mclass[39m=[32m"bg-blue-50 p-4 rounded-lg 
text-center"[39m
        [36m>[39m
          [36m<p[39m
            [33mclass[39m=[32m"text-sm text-gray-600 mb-1"[39m
          [36m>[39m
            [0mIn Progress[0m
          [36m</p>[39m
          [36m<p[39m
            [33mclass[39m=[32m"text-3xl font-bold 
text-blue-700"[39m
          [36m>[39m
            [0m5[0m
          [36m</p>[39m
        [36m</div>[39m
        [36m<div[39m
          [33mclass[39m=[32m"bg-gray-50 p-4 rounded-lg 
text-center"[39m
        [36m>[39m
          [36m<p[39m
            [33mclass[39m=[32m"text-sm text-gray-600 mb-1"[39m
          [36m>[39m
            [0mNot Started[0m
          [36m</p>[39m
          [36m<p[39m
            [33mclass[39m=[32m"text-3xl font-bold 
text-gray-700"[39m
          [36m>[39m
            [0m10[0m
          [36m</p>[39m
        [36m</div>[39m
        [36m<div[39m
          [33mclass[39m=[32m"bg-gradient-to-br from-green-50 
to-green-100 p-4 rounded-lg text-center"[39m
        [36m>[39m
          [36m<p[39m
            [33mclass[39m=[32m"text-sm text-gray-600 mb-1"[39m
          [36m>[39m
            [0mOverall Score[0m
          [36m</p>[39m
          [36m<p[39m
            [33mclass[39m=[32m"text-3xl font-bold 
text-green-700"[39m
          [36m>[39m
            [0m72[0m
          [36m</p>[39m
        [36m</div>[39m
      [36m</div>[39m
      [36m<div[39m
        [33mclass[39m=[32m"space-y-4"[39m
      [36m>[39m
        [36m<div[39m
          [33mclass[39m=[32m"topic-card bg-white border-2 
border-gray-200 rounded-lg p-5 hover:shadow-lg 
transition-shadow"[39m
        [36m>[39m
          [36m<div[39m
            [33mclass[39m=[32m"flex items-start justify-between 
mb-4"[39m
          [36m>[39m
            [36m<div[39m
              [33mclass[39m=[32m"flex-1"[39m
            [36m>[39m
              [36m<h5[39m
                [33mclass[39m=[32m"text-xl font-bold 
text-gray-800 mb-2"[39m
              [36m>[39m
                [0mJavaScript Async/Await[0m
              [36m</h5>[39m
              [36m<div[39m
                [33mclass[39m=[32m"flex items-center gap-3"[39m
              [36m>[39m
                [36m<span[39m
                  [33mclass[39m=[32m"px-3 py-1 rounded-full 
text-sm font-bold text-green-600 bg-green-100"[39m
                [36m>[39m
                  [0mProficient[0m
                [36m</span>[39m
                [36m<span[39m
                  [33mclass[39m=[32m"text-sm text-gray-600"[39m
                [36m>[39m
                  [0mSuccess Rate: [0m
                  [0m91[0m
                  [0m%[0m
                [36m</span>[39m
              [36m</div>[39m
            [36m</div>[39m
            [36m<div[39m
              [33mclass[39m=[32m"text-right"[39m
            [36m>[39m
              [36m<p[39m
                [33mclass[39m=[32m"text-4xl font-bold 
text-purple-600"[39m
              [36m>[39m
                [0m85[0m
              [36m</p>[39m
              [36m<p[39m
                [33mclass[39m=[32m"text-xs text-gray-500"[39m
              [36m>[39m
                [0mMastery Level[0m
              [36m</p>[39m
            [36m</div>[39m
          [36m</div>[39m
          [36m<div[39m
            [33mclass[39m=[32m"mb-4"[39m
          [36m>[39m
            [36m<div[39m
              [33mclass[39m=[32m"relative w-full h-8 bg-gray-200 
rounded-full overflow-hidden"[39m
            [36m>[39m
              [36m<div[39m
                [33mclass[39m=[32m"absolute top-0 left-0 h-full 
bg-gradient-to-r from-purple-400 to-purple-600 transition-all 
duration-500"[39m
                [33mstyle[39m=[32m"width: 85%;"[39m
              [36m/>[39m
              [36m<div[39m
                [33mclass[39m=[32m"absolute inset-0 flex 
items-center justify-center"[39m
              [36m>[39m
                [36m<span[39m
                  [33mclass[39m=[32m"text-sm font-bold 
text-white drop-shadow-md"[39m
                [36m>[39m
                  [0m attempts ÔÇó [0m
                  [0m91[0m
                  [0m% success[0m
                [36m</span>[39m
              [36m</div>[39m
            [36m</div>[39m
          [36m</div>[39m
          [36m<div[39m
            [33mclass[39m=[32m"grid grid-cols-2 md:grid-cols-4 
gap-3 mb-4"[39m
          [36m>[39m
            [36m<div[39m
              [33mclass[39m=[32m"bg-blue-50 p-3 rounded-lg 
text-center"[39m
            [36m>[39m
              [36m<p[39m
                [33mclass[39m=[32m"text-xs text-gray-600"[39m
              [36m>[39m
                [0mAvg Score[0m
              [36m</p>[39m
              [36m<p[39m
                [33mclass[39m=[32m"text-lg font-bold 
text-blue-700"[39m
              [36m/>[39m
            [36m</div>[39m
            [36m<div[39m
              [33mclass[39m=[32m"bg-green-50 p-3 rounded-lg 
text-center"[39m
            [36m>[39m
              [36m<p[39m
                [33mclass[39m=[32m"text-xs text-gray-600"[39m
              [36m>[39m
                [0mTime Spent[0m
              [36m</p>[39m
              [36m<p[39m
                [33mclass[39m=[32m"text-lg font-bold 
text-green-700"[39m
              [36m>[39m
                [0mh[0m
              [36m</p>[39m
            [36m</div>[39m
            [36m<div[39m
              [33mclass[39m=[32m"bg-purple-50 p-3 rounded-lg 
text-center"[39m
            [36m>[39m
              [36m<p[39m
                [33mclass[39m=[32m"text-xs text-gray-600"[39m
              [36m>[39m
                [0mRetention[0m
              [36m</p>[39m
              [36m<p[39m
                [33mclass[39m=[32m"text-lg font-bold 
text-purple-700"[39m
              [36m>[39m
                [0m%[0m
              [36m</p>[39m
            [36m</div>[39m
            [36m<div[39m
              [33mclass[39m=[32m"bg-orange-50 p-3 rounded-lg 
text-center"[39m
            [36m>[39m
              [36m<p[39m
                [33mclass[39m=[32m"text-xs text-gray-600"[39m
              [36m>[39m
                [0mTime to Master[0m
              [36m</p>[39m
              [36m<p[39m
                [33mclass[39m=[32m"text-lg font-bold 
text-orange-700"[39m
              [36m/>[39m
            [36m</div>[39m
          [36m</div>[39m
          [36m<button[39m
            [33mclass[39m=[32m"w-full bg-gradient-to-r 
from-purple-500 to-pink-500 text-white font-semibold py-2 px-4 
rounded-lg hover:from-purple-600 hover:to-pink-600 
transition-all"[39m
          [36m>[39m
            [0mÔû╝ View Details[0m
          [36m</button>[39m
        [36m</div>[39m
      [36m</div>[39m
    [36m</div>[39m
  [36m</div>[39m
[36m</body>[39m

Ignored nodes: comments, script, style
[36m<html>[39m
  [36m<head />[39m
  [36m<body>[39m
    [36m<div>[39m
      [36m<div[39m
        [33mclass[39m=[32m"mastery-progress-card bg-white 
rounded-lg shadow-md p-6 mb-6"[39m
      [36m>[39m
        [36m<h3[39m
          [33mclass[39m=[32m"text-2xl font-bold text-gray-800 
mb-6"[39m
        [36m>[39m
          [0mMastery Progress Tracking[0m
        [36m</h3>[39m
        [36m<div[39m
          [33mclass[39m=[32m"grid grid-cols-2 md:grid-cols-4 
gap-4 mb-6"[39m
        [36m>[39m
          [36m<div[39m
            [33mclass[39m=[32m"bg-purple-50 p-4 rounded-lg 
text-center"[39m
          [36m>[39m
            [36m<p[39m
              [33mclass[39m=[32m"text-sm text-gray-600 mb-1"[39m
            [36m>[39m
              [0mMastered[0m
            [36m</p>[39m
            [36m<p[39m
              [33mclass[39m=[32m"text-3xl font-bold 
text-purple-700"[39m
            [36m>[39m
              [0m15[0m
            [36m</p>[39m
          [36m</div>[39m
          [36m<div[39m
            [33mclass[39m=[32m"bg-blue-50 p-4 rounded-lg 
text-center"[39m
          [36m>[39m
            [36m<p[39m
              [33mclass[39m=[32m"text-sm text-gray-600 mb-1"[39m
            [36m>[39m
              [0mIn Progress[0m
            [36m</p>[39m
            [36m<p[39m
              [33mclass[39m=[32m"text-3xl font-bold 
text-blue-700"[39m
            [36m>[39m
              [0m5[0m
            [36m</p>[39m
          [36m</div>[39m
          [36m<div[39m
            [33mclass[39m=[32m"bg-gray-50 p-4 rounded-lg 
text-center"[39m
          [36m>[39m
            [36m<p[39m
              [33mclass[39m=[32m"text-sm text-gray-600 mb-1"[39m
            [36m>[39m
              [0mNot Started[0m
            [36m</p>[39m
            [36m<p[39m
              [33mclass[39m=[32m"text-3xl font-bold 
text-gray-700"[39m
            [36m>[39m
              [0m10[0m
            [36m</p>[39m
          [36m</div>[39m
          [36m<div[39m
            [33mclass[39m=[32m"bg-gradient-to-br from-green-50 
to-green-100 p-4 rounded-lg text-center"[39m
          [36m>[39m
            [36m<p[39m
              [33mclass[39m=[32m"text-sm text-gray-600 mb-1"[39m
            [36m>[39m
              [0mOverall Score[0m
            [36m</p>[39m
            [36m<p[39m
              [33mclass[39m=[32m"text-3xl font-bold 
text-green-700"[39m
            [36m>[39m
              [0m72[0m
            [36m</p>[39m
          [36m</div>[39m
        [36m</div>[39m
        [36m<div[39m
          [33mclass[39m=[32m"space-y-4"[39m
        [36m>[39m
          [36m<div[39m
            [33mclass[39m=[32m"topic-card bg-white border-2 
border-gray-200 rounded-lg p-5 hover:shadow-lg 
transition-shadow"[39m
          [36m>[39m
            [36m<div[39m
              [33mclass[39m=[32m"flex items-start 
justify-between mb-4"[39m
            [36m>[39m
              [36m<div[39m
                [33mclass[39m=[32m"flex-1"[39m
              [36m>[39m
                [36m<h5[39m
                  [33mclass[39m=[32m"text-xl font-bold 
text-gray-800 mb-2"[39m
                [36m>[39m
                  [0mJavaScript Async/Await[0m
                [36m</h5>[39m
                [36m<div[39m
                  [33mclass[39m=[32m"flex items-center 
gap-3"[39m
                [36m>[39m
                  [36m<span[39m
                    [33mclass[39m=[32m"px-3 py-1 rounded-full 
text-sm font-bold text-green-600 bg-green-100"[39m
                  [36m>[39m
                    [0mProficient[0m
                  [36m</span>[39m
                  [36m<span[39m
                    [33mclass[39m=[32m"text-sm 
text-gray-600"[39m
                  [36m>[39m
                    [0mSuccess Rate: [0m
                    [0m91[0m
                    [0m%[0m
                  [36m</span>[39m
                [36m</div>[39m
              [36m</div>[39m
              [36m<div[39m
                [33mclass[39m=[32m"text-right"[39m
              [36m>[39m
                [36m<p[39m
                  [33mclass[39m=[32m"text-4xl font-bold 
text-purple-600"[39m
                [36m>[39m
                  [0m85[0m
                [36m</p>[39m
                [36m<p[39m
                  [33mclass[39m=[32m"text-xs text-gray-500"[39m
                [36m>[39m
                  [0mMastery Level[0m
                [36m</p>[39m
              [36m</div>[39m
            [36m</div>[39m
            [36m<div[39m
              [33mclass[39m=[32m"mb-4"[39m
            [36m>[39m
              [36m<div[39m
                [33mclass[39m=[32m"relative w-full h-8 
bg-gray-200 rounded-full overflow-hidden"[39m
              [36m>[39m
                [36m<div[39m
                  [33mclass[39m=[32m"absolute top-0 left-0 
h-full bg-gradient-to-r from-purple-400 to-purple-600 
transition-all duration-500"[39m
                  [33mstyle[39m=[32m"width: 85%;"[39m
                [36m/>[39m
                [36m<div[39m
                  [33mclass[39m=[32m"absolute inset-0 flex 
items-center justify-center"[39m
                [36m>[39m
                  [36m<span[39m
                    [33mclass[39m=[32m"text-sm font-bold 
text-white drop-shadow-md"[39m
                  [36m>[39m
                    [0m attempts ÔÇó [0m
                    [0m91[0m
                    [0m% success[0m
                  [36m</span>[39m
                [36m</div>[39m
              [36m</div>[39m
            [36m</div>[39m
            [36m<div[39m
              [33mclass[39m=[32m"grid grid-cols-2 md:grid-cols-4 
gap-3 mb-4"[39m
            [36m>[39m
              [36m<div[39m
                [33mclass[39m=[32m"bg-blue-50 p-3 rounded-lg 
text-center"[39m
              [36m>[39m
                [36m<p[39m
                  [33mclass[39m=[32m"text-xs text-gray-600"[39m
                [36m>[39m
                  [0mAvg Score[0m
                [36m</p>[39m
                [36m<p[39m
                  [33mclass[39m=[32m"text-lg font-bold 
text-blue-700"[39m
                [36m/>[39m
              [36m</div>[39m
              [36m<div[39m
                [33mclass[39m=[32m"bg-green-50 p-3 rounded-lg 
text-center"[39m
              [36m>[39m
                [36m<p[39m
                  [33mclass[39m=[32m"text-xs text-gray-600"[39m
                [36m>[39m
                  [0mTime Spent[0m
                [36m</p>[39m
                [36m<p[39m
                  [33mclass[39m=[32m"text-lg font-bold 
text-green-700"[39m
                [36m>[39m
                  [0mh[0m
                [36m</p>[39m
              [36m</div>[39m
              [36m<div[39m
                [33mclass[39m=[32m"bg-purple-50 p-3 rounded-lg 
text-center"[39m
              [36m>[39m
                [36m<p[39m
                  [33mclass[39m=[32m"text-xs text-gray-600"[39m
                [36m>[39m
                  [0mRetention[0m
                [36m</p>[39m
                [36m<p[39m
                  [33mclass[39m=[32m"text-lg font-bold 
text-purple-700"[39m
                [36m>[39m
                  [0m%[0m
                [36m</p>[39m
              [36m</div>[39m
              [36m<div[39m
                [33mclass[39m=[32m"bg-orange-50 p-3 rounded-lg 
text-center"[39m
              [36m>[39m
                [36m<p[39m
                  [33mclass[39m=[32m"text-xs text-gray-600"[39m
                [36m>[39m
                  [0mTime to Master[0m
                [36m</p>[39m
                [36m<p[39m
                  [33mclass[39m=[32m"text-lg font-bold 
text-orange-700"[39m
                [36m/>[39m
              [36m</div>[39m
            [36m</div>[39m
            [36m<button[39m
              [33mclass[39m=[32m"w-full bg-gradient-to-r 
from-purple-500 to-pink-500 text-white font-semibold py-2 px-4 
rounded-lg hover:from-purple-600 hover:to-pink-600 
transition-all"[39m
            [36m>[39m
              [0mÔû╝ View Details[0m
            [36m</button>[39m
          [36m</div>[39m
        [36m</div>[39m
      [36m</div>[39m
    [36m</div>[39m
  [36m</body>[39m
[36m</html>[39m
[90m [2mÔØ»[22m Proxy.waitForWrapper node_modules/@testing-librar
y/react/node_modules/@testing-library/dom/dist/wait-for.js:[2m163:2
7[22m[39m
[36m [2mÔØ»[22m 
src/test/learner-analytics-components.test.jsx:[2m324:11[22m[39m
    [90m322| [39m    
[34mrenderWithRouter[39m([33m<[39m[33mMasteryProgress[39m 
[33muserId[39m[33m=[39m[32m"user-123"[39m 
[33mdata[39m[33m=[39m[33m{[39mmockMastÔÇª
    [90m323| [39m    
    [90m324| [39m    [35mawait[39m [34mwaitFor[39m(() 
[33m=>[39m {
    [90m   | [39m          [31m^[39m
    [90m325| [39m      [34mexpect[39m(screen[33m.[39m[34mgetB
yText[39m([36m/15/[39m))[33m.[39m[34mtoBeInTheDocument[39m() 
[90m// Mastered[39m
    [90m326| [39m      [34mexpect[39m(screen[33m.[39m[34mgetB
yText[39m([36m/5/[39m))[33m.[39m[34mtoBeInTheDocument[39m() 
[90m// In progress[39m

[31m[2mÔÄ»ÔÄ»ÔÄ»ÔÄ»ÔÄ»ÔÄ»ÔÄ»ÔÄ»ÔÄ»ÔÄ»ÔÄ»ÔÄ»ÔÄ»ÔÄ»ÔÄ»ÔÄ»ÔÄ»ÔÄ»ÔÄ»ÔÄ
»ÔÄ»ÔÄ»ÔÄ»[5/11]ÔÄ»[22m[39m

[31m[1m[7m FAIL [27m[22m[39m 
src/test/learner-analytics-components.test.jsx[2m > [22mAS-001 
#4: MasteryProgress Component[2m > [22mshould show milestones 
achieved
[31m[1mTestingLibraryElementError[22m[39m: Unable to find an 
element with the text: /Understood basic concepts/. This could be 
because the text is broken up by multiple elements. In this case, 
you can provide a function for your text matcher to make your 
matcher more flexible.

Ignored nodes: comments, script, style
[36m<body>[39m
  [36m<div>[39m
    [36m<div[39m
      [33mclass[39m=[32m"mastery-progress-card bg-white 
rounded-lg shadow-md p-6 mb-6"[39m
    [36m>[39m
      [36m<h3[39m
        [33mclass[39m=[32m"text-2xl font-bold text-gray-800 
mb-6"[39m
      [36m>[39m
        [0mMastery Progress Tracking[0m
      [36m</h3>[39m
      [36m<div[39m
        [33mclass[39m=[32m"grid grid-cols-2 md:grid-cols-4 gap-4 
mb-6"[39m
      [36m>[39m
        [36m<div[39m
          [33mclass[39m=[32m"bg-purple-50 p-4 rounded-lg 
text-center"[39m
        [36m>[39m
          [36m<p[39m
            [33mclass[39m=[32m"text-sm text-gray-600 mb-1"[39m
          [36m>[39m
            [0mMastered[0m
          [36m</p>[39m
          [36m<p[39m
            [33mclass[39m=[32m"text-3xl font-bold 
text-purple-700"[39m
          [36m>[39m
            [0m15[0m
          [36m</p>[39m
        [36m</div>[39m
        [36m<div[39m
          [33mclass[39m=[32m"bg-blue-50 p-4 rounded-lg 
text-center"[39m
        [36m>[39m
          [36m<p[39m
            [33mclass[39m=[32m"text-sm text-gray-600 mb-1"[39m
          [36m>[39m
            [0mIn Progress[0m
          [36m</p>[39m
          [36m<p[39m
            [33mclass[39m=[32m"text-3xl font-bold 
text-blue-700"[39m
          [36m>[39m
            [0m5[0m
          [36m</p>[39m
        [36m</div>[39m
        [36m<div[39m
          [33mclass[39m=[32m"bg-gray-50 p-4 rounded-lg 
text-center"[39m
        [36m>[39m
          [36m<p[39m
            [33mclass[39m=[32m"text-sm text-gray-600 mb-1"[39m
          [36m>[39m
            [0mNot Started[0m
          [36m</p>[39m
          [36m<p[39m
            [33mclass[39m=[32m"text-3xl font-bold 
text-gray-700"[39m
          [36m>[39m
            [0m10[0m
          [36m</p>[39m
        [36m</div>[39m
        [36m<div[39m
          [33mclass[39m=[32m"bg-gradient-to-br from-green-50 
to-green-100 p-4 rounded-lg text-center"[39m
        [36m>[39m
          [36m<p[39m
            [33mclass[39m=[32m"text-sm text-gray-600 mb-1"[39m
          [36m>[39m
            [0mOverall Score[0m
          [36m</p>[39m
          [36m<p[39m
            [33mclass[39m=[32m"text-3xl font-bold 
text-green-700"[39m
          [36m>[39m
            [0m72[0m
          [36m</p>[39m
        [36m</div>[39m
      [36m</div>[39m
      [36m<div[39m
        [33mclass[39m=[32m"space-y-4"[39m
      [36m>[39m
        [36m<div[39m
          [33mclass[39m=[32m"topic-card bg-white border-2 
border-gray-200 rounded-lg p-5 hover:shadow-lg 
transition-shadow"[39m
        [36m>[39m
          [36m<div[39m
            [33mclass[39m=[32m"flex items-start justify-between 
mb-4"[39m
          [36m>[39m
            [36m<div[39m
              [33mclass[39m=[32m"flex-1"[39m
            [36m>[39m
              [36m<h5[39m
                [33mclass[39m=[32m"text-xl font-bold 
text-gray-800 mb-2"[39m
              [36m>[39m
                [0mJavaScript Async/Await[0m
              [36m</h5>[39m
              [36m<div[39m
                [33mclass[39m=[32m"flex items-center gap-3"[39m
              [36m>[39m
                [36m<span[39m
                  [33mclass[39m=[32m"px-3 py-1 rounded-full 
text-sm font-bold text-green-600 bg-green-100"[39m
                [36m>[39m
                  [0mProficient[0m
                [36m</span>[39m
                [36m<span[39m
                  [33mclass[39m=[32m"text-sm text-gray-600"[39m
                [36m>[39m
                  [0mSuccess Rate: [0m
                  [0m91[0m
                  [0m%[0m
                [36m</span>[39m
              [36m</div>[39m
            [36m</div>[39m
            [36m<div[39m
              [33mclass[39m=[32m"text-right"[39m
            [36m>[39m
              [36m<p[39m
                [33mclass[39m=[32m"text-4xl font-bold 
text-purple-600"[39m
              [36m>[39m
                [0m85[0m
              [36m</p>[39m
              [36m<p[39m
                [33mclass[39m=[32m"text-xs text-gray-500"[39m
              [36m>[39m
                [0mMastery Level[0m
              [36m</p>[39m
            [36m</div>[39m
          [36m</div>[39m
          [36m<div[39m
            [33mclass[39m=[32m"mb-4"[39m
          [36m>[39m
            [36m<div[39m
              [33mclass[39m=[32m"relative w-full h-8 bg-gray-200 
rounded-full overflow-hidden"[39m
            [36m>[39m
              [36m<div[39m
                [33mclass[39m=[32m"absolute top-0 left-0 h-full 
bg-gradient-to-r from-purple-400 to-purple-600 transition-all 
duration-500"[39m
                [33mstyle[39m=[32m"width: 85%;"[39m
              [36m/>[39m
              [36m<div[39m
                [33mclass[39m=[32m"absolute inset-0 flex 
items-center justify-center"[39m
              [36m>[39m
                [36m<span[39m
                  [33mclass[39m=[32m"text-sm font-bold 
text-white drop-shadow-md"[39m
                [36m>[39m
                  [0m attempts ÔÇó [0m
                  [0m91[0m
                  [0m% success[0m
                [36m</span>[39m
              [36m</div>[39m
            [36m</div>[39m
          [36m</div>[39m
          [36m<div[39m
            [33mclass[39m=[32m"grid grid-cols-2 md:grid-cols-4 
gap-3 mb-4"[39m
          [36m>[39m
            [36m<div[39m
              [33mclass[39m=[32m"bg-blue-50 p-3 rounded-lg 
text-center"[39m
            [36m>[39m
              [36m<p[39m
                [33mclass[39m=[32m"text-xs text-gray-600"[39m
              [36m>[39m
                [0mAvg Score[0m
              [36m</p>[39m
              [36m<p[39m
                [33mclass[39m=[32m"text-lg font-bold 
text-blue-700"[39m
              [36m/>[39m
            [36m</div>[39m
            [36m<div[39m
              [33mclass[39m=[32m"bg-green-50 p-3 rounded-lg 
text-center"[39m
            [36m>[39m
              [36m<p[39m
                [33mclass[39m=[32m"text-xs text-gray-600"[39m
              [36m>[39m
                [0mTime Spent[0m
              [36m</p>[39m
              [36m<p[39m
                [33mclass[39m=[32m"text-lg font-bold 
text-green-700"[39m
              [36m>[39m
                [0mh[0m
              [36m</p>[39m
            [36m</div>[39m
            [36m<div[39m
              [33mclass[39m=[32m"bg-purple-50 p-3 rounded-lg 
text-center"[39m
            [36m>[39m
              [36m<p[39m
                [33mclass[39m=[32m"text-xs text-gray-600"[39m
              [36m>[39m
                [0mRetention[0m
              [36m</p>[39m
              [36m<p[39m
                [33mclass[39m=[32m"text-lg font-bold 
text-purple-700"[39m
              [36m>[39m
                [0m%[0m
              [36m</p>[39m
            [36m</div>[39m
            [36m<div[39m
              [33mclass[39m=[32m"bg-orange-50 p-3 rounded-lg 
text-center"[39m
            [36m>[39m
              [36m<p[39m
                [33mclass[39m=[32m"text-xs text-gray-600"[39m
              [36m>[39m
                [0mTime to Master[0m
              [36m</p>[39m
              [36m<p[39m
                [33mclass[39m=[32m"text-lg font-bold 
text-orange-700"[39m
              [36m/>[39m
            [36m</div>[39m
          [36m</div>[39m
          [36m<button[39m
            [33mclass[39m=[32m"w-full bg-gradient-to-r 
from-purple-500 to-pink-500 text-white font-semibold py-2 px-4 
rounded-lg hover:from-purple-600 hover:to-pink-600 
transition-all"[39m
          [36m>[39m
            [0mÔû╝ View Details[0m
          [36m</button>[39m
        [36m</div>[39m
      [36m</div>[39m
    [36m</div>[39m
  [36m</div>[39m
[36m</body>[39m

Ignored nodes: comments, script, style
[36m<html>[39m
  [36m<head />[39m
  [36m<body>[39m
    [36m<div>[39m
      [36m<div[39m
        [33mclass[39m=[32m"mastery-progress-card bg-white 
rounded-lg shadow-md p-6 mb-6"[39m
      [36m>[39m
        [36m<h3[39m
          [33mclass[39m=[32m"text-2xl font-bold text-gray-800 
mb-6"[39m
        [36m>[39m
          [0mMastery Progress Tracking[0m
        [36m</h3>[39m
        [36m<div[39m
          [33mclass[39m=[32m"grid grid-cols-2 md:grid-cols-4 
gap-4 mb-6"[39m
        [36m>[39m
          [36m<div[39m
            [33mclass[39m=[32m"bg-purple-50 p-4 rounded-lg 
text-center"[39m
          [36m>[39m
            [36m<p[39m
              [33mclass[39m=[32m"text-sm text-gray-600 mb-1"[39m
            [36m>[39m
              [0mMastered[0m
            [36m</p>[39m
            [36m<p[39m
              [33mclass[39m=[32m"text-3xl font-bold 
text-purple-700"[39m
            [36m>[39m
              [0m15[0m
            [36m</p>[39m
          [36m</div>[39m
          [36m<div[39m
            [33mclass[39m=[32m"bg-blue-50 p-4 rounded-lg 
text-center"[39m
          [36m>[39m
            [36m<p[39m
              [33mclass[39m=[32m"text-sm text-gray-600 mb-1"[39m
            [36m>[39m
              [0mIn Progress[0m
            [36m</p>[39m
            [36m<p[39m
              [33mclass[39m=[32m"text-3xl font-bold 
text-blue-700"[39m
            [36m>[39m
              [0m5[0m
            [36m</p>[39m
          [36m</div>[39m
          [36m<div[39m
            [33mclass[39m=[32m"bg-gray-50 p-4 rounded-lg 
text-center"[39m
          [36m>[39m
            [36m<p[39m
              [33mclass[39m=[32m"text-sm text-gray-600 mb-1"[39m
            [36m>[39m
              [0mNot Started[0m
            [36m</p>[39m
            [36m<p[39m
              [33mclass[39m=[32m"text-3xl font-bold 
text-gray-700"[39m
            [36m>[39m
              [0m10[0m
            [36m</p>[39m
          [36m</div>[39m
          [36m<div[39m
            [33mclass[39m=[32m"bg-gradient-to-br from-green-50 
to-green-100 p-4 rounded-lg text-center"[39m
          [36m>[39m
            [36m<p[39m
              [33mclass[39m=[32m"text-sm text-gray-600 mb-1"[39m
            [36m>[39m
              [0mOverall Score[0m
            [36m</p>[39m
            [36m<p[39m
              [33mclass[39m=[32m"text-3xl font-bold 
text-green-700"[39m
            [36m>[39m
              [0m72[0m
            [36m</p>[39m
          [36m</div>[39m
        [36m</div>[39m
        [36m<div[39m
          [33mclass[39m=[32m"space-y-4"[39m
        [36m>[39m
          [36m<div[39m
            [33mclass[39m=[32m"topic-card bg-white border-2 
border-gray-200 rounded-lg p-5 hover:shadow-lg 
transition-shadow"[39m
          [36m>[39m
            [36m<div[39m
              [33mclass[39m=[32m"flex items-start 
justify-between mb-4"[39m
            [36m>[39m
              [36m<div[39m
                [33mclass[39m=[32m"flex-1"[39m
              [36m>[39m
                [36m<h5[39m
                  [33mclass[39m=[32m"text-xl font-bold 
text-gray-800 mb-2"[39m
                [36m>[39m
                  [0mJavaScript Async/Await[0m
                [36m</h5>[39m
                [36m<div[39m
                  [33mclass[39m=[32m"flex items-center 
gap-3"[39m
                [36m>[39m
                  [36m<span[39m
                    [33mclass[39m=[32m"px-3 py-1 rounded-full 
text-sm font-bold text-green-600 bg-green-100"[39m
                  [36m>[39m
                    [0mProficient[0m
                  [36m</span>[39m
                  [36m<span[39m
                    [33mclass[39m=[32m"text-sm 
text-gray-600"[39m
                  [36m>[39m
                    [0mSuccess Rate: [0m
                    [0m91[0m
                    [0m%[0m
                  [36m</span>[39m
                [36m</div>[39m
              [36m</div>[39m
              [36m<div[39m
                [33mclass[39m=[32m"text-right"[39m
              [36m>[39m
                [36m<p[39m
                  [33mclass[39m=[32m"text-4xl font-bold 
text-purple-600"[39m
                [36m>[39m
                  [0m85[0m
                [36m</p>[39m
                [36m<p[39m
                  [33mclass[39m=[32m"text-xs text-gray-500"[39m
                [36m>[39m
                  [0mMastery Level[0m
                [36m</p>[39m
              [36m</div>[39m
            [36m</div>[39m
            [36m<div[39m
              [33mclass[39m=[32m"mb-4"[39m
            [36m>[39m
              [36m<div[39m
                [33mclass[39m=[32m"relative w-full h-8 
bg-gray-200 rounded-full overflow-hidden"[39m
              [36m>[39m
                [36m<div[39m
                  [33mclass[39m=[32m"absolute top-0 left-0 
h-full bg-gradient-to-r from-purple-400 to-purple-600 
transition-all duration-500"[39m
                  [33mstyle[39m=[32m"width: 85%;"[39m
                [36m/>[39m
                [36m<div[39m
                  [33mclass[39m=[32m"absolute inset-0 flex 
items-center justify-center"[39m
                [36m>[39m
                  [36m<span[39m
                    [33mclass[39m=[32m"text-sm font-bold 
text-white drop-shadow-md"[39m
                  [36m>[39m
                    [0m attempts ÔÇó [0m
                    [0m91[0m
                    [0m% success[0m
                  [36m</span>[39m
                [36m</div>[39m
              [36m</div>[39m
            [36m</div>[39m
            [36m<div[39m
              [33mclass[39m=[32m"grid grid-cols-2 md:grid-cols-4 
gap-3 mb-4"[39m
            [36m>[39m
              [36m<div[39m
                [33mclass[39m=[32m"bg-blue-50 p-3 rounded-lg 
text-center"[39m
              [36m>[39m
                [36m<p[39m
                  [33mclass[39m=[32m"text-xs text-gray-600"[39m
                [36m>[39m
                  [0mAvg Score[0m
                [36m</p>[39m
                [36m<p[39m
                  [33mclass[39m=[32m"text-lg font-bold 
text-blue-700"[39m
                [36m/>[39m
              [36m</div>[39m
              [36m<div[39m
                [33mclass[39m=[32m"bg-green-50 p-3 rounded-lg 
text-center"[39m
              [36m>[39m
                [36m<p[39m
                  [33mclass[39m=[32m"text-xs text-gray-600"[39m
                [36m>[39m
                  [0mTime Spent[0m
                [36m</p>[39m
                [36m<p[39m
                  [33mclass[39m=[32m"text-lg font-bold 
text-green-700"[39m
                [36m>[39m
                  [0mh[0m
                [36m</p>[39m
              [36m</div>[39m
              [36m<div[39m
                [33mclass[39m=[32m"bg-purple-50 p-3 rounded-lg 
text-center"[39m
              [36m>[39m
                [36m<p[39m
                  [33mclass[39m=[32m"text-xs text-gray-600"[39m
                [36m>[39m
                  [0mRetention[0m
                [36m</p>[39m
                [36m<p[39m
                  [33mclass[39m=[32m"text-lg font-bold 
text-purple-700"[39m
                [36m>[39m
                  [0m%[0m
                [36m</p>[39m
              [36m</div>[39m
              [36m<div[39m
                [33mclass[39m=[32m"bg-orange-50 p-3 rounded-lg 
text-center"[39m
              [36m>[39m
                [36m<p[39m
                  [33mclass[39m=[32m"text-xs text-gray-600"[39m
                [36m>[39m
                  [0mTime to Master[0m
                [36m</p>[39m
                [36m<p[39m
                  [33mclass[39m=[32m"text-lg font-bold 
text-orange-700"[39m
                [36m/>[39m
              [36m</div>[39m
            [36m</div>[39m
            [36m<button[39m
              [33mclass[39m=[32m"w-full bg-gradient-to-r 
from-purple-500 to-pink-500 text-white font-semibold py-2 px-4 
rounded-lg hover:from-purple-600 hover:to-pink-600 
transition-all"[39m
            [36m>[39m
              [0mÔû╝ View Details[0m
            [36m</button>[39m
          [36m</div>[39m
        [36m</div>[39m
      [36m</div>[39m
    [36m</div>[39m
  [36m</body>[39m
[36m</html>[39m
[90m [2mÔØ»[22m Proxy.waitForWrapper node_modules/@testing-librar
y/react/node_modules/@testing-library/dom/dist/wait-for.js:[2m163:2
7[22m[39m
[36m [2mÔØ»[22m 
src/test/learner-analytics-components.test.jsx:[2m344:11[22m[39m
    [90m342| [39m    
[34mrenderWithRouter[39m([33m<[39m[33mMasteryProgress[39m 
[33muserId[39m[33m=[39m[32m"user-123"[39m 
[33mdata[39m[33m=[39m[33m{[39mmockMastÔÇª
    [90m343| [39m    
    [90m344| [39m    [35mawait[39m [34mwaitFor[39m(() 
[33m=>[39m {
    [90m   | [39m          [31m^[39m
    [90m345| [39m      [34mexpect[39m(screen[33m.[39m[34mgetB
yText[39m([36m/Understood basic 
concepts/[39m))[33m.[39m[34mtoBeInTheD[39mÔÇª
    [90m346| [39m    })

[31m[2mÔÄ»ÔÄ»ÔÄ»ÔÄ»ÔÄ»ÔÄ»ÔÄ»ÔÄ»ÔÄ»ÔÄ»ÔÄ»ÔÄ»ÔÄ»ÔÄ»ÔÄ»ÔÄ»ÔÄ»ÔÄ»ÔÄ»ÔÄ
»ÔÄ»ÔÄ»ÔÄ»[6/11]ÔÄ»[22m[39m

[31m[1m[7m FAIL [27m[22m[39m 
src/test/learner-analytics-components.test.jsx[2m > [22mAS-001 
#4: MasteryProgress Component[2m > [22mshould display strength 
and improvement areas
[31m[1mTestingLibraryElementError[22m[39m: Unable to find an 
element with the text: /Promise handling/. This could be because 
the text is broken up by multiple elements. In this case, you can 
provide a function for your text matcher to make your matcher more 
flexible.

Ignored nodes: comments, script, style
[36m<body>[39m
  [36m<div>[39m
    [36m<div[39m
      [33mclass[39m=[32m"mastery-progress-card bg-white 
rounded-lg shadow-md p-6 mb-6"[39m
    [36m>[39m
      [36m<h3[39m
        [33mclass[39m=[32m"text-2xl font-bold text-gray-800 
mb-6"[39m
      [36m>[39m
        [0mMastery Progress Tracking[0m
      [36m</h3>[39m
      [36m<div[39m
        [33mclass[39m=[32m"grid grid-cols-2 md:grid-cols-4 gap-4 
mb-6"[39m
      [36m>[39m
        [36m<div[39m
          [33mclass[39m=[32m"bg-purple-50 p-4 rounded-lg 
text-center"[39m
        [36m>[39m
          [36m<p[39m
            [33mclass[39m=[32m"text-sm text-gray-600 mb-1"[39m
          [36m>[39m
            [0mMastered[0m
          [36m</p>[39m
          [36m<p[39m
            [33mclass[39m=[32m"text-3xl font-bold 
text-purple-700"[39m
          [36m>[39m
            [0m15[0m
          [36m</p>[39m
        [36m</div>[39m
        [36m<div[39m
          [33mclass[39m=[32m"bg-blue-50 p-4 rounded-lg 
text-center"[39m
        [36m>[39m
          [36m<p[39m
            [33mclass[39m=[32m"text-sm text-gray-600 mb-1"[39m
          [36m>[39m
            [0mIn Progress[0m
          [36m</p>[39m
          [36m<p[39m
            [33mclass[39m=[32m"text-3xl font-bold 
text-blue-700"[39m
          [36m>[39m
            [0m5[0m
          [36m</p>[39m
        [36m</div>[39m
        [36m<div[39m
          [33mclass[39m=[32m"bg-gray-50 p-4 rounded-lg 
text-center"[39m
        [36m>[39m
          [36m<p[39m
            [33mclass[39m=[32m"text-sm text-gray-600 mb-1"[39m
          [36m>[39m
            [0mNot Started[0m
          [36m</p>[39m
          [36m<p[39m
            [33mclass[39m=[32m"text-3xl font-bold 
text-gray-700"[39m
          [36m>[39m
            [0m10[0m
          [36m</p>[39m
        [36m</div>[39m
        [36m<div[39m
          [33mclass[39m=[32m"bg-gradient-to-br from-green-50 
to-green-100 p-4 rounded-lg text-center"[39m
        [36m>[39m
          [36m<p[39m
            [33mclass[39m=[32m"text-sm text-gray-600 mb-1"[39m
          [36m>[39m
            [0mOverall Score[0m
          [36m</p>[39m
          [36m<p[39m
            [33mclass[39m=[32m"text-3xl font-bold 
text-green-700"[39m
          [36m>[39m
            [0m72[0m
          [36m</p>[39m
        [36m</div>[39m
      [36m</div>[39m
      [36m<div[39m
        [33mclass[39m=[32m"space-y-4"[39m
      [36m>[39m
        [36m<div[39m
          [33mclass[39m=[32m"topic-card bg-white border-2 
border-gray-200 rounded-lg p-5 hover:shadow-lg 
transition-shadow"[39m
        [36m>[39m
          [36m<div[39m
            [33mclass[39m=[32m"flex items-start justify-between 
mb-4"[39m
          [36m>[39m
            [36m<div[39m
              [33mclass[39m=[32m"flex-1"[39m
            [36m>[39m
              [36m<h5[39m
                [33mclass[39m=[32m"text-xl font-bold 
text-gray-800 mb-2"[39m
              [36m>[39m
                [0mJavaScript Async/Await[0m
              [36m</h5>[39m
              [36m<div[39m
                [33mclass[39m=[32m"flex items-center gap-3"[39m
              [36m>[39m
                [36m<span[39m
                  [33mclass[39m=[32m"px-3 py-1 rounded-full 
text-sm font-bold text-green-600 bg-green-100"[39m
                [36m>[39m
                  [0mProficient[0m
                [36m</span>[39m
                [36m<span[39m
                  [33mclass[39m=[32m"text-sm text-gray-600"[39m
                [36m>[39m
                  [0mSuccess Rate: [0m
                  [0m91[0m
                  [0m%[0m
                [36m</span>[39m
              [36m</div>[39m
            [36m</div>[39m
            [36m<div[39m
              [33mclass[39m=[32m"text-right"[39m
            [36m>[39m
              [36m<p[39m
                [33mclass[39m=[32m"text-4xl font-bold 
text-purple-600"[39m
              [36m>[39m
                [0m85[0m
              [36m</p>[39m
              [36m<p[39m
                [33mclass[39m=[32m"text-xs text-gray-500"[39m
              [36m>[39m
                [0mMastery Level[0m
              [36m</p>[39m
            [36m</div>[39m
          [36m</div>[39m
          [36m<div[39m
            [33mclass[39m=[32m"mb-4"[39m
          [36m>[39m
            [36m<div[39m
              [33mclass[39m=[32m"relative w-full h-8 bg-gray-200 
rounded-full overflow-hidden"[39m
            [36m>[39m
              [36m<div[39m
                [33mclass[39m=[32m"absolute top-0 left-0 h-full 
bg-gradient-to-r from-purple-400 to-purple-600 transition-all 
duration-500"[39m
                [33mstyle[39m=[32m"width: 85%;"[39m
              [36m/>[39m
              [36m<div[39m
                [33mclass[39m=[32m"absolute inset-0 flex 
items-center justify-center"[39m
              [36m>[39m
                [36m<span[39m
                  [33mclass[39m=[32m"text-sm font-bold 
text-white drop-shadow-md"[39m
                [36m>[39m
                  [0m attempts ÔÇó [0m
                  [0m91[0m
                  [0m% success[0m
                [36m</span>[39m
              [36m</div>[39m
            [36m</div>[39m
          [36m</div>[39m
          [36m<div[39m
            [33mclass[39m=[32m"grid grid-cols-2 md:grid-cols-4 
gap-3 mb-4"[39m
          [36m>[39m
            [36m<div[39m
              [33mclass[39m=[32m"bg-blue-50 p-3 rounded-lg 
text-center"[39m
            [36m>[39m
              [36m<p[39m
                [33mclass[39m=[32m"text-xs text-gray-600"[39m
              [36m>[39m
                [0mAvg Score[0m
              [36m</p>[39m
              [36m<p[39m
                [33mclass[39m=[32m"text-lg font-bold 
text-blue-700"[39m
              [36m/>[39m
            [36m</div>[39m
            [36m<div[39m
              [33mclass[39m=[32m"bg-green-50 p-3 rounded-lg 
text-center"[39m
            [36m>[39m
              [36m<p[39m
                [33mclass[39m=[32m"text-xs text-gray-600"[39m
              [36m>[39m
                [0mTime Spent[0m
              [36m</p>[39m
              [36m<p[39m
                [33mclass[39m=[32m"text-lg font-bold 
text-green-700"[39m
              [36m>[39m
                [0mh[0m
              [36m</p>[39m
            [36m</div>[39m
            [36m<div[39m
              [33mclass[39m=[32m"bg-purple-50 p-3 rounded-lg 
text-center"[39m
            [36m>[39m
              [36m<p[39m
                [33mclass[39m=[32m"text-xs text-gray-600"[39m
              [36m>[39m
                [0mRetention[0m
              [36m</p>[39m
              [36m<p[39m
                [33mclass[39m=[32m"text-lg font-bold 
text-purple-700"[39m
              [36m>[39m
                [0m%[0m
              [36m</p>[39m
            [36m</div>[39m
            [36m<div[39m
              [33mclass[39m=[32m"bg-orange-50 p-3 rounded-lg 
text-center"[39m
            [36m>[39m
              [36m<p[39m
                [33mclass[39m=[32m"text-xs text-gray-600"[39m
              [36m>[39m
                [0mTime to Master[0m
              [36m</p>[39m
              [36m<p[39m
                [33mclass[39m=[32m"text-lg font-bold 
text-orange-700"[39m
              [36m/>[39m
            [36m</div>[39m
          [36m</div>[39m
          [36m<button[39m
            [33mclass[39m=[32m"w-full bg-gradient-to-r 
from-purple-500 to-pink-500 text-white font-semibold py-2 px-4 
rounded-lg hover:from-purple-600 hover:to-pink-600 
transition-all"[39m
          [36m>[39m
            [0mÔû╝ View Details[0m
          [36m</button>[39m
        [36m</div>[39m
      [36m</div>[39m
    [36m</div>[39m
  [36m</div>[39m
[36m</body>[39m

Ignored nodes: comments, script, style
[36m<html>[39m
  [36m<head />[39m
  [36m<body>[39m
    [36m<div>[39m
      [36m<div[39m
        [33mclass[39m=[32m"mastery-progress-card bg-white 
rounded-lg shadow-md p-6 mb-6"[39m
      [36m>[39m
        [36m<h3[39m
          [33mclass[39m=[32m"text-2xl font-bold text-gray-800 
mb-6"[39m
        [36m>[39m
          [0mMastery Progress Tracking[0m
        [36m</h3>[39m
        [36m<div[39m
          [33mclass[39m=[32m"grid grid-cols-2 md:grid-cols-4 
gap-4 mb-6"[39m
        [36m>[39m
          [36m<div[39m
            [33mclass[39m=[32m"bg-purple-50 p-4 rounded-lg 
text-center"[39m
          [36m>[39m
            [36m<p[39m
              [33mclass[39m=[32m"text-sm text-gray-600 mb-1"[39m
            [36m>[39m
              [0mMastered[0m
            [36m</p>[39m
            [36m<p[39m
              [33mclass[39m=[32m"text-3xl font-bold 
text-purple-700"[39m
            [36m>[39m
              [0m15[0m
            [36m</p>[39m
          [36m</div>[39m
          [36m<div[39m
            [33mclass[39m=[32m"bg-blue-50 p-4 rounded-lg 
text-center"[39m
          [36m>[39m
            [36m<p[39m
              [33mclass[39m=[32m"text-sm text-gray-600 mb-1"[39m
            [36m>[39m
              [0mIn Progress[0m
            [36m</p>[39m
            [36m<p[39m
              [33mclass[39m=[32m"text-3xl font-bold 
text-blue-700"[39m
            [36m>[39m
              [0m5[0m
            [36m</p>[39m
          [36m</div>[39m
          [36m<div[39m
            [33mclass[39m=[32m"bg-gray-50 p-4 rounded-lg 
text-center"[39m
          [36m>[39m
            [36m<p[39m
              [33mclass[39m=[32m"text-sm text-gray-600 mb-1"[39m
            [36m>[39m
              [0mNot Started[0m
            [36m</p>[39m
            [36m<p[39m
              [33mclass[39m=[32m"text-3xl font-bold 
text-gray-700"[39m
            [36m>[39m
              [0m10[0m
            [36m</p>[39m
          [36m</div>[39m
          [36m<div[39m
            [33mclass[39m=[32m"bg-gradient-to-br from-green-50 
to-green-100 p-4 rounded-lg text-center"[39m
          [36m>[39m
            [36m<p[39m
              [33mclass[39m=[32m"text-sm text-gray-600 mb-1"[39m
            [36m>[39m
              [0mOverall Score[0m
            [36m</p>[39m
            [36m<p[39m
              [33mclass[39m=[32m"text-3xl font-bold 
text-green-700"[39m
            [36m>[39m
              [0m72[0m
            [36m</p>[39m
          [36m</div>[39m
        [36m</div>[39m
        [36m<div[39m
          [33mclass[39m=[32m"space-y-4"[39m
        [36m>[39m
          [36m<div[39m
            [33mclass[39m=[32m"topic-card bg-white border-2 
border-gray-200 rounded-lg p-5 hover:shadow-lg 
transition-shadow"[39m
          [36m>[39m
            [36m<div[39m
              [33mclass[39m=[32m"flex items-start 
justify-between mb-4"[39m
            [36m>[39m
              [36m<div[39m
                [33mclass[39m=[32m"flex-1"[39m
              [36m>[39m
                [36m<h5[39m
                  [33mclass[39m=[32m"text-xl font-bold 
text-gray-800 mb-2"[39m
                [36m>[39m
                  [0mJavaScript Async/Await[0m
                [36m</h5>[39m
                [36m<div[39m
                  [33mclass[39m=[32m"flex items-center 
gap-3"[39m
                [36m>[39m
                  [36m<span[39m
                    [33mclass[39m=[32m"px-3 py-1 rounded-full 
text-sm font-bold text-green-600 bg-green-100"[39m
                  [36m>[39m
                    [0mProficient[0m
                  [36m</span>[39m
                  [36m<span[39m
                    [33mclass[39m=[32m"text-sm 
text-gray-600"[39m
                  [36m>[39m
                    [0mSuccess Rate: [0m
                    [0m91[0m
                    [0m%[0m
                  [36m</span>[39m
                [36m</div>[39m
              [36m</div>[39m
              [36m<div[39m
                [33mclass[39m=[32m"text-right"[39m
              [36m>[39m
                [36m<p[39m
                  [33mclass[39m=[32m"text-4xl font-bold 
text-purple-600"[39m
                [36m>[39m
                  [0m85[0m
                [36m</p>[39m
                [36m<p[39m
                  [33mclass[39m=[32m"text-xs text-gray-500"[39m
                [36m>[39m
                  [0mMastery Level[0m
                [36m</p>[39m
              [36m</div>[39m
            [36m</div>[39m
            [36m<div[39m
              [33mclass[39m=[32m"mb-4"[39m
            [36m>[39m
              [36m<div[39m
                [33mclass[39m=[32m"relative w-full h-8 
bg-gray-200 rounded-full overflow-hidden"[39m
              [36m>[39m
                [36m<div[39m
                  [33mclass[39m=[32m"absolute top-0 left-0 
h-full bg-gradient-to-r from-purple-400 to-purple-600 
transition-all duration-500"[39m
                  [33mstyle[39m=[32m"width: 85%;"[39m
                [36m/>[39m
                [36m<div[39m
                  [33mclass[39m=[32m"absolute inset-0 flex 
items-center justify-center"[39m
                [36m>[39m
                  [36m<span[39m
                    [33mclass[39m=[32m"text-sm font-bold 
text-white drop-shadow-md"[39m
                  [36m>[39m
                    [0m attempts ÔÇó [0m
                    [0m91[0m
                    [0m% success[0m
                  [36m</span>[39m
                [36m</div>[39m
              [36m</div>[39m
            [36m</div>[39m
            [36m<div[39m
              [33mclass[39m=[32m"grid grid-cols-2 md:grid-cols-4 
gap-3 mb-4"[39m
            [36m>[39m
              [36m<div[39m
                [33mclass[39m=[32m"bg-blue-50 p-3 rounded-lg 
text-center"[39m
              [36m>[39m
                [36m<p[39m
                  [33mclass[39m=[32m"text-xs text-gray-600"[39m
                [36m>[39m
                  [0mAvg Score[0m
                [36m</p>[39m
                [36m<p[39m
                  [33mclass[39m=[32m"text-lg font-bold 
text-blue-700"[39m
                [36m/>[39m
              [36m</div>[39m
              [36m<div[39m
                [33mclass[39m=[32m"bg-green-50 p-3 rounded-lg 
text-center"[39m
              [36m>[39m
                [36m<p[39m
                  [33mclass[39m=[32m"text-xs text-gray-600"[39m
                [36m>[39m
                  [0mTime Spent[0m
                [36m</p>[39m
                [36m<p[39m
                  [33mclass[39m=[32m"text-lg font-bold 
text-green-700"[39m
                [36m>[39m
                  [0mh[0m
                [36m</p>[39m
              [36m</div>[39m
              [36m<div[39m
                [33mclass[39m=[32m"bg-purple-50 p-3 rounded-lg 
text-center"[39m
              [36m>[39m
                [36m<p[39m
                  [33mclass[39m=[32m"text-xs text-gray-600"[39m
                [36m>[39m
                  [0mRetention[0m
                [36m</p>[39m
                [36m<p[39m
                  [33mclass[39m=[32m"text-lg font-bold 
text-purple-700"[39m
                [36m>[39m
                  [0m%[0m
                [36m</p>[39m
              [36m</div>[39m
              [36m<div[39m
                [33mclass[39m=[32m"bg-orange-50 p-3 rounded-lg 
text-center"[39m
              [36m>[39m
                [36m<p[39m
                  [33mclass[39m=[32m"text-xs text-gray-600"[39m
                [36m>[39m
                  [0mTime to Master[0m
                [36m</p>[39m
                [36m<p[39m
                  [33mclass[39m=[32m"text-lg font-bold 
text-orange-700"[39m
                [36m/>[39m
              [36m</div>[39m
            [36m</div>[39m
            [36m<button[39m
              [33mclass[39m=[32m"w-full bg-gradient-to-r 
from-purple-500 to-pink-500 text-white font-semibold py-2 px-4 
rounded-lg hover:from-purple-600 hover:to-pink-600 
transition-all"[39m
            [36m>[39m
              [0mÔû╝ View Details[0m
            [36m</button>[39m
          [36m</div>[39m
        [36m</div>[39m
      [36m</div>[39m
    [36m</div>[39m
  [36m</body>[39m
[36m</html>[39m
[90m [2mÔØ»[22m Proxy.waitForWrapper node_modules/@testing-librar
y/react/node_modules/@testing-library/dom/dist/wait-for.js:[2m163:2
7[22m[39m
[36m [2mÔØ»[22m 
src/test/learner-analytics-components.test.jsx:[2m352:11[22m[39m
    [90m350| [39m    
[34mrenderWithRouter[39m([33m<[39m[33mMasteryProgress[39m 
[33muserId[39m[33m=[39m[32m"user-123"[39m 
[33mdata[39m[33m=[39m[33m{[39mmockMastÔÇª
    [90m351| [39m    
    [90m352| [39m    [35mawait[39m [34mwaitFor[39m(() 
[33m=>[39m {
    [90m   | [39m          [31m^[39m
    [90m353| [39m      
[34mexpect[39m(screen[33m.[39m[34mgetByText[39m([36m/Promise 
handling/[39m))[33m.[39m[34mtoBeInTheDocument[39m()
    [90m354| [39m      [34mexpect[39m(screen[33m.[39m[34mgetB
yText[39m([36m/Parallel 
execution/[39m))[33m.[39m[34mtoBeInTheDocument[39mÔÇª

[31m[2mÔÄ»ÔÄ»ÔÄ»ÔÄ»ÔÄ»ÔÄ»ÔÄ»ÔÄ»ÔÄ»ÔÄ»ÔÄ»ÔÄ»ÔÄ»ÔÄ»ÔÄ»ÔÄ»ÔÄ»ÔÄ»ÔÄ»ÔÄ
»ÔÄ»ÔÄ»ÔÄ»[7/11]ÔÄ»[22m[39m

[31m[1m[7m FAIL [27m[22m[39m 
src/test/learner-analytics-components.test.jsx[2m > [22mAS-001 
#5: PerformanceAnalytics Component[2m > [22mshould render 
performance overview
[31m[1mTestingLibraryElementError[22m[39m: Found multiple 
elements with the text: /25/

Here are the matching elements:

Ignored nodes: comments, script, style
[36m<p[39m
  [33mclass[39m=[32m"text-3xl font-bold text-blue-700"[39m
[36m>[39m
  [0m25[0m
[36m</p>[39m

Ignored nodes: comments, script, style
[36m<span>[39m
  [0m25[0m
[36m</span>[39m

(If this is intentional, then use the `*AllBy*` variant of the 
query (like `queryAllByText`, `getAllByText`, or `findAllByText`)).

Ignored nodes: comments, script, style
[36m<body>[39m
  [36m<div>[39m
    [36m<div[39m
      [33mclass[39m=[32m"performance-analytics-card bg-white 
rounded-lg shadow-md p-6 mb-6"[39m
    [36m>[39m
      [36m<h3[39m
        [33mclass[39m=[32m"text-2xl font-bold text-gray-800 
mb-6"[39m
      [36m>[39m
        [0mPerformance & Assessment Analytics[0m
      [36m</h3>[39m
      [36m<div[39m
        [33mclass[39m=[32m"overview grid grid-cols-2 
md:grid-cols-4 gap-4 mb-6"[39m
      [36m>[39m
        [36m<div[39m
          [33mclass[39m=[32m"bg-blue-50 p-4 rounded-lg 
text-center"[39m
        [36m>[39m
          [36m<p[39m
            [33mclass[39m=[32m"text-sm text-gray-600 mb-1"[39m
          [36m>[39m
            [0mTotal Assessments[0m
          [36m</p>[39m
          [36m<p[39m
            [33mclass[39m=[32m"text-3xl font-bold 
text-blue-700"[39m
          [36m>[39m
            [0m25[0m
          [36m</p>[39m
        [36m</div>[39m
        [36m<div[39m
          [33mclass[39m=[32m"bg-green-50 p-4 rounded-lg 
text-center"[39m
        [36m>[39m
          [36m<p[39m
            [33mclass[39m=[32m"text-sm text-gray-600 mb-1"[39m
          [36m>[39m
            [0mAverage Score[0m
          [36m</p>[39m
          [36m<p[39m
            [33mclass[39m=[32m"text-3xl font-bold 
text-green-700"[39m
          [36m>[39m
            [0m78.5[0m
            [0m%[0m
          [36m</p>[39m
        [36m</div>[39m
        [36m<div[39m
          [33mclass[39m=[32m"bg-purple-50 p-4 rounded-lg 
text-center"[39m
        [36m>[39m
          [36m<p[39m
            [33mclass[39m=[32m"text-sm text-gray-600 mb-1"[39m
          [36m>[39m
            [0mPass Rate[0m
          [36m</p>[39m
          [36m<p[39m
            [33mclass[39m=[32m"text-3xl font-bold 
text-purple-700"[39m
          [36m>[39m
            [0m86.4[0m
            [0m%[0m
          [36m</p>[39m
        [36m</div>[39m
        [36m<div[39m
          [33mclass[39m=[32m"p-4 rounded-lg text-center 
text-green-600 bg-green-100"[39m
        [36m>[39m
          [36m<p[39m
            [33mclass[39m=[32m"text-sm mb-1"[39m
          [36m>[39m
            [0mTrend[0m
          [36m</p>[39m
          [36m<p[39m
            [33mclass[39m=[32m"text-2xl font-bold 
capitalize"[39m
          [36m>[39m
            [0mimproving[0m
          [36m</p>[39m
        [36m</div>[39m
      [36m</div>[39m
      [36m<div[39m
        [33mclass[39m=[32m"score-progression-chart 
bg-gradient-to-r from-blue-50 to-purple-50 p-5 rounded-lg mb-6"[39m
      [36m>[39m
        [36m<h4[39m
          [33mclass[39m=[32m"text-lg font-semibold text-gray-800 
mb-4"[39m
        [36m>[39m
          [0m­ƒôê Score Progression[0m
        [36m</h4>[39m
        [36m<div[39m
          [33mclass[39m=[32m"relative h-48"[39m
        [36m>[39m
          [36m<svg[39m
            [33mclass[39m=[32m"w-full h-full"[39m
            [33mpreserveAspectRatio[39m=[32m"none"[39m
            [33mviewBox[39m=[32m"0 0 800 200"[39m
          [36m>[39m
            [36m<line[39m
              [33mstroke[39m=[32m"#e5e7eb"[39m
              [33mstroke-width[39m=[32m"1"[39m
              [33mx1[39m=[32m"0"[39m
              [33mx2[39m=[32m"800"[39m
              [33my1[39m=[32m"200"[39m
              [33my2[39m=[32m"200"[39m
            [36m/>[39m
            [36m<line[39m
              [33mstroke[39m=[32m"#e5e7eb"[39m
              [33mstroke-width[39m=[32m"1"[39m
              [33mx1[39m=[32m"0"[39m
              [33mx2[39m=[32m"800"[39m
              [33my1[39m=[32m"150"[39m
              [33my2[39m=[32m"150"[39m
            [36m/>[39m
            [36m<line[39m
              [33mstroke[39m=[32m"#e5e7eb"[39m
              [33mstroke-width[39m=[32m"1"[39m
              [33mx1[39m=[32m"0"[39m
              [33mx2[39m=[32m"800"[39m
              [33my1[39m=[32m"100"[39m
              [33my2[39m=[32m"100"[39m
            [36m/>[39m
            [36m<line[39m
              [33mstroke[39m=[32m"#e5e7eb"[39m
              [33mstroke-width[39m=[32m"1"[39m
              [33mx1[39m=[32m"0"[39m
              [33mx2[39m=[32m"800"[39m
              [33my1[39m=[32m"50"[39m
              [33my2[39m=[32m"50"[39m
            [36m/>[39m
            [36m<line[39m
              [33mstroke[39m=[32m"#e5e7eb"[39m
              [33mstroke-width[39m=[32m"1"[39m
              [33mx1[39m=[32m"0"[39m
              [33mx2[39m=[32m"800"[39m
              [33my1[39m=[32m"0"[39m
              [33my2[39m=[32m"0"[39m
            [36m/>[39m
            [36m<polyline[39m
              [33mfill[39m=[32m"none"[39m
              [33mpoints[39m=[32m"0,70 88.88888888888889,60 
177.77777777777777,50 266.66666666666663,44 355.55555555555554,36 
444.44444444444446,30 533.3333333333333,24 622.2222222222223,20 
711.1111111111111,16 800,10"[39m
              [33mstroke[39m=[32m"#8b5cf6"[39m
              [33mstroke-width[39m=[32m"3"[39m
            [36m/>[39m
            [36m<circle[39m
              [33mcx[39m=[32m"0"[39m
              [33mcy[39m=[32m"70"[39m
              [33mfill[39m=[32m"#8b5cf6"[39m
              [33mr[39m=[32m"5"[39m
              [33mstroke[39m=[32m"white"[39m
              [33mstroke-width[39m=[32m"2"[39m
            [36m/>[39m
            [36m<circle[39m
              [33mcx[39m=[32m"88.88888888888889"[39m
              [33mcy[39m=[32m"60"[39m
              [33mfill[39m=[32m"#8b5cf6"[39m
              [33mr[39m=[32m"5"[39m
              [33mstroke[39m=[32m"white"[39m
              [33mstroke-width[39m=[32m"2"[39m
            [36m/>[39m
            [36m<circle[39m
              [33mcx[39m=[32m"177.77777777777777"[39m
              [33mcy[39m=[32m"50"[39m
              [33mfill[39m=[32m"#8b5cf6"[39m
              [33mr[39m=[32m"5"[39m
              [33mstroke[39m=[32m"white"[39m
              [33mstroke-width[39m=[32m"2"[39m
            [36m/>[39m
            [36m<circle[39m
              [33mcx[39m=[32m"266.66666666666663"[39m
              [33mcy[39m=[32m"44"[39m
              [33mfill[39m=[32m"#8b5cf6"[39m
              [33mr[39m=[32m"5"[39m
              [33mstroke[39m=[32m"white"[39m
              [33mstroke-width[39m=[32m"2"[39m
            [36m/>[39m
            [36m<circle[39m
              [33mcx[39m=[32m"355.55555555555554"[39m
              [33mcy[39m=[32m"36"[39m
              [33mfill[39m=[32m"#8b5cf6"[39m
              [33mr[39m=[32m"5"[39m
              [33mstroke[39m=[32m"white"[39m
              [33mstroke-width[39m=[32m"2"[39m
            [36m/>[39m
            [36m<circle[39m
              [33mcx[39m=[32m"444.44444444444446"[39m
              [33mcy[39m=[32m"30"[39m
              [33mfill[39m=[32m"#8b5cf6"[39m
              [33mr[39m=[32m"5"[39m
              [33mstroke[39m=[32m"white"[39m
              [33mstroke-width[39m=[32m"2"[39m
            [36m/>[39m
            [36m<circle[39m
              [33mcx[39m=[32m"533.3333333333333"[39m
              [33mcy[39m=[32m"24"[39m
              [33mfill[39m=[32m"#8b5cf6"[39m
              [33mr[39m=[32m"5"[39m
              [33mstroke[39m=[32m"white"[39m
              [33mstroke-width[39m=[32m"2"[39m
            [36m/>[39m
            [36m<circle[39m
              [33mcx[39m=[32m"622.2222222222223"[39m
              [33mcy[39m=[32m"20"[39m
              [33mfill[39m=[32m"#8b5cf6"[39m
              [33mr[39m=[32m"5"[39m
              [33mstroke[39m=[32m"white"[39m
              [33mstroke-width[39m=[32m"2"[39m
            [36m/>[39m
            [36m<circle[39m
              [33mcx[39m=[32m"711.1111111111111"[39m
              [33mcy[39m=[32m"16"[39m
              [33mfill[39m=[32m"#8b5cf6"[39m
              [33mr[39m=[32m"5"[39m
              [33mstroke[39m=[32m"white"[39m
              [33mstroke-width[39m=[32m"2"[39m
            [36m/>[39m
            [36m<circle[39m
              [33mcx[39m=[32m"800"[39m
              [33mcy[39m=[32m"10"[39m
              [33mfill[39m=[32m"#8b5cf6"[39m
              [33mr[39m=[32m"5"[39m
              [33mstroke[39m=[32m"white"[39m
              [33mstroke-width[39m=[32m"2"[39m
            [36m/>[39m
          [36m</svg>[39m
          [36m<div[39m
            [33mclass[39m=[32m"absolute left-0 top-0 h-full flex 
flex-col justify-between text-xs text-gray-600"[39m
          [36m>[39m
            [36m<span>[39m
              [0m100[0m
            [36m</span>[39m
            [36m<span>[39m
              [0m75[0m
            [36m</span>[39m
            [36m<span>[39m
              [0m50[0m
            [36m</span>[39m
            [36m<span>[39m
              [0m25[0m
            [36m</span>[39m
            [36m<span>[39m
              [0m0[0m
            [36m</span>[39m
          [36m</div>[39m
        [36m</div>[39m
        [36m<div[39m
          [33mclass[39m=[32m"flex justify-between text-xs 
text-gray-600 mt-2"[39m
        [36m>[39m
          [36m<span>[39m
            [0mOldest[0m
          [36m</span>[39m
          [36m<span>[39m
            [0mMost Recent[0m
          [36m</span>[39m
        [36m</div>[39m
      [36m</div>[39m
      [36m<div[39m
        [33mclass[39m=[32m"grid grid-cols-1 md:grid-cols-2 gap-4 
mb-6"[39m
      [36m/>[39m
      [36m<div[39m
        [33mclass[39m=[32m"predictions bg-gradient-to-r 
from-purple-50 to-pink-50 p-5 rounded-lg"[39m
      [36m>[39m
        [36m<h4[39m
          [33mclass[39m=[32m"text-lg font-semibold text-gray-800 
mb-4"[39m
        [36m>[39m
          [0m­ƒö« Predictive Insights[0m
        [36m</h4>[39m
        [36m<div[39m
          [33mclass[39m=[32m"grid grid-cols-1 md:grid-cols-3 
gap-4"[39m
        [36m>[39m
          [36m<div[39m
            [33mclass[39m=[32m"bg-white p-4 rounded-lg 
text-center"[39m
          [36m>[39m
            [36m<p[39m
              [33mclass[39m=[32m"text-sm text-gray-600 mb-1"[39m
            [36m>[39m
              [0mProjected Next Score[0m
            [36m</p>[39m
            [36m<p[39m
              [33mclass[39m=[32m"text-4xl font-bold 
text-purple-700"[39m
            [36m>[39m
              [0m88[0m
              [0m%[0m
            [36m</p>[39m
          [36m</div>[39m
          [36m<div[39m
            [33mclass[39m=[32m"bg-white p-4 rounded-lg 
text-center"[39m
          [36m>[39m
            [36m<p[39m
              [33mclass[39m=[32m"text-sm text-gray-600 mb-1"[39m
            [36m>[39m
              [0mRisk Level[0m
            [36m</p>[39m
            [36m<p[39m
              [33mclass[39m=[32m"text-3xl font-bold capitalize 
text-green-600"[39m
            [36m>[39m
              [0mlow[0m
            [36m</p>[39m
          [36m</div>[39m
        [36m</div>[39m
      [36m</div>[39m
    [36m</div>[39m
  [36m</div>[39m
[36m</body>[39m

Ignored nodes: comments, script, style
[36m<html>[39m
  [36m<head />[39m
  [36m<body>[39m
    [36m<div>[39m
      [36m<div[39m
        [33mclass[39m=[32m"performance-analytics-card bg-white 
rounded-lg shadow-md p-6 mb-6"[39m
      [36m>[39m
        [36m<h3[39m
          [33mclass[39m=[32m"text-2xl font-bold text-gray-800 
mb-6"[39m
        [36m>[39m
          [0mPerformance & Assessment Analytics[0m
        [36m</h3>[39m
        [36m<div[39m
          [33mclass[39m=[32m"overview grid grid-cols-2 
md:grid-cols-4 gap-4 mb-6"[39m
        [36m>[39m
          [36m<div[39m
            [33mclass[39m=[32m"bg-blue-50 p-4 rounded-lg 
text-center"[39m
          [36m>[39m
            [36m<p[39m
              [33mclass[39m=[32m"text-sm text-gray-600 mb-1"[39m
            [36m>[39m
              [0mTotal Assessments[0m
            [36m</p>[39m
            [36m<p[39m
              [33mclass[39m=[32m"text-3xl font-bold 
text-blue-700"[39m
            [36m>[39m
              [0m25[0m
            [36m</p>[39m
          [36m</div>[39m
          [36m<div[39m
            [33mclass[39m=[32m"bg-green-50 p-4 rounded-lg 
text-center"[39m
          [36m>[39m
            [36m<p[39m
              [33mclass[39m=[32m"text-sm text-gray-600 mb-1"[39m
            [36m>[39m
              [0mAverage Score[0m
            [36m</p>[39m
            [36m<p[39m
              [33mclass[39m=[32m"text-3xl font-bold 
text-green-700"[39m
            [36m>[39m
              [0m78.5[0m
              [0m%[0m
            [36m</p>[39m
          [36m</div>[39m
          [36m<div[39m
            [33mclass[39m=[32m"bg-purple-50 p-4 rounded-lg 
text-center"[39m
          [36m>[39m
            [36m<p[39m
              [33mclass[39m=[32m"text-sm text-gray-600 mb-1"[39m
            [36m>[39m
              [0mPass Rate[0m
            [36m</p>[39m
            [36m<p[39m
              [33mclass[39m=[32m"text-3xl font-bold 
text-purple-700"[39m
            [36m>[39m
              [0m86.4[0m
              [0m%[0m
            [36m</p>[39m
          [36m</div>[39m
          [36m<div[39m
            [33mclass[39m=[32m"p-4 rounded-lg text-center 
text-green-600 bg-green-100"[39m
          [36m>[39m
            [36m<p[39m
              [33mclass[39m=[32m"text-sm mb-1"[39m
            [36m>[39m
              [0mTrend[0m
            [36m</p>[39m
            [36m<p[39m
              [33mclass[39m=[32m"text-2xl font-bold 
capitalize"[39m
            [36m>[39m
              [0mimproving[0m
            [36m</p>[39m
          [36m</div>[39m
        [36m</div>[39m
        [36m<div[39m
          [33mclass[39m=[32m"score-progression-chart 
bg-gradient-to-r from-blue-50 to-purple-50 p-5 rounded-lg mb-6"[39m
        [36m>[39m
          [36m<h4[39m
            [33mclass[39m=[32m"text-lg font-semibold 
text-gray-800 mb-4"[39m
          [36m>[39m
            [0m­ƒôê Score Progression[0m
          [36m</h4>[39m
          [36m<div[39m
            [33mclass[39m=[32m"relative h-48"[39m
          [36m>[39m
            [36m<svg[39m
              [33mclass[39m=[32m"w-full h-full"[39m
              [33mpreserveAspectRatio[39m=[32m"none"[39m
              [33mviewBox[39m=[32m"0 0 800 200"[39m
            [36m>[39m
              [36m<line[39m
                [33mstroke[39m=[32m"#e5e7eb"[39m
                [33mstroke-width[39m=[32m"1"[39m
                [33mx1[39m=[32m"0"[39m
                [33mx2[39m=[32m"800"[39m
                [33my1[39m=[32m"200"[39m
                [33my2[39m=[32m"200"[39m
              [36m/>[39m
              [36m<line[39m
                [33mstroke[39m=[32m"#e5e7eb"[39m
                [33mstroke-width[39m=[32m"1"[39m
                [33mx1[39m=[32m"0"[39m
                [33mx2[39m=[32m"800"[39m
                [33my1[39m=[32m"150"[39m
                [33my2[39m=[32m"150"[39m
              [36m/>[39m
              [36m<line[39m
                [33mstroke[39m=[32m"#e5e7eb"[39m
                [33mstroke-width[39m=[32m"1"[39m
                [33mx1[39m=[32m"0"[39m
                [33mx2[39m=[32m"800"[39m
                [33my1[39m=[32m"100"[39m
                [33my2[39m=[32m"100"[39m
              [36m/>[39m
              [36m<line[39m
                [33mstroke[39m=[32m"#e5e7eb"[39m
                [33mstroke-width[39m=[32m"1"[39m
                [33mx1[39m=[32m"0"[39m
                [33mx2[39m=[32m"800"[39m
                [33my1[39m=[32m"50"[39m
                [33my2[39m=[32m"50"[39m
              [36m/>[39m
              [36m<line[39m
                [33mstroke[39m=[32m"#e5e7eb"[39m
                [33mstroke-width[39m=[32m"1"[39m
                [33mx1[39m=[32m"0"[39m
                [33mx2[39m=[32m"800"[39m
                [33my1[39m=[32m"0"[39m
                [33my2[39m=[32m"0"[39m
              [36m/>[39m
              [36m<polyline[39m
                [33mfill[39m=[32m"none"[39m
                [33mpoints[39m=[32m"0,70 88.88888888888889,60 
177.77777777777777,50 266.66666666666663,44 355.55555555555554,36 
444.44444444444446,30 533.3333333333333,24 622.2222222222223,20 
711.1111111111111,16 800,10"[39m
                [33mstroke[39m=[32m"#8b5cf6"[39m
                [33mstroke-width[39m=[32m"3"[39m
              [36m/>[39m
              [36m<circle[39m
                [33mcx[39m=[32m"0"[39m
                [33mcy[39m=[32m"70"[39m
                [33mfill[39m=[32m"#8b5cf6"[39m
                [33mr[39m=[32m"5"[39m
                [33mstroke[39m=[32m"white"[39m
                [33mstroke-width[39m=[32m"2"[39m
              [36m/>[39m
              [36m<circle[39m
                [33mcx[39m=[32m"88.88888888888889"[39m
                [33mcy[39m=[32m"60"[39m
                [33mfill[39m=[32m"#8b5cf6"[39m
                [33mr[39m=[32m"5"[39m
                [33mstroke[39m=[32m"white"[39m
                [33mstroke-width[39m=[32m"2"[39m
              [36m/>[39m
              [36m<circle[39m
                [33mcx[39m=[32m"177.77777777777777"[39m
                [33mcy[39m=[32m"50"[39m
                [33mfill[39m=[32m"#8b5cf6"[39m
                [33mr[39m=[32m"5"[39m
                [33mstroke[39m=[32m"white"[39m
                [33mstroke-width[39m=[32m"2"[39m
              [36m/>[39m
              [36m<circle[39m
                [33mcx[39m=[32m"266.66666666666663"[39m
                [33mcy[39m=[32m"44"[39m
                [33mfill[39m=[32m"#8b5cf6"[39m
                [33mr[39m=[32m"5"[39m
                [33mstroke[39m=[32m"white"[39m
                [33mstroke-width[39m=[32m"2"[39m
              [36m/>[39m
              [36m<circle[39m
                [33mcx[39m=[32m"355.55555555555554"[39m
                [33mcy[39m=[32m"36"[39m
                [33mfill[39m=[32m"#8b5cf6"[39m
                [33mr[39m=[32m"5"[39m
                [33mstroke[39m=[32m"white"[39m
                [33mstroke-width[39m=[32m"2"[39m
              [36m/>[39m
              [36m<circle[39m
                [33mcx[39m=[32m"444.44444444444446"[39m
                [33mcy[39m=[32m"30"[39m
                [33mfill[39m=[32m"#8b5cf6"[39m
                [33mr[39m=[32m"5"[39m
                [33mstroke[39m=[32m"white"[39m
                [33mstroke-width[39m=[32m"2"[39m
              [36m/>[39m
              [36m<circle[39m
                [33mcx[39m=[32m"533.3333333333333"[39m
                [33mcy[39m=[32m"24"[39m
                [33mfill[39m=[32m"#8b5cf6"[39m
                [33mr[39m=[32m"5"[39m
                [33mstroke[39m=[32m"white"[39m
                [33mstroke-width[39m=[32m"2"[39m
              [36m/>[39m
              [36m<circle[39m
                [33mcx[39m=[32m"622.2222222222223"[39m
                [33mcy[39m=[32m"20"[39m
                [33mfill[39m=[32m"#8b5cf6"[39m
                [33mr[39m=[32m"5"[39m
                [33mstroke[39m=[32m"white"[39m
                [33mstroke-width[39m=[32m"2"[39m
              [36m/>[39m
              [36m<circle[39m
                [33mcx[39m=[32m"711.1111111111111"[39m
                [33mcy[39m=[32m"16"[39m
                [33mfill[39m=[32m"#8b5cf6"[39m
                [33mr[39m=[32m"5"[39m
                [33mstroke[39m=[32m"white"[39m
                [33mstroke-width[39m=[32m"2"[39m
              [36m/>[39m
              [36m<circle[39m
                [33mcx[39m=[32m"800"[39m
                [33mcy[39m=[32m"10"[39m
                [33mfill[39m=[32m"#8b5cf6"[39m
                [33mr[39m=[32m"5"[39m
                [33mstroke[39m=[32m"white"[39m
                [33mstroke-width[39m=[32m"2"[39m
              [36m/>[39m
            [36m</svg>[39m
            [36m<div[39m
              [33mclass[39m=[32m"absolute left-0 top-0 h-full 
flex flex-col justify-between text-xs text-gray-600"[39m
            [36m>[39m
              [36m<span>[39m
                [0m100[0m
              [36m</span>[39m
              [36m<span>[39m
                [0m75[0m
              [36m</span>[39m
              [36m<span>[39m
                [0m50[0m
              [36m</span>[39m
              [36m<span>[39m
                [0m25[0m
              [36m</span>[39m
              [36m<span>[39m
                [0m0[0m
              [36m</span>[39m
            [36m</div>[39m
          [36m</div>[39m
          [36m<div[39m
            [33mclass[39m=[32m"flex justify-between text-xs 
text-gray-600 mt-2"[39m
          [36m>[39m
            [36m<span>[39m
              [0mOldest[0m
            [36m</span>[39m
            [36m<span>[39m
              [0mMost Recent[0m
            [36m</span>[39m
          [36m</div>[39m
        [36m</div>[39m
        [36m<div[39m
          [33mclass[39m=[32m"grid grid-cols-1 md:grid-cols-2 
gap-4 mb-6"[39m
        [36m/>[39m
        [36m<div[39m
          [33mclass[39m=[32m"predictions bg-gradient-to-r 
from-purple-50 to-pink-50 p-5 rounded-lg"[39m
        [36m>[39m
          [36m<h4[39m
            [33mclass[39m=[32m"text-lg font-semibold 
text-gray-800 mb-4"[39m
          [36m>[39m
            [0m­ƒö« Predictive Insights[0m
          [36m</h4>[39m
          [36m<div[39m
            [33mclass[39m=[32m"grid grid-cols-1 md:grid-cols-3 
gap-4"[39m
          [36m>[39m
            [36m<div[39m
              [33mclass[39m=[32m"bg-white p-4 rounded-lg 
text-center"[39m
            [36m>[39m
              [36m<p[39m
                [33mclass[39m=[32m"text-sm text-gray-600 
mb-1"[39m
              [36m>[39m
                [0mProjected Next Score[0m
              [36m</p>[39m
              [36m<p[39m
                [33mclass[39m=[32m"text-4xl font-bold 
text-purple-700"[39m
              [36m>[39m
                [0m88[0m
                [0m%[0m
              [36m</p>[39m
            [36m</div>[39m
            [36m<div[39m
              [33mclass[39m=[32m"bg-white p-4 rounded-lg 
text-center"[39m
            [36m>[39m
              [36m<p[39m
                [33mclass[39m=[32m"text-sm text-gray-600 
mb-1"[39m
              [36m>[39m
                [0mRisk Level[0m
              [36m</p>[39m
              [36m<p[39m
                [33mclass[39m=[32m"text-3xl font-bold capitalize 
text-green-600"[39m
              [36m>[39m
                [0mlow[0m
              [36m</p>[39m
            [36m</div>[39m
          [36m</div>[39m
        [36m</div>[39m
      [36m</div>[39m
    [36m</div>[39m
  [36m</body>[39m
[36m</html>[39m
[90m [2mÔØ»[22m Proxy.waitForWrapper node_modules/@testing-librar
y/react/node_modules/@testing-library/dom/dist/wait-for.js:[2m163:2
7[22m[39m
[36m [2mÔØ»[22m 
src/test/learner-analytics-components.test.jsx:[2m363:11[22m[39m
    [90m361| [39m    [34mrenderWithRouter[39m([33m<[39m[33mPe
rformanceAnalytics[39m 
[33muserId[39m[33m=[39m[32m"user-123"[39m 
[33mdata[39m[33m=[39m[33m{[39mmocÔÇª
    [90m362| [39m    
    [90m363| [39m    [35mawait[39m [34mwaitFor[39m(() 
[33m=>[39m {
    [90m   | [39m          [31m^[39m
    [90m364| [39m      [34mexpect[39m(screen[33m.[39m[34mgetB
yText[39m([36m/25/[39m))[33m.[39m[34mtoBeInTheDocument[39m() 
[90m// Total asse[39mÔÇª
    [90m365| [39m      [34mexpect[39m(screen[33m.[39m[34mgetB
yText[39m([36m/78.5/[39m))[33m.[39m[34mtoBeInTheDocument[39m(
) [90m// Average [39mÔÇª

[31m[2mÔÄ»ÔÄ»ÔÄ»ÔÄ»ÔÄ»ÔÄ»ÔÄ»ÔÄ»ÔÄ»ÔÄ»ÔÄ»ÔÄ»ÔÄ»ÔÄ»ÔÄ»ÔÄ»ÔÄ»ÔÄ»ÔÄ»ÔÄ
»ÔÄ»ÔÄ»ÔÄ»[8/11]ÔÄ»[22m[39m

[31m[1m[7m FAIL [27m[22m[39m 
src/test/learner-analytics-components.test.jsx[2m > [22mAS-001 
#5: PerformanceAnalytics Component[2m > [22mshould display 
predictions
[31m[1mTestingLibraryElementError[22m[39m: Unable to find an 
element with the text: /low risk/i. This could be because the text 
is broken up by multiple elements. In this case, you can provide a 
function for your text matcher to make your matcher more flexible.

Ignored nodes: comments, script, style
[36m<body>[39m
  [36m<div>[39m
    [36m<div[39m
      [33mclass[39m=[32m"performance-analytics-card bg-white 
rounded-lg shadow-md p-6 mb-6"[39m
    [36m>[39m
      [36m<h3[39m
        [33mclass[39m=[32m"text-2xl font-bold text-gray-800 
mb-6"[39m
      [36m>[39m
        [0mPerformance & Assessment Analytics[0m
      [36m</h3>[39m
      [36m<div[39m
        [33mclass[39m=[32m"overview grid grid-cols-2 
md:grid-cols-4 gap-4 mb-6"[39m
      [36m>[39m
        [36m<div[39m
          [33mclass[39m=[32m"bg-blue-50 p-4 rounded-lg 
text-center"[39m
        [36m>[39m
          [36m<p[39m
            [33mclass[39m=[32m"text-sm text-gray-600 mb-1"[39m
          [36m>[39m
            [0mTotal Assessments[0m
          [36m</p>[39m
          [36m<p[39m
            [33mclass[39m=[32m"text-3xl font-bold 
text-blue-700"[39m
          [36m>[39m
            [0m25[0m
          [36m</p>[39m
        [36m</div>[39m
        [36m<div[39m
          [33mclass[39m=[32m"bg-green-50 p-4 rounded-lg 
text-center"[39m
        [36m>[39m
          [36m<p[39m
            [33mclass[39m=[32m"text-sm text-gray-600 mb-1"[39m
          [36m>[39m
            [0mAverage Score[0m
          [36m</p>[39m
          [36m<p[39m
            [33mclass[39m=[32m"text-3xl font-bold 
text-green-700"[39m
          [36m>[39m
            [0m78.5[0m
            [0m%[0m
          [36m</p>[39m
        [36m</div>[39m
        [36m<div[39m
          [33mclass[39m=[32m"bg-purple-50 p-4 rounded-lg 
text-center"[39m
        [36m>[39m
          [36m<p[39m
            [33mclass[39m=[32m"text-sm text-gray-600 mb-1"[39m
          [36m>[39m
            [0mPass Rate[0m
          [36m</p>[39m
          [36m<p[39m
            [33mclass[39m=[32m"text-3xl font-bold 
text-purple-700"[39m
          [36m>[39m
            [0m86.4[0m
            [0m%[0m
          [36m</p>[39m
        [36m</div>[39m
        [36m<div[39m
          [33mclass[39m=[32m"p-4 rounded-lg text-center 
text-green-600 bg-green-100"[39m
        [36m>[39m
          [36m<p[39m
            [33mclass[39m=[32m"text-sm mb-1"[39m
          [36m>[39m
            [0mTrend[0m
          [36m</p>[39m
          [36m<p[39m
            [33mclass[39m=[32m"text-2xl font-bold 
capitalize"[39m
          [36m>[39m
            [0mimproving[0m
          [36m</p>[39m
        [36m</div>[39m
      [36m</div>[39m
      [36m<div[39m
        [33mclass[39m=[32m"score-progression-chart 
bg-gradient-to-r from-blue-50 to-purple-50 p-5 rounded-lg mb-6"[39m
      [36m>[39m
        [36m<h4[39m
          [33mclass[39m=[32m"text-lg font-semibold text-gray-800 
mb-4"[39m
        [36m>[39m
          [0m­ƒôê Score Progression[0m
        [36m</h4>[39m
        [36m<div[39m
          [33mclass[39m=[32m"relative h-48"[39m
        [36m>[39m
          [36m<svg[39m
            [33mclass[39m=[32m"w-full h-full"[39m
            [33mpreserveAspectRatio[39m=[32m"none"[39m
            [33mviewBox[39m=[32m"0 0 800 200"[39m
          [36m>[39m
            [36m<line[39m
              [33mstroke[39m=[32m"#e5e7eb"[39m
              [33mstroke-width[39m=[32m"1"[39m
              [33mx1[39m=[32m"0"[39m
              [33mx2[39m=[32m"800"[39m
              [33my1[39m=[32m"200"[39m
              [33my2[39m=[32m"200"[39m
            [36m/>[39m
            [36m<line[39m
              [33mstroke[39m=[32m"#e5e7eb"[39m
              [33mstroke-width[39m=[32m"1"[39m
              [33mx1[39m=[32m"0"[39m
              [33mx2[39m=[32m"800"[39m
              [33my1[39m=[32m"150"[39m
              [33my2[39m=[32m"150"[39m
            [36m/>[39m
            [36m<line[39m
              [33mstroke[39m=[32m"#e5e7eb"[39m
              [33mstroke-width[39m=[32m"1"[39m
              [33mx1[39m=[32m"0"[39m
              [33mx2[39m=[32m"800"[39m
              [33my1[39m=[32m"100"[39m
              [33my2[39m=[32m"100"[39m
            [36m/>[39m
            [36m<line[39m
              [33mstroke[39m=[32m"#e5e7eb"[39m
              [33mstroke-width[39m=[32m"1"[39m
              [33mx1[39m=[32m"0"[39m
              [33mx2[39m=[32m"800"[39m
              [33my1[39m=[32m"50"[39m
              [33my2[39m=[32m"50"[39m
            [36m/>[39m
            [36m<line[39m
              [33mstroke[39m=[32m"#e5e7eb"[39m
              [33mstroke-width[39m=[32m"1"[39m
              [33mx1[39m=[32m"0"[39m
              [33mx2[39m=[32m"800"[39m
              [33my1[39m=[32m"0"[39m
              [33my2[39m=[32m"0"[39m
            [36m/>[39m
            [36m<polyline[39m
              [33mfill[39m=[32m"none"[39m
              [33mpoints[39m=[32m"0,70 88.88888888888889,60 
177.77777777777777,50 266.66666666666663,44 355.55555555555554,36 
444.44444444444446,30 533.3333333333333,24 622.2222222222223,20 
711.1111111111111,16 800,10"[39m
              [33mstroke[39m=[32m"#8b5cf6"[39m
              [33mstroke-width[39m=[32m"3"[39m
            [36m/>[39m
            [36m<circle[39m
              [33mcx[39m=[32m"0"[39m
              [33mcy[39m=[32m"70"[39m
              [33mfill[39m=[32m"#8b5cf6"[39m
              [33mr[39m=[32m"5"[39m
              [33mstroke[39m=[32m"white"[39m
              [33mstroke-width[39m=[32m"2"[39m
            [36m/>[39m
            [36m<circle[39m
              [33mcx[39m=[32m"88.88888888888889"[39m
              [33mcy[39m=[32m"60"[39m
              [33mfill[39m=[32m"#8b5cf6"[39m
              [33mr[39m=[32m"5"[39m
              [33mstroke[39m=[32m"white"[39m
              [33mstroke-width[39m=[32m"2"[39m
            [36m/>[39m
            [36m<circle[39m
              [33mcx[39m=[32m"177.77777777777777"[39m
              [33mcy[39m=[32m"50"[39m
              [33mfill[39m=[32m"#8b5cf6"[39m
              [33mr[39m=[32m"5"[39m
              [33mstroke[39m=[32m"white"[39m
              [33mstroke-width[39m=[32m"2"[39m
            [36m/>[39m
            [36m<circle[39m
              [33mcx[39m=[32m"266.66666666666663"[39m
              [33mcy[39m=[32m"44"[39m
              [33mfill[39m=[32m"#8b5cf6"[39m
              [33mr[39m=[32m"5"[39m
              [33mstroke[39m=[32m"white"[39m
              [33mstroke-width[39m=[32m"2"[39m
            [36m/>[39m
            [36m<circle[39m
              [33mcx[39m=[32m"355.55555555555554"[39m
              [33mcy[39m=[32m"36"[39m
              [33mfill[39m=[32m"#8b5cf6"[39m
              [33mr[39m=[32m"5"[39m
              [33mstroke[39m=[32m"white"[39m
              [33mstroke-width[39m=[32m"2"[39m
            [36m/>[39m
            [36m<circle[39m
              [33mcx[39m=[32m"444.44444444444446"[39m
              [33mcy[39m=[32m"30"[39m
              [33mfill[39m=[32m"#8b5cf6"[39m
              [33mr[39m=[32m"5"[39m
              [33mstroke[39m=[32m"white"[39m
              [33mstroke-width[39m=[32m"2"[39m
            [36m/>[39m
            [36m<circle[39m
              [33mcx[39m=[32m"533.3333333333333"[39m
              [33mcy[39m=[32m"24"[39m
              [33mfill[39m=[32m"#8b5cf6"[39m
              [33mr[39m=[32m"5"[39m
              [33mstroke[39m=[32m"white"[39m
              [33mstroke-width[39m=[32m"2"[39m
            [36m/>[39m
            [36m<circle[39m
              [33mcx[39m=[32m"622.2222222222223"[39m
              [33mcy[39m=[32m"20"[39m
              [33mfill[39m=[32m"#8b5cf6"[39m
              [33mr[39m=[32m"5"[39m
              [33mstroke[39m=[32m"white"[39m
              [33mstroke-width[39m=[32m"2"[39m
            [36m/>[39m
            [36m<circle[39m
              [33mcx[39m=[32m"711.1111111111111"[39m
              [33mcy[39m=[32m"16"[39m
              [33mfill[39m=[32m"#8b5cf6"[39m
              [33mr[39m=[32m"5"[39m
              [33mstroke[39m=[32m"white"[39m
              [33mstroke-width[39m=[32m"2"[39m
            [36m/>[39m
            [36m<circle[39m
              [33mcx[39m=[32m"800"[39m
              [33mcy[39m=[32m"10"[39m
              [33mfill[39m=[32m"#8b5cf6"[39m
              [33mr[39m=[32m"5"[39m
              [33mstroke[39m=[32m"white"[39m
              [33mstroke-width[39m=[32m"2"[39m
            [36m/>[39m
          [36m</svg>[39m
          [36m<div[39m
            [33mclass[39m=[32m"absolute left-0 top-0 h-full flex 
flex-col justify-between text-xs text-gray-600"[39m
          [36m>[39m
            [36m<span>[39m
              [0m100[0m
            [36m</span>[39m
            [36m<span>[39m
              [0m75[0m
            [36m</span>[39m
            [36m<span>[39m
              [0m50[0m
            [36m</span>[39m
            [36m<span>[39m
              [0m25[0m
            [36m</span>[39m
            [36m<span>[39m
              [0m0[0m
            [36m</span>[39m
          [36m</div>[39m
        [36m</div>[39m
        [36m<div[39m
          [33mclass[39m=[32m"flex justify-between text-xs 
text-gray-600 mt-2"[39m
        [36m>[39m
          [36m<span>[39m
            [0mOldest[0m
          [36m</span>[39m
          [36m<span>[39m
            [0mMost Recent[0m
          [36m</span>[39m
        [36m</div>[39m
      [36m</div>[39m
      [36m<div[39m
        [33mclass[39m=[32m"grid grid-cols-1 md:grid-cols-2 gap-4 
mb-6"[39m
      [36m/>[39m
      [36m<div[39m
        [33mclass[39m=[32m"predictions bg-gradient-to-r 
from-purple-50 to-pink-50 p-5 rounded-lg"[39m
      [36m>[39m
        [36m<h4[39m
          [33mclass[39m=[32m"text-lg font-semibold text-gray-800 
mb-4"[39m
        [36m>[39m
          [0m­ƒö« Predictive Insights[0m
        [36m</h4>[39m
        [36m<div[39m
          [33mclass[39m=[32m"grid grid-cols-1 md:grid-cols-3 
gap-4"[39m
        [36m>[39m
          [36m<div[39m
            [33mclass[39m=[32m"bg-white p-4 rounded-lg 
text-center"[39m
          [36m>[39m
            [36m<p[39m
              [33mclass[39m=[32m"text-sm text-gray-600 mb-1"[39m
            [36m>[39m
              [0mProjected Next Score[0m
            [36m</p>[39m
            [36m<p[39m
              [33mclass[39m=[32m"text-4xl font-bold 
text-purple-700"[39m
            [36m>[39m
              [0m88[0m
              [0m%[0m
            [36m</p>[39m
          [36m</div>[39m
          [36m<div[39m
            [33mclass[39m=[32m"bg-white p-4 rounded-lg 
text-center"[39m
          [36m>[39m
            [36m<p[39m
              [33mclass[39m=[32m"text-sm text-gray-600 mb-1"[39m
            [36m>[39m
              [0mRisk Level[0m
            [36m</p>[39m
            [36m<p[39m
              [33mclass[39m=[32m"text-3xl font-bold capitalize 
text-green-600"[39m
            [36m>[39m
              [0mlow[0m
            [36m</p>[39m
          [36m</div>[39m
        [36m</div>[39m
      [36m</div>[39m
    [36m</div>[39m
  [36m</div>[39m
[36m</body>[39m

Ignored nodes: comments, script, style
[36m<html>[39m
  [36m<head />[39m
  [36m<body>[39m
    [36m<div>[39m
      [36m<div[39m
        [33mclass[39m=[32m"performance-analytics-card bg-white 
rounded-lg shadow-md p-6 mb-6"[39m
      [36m>[39m
        [36m<h3[39m
          [33mclass[39m=[32m"text-2xl font-bold text-gray-800 
mb-6"[39m
        [36m>[39m
          [0mPerformance & Assessment Analytics[0m
        [36m</h3>[39m
        [36m<div[39m
          [33mclass[39m=[32m"overview grid grid-cols-2 
md:grid-cols-4 gap-4 mb-6"[39m
        [36m>[39m
          [36m<div[39m
            [33mclass[39m=[32m"bg-blue-50 p-4 rounded-lg 
text-center"[39m
          [36m>[39m
            [36m<p[39m
              [33mclass[39m=[32m"text-sm text-gray-600 mb-1"[39m
            [36m>[39m
              [0mTotal Assessments[0m
            [36m</p>[39m
            [36m<p[39m
              [33mclass[39m=[32m"text-3xl font-bold 
text-blue-700"[39m
            [36m>[39m
              [0m25[0m
            [36m</p>[39m
          [36m</div>[39m
          [36m<div[39m
            [33mclass[39m=[32m"bg-green-50 p-4 rounded-lg 
text-center"[39m
          [36m>[39m
            [36m<p[39m
              [33mclass[39m=[32m"text-sm text-gray-600 mb-1"[39m
            [36m>[39m
              [0mAverage Score[0m
            [36m</p>[39m
            [36m<p[39m
              [33mclass[39m=[32m"text-3xl font-bold 
text-green-700"[39m
            [36m>[39m
              [0m78.5[0m
              [0m%[0m
            [36m</p>[39m
          [36m</div>[39m
          [36m<div[39m
            [33mclass[39m=[32m"bg-purple-50 p-4 rounded-lg 
text-center"[39m
          [36m>[39m
            [36m<p[39m
              [33mclass[39m=[32m"text-sm text-gray-600 mb-1"[39m
            [36m>[39m
              [0mPass Rate[0m
            [36m</p>[39m
            [36m<p[39m
              [33mclass[39m=[32m"text-3xl font-bold 
text-purple-700"[39m
            [36m>[39m
              [0m86.4[0m
              [0m%[0m
            [36m</p>[39m
          [36m</div>[39m
          [36m<div[39m
            [33mclass[39m=[32m"p-4 rounded-lg text-center 
text-green-600 bg-green-100"[39m
          [36m>[39m
            [36m<p[39m
              [33mclass[39m=[32m"text-sm mb-1"[39m
            [36m>[39m
              [0mTrend[0m
            [36m</p>[39m
            [36m<p[39m
              [33mclass[39m=[32m"text-2xl font-bold 
capitalize"[39m
            [36m>[39m
              [0mimproving[0m
            [36m</p>[39m
          [36m</div>[39m
        [36m</div>[39m
        [36m<div[39m
          [33mclass[39m=[32m"score-progression-chart 
bg-gradient-to-r from-blue-50 to-purple-50 p-5 rounded-lg mb-6"[39m
        [36m>[39m
          [36m<h4[39m
            [33mclass[39m=[32m"text-lg font-semibold 
text-gray-800 mb-4"[39m
          [36m>[39m
            [0m­ƒôê Score Progression[0m
          [36m</h4>[39m
          [36m<div[39m
            [33mclass[39m=[32m"relative h-48"[39m
          [36m>[39m
            [36m<svg[39m
              [33mclass[39m=[32m"w-full h-full"[39m
              [33mpreserveAspectRatio[39m=[32m"none"[39m
              [33mviewBox[39m=[32m"0 0 800 200"[39m
            [36m>[39m
              [36m<line[39m
                [33mstroke[39m=[32m"#e5e7eb"[39m
                [33mstroke-width[39m=[32m"1"[39m
                [33mx1[39m=[32m"0"[39m
                [33mx2[39m=[32m"800"[39m
                [33my1[39m=[32m"200"[39m
                [33my2[39m=[32m"200"[39m
              [36m/>[39m
              [36m<line[39m
                [33mstroke[39m=[32m"#e5e7eb"[39m
                [33mstroke-width[39m=[32m"1"[39m
                [33mx1[39m=[32m"0"[39m
                [33mx2[39m=[32m"800"[39m
                [33my1[39m=[32m"150"[39m
                [33my2[39m=[32m"150"[39m
              [36m/>[39m
              [36m<line[39m
                [33mstroke[39m=[32m"#e5e7eb"[39m
                [33mstroke-width[39m=[32m"1"[39m
                [33mx1[39m=[32m"0"[39m
                [33mx2[39m=[32m"800"[39m
                [33my1[39m=[32m"100"[39m
                [33my2[39m=[32m"100"[39m
              [36m/>[39m
              [36m<line[39m
                [33mstroke[39m=[32m"#e5e7eb"[39m
                [33mstroke-width[39m=[32m"1"[39m
                [33mx1[39m=[32m"0"[39m
                [33mx2[39m=[32m"800"[39m
                [33my1[39m=[32m"50"[39m
                [33my2[39m=[32m"50"[39m
              [36m/>[39m
              [36m<line[39m
                [33mstroke[39m=[32m"#e5e7eb"[39m
                [33mstroke-width[39m=[32m"1"[39m
                [33mx1[39m=[32m"0"[39m
                [33mx2[39m=[32m"800"[39m
                [33my1[39m=[32m"0"[39m
                [33my2[39m=[32m"0"[39m
              [36m/>[39m
              [36m<polyline[39m
                [33mfill[39m=[32m"none"[39m
                [33mpoints[39m=[32m"0,70 88.88888888888889,60 
177.77777777777777,50 266.66666666666663,44 355.55555555555554,36 
444.44444444444446,30 533.3333333333333,24 622.2222222222223,20 
711.1111111111111,16 800,10"[39m
                [33mstroke[39m=[32m"#8b5cf6"[39m
                [33mstroke-width[39m=[32m"3"[39m
              [36m/>[39m
              [36m<circle[39m
                [33mcx[39m=[32m"0"[39m
                [33mcy[39m=[32m"70"[39m
                [33mfill[39m=[32m"#8b5cf6"[39m
                [33mr[39m=[32m"5"[39m
                [33mstroke[39m=[32m"white"[39m
                [33mstroke-width[39m=[32m"2"[39m
              [36m/>[39m
              [36m<circle[39m
                [33mcx[39m=[32m"88.88888888888889"[39m
                [33mcy[39m=[32m"60"[39m
                [33mfill[39m=[32m"#8b5cf6"[39m
                [33mr[39m=[32m"5"[39m
                [33mstroke[39m=[32m"white"[39m
                [33mstroke-width[39m=[32m"2"[39m
              [36m/>[39m
              [36m<circle[39m
                [33mcx[39m=[32m"177.77777777777777"[39m
                [33mcy[39m=[32m"50"[39m
                [33mfill[39m=[32m"#8b5cf6"[39m
                [33mr[39m=[32m"5"[39m
                [33mstroke[39m=[32m"white"[39m
                [33mstroke-width[39m=[32m"2"[39m
              [36m/>[39m
              [36m<circle[39m
                [33mcx[39m=[32m"266.66666666666663"[39m
                [33mcy[39m=[32m"44"[39m
                [33mfill[39m=[32m"#8b5cf6"[39m
                [33mr[39m=[32m"5"[39m
                [33mstroke[39m=[32m"white"[39m
                [33mstroke-width[39m=[32m"2"[39m
              [36m/>[39m
              [36m<circle[39m
                [33mcx[39m=[32m"355.55555555555554"[39m
                [33mcy[39m=[32m"36"[39m
                [33mfill[39m=[32m"#8b5cf6"[39m
                [33mr[39m=[32m"5"[39m
                [33mstroke[39m=[32m"white"[39m
                [33mstroke-width[39m=[32m"2"[39m
              [36m/>[39m
              [36m<circle[39m
                [33mcx[39m=[32m"444.44444444444446"[39m
                [33mcy[39m=[32m"30"[39m
                [33mfill[39m=[32m"#8b5cf6"[39m
                [33mr[39m=[32m"5"[39m
                [33mstroke[39m=[32m"white"[39m
                [33mstroke-width[39m=[32m"2"[39m
              [36m/>[39m
              [36m<circle[39m
                [33mcx[39m=[32m"533.3333333333333"[39m
                [33mcy[39m=[32m"24"[39m
                [33mfill[39m=[32m"#8b5cf6"[39m
                [33mr[39m=[32m"5"[39m
                [33mstroke[39m=[32m"white"[39m
                [33mstroke-width[39m=[32m"2"[39m
              [36m/>[39m
              [36m<circle[39m
                [33mcx[39m=[32m"622.2222222222223"[39m
                [33mcy[39m=[32m"20"[39m
                [33mfill[39m=[32m"#8b5cf6"[39m
                [33mr[39m=[32m"5"[39m
                [33mstroke[39m=[32m"white"[39m
                [33mstroke-width[39m=[32m"2"[39m
              [36m/>[39m
              [36m<circle[39m
                [33mcx[39m=[32m"711.1111111111111"[39m
                [33mcy[39m=[32m"16"[39m
                [33mfill[39m=[32m"#8b5cf6"[39m
                [33mr[39m=[32m"5"[39m
                [33mstroke[39m=[32m"white"[39m
                [33mstroke-width[39m=[32m"2"[39m
              [36m/>[39m
              [36m<circle[39m
                [33mcx[39m=[32m"800"[39m
                [33mcy[39m=[32m"10"[39m
                [33mfill[39m=[32m"#8b5cf6"[39m
                [33mr[39m=[32m"5"[39m
                [33mstroke[39m=[32m"white"[39m
                [33mstroke-width[39m=[32m"2"[39m
              [36m/>[39m
            [36m</svg>[39m
            [36m<div[39m
              [33mclass[39m=[32m"absolute left-0 top-0 h-full 
flex flex-col justify-between text-xs text-gray-600"[39m
            [36m>[39m
              [36m<span>[39m
                [0m100[0m
              [36m</span>[39m
              [36m<span>[39m
                [0m75[0m
              [36m</span>[39m
              [36m<span>[39m
                [0m50[0m
              [36m</span>[39m
              [36m<span>[39m
                [0m25[0m
              [36m</span>[39m
              [36m<span>[39m
                [0m0[0m
              [36m</span>[39m
            [36m</div>[39m
          [36m</div>[39m
          [36m<div[39m
            [33mclass[39m=[32m"flex justify-between text-xs 
text-gray-600 mt-2"[39m
          [36m>[39m
            [36m<span>[39m
              [0mOldest[0m
            [36m</span>[39m
            [36m<span>[39m
              [0mMost Recent[0m
            [36m</span>[39m
          [36m</div>[39m
        [36m</div>[39m
        [36m<div[39m
          [33mclass[39m=[32m"grid grid-cols-1 md:grid-cols-2 
gap-4 mb-6"[39m
        [36m/>[39m
        [36m<div[39m
          [33mclass[39m=[32m"predictions bg-gradient-to-r 
from-purple-50 to-pink-50 p-5 rounded-lg"[39m
        [36m>[39m
          [36m<h4[39m
            [33mclass[39m=[32m"text-lg font-semibold 
text-gray-800 mb-4"[39m
          [36m>[39m
            [0m­ƒö« Predictive Insights[0m
          [36m</h4>[39m
          [36m<div[39m
            [33mclass[39m=[32m"grid grid-cols-1 md:grid-cols-3 
gap-4"[39m
          [36m>[39m
            [36m<div[39m
              [33mclass[39m=[32m"bg-white p-4 rounded-lg 
text-center"[39m
            [36m>[39m
              [36m<p[39m
                [33mclass[39m=[32m"text-sm text-gray-600 
mb-1"[39m
              [36m>[39m
                [0mProjected Next Score[0m
              [36m</p>[39m
              [36m<p[39m
                [33mclass[39m=[32m"text-4xl font-bold 
text-purple-700"[39m
              [36m>[39m
                [0m88[0m
                [0m%[0m
              [36m</p>[39m
            [36m</div>[39m
            [36m<div[39m
              [33mclass[39m=[32m"bg-white p-4 rounded-lg 
text-center"[39m
            [36m>[39m
              [36m<p[39m
                [33mclass[39m=[32m"text-sm text-gray-600 
mb-1"[39m
              [36m>[39m
                [0mRisk Level[0m
              [36m</p>[39m
              [36m<p[39m
                [33mclass[39m=[32m"text-3xl font-bold capitalize 
text-green-600"[39m
              [36m>[39m
                [0mlow[0m
              [36m</p>[39m
            [36m</div>[39m
          [36m</div>[39m
        [36m</div>[39m
      [36m</div>[39m
    [36m</div>[39m
  [36m</body>[39m
[36m</html>[39m
[90m [2mÔØ»[22m Proxy.waitForWrapper node_modules/@testing-librar
y/react/node_modules/@testing-library/dom/dist/wait-for.js:[2m163:2
7[22m[39m
[36m [2mÔØ»[22m 
src/test/learner-analytics-components.test.jsx:[2m392:11[22m[39m
    [90m390| [39m    [34mrenderWithRouter[39m([33m<[39m[33mPe
rformanceAnalytics[39m 
[33muserId[39m[33m=[39m[32m"user-123"[39m 
[33mdata[39m[33m=[39m[33m{[39mmocÔÇª
    [90m391| [39m    
    [90m392| [39m    [35mawait[39m [34mwaitFor[39m(() 
[33m=>[39m {
    [90m   | [39m          [31m^[39m
    [90m393| [39m      [34mexpect[39m(screen[33m.[39m[34mgetB
yText[39m([36m/88/[39m))[33m.[39m[34mtoBeInTheDocument[39m() 
[90m// Projected [39mÔÇª
    [90m394| [39m      
[34mexpect[39m(screen[33m.[39m[34mgetByText[39m([36m/low 
risk/i[39m))[33m.[39m[34mtoBeInTheDocument[39m()

[31m[2mÔÄ»ÔÄ»ÔÄ»ÔÄ»ÔÄ»ÔÄ»ÔÄ»ÔÄ»ÔÄ»ÔÄ»ÔÄ»ÔÄ»ÔÄ»ÔÄ»ÔÄ»ÔÄ»ÔÄ»ÔÄ»ÔÄ»ÔÄ
»ÔÄ»ÔÄ»ÔÄ»[9/11]ÔÄ»[22m[39m

[31m[1m[7m FAIL [27m[22m[39m 
src/test/learner-analytics-components.test.jsx[2m > [22mAS-001 
#6: ContentEffectiveness Component[2m > [22mshould render 
effectiveness by content type
[31m[1mTestingLibraryElementError[22m[39m: Found multiple 
elements with the text: /video/i

Here are the matching elements:

Ignored nodes: comments, script, style
[36m<span[39m
  [33mclass[39m=[32m"font-semibold text-gray-800 capitalize"[39m
[36m>[39m
  [0mvideo[0m
[36m</span>[39m

Ignored nodes: comments, script, style
[36m<span[39m
  [33mclass[39m=[32m"font-semibold text-gray-700 capitalize flex 
items-center gap-2"[39m
[36m>[39m
  [36m<span>[39m
    [0m­ƒÄÑ[0m
  [36m</span>[39m
  [0mvideo[0m
[36m</span>[39m

(If this is intentional, then use the `*AllBy*` variant of the 
query (like `queryAllByText`, `getAllByText`, or `findAllByText`)).

Ignored nodes: comments, script, style
[36m<body>[39m
  [36m<div>[39m
    [36m<div[39m
      [33mclass[39m=[32m"content-effectiveness-card bg-white 
rounded-lg shadow-md p-6 mb-6"[39m
    [36m>[39m
      [36m<div[39m
        [33mclass[39m=[32m"mb-6"[39m
      [36m>[39m
        [36m<h3[39m
          [33mclass[39m=[32m"text-2xl font-bold text-gray-800 
mb-2"[39m
        [36m>[39m
          [0mCourse & Content Effectiveness[0m
        [36m</h3>[39m
      [36m</div>[39m
      [36m<div[39m
        [33mclass[39m=[32m"effectiveness-by-type mb-6"[39m
      [36m>[39m
        [36m<h4[39m
          [33mclass[39m=[32m"text-lg font-semibold text-gray-800 
mb-4"[39m
        [36m>[39m
          [0m­ƒôè Effectiveness by Content Type[0m
        [36m</h4>[39m
        [36m<div[39m
          [33mclass[39m=[32m"grid grid-cols-1 md:grid-cols-2 
lg:grid-cols-3 gap-4"[39m
        [36m>[39m
          [36m<div[39m
            [33mclass[39m=[32m"content-type-card 
bg-gradient-to-br from-red-50 to-red-100 border-red-200 border-2 
p-5 rounded-lg"[39m
          [36m>[39m
            [36m<div[39m
              [33mclass[39m=[32m"flex items-center 
justify-between mb-3"[39m
            [36m>[39m
              [36m<div[39m
                [33mclass[39m=[32m"flex items-center gap-2"[39m
              [36m>[39m
                [36m<span[39m
                  [33mclass[39m=[32m"text-3xl"[39m
                [36m>[39m
                  [0m­ƒÄÑ[0m
                [36m</span>[39m
                [36m<span[39m
                  [33mclass[39m=[32m"font-semibold text-gray-800 
capitalize"[39m
                [36m>[39m
                  [0mvideo[0m
                [36m</span>[39m
              [36m</div>[39m
              [36m<span[39m
                [33mclass[39m=[32m"text-2xl font-bold 
text-gray-800"[39m
              [36m>[39m
                [0m85.2[0m
              [36m</span>[39m
            [36m</div>[39m
            [36m<div[39m
              [33mclass[39m=[32m"relative w-full h-4 bg-white 
rounded-full overflow-hidden mb-2"[39m
            [36m>[39m
              [36m<div[39m
                [33mclass[39m=[32m"absolute top-0 left-0 h-full 
bg-gradient-to-r from-blue-400 to-purple-600 transition-all 
duration-500"[39m
                [33mstyle[39m=[32m"width: 85.2%;"[39m
              [36m/>[39m
            [36m</div>[39m
            [36m<p[39m
              [33mclass[39m=[32m"text-sm text-gray-600"[39m
            [36m>[39m
              [0m12[0m
              [0m items completed[0m
            [36m</p>[39m
          [36m</div>[39m
          [36m<div[39m
            [33mclass[39m=[32m"content-type-card 
bg-gradient-to-br from-purple-50 to-purple-100 border-purple-200 
border-2 p-5 rounded-lg"[39m
          [36m>[39m
            [36m<div[39m
              [33mclass[39m=[32m"flex items-center 
justify-between mb-3"[39m
            [36m>[39m
              [36m<div[39m
                [33mclass[39m=[32m"flex items-center gap-2"[39m
              [36m>[39m
                [36m<span[39m
                  [33mclass[39m=[32m"text-3xl"[39m
                [36m>[39m
                  [0m­ƒÄ«[0m
                [36m</span>[39m
                [36m<span[39m
                  [33mclass[39m=[32m"font-semibold text-gray-800 
capitalize"[39m
                [36m>[39m
                  [0minteractive[0m
                [36m</span>[39m
              [36m</div>[39m
              [36m<span[39m
                [33mclass[39m=[32m"text-2xl font-bold 
text-gray-800"[39m
              [36m>[39m
                [0m88.7[0m
              [36m</span>[39m
            [36m</div>[39m
            [36m<div[39m
              [33mclass[39m=[32m"relative w-full h-4 bg-white 
rounded-full overflow-hidden mb-2"[39m
            [36m>[39m
              [36m<div[39m
                [33mclass[39m=[32m"absolute top-0 left-0 h-full 
bg-gradient-to-r from-blue-400 to-purple-600 transition-all 
duration-500"[39m
                [33mstyle[39m=[32m"width: 88.7%;"[39m
              [36m/>[39m
            [36m</div>[39m
            [36m<p[39m
              [33mclass[39m=[32m"text-sm text-gray-600"[39m
            [36m>[39m
              [0m6[0m
              [0m items completed[0m
            [36m</p>[39m
          [36m</div>[39m
        [36m</div>[39m
      [36m</div>[39m
      [36m<div[39m
        [33mclass[39m=[32m"top-content mb-6"[39m
      [36m>[39m
        [36m<h4[39m
          [33mclass[39m=[32m"text-lg font-semibold text-gray-800 
mb-4"[39m
        [36m>[39m
          [0mÔ¡É Top Performing Content[0m
        [36m</h4>[39m
        [36m<div[39m
          [33mclass[39m=[32m"space-y-3"[39m
        [36m>[39m
          [36m<div[39m
            [33mclass[39m=[32m"bg-gradient-to-r from-green-50 
to-green-100 border-2 border-green-200 p-4 rounded-lg"[39m
          [36m>[39m
            [36m<div[39m
              [33mclass[39m=[32m"flex items-start 
justify-between"[39m
            [36m>[39m
              [36m<div[39m
                [33mclass[39m=[32m"flex-1"[39m
              [36m>[39m
                [36m<div[39m
                  [33mclass[39m=[32m"flex items-center gap-2 
mb-1"[39m
                [36m>[39m
                  [36m<span[39m
                    [33mclass[39m=[32m"text-xl"[39m
                  [36m>[39m
                    [0m­ƒÄÑ[0m
                  [36m</span>[39m
                  [36m<h5[39m
                    [33mclass[39m=[32m"font-semibold 
text-gray-800"[39m
                  [36m>[39m
                    [0mReact Hooks Deep Dive[0m
                  [36m</h5>[39m
                [36m</div>[39m
                [36m<div[39m
                  [33mclass[39m=[32m"flex items-center gap-4 
text-sm text-gray-600"[39m
                [36m>[39m
                  [36m<span>[39m
                    [0mScore: [0m
                    [0m92[0m
                    [0m%[0m
                  [36m</span>[39m
                [36m</div>[39m
              [36m</div>[39m
              [36m<div[39m
                [33mclass[39m=[32m"text-right"[39m
              [36m>[39m
                [36m<span[39m
                  [33mclass[39m=[32m"text-3xl font-bold 
text-green-700"[39m
                [36m>[39m
                  [0m92[0m
                [36m</span>[39m
              [36m</div>[39m
            [36m</div>[39m
          [36m</div>[39m
        [36m</div>[39m
      [36m</div>[39m
      [36m<div[39m
        [33mclass[39m=[32m"insights bg-gradient-to-r 
from-purple-50 to-pink-50 p-5 rounded-lg"[39m
      [36m>[39m
        [36m<h4[39m
          [33mclass[39m=[32m"text-lg font-semibold text-gray-800 
mb-4"[39m
        [36m>[39m
          [0m­ƒÆí Actionable Insights[0m
        [36m</h4>[39m
        [36m<ul[39m
          [33mclass[39m=[32m"space-y-2"[39m
        [36m>[39m
          [36m<li[39m
            [33mclass[39m=[32m"flex items-start bg-white p-3 
rounded-lg border border-purple-200"[39m
          [36m>[39m
            [36m<span[39m
              [33mclass[39m=[32m"flex-shrink-0 w-6 h-6 
bg-purple-600 text-white rounded-full flex items-center 
justify-center text-xs font-bold mr-3 mt-0.5"[39m
            [36m>[39m
              [0m1[0m
            [36m</span>[39m
            [36m<span[39m
              [33mclass[39m=[32m"text-sm text-gray-700"[39m
            [36m>[39m
              [0mInteractive content leads to 10% higher scores[0m
            [36m</span>[39m
          [36m</li>[39m
        [36m</ul>[39m
      [36m</div>[39m
      [36m<div[39m
        [33mclass[39m=[32m"content-effectiveness-chart mt-6 
bg-gray-50 p-5 rounded-lg"[39m
      [36m>[39m
        [36m<h4[39m
          [33mclass[39m=[32m"text-md font-semibold text-gray-700 
mb-4"[39m
        [36m>[39m
          [0m­ƒôê Comparative View[0m
        [36m</h4>[39m
        [36m<div[39m
          [33mclass[39m=[32m"space-y-3"[39m
        [36m>[39m
          [36m<div>[39m
            [36m<div[39m
              [33mclass[39m=[32m"flex items-center 
justify-between text-sm mb-1"[39m
            [36m>[39m
              [36m<span[39m
                [33mclass[39m=[32m"font-semibold text-gray-700 
capitalize flex items-center gap-2"[39m
              [36m>[39m
                [36m<span>[39m
                  [0m­ƒÄÑ[0m
                [36m</span>[39m
                [0mvideo[0m
              [36m</span>[39m
              [36m<span[39m
                [33mclass[39m=[32m"font-bold text-gray-800"[39m
              [36m>[39m
                [0m85.2[0m
                [0m%[0m
              [36m</span>[39m
            [36m</div>[39m
            [36m<div[39m
              [33mclass[39m=[32m"relative w-full h-3 bg-gray-200 
rounded-full overflow-hidden"[39m
            [36m>[39m
              [36m<div[39m
                [33mclass[39m=[32m"absolute top-0 left-0 h-full 
bg-gradient-to-r from-purple-400 to-pink-600 transition-all 
duration-500"[39m
                [33mstyle[39m=[32m"width: 85.2%;"[39m
              [36m/>[39m
            [36m</div>[39m
          [36m</div>[39m
          [36m<div>[39m
            [36m<div[39m
              [33mclass[39m=[32m"flex items-center 
justify-between text-sm mb-1"[39m
            [36m>[39m
              [36m<span[39m
                [33mclass[39m=[32m"font-semibold text-gray-700 
capitalize flex items-center gap-2"[39m
              [36m>[39m
                [36m<span>[39m
                  [0m­ƒÄ«[0m
                [36m</span>[39m
                [0minteractive[0m
              [36m</span>[39m
              [36m<span[39m
                [33mclass[39m=[32m"font-bold text-gray-800"[39m
              [36m>[39m
                [0m88.7[0m
                [0m%[0m
              [36m</span>[39m
            [36m</div>[39m
            [36m<div[39m
              [33mclass[39m=[32m"relative w-full h-3 bg-gray-200 
rounded-full overflow-hidden"[39m
            [36m>[39m
              [36m<div[39m
                [33mclass[39m=[32m"absolute top-0 left-0 h-full 
bg-gradient-to-r from-purple-400 to-pink-600 transition-all 
duration-500"[39m
                [33mstyle[39m=[32m"width: 88.7%;"[39m
              [36m/>[39m
            [36m</div>[39m
          [36m</div>[39m
        [36m</div>[39m
      [36m</div>[39m
    [36m</div>[39m
  [36m</div>[39m
[36m</body>[39m

Ignored nodes: comments, script, style
[36m<html>[39m
  [36m<head />[39m
  [36m<body>[39m
    [36m<div>[39m
      [36m<div[39m
        [33mclass[39m=[32m"content-effectiveness-card bg-white 
rounded-lg shadow-md p-6 mb-6"[39m
      [36m>[39m
        [36m<div[39m
          [33mclass[39m=[32m"mb-6"[39m
        [36m>[39m
          [36m<h3[39m
            [33mclass[39m=[32m"text-2xl font-bold text-gray-800 
mb-2"[39m
          [36m>[39m
            [0mCourse & Content Effectiveness[0m
          [36m</h3>[39m
        [36m</div>[39m
        [36m<div[39m
          [33mclass[39m=[32m"effectiveness-by-type mb-6"[39m
        [36m>[39m
          [36m<h4[39m
            [33mclass[39m=[32m"text-lg font-semibold 
text-gray-800 mb-4"[39m
          [36m>[39m
            [0m­ƒôè Effectiveness by Content Type[0m
          [36m</h4>[39m
          [36m<div[39m
            [33mclass[39m=[32m"grid grid-cols-1 md:grid-cols-2 
lg:grid-cols-3 gap-4"[39m
          [36m>[39m
            [36m<div[39m
              [33mclass[39m=[32m"content-type-card 
bg-gradient-to-br from-red-50 to-red-100 border-red-200 border-2 
p-5 rounded-lg"[39m
            [36m>[39m
              [36m<div[39m
                [33mclass[39m=[32m"flex items-center 
justify-between mb-3"[39m
              [36m>[39m
                [36m<div[39m
                  [33mclass[39m=[32m"flex items-center 
gap-2"[39m
                [36m>[39m
                  [36m<span[39m
                    [33mclass[39m=[32m"text-3xl"[39m
                  [36m>[39m
                    [0m­ƒÄÑ[0m
                  [36m</span>[39m
                  [36m<span[39m
                    [33mclass[39m=[32m"font-semibold 
text-gray-800 capitalize"[39m
                  [36m>[39m
                    [0mvideo[0m
                  [36m</span>[39m
                [36m</div>[39m
                [36m<span[39m
                  [33mclass[39m=[32m"text-2xl font-bold 
text-gray-800"[39m
                [36m>[39m
                  [0m85.2[0m
                [36m</span>[39m
              [36m</div>[39m
              [36m<div[39m
                [33mclass[39m=[32m"relative w-full h-4 bg-white 
rounded-full overflow-hidden mb-2"[39m
              [36m>[39m
                [36m<div[39m
                  [33mclass[39m=[32m"absolute top-0 left-0 
h-full bg-gradient-to-r from-blue-400 to-purple-600 transition-all 
duration-500"[39m
                  [33mstyle[39m=[32m"width: 85.2%;"[39m
                [36m/>[39m
              [36m</div>[39m
              [36m<p[39m
                [33mclass[39m=[32m"text-sm text-gray-600"[39m
              [36m>[39m
                [0m12[0m
                [0m items completed[0m
              [36m</p>[39m
            [36m</div>[39m
            [36m<div[39m
              [33mclass[39m=[32m"content-type-card 
bg-gradient-to-br from-purple-50 to-purple-100 border-purple-200 
border-2 p-5 rounded-lg"[39m
            [36m>[39m
              [36m<div[39m
                [33mclass[39m=[32m"flex items-center 
justify-between mb-3"[39m
              [36m>[39m
                [36m<div[39m
                  [33mclass[39m=[32m"flex items-center 
gap-2"[39m
                [36m>[39m
                  [36m<span[39m
                    [33mclass[39m=[32m"text-3xl"[39m
                  [36m>[39m
                    [0m­ƒÄ«[0m
                  [36m</span>[39m
                  [36m<span[39m
                    [33mclass[39m=[32m"font-semibold 
text-gray-800 capitalize"[39m
                  [36m>[39m
                    [0minteractive[0m
                  [36m</span>[39m
                [36m</div>[39m
                [36m<span[39m
                  [33mclass[39m=[32m"text-2xl font-bold 
text-gray-800"[39m
                [36m>[39m
                  [0m88.7[0m
                [36m</span>[39m
              [36m</div>[39m
              [36m<div[39m
                [33mclass[39m=[32m"relative w-full h-4 bg-white 
rounded-full overflow-hidden mb-2"[39m
              [36m>[39m
                [36m<div[39m
                  [33mclass[39m=[32m"absolute top-0 left-0 
h-full bg-gradient-to-r from-blue-400 to-purple-600 transition-all 
duration-500"[39m
                  [33mstyle[39m=[32m"width: 88.7%;"[39m
                [36m/>[39m
              [36m</div>[39m
              [36m<p[39m
                [33mclass[39m=[32m"text-sm text-gray-600"[39m
              [36m>[39m
                [0m6[0m
                [0m items completed[0m
              [36m</p>[39m
            [36m</div>[39m
          [36m</div>[39m
        [36m</div>[39m
        [36m<div[39m
          [33mclass[39m=[32m"top-content mb-6"[39m
        [36m>[39m
          [36m<h4[39m
            [33mclass[39m=[32m"text-lg font-semibold 
text-gray-800 mb-4"[39m
          [36m>[39m
            [0mÔ¡É Top Performing Content[0m
          [36m</h4>[39m
          [36m<div[39m
            [33mclass[39m=[32m"space-y-3"[39m
          [36m>[39m
            [36m<div[39m
              [33mclass[39m=[32m"bg-gradient-to-r from-green-50 
to-green-100 border-2 border-green-200 p-4 rounded-lg"[39m
            [36m>[39m
              [36m<div[39m
                [33mclass[39m=[32m"flex items-start 
justify-between"[39m
              [36m>[39m
                [36m<div[39m
                  [33mclass[39m=[32m"flex-1"[39m
                [36m>[39m
                  [36m<div[39m
                    [33mclass[39m=[32m"flex items-center gap-2 
mb-1"[39m
                  [36m>[39m
                    [36m<span[39m
                      [33mclass[39m=[32m"text-xl"[39m
                    [36m>[39m
                      [0m­ƒÄÑ[0m
                    [36m</span>[39m
                    [36m<h5[39m
                      [33mclass[39m=[32m"font-semibold 
text-gray-800"[39m
                    [36m>[39m
                      [0mReact Hooks Deep Dive[0m
                    [36m</h5>[39m
                  [36m</div>[39m
                  [36m<div[39m
                    [33mclass[39m=[32m"flex items-center gap-4 
text-sm text-gray-600"[39m
                  [36m>[39m
                    [36m<span>[39m
                      [0mScore: [0m
                      [0m92[0m
                      [0m%[0m
                    [36m</span>[39m
                  [36m</div>[39m
                [36m</div>[39m
                [36m<div[39m
                  [33mclass[39m=[32m"text-right"[39m
                [36m>[39m
                  [36m<span[39m
                    [33mclass[39m=[32m"text-3xl font-bold 
text-green-700"[39m
                  [36m>[39m
                    [0m92[0m
                  [36m</span>[39m
                [36m</div>[39m
              [36m</div>[39m
            [36m</div>[39m
          [36m</div>[39m
        [36m</div>[39m
        [36m<div[39m
          [33mclass[39m=[32m"insights bg-gradient-to-r 
from-purple-50 to-pink-50 p-5 rounded-lg"[39m
        [36m>[39m
          [36m<h4[39m
            [33mclass[39m=[32m"text-lg font-semibold 
text-gray-800 mb-4"[39m
          [36m>[39m
            [0m­ƒÆí Actionable Insights[0m
          [36m</h4>[39m
          [36m<ul[39m
            [33mclass[39m=[32m"space-y-2"[39m
          [36m>[39m
            [36m<li[39m
              [33mclass[39m=[32m"flex items-start bg-white p-3 
rounded-lg border border-purple-200"[39m
            [36m>[39m
              [36m<span[39m
                [33mclass[39m=[32m"flex-shrink-0 w-6 h-6 
bg-purple-600 text-white rounded-full flex items-center 
justify-center text-xs font-bold mr-3 mt-0.5"[39m
              [36m>[39m
                [0m1[0m
              [36m</span>[39m
              [36m<span[39m
                [33mclass[39m=[32m"text-sm text-gray-700"[39m
              [36m>[39m
                [0mInteractive content leads to 10% higher 
scores[0m
              [36m</span>[39m
            [36m</li>[39m
          [36m</ul>[39m
        [36m</div>[39m
        [36m<div[39m
          [33mclass[39m=[32m"content-effectiveness-chart mt-6 
bg-gray-50 p-5 rounded-lg"[39m
        [36m>[39m
          [36m<h4[39m
            [33mclass[39m=[32m"text-md font-semibold 
text-gray-700 mb-4"[39m
          [36m>[39m
            [0m­ƒôê Comparative View[0m
          [36m</h4>[39m
          [36m<div[39m
            [33mclass[39m=[32m"space-y-3"[39m
          [36m>[39m
            [36m<div>[39m
              [36m<div[39m
                [33mclass[39m=[32m"flex items-center 
justify-between text-sm mb-1"[39m
              [36m>[39m
                [36m<span[39m
                  [33mclass[39m=[32m"font-semibold text-gray-700 
capitalize flex items-center gap-2"[39m
                [36m>[39m
                  [36m<span>[39m
                    [0m­ƒÄÑ[0m
                  [36m</span>[39m
                  [0mvideo[0m
                [36m</span>[39m
                [36m<span[39m
                  [33mclass[39m=[32m"font-bold 
text-gray-800"[39m
                [36m>[39m
                  [0m85.2[0m
                  [0m%[0m
                [36m</span>[39m
              [36m</div>[39m
              [36m<div[39m
                [33mclass[39m=[32m"relative w-full h-3 
bg-gray-200 rounded-full overflow-hidden"[39m
              [36m>[39m
                [36m<div[39m
                  [33mclass[39m=[32m"absolute top-0 left-0 
h-full bg-gradient-to-r from-purple-400 to-pink-600 transition-all 
duration-500"[39m
                  [33mstyle[39m=[32m"width: 85.2%;"[39m
                [36m/>[39m
              [36m</div>[39m
            [36m</div>[39m
            [36m<div>[39m
              [36m<div[39m
                [33mclass[39m=[32m"flex items-center 
justify-between text-sm mb-1"[39m
              [36m>[39m
                [36m<span[39m
                  [33mclass[39m=[32m"font-semibold text-gray-700 
capitalize flex items-center gap-2"[39m
                [36m>[39m
                  [36m<span>[39m
                    [0m­ƒÄ«[0m
                  [36m</span>[39m
                  [0minteractive[0m
                [36m</span>[39m
                [36m<span[39m
                  [33mclass[39m=[32m"font-bold 
text-gray-800"[39m
                [36m>[39m
                  [0m88.7[0m
                  [0m%[0m
                [36m</span>[39m
              [36m</div>[39m
              [36m<div[39m
                [33mclass[39m=[32m"relative w-full h-3 
bg-gray-200 rounded-full overflow-hidden"[39m
              [36m>[39m
                [36m<div[39m
                  [33mclass[39m=[32m"absolute top-0 left-0 
h-full bg-gradient-to-r from-purple-400 to-pink-600 transition-all 
duration-500"[39m
                  [33mstyle[39m=[32m"width: 88.7%;"[39m
                [36m/>[39m
              [36m</div>[39m
            [36m</div>[39m
          [36m</div>[39m
        [36m</div>[39m
      [36m</div>[39m
    [36m</div>[39m
  [36m</body>[39m
[36m</html>[39m
[90m [2mÔØ»[22m Proxy.waitForWrapper node_modules/@testing-librar
y/react/node_modules/@testing-library/dom/dist/wait-for.js:[2m163:2
7[22m[39m
[36m [2mÔØ»[22m 
src/test/learner-analytics-components.test.jsx:[2m403:11[22m[39m
    [90m401| [39m    [34mrenderWithRouter[39m([33m<[39m[33mCo
ntentEffectiveness[39m 
[33muserId[39m[33m=[39m[32m"user-123"[39m 
[33mdata[39m[33m=[39m[33m{[39mmocÔÇª
    [90m402| [39m    
    [90m403| [39m    [35mawait[39m [34mwaitFor[39m(() 
[33m=>[39m {
    [90m   | [39m          [31m^[39m
    [90m404| [39m      [34mexpect[39m(screen[33m.[39m[34mgetB
yText[39m([36m/video/i[39m))[33m.[39m[34mtoBeInTheDocument[39
m()
    [90m405| [39m      [34mexpect[39m(screen[33m.[39m[34mgetB
yText[39m([36m/85.2/[39m))[33m.[39m[34mtoBeInTheDocument[39m(
)

[31m[2mÔÄ»ÔÄ»ÔÄ»ÔÄ»ÔÄ»ÔÄ»ÔÄ»ÔÄ»ÔÄ»ÔÄ»ÔÄ»ÔÄ»ÔÄ»ÔÄ»ÔÄ»ÔÄ»ÔÄ»ÔÄ»ÔÄ»ÔÄ
»ÔÄ»ÔÄ»[10/11]ÔÄ»[22m[39m

[31m[1m[7m FAIL [27m[22m[39m 
src/test/learner-analytics-components.test.jsx[2m > [22mAS-001 
#6: ContentEffectiveness Component[2m > [22mshould display top 
performing content
[31m[1mTestingLibraryElementError[22m[39m: Found multiple 
elements with the text: /92/

Here are the matching elements:

Ignored nodes: comments, script, style
[36m<span>[39m
  [0mScore: [0m
  [0m92[0m
  [0m%[0m
[36m</span>[39m

Ignored nodes: comments, script, style
[36m<span[39m
  [33mclass[39m=[32m"text-3xl font-bold text-green-700"[39m
[36m>[39m
  [0m92[0m
[36m</span>[39m

(If this is intentional, then use the `*AllBy*` variant of the 
query (like `queryAllByText`, `getAllByText`, or `findAllByText`)).

Ignored nodes: comments, script, style
[36m<body>[39m
  [36m<div>[39m
    [36m<div[39m
      [33mclass[39m=[32m"content-effectiveness-card bg-white 
rounded-lg shadow-md p-6 mb-6"[39m
    [36m>[39m
      [36m<div[39m
        [33mclass[39m=[32m"mb-6"[39m
      [36m>[39m
        [36m<h3[39m
          [33mclass[39m=[32m"text-2xl font-bold text-gray-800 
mb-2"[39m
        [36m>[39m
          [0mCourse & Content Effectiveness[0m
        [36m</h3>[39m
      [36m</div>[39m
      [36m<div[39m
        [33mclass[39m=[32m"effectiveness-by-type mb-6"[39m
      [36m>[39m
        [36m<h4[39m
          [33mclass[39m=[32m"text-lg font-semibold text-gray-800 
mb-4"[39m
        [36m>[39m
          [0m­ƒôè Effectiveness by Content Type[0m
        [36m</h4>[39m
        [36m<div[39m
          [33mclass[39m=[32m"grid grid-cols-1 md:grid-cols-2 
lg:grid-cols-3 gap-4"[39m
        [36m>[39m
          [36m<div[39m
            [33mclass[39m=[32m"content-type-card 
bg-gradient-to-br from-red-50 to-red-100 border-red-200 border-2 
p-5 rounded-lg"[39m
          [36m>[39m
            [36m<div[39m
              [33mclass[39m=[32m"flex items-center 
justify-between mb-3"[39m
            [36m>[39m
              [36m<div[39m
                [33mclass[39m=[32m"flex items-center gap-2"[39m
              [36m>[39m
                [36m<span[39m
                  [33mclass[39m=[32m"text-3xl"[39m
                [36m>[39m
                  [0m­ƒÄÑ[0m
                [36m</span>[39m
                [36m<span[39m
                  [33mclass[39m=[32m"font-semibold text-gray-800 
capitalize"[39m
                [36m>[39m
                  [0mvideo[0m
                [36m</span>[39m
              [36m</div>[39m
              [36m<span[39m
                [33mclass[39m=[32m"text-2xl font-bold 
text-gray-800"[39m
              [36m>[39m
                [0m85.2[0m
              [36m</span>[39m
            [36m</div>[39m
            [36m<div[39m
              [33mclass[39m=[32m"relative w-full h-4 bg-white 
rounded-full overflow-hidden mb-2"[39m
            [36m>[39m
              [36m<div[39m
                [33mclass[39m=[32m"absolute top-0 left-0 h-full 
bg-gradient-to-r from-blue-400 to-purple-600 transition-all 
duration-500"[39m
                [33mstyle[39m=[32m"width: 85.2%;"[39m
              [36m/>[39m
            [36m</div>[39m
            [36m<p[39m
              [33mclass[39m=[32m"text-sm text-gray-600"[39m
            [36m>[39m
              [0m12[0m
              [0m items completed[0m
            [36m</p>[39m
          [36m</div>[39m
          [36m<div[39m
            [33mclass[39m=[32m"content-type-card 
bg-gradient-to-br from-purple-50 to-purple-100 border-purple-200 
border-2 p-5 rounded-lg"[39m
          [36m>[39m
            [36m<div[39m
              [33mclass[39m=[32m"flex items-center 
justify-between mb-3"[39m
            [36m>[39m
              [36m<div[39m
                [33mclass[39m=[32m"flex items-center gap-2"[39m
              [36m>[39m
                [36m<span[39m
                  [33mclass[39m=[32m"text-3xl"[39m
                [36m>[39m
                  [0m­ƒÄ«[0m
                [36m</span>[39m
                [36m<span[39m
                  [33mclass[39m=[32m"font-semibold text-gray-800 
capitalize"[39m
                [36m>[39m
                  [0minteractive[0m
                [36m</span>[39m
              [36m</div>[39m
              [36m<span[39m
                [33mclass[39m=[32m"text-2xl font-bold 
text-gray-800"[39m
              [36m>[39m
                [0m88.7[0m
              [36m</span>[39m
            [36m</div>[39m
            [36m<div[39m
              [33mclass[39m=[32m"relative w-full h-4 bg-white 
rounded-full overflow-hidden mb-2"[39m
            [36m>[39m
              [36m<div[39m
                [33mclass[39m=[32m"absolute top-0 left-0 h-full 
bg-gradient-to-r from-blue-400 to-purple-600 transition-all 
duration-500"[39m
                [33mstyle[39m=[32m"width: 88.7%;"[39m
              [36m/>[39m
            [36m</div>[39m
            [36m<p[39m
              [33mclass[39m=[32m"text-sm text-gray-600"[39m
            [36m>[39m
              [0m6[0m
              [0m items completed[0m
            [36m</p>[39m
          [36m</div>[39m
        [36m</div>[39m
      [36m</div>[39m
      [36m<div[39m
        [33mclass[39m=[32m"top-content mb-6"[39m
      [36m>[39m
        [36m<h4[39m
          [33mclass[39m=[32m"text-lg font-semibold text-gray-800 
mb-4"[39m
        [36m>[39m
          [0mÔ¡É Top Performing Content[0m
        [36m</h4>[39m
        [36m<div[39m
          [33mclass[39m=[32m"space-y-3"[39m
        [36m>[39m
          [36m<div[39m
            [33mclass[39m=[32m"bg-gradient-to-r from-green-50 
to-green-100 border-2 border-green-200 p-4 rounded-lg"[39m
          [36m>[39m
            [36m<div[39m
              [33mclass[39m=[32m"flex items-start 
justify-between"[39m
            [36m>[39m
              [36m<div[39m
                [33mclass[39m=[32m"flex-1"[39m
              [36m>[39m
                [36m<div[39m
                  [33mclass[39m=[32m"flex items-center gap-2 
mb-1"[39m
                [36m>[39m
                  [36m<span[39m
                    [33mclass[39m=[32m"text-xl"[39m
                  [36m>[39m
                    [0m­ƒÄÑ[0m
                  [36m</span>[39m
                  [36m<h5[39m
                    [33mclass[39m=[32m"font-semibold 
text-gray-800"[39m
                  [36m>[39m
                    [0mReact Hooks Deep Dive[0m
                  [36m</h5>[39m
                [36m</div>[39m
                [36m<div[39m
                  [33mclass[39m=[32m"flex items-center gap-4 
text-sm text-gray-600"[39m
                [36m>[39m
                  [36m<span>[39m
                    [0mScore: [0m
                    [0m92[0m
                    [0m%[0m
                  [36m</span>[39m
                [36m</div>[39m
              [36m</div>[39m
              [36m<div[39m
                [33mclass[39m=[32m"text-right"[39m
              [36m>[39m
                [36m<span[39m
                  [33mclass[39m=[32m"text-3xl font-bold 
text-green-700"[39m
                [36m>[39m
                  [0m92[0m
                [36m</span>[39m
              [36m</div>[39m
            [36m</div>[39m
          [36m</div>[39m
        [36m</div>[39m
      [36m</div>[39m
      [36m<div[39m
        [33mclass[39m=[32m"insights bg-gradient-to-r 
from-purple-50 to-pink-50 p-5 rounded-lg"[39m
      [36m>[39m
        [36m<h4[39m
          [33mclass[39m=[32m"text-lg font-semibold text-gray-800 
mb-4"[39m
        [36m>[39m
          [0m­ƒÆí Actionable Insights[0m
        [36m</h4>[39m
        [36m<ul[39m
          [33mclass[39m=[32m"space-y-2"[39m
        [36m>[39m
          [36m<li[39m
            [33mclass[39m=[32m"flex items-start bg-white p-3 
rounded-lg border border-purple-200"[39m
          [36m>[39m
            [36m<span[39m
              [33mclass[39m=[32m"flex-shrink-0 w-6 h-6 
bg-purple-600 text-white rounded-full flex items-center 
justify-center text-xs font-bold mr-3 mt-0.5"[39m
            [36m>[39m
              [0m1[0m
            [36m</span>[39m
            [36m<span[39m
              [33mclass[39m=[32m"text-sm text-gray-700"[39m
            [36m>[39m
              [0mInteractive content leads to 10% higher scores[0m
            [36m</span>[39m
          [36m</li>[39m
        [36m</ul>[39m
      [36m</div>[39m
      [36m<div[39m
        [33mclass[39m=[32m"content-effectiveness-chart mt-6 
bg-gray-50 p-5 rounded-lg"[39m
      [36m>[39m
        [36m<h4[39m
          [33mclass[39m=[32m"text-md font-semibold text-gray-700 
mb-4"[39m
        [36m>[39m
          [0m­ƒôê Comparative View[0m
        [36m</h4>[39m
        [36m<div[39m
          [33mclass[39m=[32m"space-y-3"[39m
        [36m>[39m
          [36m<div>[39m
            [36m<div[39m
              [33mclass[39m=[32m"flex items-center 
justify-between text-sm mb-1"[39m
            [36m>[39m
              [36m<span[39m
                [33mclass[39m=[32m"font-semibold text-gray-700 
capitalize flex items-center gap-2"[39m
              [36m>[39m
                [36m<span>[39m
                  [0m­ƒÄÑ[0m
                [36m</span>[39m
                [0mvideo[0m
              [36m</span>[39m
              [36m<span[39m
                [33mclass[39m=[32m"font-bold text-gray-800"[39m
              [36m>[39m
                [0m85.2[0m
                [0m%[0m
              [36m</span>[39m
            [36m</div>[39m
            [36m<div[39m
              [33mclass[39m=[32m"relative w-full h-3 bg-gray-200 
rounded-full overflow-hidden"[39m
            [36m>[39m
              [36m<div[39m
                [33mclass[39m=[32m"absolute top-0 left-0 h-full 
bg-gradient-to-r from-purple-400 to-pink-600 transition-all 
duration-500"[39m
                [33mstyle[39m=[32m"width: 85.2%;"[39m
              [36m/>[39m
            [36m</div>[39m
          [36m</div>[39m
          [36m<div>[39m
            [36m<div[39m
              [33mclass[39m=[32m"flex items-center 
justify-between text-sm mb-1"[39m
            [36m>[39m
              [36m<span[39m
                [33mclass[39m=[32m"font-semibold text-gray-700 
capitalize flex items-center gap-2"[39m
              [36m>[39m
                [36m<span>[39m
                  [0m­ƒÄ«[0m
                [36m</span>[39m
                [0minteractive[0m
              [36m</span>[39m
              [36m<span[39m
                [33mclass[39m=[32m"font-bold text-gray-800"[39m
              [36m>[39m
                [0m88.7[0m
                [0m%[0m
              [36m</span>[39m
            [36m</div>[39m
            [36m<div[39m
              [33mclass[39m=[32m"relative w-full h-3 bg-gray-200 
rounded-full overflow-hidden"[39m
            [36m>[39m
              [36m<div[39m
                [33mclass[39m=[32m"absolute top-0 left-0 h-full 
bg-gradient-to-r from-purple-400 to-pink-600 transition-all 
duration-500"[39m
                [33mstyle[39m=[32m"width: 88.7%;"[39m
              [36m/>[39m
            [36m</div>[39m
          [36m</div>[39m
        [36m</div>[39m
      [36m</div>[39m
    [36m</div>[39m
  [36m</div>[39m
[36m</body>[39m

Ignored nodes: comments, script, style
[36m<html>[39m
  [36m<head />[39m
  [36m<body>[39m
    [36m<div>[39m
      [36m<div[39m
        [33mclass[39m=[32m"content-effectiveness-card bg-white 
rounded-lg shadow-md p-6 mb-6"[39m
      [36m>[39m
        [36m<div[39m
          [33mclass[39m=[32m"mb-6"[39m
        [36m>[39m
          [36m<h3[39m
            [33mclass[39m=[32m"text-2xl font-bold text-gray-800 
mb-2"[39m
          [36m>[39m
            [0mCourse & Content Effectiveness[0m
          [36m</h3>[39m
        [36m</div>[39m
        [36m<div[39m
          [33mclass[39m=[32m"effectiveness-by-type mb-6"[39m
        [36m>[39m
          [36m<h4[39m
            [33mclass[39m=[32m"text-lg font-semibold 
text-gray-800 mb-4"[39m
          [36m>[39m
            [0m­ƒôè Effectiveness by Content Type[0m
          [36m</h4>[39m
          [36m<div[39m
            [33mclass[39m=[32m"grid grid-cols-1 md:grid-cols-2 
lg:grid-cols-3 gap-4"[39m
          [36m>[39m
            [36m<div[39m
              [33mclass[39m=[32m"content-type-card 
bg-gradient-to-br from-red-50 to-red-100 border-red-200 border-2 
p-5 rounded-lg"[39m
            [36m>[39m
              [36m<div[39m
                [33mclass[39m=[32m"flex items-center 
justify-between mb-3"[39m
              [36m>[39m
                [36m<div[39m
                  [33mclass[39m=[32m"flex items-center 
gap-2"[39m
                [36m>[39m
                  [36m<span[39m
                    [33mclass[39m=[32m"text-3xl"[39m
                  [36m>[39m
                    [0m­ƒÄÑ[0m
                  [36m</span>[39m
                  [36m<span[39m
                    [33mclass[39m=[32m"font-semibold 
text-gray-800 capitalize"[39m
                  [36m>[39m
                    [0mvideo[0m
                  [36m</span>[39m
                [36m</div>[39m
                [36m<span[39m
                  [33mclass[39m=[32m"text-2xl font-bold 
text-gray-800"[39m
                [36m>[39m
                  [0m85.2[0m
                [36m</span>[39m
              [36m</div>[39m
              [36m<div[39m
                [33mclass[39m=[32m"relative w-full h-4 bg-white 
rounded-full overflow-hidden mb-2"[39m
              [36m>[39m
                [36m<div[39m
                  [33mclass[39m=[32m"absolute top-0 left-0 
h-full bg-gradient-to-r from-blue-400 to-purple-600 transition-all 
duration-500"[39m
                  [33mstyle[39m=[32m"width: 85.2%;"[39m
                [36m/>[39m
              [36m</div>[39m
              [36m<p[39m
                [33mclass[39m=[32m"text-sm text-gray-600"[39m
              [36m>[39m
                [0m12[0m
                [0m items completed[0m
              [36m</p>[39m
            [36m</div>[39m
            [36m<div[39m
              [33mclass[39m=[32m"content-type-card 
bg-gradient-to-br from-purple-50 to-purple-100 border-purple-200 
border-2 p-5 rounded-lg"[39m
            [36m>[39m
              [36m<div[39m
                [33mclass[39m=[32m"flex items-center 
justify-between mb-3"[39m
              [36m>[39m
                [36m<div[39m
                  [33mclass[39m=[32m"flex items-center 
gap-2"[39m
                [36m>[39m
                  [36m<span[39m
                    [33mclass[39m=[32m"text-3xl"[39m
                  [36m>[39m
                    [0m­ƒÄ«[0m
                  [36m</span>[39m
                  [36m<span[39m
                    [33mclass[39m=[32m"font-semibold 
text-gray-800 capitalize"[39m
                  [36m>[39m
                    [0minteractive[0m
                  [36m</span>[39m
                [36m</div>[39m
                [36m<span[39m
                  [33mclass[39m=[32m"text-2xl font-bold 
text-gray-800"[39m
                [36m>[39m
                  [0m88.7[0m
                [36m</span>[39m
              [36m</div>[39m
              [36m<div[39m
                [33mclass[39m=[32m"relative w-full h-4 bg-white 
rounded-full overflow-hidden mb-2"[39m
              [36m>[39m
                [36m<div[39m
                  [33mclass[39m=[32m"absolute top-0 left-0 
h-full bg-gradient-to-r from-blue-400 to-purple-600 transition-all 
duration-500"[39m
                  [33mstyle[39m=[32m"width: 88.7%;"[39m
                [36m/>[39m
              [36m</div>[39m
              [36m<p[39m
                [33mclass[39m=[32m"text-sm text-gray-600"[39m
              [36m>[39m
                [0m6[0m
                [0m items completed[0m
              [36m</p>[39m
            [36m</div>[39m
          [36m</div>[39m
        [36m</div>[39m
        [36m<div[39m
          [33mclass[39m=[32m"top-content mb-6"[39m
        [36m>[39m
          [36m<h4[39m
            [33mclass[39m=[32m"text-lg font-semibold 
text-gray-800 mb-4"[39m
          [36m>[39m
            [0mÔ¡É Top Performing Content[0m
          [36m</h4>[39m
          [36m<div[39m
            [33mclass[39m=[32m"space-y-3"[39m
          [36m>[39m
            [36m<div[39m
              [33mclass[39m=[32m"bg-gradient-to-r from-green-50 
to-green-100 border-2 border-green-200 p-4 rounded-lg"[39m
            [36m>[39m
              [36m<div[39m
                [33mclass[39m=[32m"flex items-start 
justify-between"[39m
              [36m>[39m
                [36m<div[39m
                  [33mclass[39m=[32m"flex-1"[39m
                [36m>[39m
                  [36m<div[39m
[2m Test Files [22m [1m[31m1 failed[39m[22m[90m (1)[39m
[2m      Tests [22m [1m[31m11 failed[39m[22m[2m | [22m[1m[32m15 passed[39m[22m[90m (26)[39m
[2m   Start at [22m 15:57:31
[2m   Duration [22m 15.45s[2m (transform 497ms, setup 358ms, collect 1.32s, tests 10.84s, environment 1.60s, prepare 424ms)[22m

                    [33mclass[39m=[32m"flex items-center gap-2 
mb-1"[39m
                  [36m>[39m
                    [36m<span[39m
                      [33mclass[39m=[32m"text-xl"[39m
                    [36m>[39m
                      [0m­ƒÄÑ[0m
                    [36m</span>[39m
                    [36m<h5[39m
                      [33mclass[39m=[32m"font-semibold 
text-gray-800"[39m
                    [36m>[39m
                      [0mReact Hooks Deep Dive[0m
                    [36m</h5>[39m
                  [36m</div>[39m
                  [36m<div[39m
                    [33mclass[39m=[32m"flex items-center gap-4 
text-sm text-gray-600"[39m
                  [36m>[39m
                    [36m<span>[39m
                      [0mScore: [0m
                      [0m92[0m
                      [0m%[0m
                    [36m</span>[39m
                  [36m</div>[39m
                [36m</div>[39m
                [36m<div[39m
                  [33mclass[39m=[32m"text-right"[39m
                [36m>[39m
                  [36m<span[39m
                    [33mclass[39m=[32m"text-3xl font-bold 
text-green-700"[39m
                  [36m>[39m
                    [0m92[0m
                  [36m</span>[39m
                [36m</div>[39m
              [36m</div>[39m
            [36m</div>[39m
          [36m</div>[39m
        [36m</div>[39m
        [36m<div[39m
          [33mclass[39m=[32m"insights bg-gradient-to-r 
from-purple-50 to-pink-50 p-5 rounded-lg"[39m
        [36m>[39m
          [36m<h4[39m
            [33mclass[39m=[32m"text-lg font-semibold 
text-gray-800 mb-4"[39m
          [36m>[39m
            [0m­ƒÆí Actionable Insights[0m
          [36m</h4>[39m
          [36m<ul[39m
            [33mclass[39m=[32m"space-y-2"[39m
          [36m>[39m
            [36m<li[39m
              [33mclass[39m=[32m"flex items-start bg-white p-3 
rounded-lg border border-purple-200"[39m
            [36m>[39m
              [36m<span[39m
                [33mclass[39m=[32m"flex-shrink-0 w-6 h-6 
bg-purple-600 text-white rounded-full flex items-center 
justify-center text-xs font-bold mr-3 mt-0.5"[39m
              [36m>[39m
                [0m1[0m
              [36m</span>[39m
              [36m<span[39m
                [33mclass[39m=[32m"text-sm text-gray-700"[39m
              [36m>[39m
                [0mInteractive content leads to 10% higher 
scores[0m
              [36m</span>[39m
            [36m</li>[39m
          [36m</ul>[39m
        [36m</div>[39m
        [36m<div[39m
          [33mclass[39m=[32m"content-effectiveness-chart mt-6 
bg-gray-50 p-5 rounded-lg"[39m
        [36m>[39m
          [36m<h4[39m
            [33mclass[39m=[32m"text-md font-semibold 
text-gray-700 mb-4"[39m
          [36m>[39m
            [0m­ƒôê Comparative View[0m
          [36m</h4>[39m
          [36m<div[39m
            [33mclass[39m=[32m"space-y-3"[39m
          [36m>[39m
            [36m<div>[39m
              [36m<div[39m
                [33mclass[39m=[32m"flex items-center 
justify-between text-sm mb-1"[39m
              [36m>[39m
                [36m<span[39m
                  [33mclass[39m=[32m"font-semibold text-gray-700 
capitalize flex items-center gap-2"[39m
                [36m>[39m
                  [36m<span>[39m
                    [0m­ƒÄÑ[0m
                  [36m</span>[39m
                  [0mvideo[0m
                [36m</span>[39m
                [36m<span[39m
                  [33mclass[39m=[32m"font-bold 
text-gray-800"[39m
                [36m>[39m
                  [0m85.2[0m
                  [0m%[0m
                [36m</span>[39m
              [36m</div>[39m
              [36m<div[39m
                [33mclass[39m=[32m"relative w-full h-3 
bg-gray-200 rounded-full overflow-hidden"[39m
              [36m>[39m
                [36m<div[39m
                  [33mclass[39m=[32m"absolute top-0 left-0 
h-full bg-gradient-to-r from-purple-400 to-pink-600 transition-all 
duration-500"[39m
                  [33mstyle[39m=[32m"width: 85.2%;"[39m
                [36m/>[39m
              [36m</div>[39m
            [36m</div>[39m
            [36m<div>[39m
              [36m<div[39m
                [33mclass[39m=[32m"flex items-center 
justify-between text-sm mb-1"[39m
              [36m>[39m
                [36m<span[39m
                  [33mclass[39m=[32m"font-semibold text-gray-700 
capitalize flex items-center gap-2"[39m
                [36m>[39m
                  [36m<span>[39m
                    [0m­ƒÄ«[0m
                  [36m</span>[39m
                  [0minteractive[0m
                [36m</span>[39m
                [36m<span[39m
                  [33mclass[39m=[32m"font-bold 
text-gray-800"[39m
                [36m>[39m
                  [0m88.7[0m
                  [0m%[0m
                [36m</span>[39m
              [36m</div>[39m
              [36m<div[39m
                [33mclass[39m=[32m"relative w-full h-3 
bg-gray-200 rounded-full overflow-hidden"[39m
              [36m>[39m
                [36m<div[39m
                  [33mclass[39m=[32m"absolute top-0 left-0 
h-full bg-gradient-to-r from-purple-400 to-pink-600 transition-all 
duration-500"[39m
                  [33mstyle[39m=[32m"width: 88.7%;"[39m
                [36m/>[39m
              [36m</div>[39m
            [36m</div>[39m
          [36m</div>[39m
        [36m</div>[39m
      [36m</div>[39m
    [36m</div>[39m
  [36m</body>[39m
[36m</html>[39m
[90m [2mÔØ»[22m Proxy.waitForWrapper node_modules/@testing-librar
y/react/node_modules/@testing-library/dom/dist/wait-for.js:[2m163:2
7[22m[39m
[36m [2mÔØ»[22m 
src/test/learner-analytics-components.test.jsx:[2m414:11[22m[39m
    [90m412| [39m    [34mrenderWithRouter[39m([33m<[39m[33mCo
ntentEffectiveness[39m 
[33muserId[39m[33m=[39m[32m"user-123"[39m 
[33mdata[39m[33m=[39m[33m{[39mmocÔÇª
    [90m413| [39m    
    [90m414| [39m    [35mawait[39m [34mwaitFor[39m(() 
[33m=>[39m {
    [90m   | [39m          [31m^[39m
    [90m415| [39m      
[34mexpect[39m(screen[33m.[39m[34mgetByText[39m([36m/React 
Hooks Deep Dive/[39m))[33m.[39m[34mtoBeInTheDocum[39mÔÇª
    [90m416| [39m      [34mexpect[39m(screen[33m.[39m[34mgetB
yText[39m([36m/92/[39m))[33m.[39m[34mtoBeInTheDocument[39m()

[31m[2mÔÄ»ÔÄ»ÔÄ»ÔÄ»ÔÄ»ÔÄ»ÔÄ»ÔÄ»ÔÄ»ÔÄ»ÔÄ»ÔÄ»ÔÄ»ÔÄ»ÔÄ»ÔÄ»ÔÄ»ÔÄ»ÔÄ»ÔÄ
»ÔÄ»ÔÄ»[11/11]ÔÄ»[22m[39m

